[2026-02-10 16:51:57] Job started for replicate 2
Activating CARD_env...
R: /ix1/alee/LO_LAB/Personal/Alexander_Chang/alc376/envs/CARD_env/bin/R
R version: R version 4.4.3 (2025-02-28) -- "Trophy Case"
============================================
CARD Deconvolution - mixed Replicate 2 (reference mode)
============================================
Start time: 2026-02-10 16:53:19.612175

Loading spatial data...
  Spatial data: 29733 genes x 957 spots

Loading reference data from CSV...
  Reference: 27719 genes x 38241 cells
  Cell types: Endothelial, CAFs, PVL, Plasmablasts, T-cells, Myeloid, Cancer Epithelial, Normal Epithelial, B-cells

Creating CARD object...
## QC on scRNASeq dataset! ...
## QC on spatially-resolved dataset! ...

Running CARD deconvolution...
## create reference matrix from scRNASeq...
## Select Informative Genes! ...
## Deconvolution Starts! ...
## Deconvolution Finish! ...

CARD completed in 574.9 seconds (9.6 min)
  Proportions: 957 spots x 9 cell types

Saved predictions to: /ix1/alee/LO_LAB/Personal/Alexander_Chang/alc376/CITEgeist/Benchmarking/simulation_benchmarking/CARD/mixed/Wu_ST_2_CARD_deconv_predictions.csv

============================================
Completed CARD pipeline for replicate: Wu_ST_2
End time: 2026-02-10 17:03:26.286652
[2026-02-10 17:03:29] Job completed for replicate 2
CARD_TOTAL_RUNTIME: Replicate 2 took 692 seconds (11.53 minutes)
