[2026-02-10 16:52:00] Job started for replicate 3
Activating CARD_env...
R: /ix1/alee/LO_LAB/Personal/Alexander_Chang/alc376/envs/CARD_env/bin/R
R version: R version 4.4.3 (2025-02-28) -- "Trophy Case"
============================================
CARD Deconvolution - mixed Replicate 3 (reference mode)
============================================
Start time: 2026-02-10 16:54:50.417238

Loading spatial data...
  Spatial data: 29733 genes x 956 spots

Loading reference data from CSV...
  Reference: 27719 genes x 38241 cells
  Cell types: Endothelial, CAFs, PVL, Plasmablasts, T-cells, Myeloid, Cancer Epithelial, Normal Epithelial, B-cells

Creating CARD object...
## QC on scRNASeq dataset! ...
## QC on spatially-resolved dataset! ...

Running CARD deconvolution...
## create reference matrix from scRNASeq...
## Select Informative Genes! ...
## Deconvolution Starts! ...
## Deconvolution Finish! ...

CARD completed in 295.8 seconds (4.9 min)
  Proportions: 956 spots x 9 cell types

Saved predictions to: /ix1/alee/LO_LAB/Personal/Alexander_Chang/alc376/CITEgeist/Benchmarking/simulation_benchmarking/CARD/mixed/Wu_ST_3_CARD_deconv_predictions.csv

============================================
Completed CARD pipeline for replicate: Wu_ST_3
End time: 2026-02-10 17:00:10.599248
[2026-02-10 17:00:11] Job completed for replicate 3
CARD_TOTAL_RUNTIME: Replicate 3 took 491 seconds (8.18 minutes)
