[2026-02-10 16:34:22] Job started for replicate 0 (ref-free)
Activating CARD_env...
R: /ix1/alee/LO_LAB/Personal/Alexander_Chang/alc376/envs/CARD_env/bin/R
R version: R version 4.4.3 (2025-02-28) -- "Trophy Case"
============================================
CARD Deconvolution - mixed Replicate 0 (reference_free mode)
============================================
Start time: 2026-02-10 16:36:06.754596

Loading spatial data...
  Spatial data: 29733 genes x 951 spots

Running CARD in reference-free mode...
  Loaded markers for 9 cell types

Creating CARDfree object...

Running CARD reference-free deconvolution...
## Number of unique marker genes: 392 for 9 cell types ...
## Deconvolution Finish! ...

CARD completed in 16.4 seconds (0.3 min)
  Proportions: 951 spots x 9 cell types

Saved predictions to: /ix1/alee/LO_LAB/Personal/Alexander_Chang/alc376/CITEgeist/Benchmarking/simulation_benchmarking/CARD/mixed/Wu_ST_0_CARD_reffree_deconv_predictions.csv

============================================
Completed CARD pipeline for replicate: Wu_ST_0
End time: 2026-02-10 16:36:49.72872
[2026-02-10 16:36:53] Job completed for replicate 0 (ref-free)
CARD_REFFREE_TOTAL_RUNTIME: Replicate 0 took 151 seconds (2.51 minutes)
