[2026-02-10 16:34:22] Job started for replicate 1 (ref-free)
Activating CARD_env...
R: /ix1/alee/LO_LAB/Personal/Alexander_Chang/alc376/envs/CARD_env/bin/R
R version: R version 4.4.3 (2025-02-28) -- "Trophy Case"
============================================
CARD Deconvolution - mixed Replicate 1 (reference_free mode)
============================================
Start time: 2026-02-10 16:36:53.287988

Loading spatial data...
  Spatial data: 29733 genes x 952 spots

Running CARD in reference-free mode...
  Loaded markers for 9 cell types

Creating CARDfree object...

Running CARD reference-free deconvolution...
## Number of unique marker genes: 392 for 9 cell types ...
## Deconvolution Finish! ...

CARD completed in 37.4 seconds (0.6 min)
  Proportions: 952 spots x 9 cell types

Saved predictions to: /ix1/alee/LO_LAB/Personal/Alexander_Chang/alc376/CITEgeist/Benchmarking/simulation_benchmarking/CARD/mixed/Wu_ST_1_CARD_reffree_deconv_predictions.csv

============================================
Completed CARD pipeline for replicate: Wu_ST_1
End time: 2026-02-10 16:38:07.483538
[2026-02-10 16:38:08] Job completed for replicate 1 (ref-free)
CARD_REFFREE_TOTAL_RUNTIME: Replicate 1 took 226 seconds (3.76 minutes)
