[2025-12-27 20:31:43] Job started for region 0
Setting up environment...
CITEgeist environment activated.
Gurobi module loaded.

============================================
Processing Region 0
============================================
Input directory: /ix1/alee/LO_LAB/Personal/Alexander_Chang/alc376/CITEgeist/Benchmarking/xenium_benchmarking/data
Output directory: /ix1/alee/LO_LAB/Personal/Alexander_Chang/alc376/CITEgeist/Benchmarking/xenium_benchmarking/output

CitegeistModel initialized successfully.
Filtered gene expression data: 405 → 395 genes (count > 0 in at least 1.0% of spots, mean expression > 1.1 in nonzero spots). Remaining spots: 1407 Filtered spots: 1407 to 1407
Antibody capture data preprocessing completed: Winsorized, CLR applied, no NaNs detected.
Set parameter LicenseID to value 276015
Set parameter GURO_PAR_SPECIAL
Set parameter TokenServer to value "license.crc.pitt.edu"
Parquet file for pass 1 loaded successfully.
Spot and CellType successfully split (using ::: delimiter).

Spot name formats:
AnnData spot names format: Index(['spot_11', 'spot_12', 'spot_13', 'spot_14', 'spot_15'], dtype='object')
Parquet spot names format: ['spot_11' 'spot_12' 'spot_13' 'spot_14' 'spot_15']
Added layer: Endothelial_genes_pass1 (Shape: (1407, 395))
Added layer: B_cells_genes_pass1 (Shape: (1407, 395))
Added layer: NK_cells_genes_pass1 (Shape: (1407, 395))
Added layer: Epithelial_genes_pass1 (Shape: (1407, 395))
Added layer: Fibroblasts_genes_pass1 (Shape: (1407, 395))
Added layer: Dendritic_cells_genes_pass1 (Shape: (1407, 395))
Added layer: CD8+_T_cells_genes_pass1 (Shape: (1407, 395))
Added layer: Unknown_genes_pass1 (Shape: (1407, 395))
Added layer: Macrophages_genes_pass1 (Shape: (1407, 395))
Added layer: CD4+_T_cells_genes_pass1 (Shape: (1407, 395))
Added layer: Plasma_cells_genes_pass1 (Shape: (1407, 395))
✅ Returning the internal AnnData object.

Before sorting:
CSV spots 1-10: ['spot_1031', 'spot_1032', 'spot_1033', 'spot_1034', 'spot_1035', 'spot_1036', 'spot_1037', 'spot_1038', 'spot_1039', 'spot_1040']
AnnData spots 1-10: ['spot_11', 'spot_12', 'spot_13', 'spot_14', 'spot_15', 'spot_16', 'spot_17', 'spot_18', 'spot_19', 'spot_20']

After sorting:
CSV spots 1-10: ['spot_11', 'spot_12', 'spot_13', 'spot_14', 'spot_15', 'spot_16', 'spot_17', 'spot_18', 'spot_19', 'spot_20']
AnnData spots 1-10: ['spot_11', 'spot_12', 'spot_13', 'spot_14', 'spot_15', 'spot_16', 'spot_17', 'spot_18', 'spot_19', 'spot_20']
✅ Cell type proportions have been appended to adata.obs and results['cell_prop']

Pipeline complete!
Results saved to: /ix1/alee/LO_LAB/Personal/Alexander_Chang/alc376/CITEgeist/Benchmarking/xenium_benchmarking/output

============================================
[2025-12-27 20:33:12] Region 0 completed
Runtime: 89 seconds (1.48 minutes)
============================================
