============================================
Module 5: Cross-Sample Integration
============================================
Start time: Sat Dec 27 06:28:47 PM EST 2025


============================================================
Aggregating Results from All Regions
============================================================
Region 0: Loaded
Region 1: Loaded
Region 2: Loaded
Region 3: Loaded
Region 4: Loaded

============================================================
Proportion Deconvolution Metrics
============================================================

Cell Proportion Benchmarking (n=5 regions):
  JSD (median):  0.6325 ± 0.0158
  RMSE (global): 0.1729 ± 0.0074
  MAE (global):  0.1047 ± 0.0033
  Pearson r:     0.2326 ± 0.0392

============================================================
Timing Summary
============================================================
Region 0: 308.5s (5.1 min)
  - preprocessing: 0.0s
  - proportions: 231.4s
  - expression: 76.2s
  - module4: 0.9s
Region 1: 361.9s (6.0 min)
  - preprocessing: 0.0s
  - proportions: 291.6s
  - expression: 69.4s
  - module4: 0.9s
Region 2: 218.1s (3.6 min)
  - preprocessing: 0.0s
  - proportions: 158.2s
  - expression: 59.3s
  - module4: 0.6s
Region 3: 244.4s (4.1 min)
  - preprocessing: 0.0s
  - proportions: 174.5s
  - expression: 69.3s
  - module4: 0.6s
Region 4: 160.1s (2.7 min)
  - preprocessing: 0.0s
  - proportions: 94.0s
  - expression: 65.4s
  - module4: 0.6s

Total pipeline time: 1293.0s (21.6 min)

============================================================
Module 5: Cross-Sample Integration
============================================================
Found 5 sample directories
Integration step failed: integrate_samples() got an unexpected keyword argument 'sample_dirs'
(This may be expected if Module 4 results are not available)

============================================================
Saving Final Report
============================================================
Report saved to: /ix1/alee/LO_LAB/Personal/Alexander_Chang/alc376/CITEgeist/Benchmarking/xenium_benchmarking/metrics/final_benchmark_report.json
Summary saved to: /ix1/alee/LO_LAB/Personal/Alexander_Chang/alc376/CITEgeist/Benchmarking/xenium_benchmarking/metrics/benchmark_summary.csv

============================================================
XENIUM BENCHMARKING COMPLETE
============================================================

============================================
Integration complete at Sat Dec 27 06:28:57 PM EST 2025
============================================
