Using RNA 6-cell-type mode (T cells combined)

============================================================
Evaluating: CITEgeist_Continuous
============================================================
  Overall Pearson r: 0.5125
  Overall RMSE:     0.1851
  Overall MAE:      0.1301
  Overall JSD:      0.3811

============================================================
Evaluating: CITEgeist_Hybrid
============================================================
  Overall Pearson r: 0.5083
  Overall RMSE:     0.1803
  Overall MAE:      0.1288
  Overall JSD:      0.3727

============================================================
Evaluating: CITEgeist_Discrete
============================================================
  Overall Pearson r: 0.5275
  Overall RMSE:     0.1859
  Overall MAE:      0.1305
  Overall JSD:      0.3712

============================================================
Evaluating: Cell2Location
============================================================
  Overall Pearson r: 0.6904
  Overall RMSE:     0.1561
  Overall MAE:      0.1041
  Overall JSD:      0.3050

============================================================
Evaluating: Tangram
============================================================
  Overall Pearson r: 0.2225
  Overall RMSE:     0.2166
  Overall MAE:      0.1585
  Overall JSD:      0.4245

============================================================
Evaluating: RCTD
============================================================
  Overall Pearson r: 0.6289
  Overall RMSE:     0.1717
  Overall MAE:      0.1099
  Overall JSD:      0.3215

============================================================
Evaluating: Seurat
============================================================
  Overall Pearson r: 0.3956
  Overall RMSE:     0.2491
  Overall MAE:      0.1590
  Overall JSD:      0.4197

============================================================
Evaluating: CARD
============================================================
  Overall Pearson r: 0.3586
  Overall RMSE:     0.2486
  Overall MAE:      0.1504
  Overall JSD:      0.4149


================================================================================
FULL METHOD COMPARISON - Protein-Gated Ground Truth (Achievable-7)
================================================================================

--- Method Notes ---
  CITEgeist_Continuous: CLR antibody normalization, QP optimization
  CITEgeist_Hybrid: CLR antibody normalization, QP optimization -> discretize via nuclei counts
  CITEgeist_Discrete: Per-marker scaling (no CLR), IQP optimization with nuclei constraints

--- Common CITEgeist Parameters ---
  data_source: data_protein_gt (protein-gated achievable-7)
  min_counts: 25
  gex_preprocessing: filter_gex + preprocess_gex(target_sum=10000)
  cell_profile_dict: ACHIEVABLE_7_CELL_PROFILE_DICT (alphaSMA-only fibroblasts)
  n_regions: 5

--- Overall Metrics ---
Method                    Pearson r       RMSE        MAE        JSD
----------------------------------------------------------------
Cell2Location                0.6904     0.1561     0.1041     0.3050
RCTD                         0.6289     0.1717     0.1099     0.3215
CITEgeist_Discrete           0.5275     0.1859     0.1305     0.3712
CITEgeist_Continuous         0.5125     0.1851     0.1301     0.3811
CITEgeist_Hybrid             0.5083     0.1803     0.1288     0.3727
Seurat                       0.3956     0.2491     0.1590     0.4197
CARD                         0.3586     0.2486     0.1504     0.4149
Tangram                      0.2225     0.2166     0.1585     0.4245

--- Per-Cell-Type Pearson r (mean ± std across regions) ---
Cell Type               Cell2Location             RCTD CITEgeist_Discrete CITEgeist_Continuous CITEgeist_Hybrid           Seurat             CARD          Tangram
------------------------------------------------------------------------------------------------------------------------------------------------------------
B cells                0.254±0.188   0.260±0.270   0.465±0.224   0.643±0.282   0.622±0.294     nan±nan   0.049±0.088   0.157±0.071
T cells                0.807±0.035   0.824±0.035   0.636±0.050   0.692±0.058   0.717±0.058   0.700±0.073   0.782±0.043   0.679±0.038
Macrophages            0.659±0.037   0.765±0.039   0.553±0.042   0.663±0.068   0.664±0.065   0.664±0.040   0.754±0.040   0.556±0.048
Endothelial            0.820±0.012   0.829±0.014   0.514±0.109   0.501±0.148   0.494±0.151   0.339±0.138   0.802±0.011   0.673±0.031
Epithelial             0.874±0.032   0.786±0.054   0.582±0.089   0.544±0.053   0.549±0.053   0.772±0.097   0.301±0.097   0.389±0.062
Fibroblasts            0.028±0.283   0.112±0.082   0.391±0.105   0.431±0.088   0.424±0.084   0.606±0.075   0.066±0.080   0.089±0.021
MEAN................   0.574         0.596         0.524         0.579         0.578           nan         0.459         0.424      

--- Per-Region Overall Pearson r ---
Region      Cell2Location           RCTD CITEgeist_Discrete CITEgeist_Continuous CITEgeist_Hybrid         Seurat           CARD        Tangram
----------------------------------------------------------------------------------------------------------------------------------
Region 0           0.7756         0.5405         0.5491         0.4340         0.4051         0.3614         0.3171         0.3000
Region 1           0.6295         0.5347         0.4513         0.2889         0.2824         0.4178         0.3263         0.2842
Region 2           0.6900         0.7246         0.6024         0.5630         0.5903         0.4266         0.4523         0.2536
Region 3           0.6850         0.6638         0.5569         0.6428         0.6342         0.3649         0.3003         0.1615
Region 4           0.6717         0.6808         0.4777         0.6339         0.6294         0.4074         0.3970         0.1132

--- Category Wins (best per-cell-type r) ---
  B cells             : CITEgeist_Continuous (r=0.6429)
  T cells             : RCTD (r=0.8238)
  Macrophages         : RCTD (r=0.7654)
  Endothelial         : RCTD (r=0.8289)
  Epithelial          : Cell2Location (r=0.8740)
  Fibroblasts         : Seurat (r=0.6059)

Total wins: Cell2Location=1  RCTD=3  CITEgeist_Discrete=0  CITEgeist_Continuous=1  CITEgeist_Hybrid=0  Seurat=1  CARD=0  Tangram=0  

Full results saved to: /ix1/alee/LO_LAB/Personal/Alexander_Chang/alc376/CITEgeist/Benchmarking/xenium_benchmarking/evaluation/results/method_comparison/full_comparison.json

================================================================================
