2026-02-20 12:27:10,662 - INFO - ============================================================
2026-02-20 12:27:10,663 - INFO - Protein vs RNA Cell Type Concordance Analysis
2026-02-20 12:27:10,663 - INFO - ============================================================
2026-02-20 12:27:10,663 - INFO - Loading Xenium protein data...
/ix1/alee/LO_LAB/Personal/Alexander_Chang/alc376/envs/CITEgeist_env/lib/python3.10/site-packages/anndata/_core/anndata.py:1758: UserWarning: Variable names are not unique. To make them unique, call `.var_names_make_unique`.
  utils.warn_names_duplicates("var")
2026-02-20 12:27:11,554 - INFO - Loaded 465534 cells x 27 proteins
2026-02-20 12:27:11,555 - INFO - Applying protein gating...
2026-02-20 12:27:11,837 - INFO - Protein-gated cell types:
T cells        131756
Unknown        103211
Macrophages     96957
Endothelial     49402
B cells         37374
Epithelial      28504
Fibroblasts     18330
Name: count, dtype: int64
2026-02-20 12:27:11,839 - INFO - Loading RNA k-means clusters...
2026-02-20 12:27:13,642 - INFO - RNA-defined cell types:
Cluster
Macrophages    157982
T cells        107428
Fibroblasts     66139
Epithelial      60787
Endothelial     44123
B cells         25427
Name: count, dtype: int64
2026-02-20 12:27:13,643 - INFO - Building concordance matrix...
2026-02-20 12:27:13,732 - INFO - Common cells: 461886
2026-02-20 12:27:14,194 - INFO - Overall concordance: 56.7%
2026-02-20 12:27:14,194 - INFO - Per-cell-type concordance (protein → same RNA type):
2026-02-20 12:27:14,194 - INFO -   B cells: 65.2%
2026-02-20 12:27:14,194 - INFO -   T cells: 68.7%
2026-02-20 12:27:14,194 - INFO -   Macrophages: 83.1%
2026-02-20 12:27:14,194 - INFO -   Endothelial: 67.4%
2026-02-20 12:27:14,194 - INFO -   Epithelial: 67.8%
2026-02-20 12:27:14,194 - INFO -   Fibroblasts: 82.1%
2026-02-20 12:27:14,194 - INFO -   Unknown: 0.0%
2026-02-20 12:27:14,547 - INFO - Saved heatmap to /ix1/alee/LO_LAB/Personal/Alexander_Chang/alc376/CITEgeist/Benchmarking/xenium_pseudovisium/analysis/concordance_heatmap.png
2026-02-20 12:27:14,553 - INFO - Calculating spot-level correlations...
2026-02-20 12:27:14,834 - INFO - Cells with spot mapping: 461886
2026-02-20 12:29:10,275 - INFO - Spot-level correlations:
             pearson_r  p_value
B cells       0.949564      0.0
T cells       0.847000      0.0
Macrophages   0.701550      0.0
Endothelial   0.813352      0.0
Epithelial    0.623826      0.0
Fibroblasts   0.610987      0.0
2026-02-20 12:29:10,974 - INFO - Saved scatter plots to /ix1/alee/LO_LAB/Personal/Alexander_Chang/alc376/CITEgeist/Benchmarking/xenium_pseudovisium/analysis/spot_correlations.png
2026-02-20 12:29:10,987 - INFO - Generating summary report...
2026-02-20 12:29:10,989 - INFO - Saved report to /ix1/alee/LO_LAB/Personal/Alexander_Chang/alc376/CITEgeist/Benchmarking/xenium_pseudovisium/analysis/concordance_report.md
2026-02-20 12:29:10,989 - INFO - ============================================================
2026-02-20 12:29:10,989 - INFO - Analysis complete!
2026-02-20 12:29:10,989 - INFO - Results in: /ix1/alee/LO_LAB/Personal/Alexander_Chang/alc376/CITEgeist/Benchmarking/xenium_pseudovisium/analysis
2026-02-20 12:29:10,989 - INFO - ============================================================
