======================================================================
Unknown Cell Protein Expression Diagnosis
======================================================================

1. Loading data...
   Loaded 465534 cells x 27 proteins

2. Current gating thresholds (percentile of non-zero):
   CD20: 36.0
   CD3E: 139.0
   CD68: 93.0
   CD31: 27.0
   PanCK: 14.0
   E-Cadherin: 76.0
   alphaSMA: 50.0

3. Identifying Unknown cells with current gating...
   Unknown cells: 103211 (22.2%)

4. Protein expression in Unknown cells:
   ------------------------------------------------------------
   Marker                Mean     Median      % > 0  Threshold
   ------------------------------------------------------------
   CD20                   0.4        0.0       2.4%       36.0
   CD3E                  20.5        0.0      44.6%      139.0
   CD68                  15.5        0.0      42.5%       93.0
   CD31                   1.7        0.0      14.0%       27.0
   PanCK                  0.4        0.0       5.9%       14.0
   E-Cadherin            17.3       13.0      75.6%       76.0
   alphaSMA               5.9        0.0      36.5%       50.0
   Vimentin             202.6      147.0      97.0%        N/A
   HLA-DR                55.9       13.0      64.1%        N/A

5. How close are Unknown cells to thresholds?
   (% of Unknown cells above X% of threshold)
   --------------------------------------------------
   CD20        : >50%=  0.9%  >75%=  0.4%  >90%=  0.2%
   CD3E        : >50%= 12.5%  >75%=  6.1%  >90%=  2.5%
   CD68        : >50%= 14.6%  >75%=  6.9%  >90%=  2.8%
   CD31        : >50%=  5.6%  >75%=  2.7%  >90%=  1.1%
   PanCK       : >50%=  2.6%  >75%=  1.4%  >90%=  0.7%
   alphaSMA    : >50%=  8.8%  >75%=  3.8%  >90%=  1.3%

6. Impact of lowering thresholds (to p25 instead of p50):
   Marker             Current      Lower     Unknowns rescued
   -------------------------------------------------------
   CD3E                 139.0       25.0           25635 (24.8%)
   CD68                  93.0       26.0           23888 (23.1%)
   CD31                  27.0        9.0            7779 (7.5%)
   PanCK                 14.0        5.0            3604 (3.5%)
   alphaSMA              50.0       20.0           11901 (11.5%)

7. What RNA clustering calls Unknown cells:
   ----------------------------------------
   Epithelial          :    32987 (32.5%)
   Stromal             :    17999 (17.7%)
   Mixed Immune        :    17184 (16.9%)
   Macrophages         :    12094 (11.9%)
   Fibroblasts         :     7973 (7.8%)
   CD8+ T cells        :     6121 (6.0%)
   Vascular Stromal    :     4199 (4.1%)
   Endothelial         :     1734 (1.7%)
   Proliferating T     :      912 (0.9%)
   B cells             :      419 (0.4%)

8. Protein expression in Unknown cells BY RNA cluster:
   (Are they borderline for the expected marker?)
   ----------------------------------------------------------------------
   RNA=Epithelial      | PanCK: mean=1.0, 7% above 50% thresh, 0% above thresh
   RNA=Macrophages     | CD68: mean=43.1, 46% above 50% thresh, 0% above thresh
   RNA=Fibroblasts     | alphaSMA: mean=17.4, 32% above 50% thresh, 0% above thresh
   RNA=CD8+ T cells    | CD3E: mean=74.2, 57% above 50% thresh, 0% above thresh
   RNA=Endothelial     | CD31: mean=12.8, 46% above 50% thresh, 1% above thresh

======================================================================
SUMMARY
======================================================================

Key findings:
1. 103211 cells (22%) are Unknown by protein gating
2. RNA classifies them mostly as Epithelial/Macrophages/Fibroblasts
3. Check above for whether they're borderline or truly negative

