[2026-02-10 16:34:22] Job started for replicate 2 (ref-free)
Activating CARD_env...
R: /ix1/alee/LO_LAB/Personal/Alexander_Chang/alc376/envs/CARD_env/bin/R
R version: R version 4.4.3 (2025-02-28) -- "Trophy Case"
============================================
CARD Deconvolution - high_seg Replicate 2 (reference_free mode)
============================================
Start time: 2026-02-10 16:35:51.73242

Loading spatial data...
  Spatial data: 29733 genes x 957 spots

Running CARD in reference-free mode...
  Loaded markers for 9 cell types

Creating CARDfree object...

Running CARD reference-free deconvolution...
## Number of unique marker genes: 392 for 9 cell types ...
## Deconvolution Finish! ...

CARD completed in 33.9 seconds (0.6 min)
  Proportions: 957 spots x 9 cell types

Saved predictions to: /ix1/alee/LO_LAB/Personal/Alexander_Chang/alc376/CITEgeist/Benchmarking/simulation_benchmarking/CARD/high_seg/Wu_ST_2_CARD_reffree_deconv_predictions.csv

============================================
Completed CARD pipeline for replicate: Wu_ST_2
End time: 2026-02-10 16:36:51.153438
[2026-02-10 16:36:52] Job completed for replicate 2 (ref-free)
CARD_REFFREE_TOTAL_RUNTIME: Replicate 2 took 150 seconds (2.50 minutes)
