[2026-02-10 16:34:22] Job started for replicate 1 (ref-free)
Activating CARD_env...
R: /ix1/alee/LO_LAB/Personal/Alexander_Chang/alc376/envs/CARD_env/bin/R
R version: R version 4.4.3 (2025-02-28) -- "Trophy Case"
============================================
CARD Deconvolution - high_seg Replicate 1 (reference_free mode)
============================================
Start time: 2026-02-10 16:35:01.662228

Loading spatial data...
  Spatial data: 29733 genes x 952 spots

Running CARD in reference-free mode...
  Loaded markers for 9 cell types

Creating CARDfree object...

Running CARD reference-free deconvolution...
## Number of unique marker genes: 392 for 9 cell types ...
## Deconvolution Finish! ...

CARD completed in 51.3 seconds (0.9 min)
  Proportions: 952 spots x 9 cell types

Saved predictions to: /ix1/alee/LO_LAB/Personal/Alexander_Chang/alc376/CITEgeist/Benchmarking/simulation_benchmarking/CARD/high_seg/Wu_ST_1_CARD_reffree_deconv_predictions.csv

============================================
Completed CARD pipeline for replicate: Wu_ST_1
End time: 2026-02-10 16:36:19.97848
[2026-02-10 16:36:20] Job completed for replicate 1 (ref-free)
CARD_REFFREE_TOTAL_RUNTIME: Replicate 1 took 118 seconds (1.96 minutes)
