[2026-02-10 16:51:57] Job started for replicate 0
Activating CARD_env...
R: /ix1/alee/LO_LAB/Personal/Alexander_Chang/alc376/envs/CARD_env/bin/R
R version: R version 4.4.3 (2025-02-28) -- "Trophy Case"
============================================
CARD Deconvolution - high_seg Replicate 0 (reference mode)
============================================
Start time: 2026-02-10 16:52:31.025475

Loading spatial data...
  Spatial data: 29733 genes x 951 spots

Loading reference data from CSV...
  Reference: 27719 genes x 38241 cells
  Cell types: Endothelial, CAFs, PVL, Plasmablasts, T-cells, Myeloid, Cancer Epithelial, Normal Epithelial, B-cells

Creating CARD object...
## QC on scRNASeq dataset! ...
## QC on spatially-resolved dataset! ...

Running CARD deconvolution...
## create reference matrix from scRNASeq...
## Select Informative Genes! ...
## Deconvolution Starts! ...
## Deconvolution Finish! ...

CARD completed in 341.9 seconds (5.7 min)
  Proportions: 951 spots x 9 cell types

Saved predictions to: /ix1/alee/LO_LAB/Personal/Alexander_Chang/alc376/CITEgeist/Benchmarking/simulation_benchmarking/CARD/high_seg/Wu_ST_0_CARD_deconv_predictions.csv

============================================
Completed CARD pipeline for replicate: Wu_ST_0
End time: 2026-02-10 16:58:40.905562
[2026-02-10 16:58:41] Job completed for replicate 0
CARD_TOTAL_RUNTIME: Replicate 0 took 404 seconds (6.73 minutes)
