CitegeistModel initialized successfully.
Filtered gene expression data: 405 → 396 genes (count > 0 in at least 1.0% of spots, mean expression > 1.1 in nonzero spots). Remaining spots: 1352 Filtered spots: 1352 to 1352
Antibody capture data preprocessing completed for discrete mode: Winsorized [5%, 95%], scale_per_marker=True, no per-spot normalization.
Set parameter LicenseID to value 276015
Set parameter GURO_PAR_SPECIAL
Set parameter TokenServer to value "license.crc.pitt.edu"
Parquet file for pass 1 loaded successfully.
Spot and CellType successfully split (using ::: delimiter).

Spot name formats:
AnnData spot names format: Index(['spot_46', 'spot_47', 'spot_48', 'spot_49', 'spot_50'], dtype='object')
Parquet spot names format: ['spot_46' 'spot_47' 'spot_48' 'spot_49' 'spot_50']
Added layer: CD8+_T_cells_genes_pass1 (Shape: (1352, 396))
Added layer: Macrophages_genes_pass1 (Shape: (1352, 396))
Added layer: Fibroblasts_genes_pass1 (Shape: (1352, 396))
Added layer: Epithelial_genes_pass1 (Shape: (1352, 396))
Added layer: CD4+_T_cells_genes_pass1 (Shape: (1352, 396))
Added layer: B_cells_genes_pass1 (Shape: (1352, 396))
Added layer: Endothelial_genes_pass1 (Shape: (1352, 396))

============================================================
DISCRETE BENCHMARK COMPLETE: Xenium_region_2
============================================================
  Spots: 1352
  Nuclei detected: 24030
  Cell types: 7
  Timings:
    Cellpose: 310.5s
    Discrete assignment: 1284.0s
    GEX deconvolution: 105.8s
  Output: /ix1/alee/LO_LAB/Personal/Alexander_Chang/alc376/CITEgeist/Benchmarking/xenium_benchmarking/CITEgeist/output_discrete_cellpose_v2/Xenium_region_2
Completed region 2
