=== Comparing GEX Methods Against αSMA-Only Fibroblast GT ===
Start time: Mon Feb  9 08:58:52 PM EST 2026
================================================================================
GEX DECONVOLUTION COMPARISON - Protein-Gated Ground Truth
================================================================================

--- Overall GEX Metrics ---
Method            Pearson r       RMSE        MAE   Cell Types  Regions
------------------------------------------------------------------
CITEgeist            0.3647     4.5058     2.6950            7        5
Cell2Location        0.3628     4.9939     3.5386            7        5
Tangram                 nan        nan        nan            0        0
scResolve            0.0609     3.6126     1.6512            7        1

--- Per-Cell-Type GEX Pearson r (mean across regions) ---
Cell Type                   CITEgeist    Cell2Location          Tangram        scResolve
----------------------------------------------------------------------------------------
B cells                0.183±0.079   0.138±0.058     nan±nan  -0.044±nan
CD4+ T cells           0.252±0.056   0.251±0.051     nan±nan   0.020±nan
CD8+ T cells           0.458±0.024   0.494±0.021     nan±nan   0.085±nan
Macrophages            0.579±0.037   0.610±0.027     nan±nan   0.140±nan
Endothelial            0.426±0.061   0.435±0.086     nan±nan   0.079±nan
Epithelial             0.401±0.046   0.386±0.044     nan±nan   0.088±nan
Fibroblasts            0.254±0.070   0.225±0.092     nan±nan   0.058±nan

--- Per-Region GEX Pearson r (mean across cell types) ---
Region          CITEgeist  Cell2Location        Tangram      scResolve
----------------------------------------------------------------------
Region 0           0.3555         0.3692            nan         0.0609
Region 1           0.3642         0.3728            nan            N/A
Region 2           0.3839         0.3783            nan            N/A
Region 3           0.3640         0.3496            nan            N/A
Region 4           0.3559         0.3438            nan            N/A

Results saved to: /ix1/alee/LO_LAB/Personal/Alexander_Chang/alc376/CITEgeist/Benchmarking/xenium_benchmarking/evaluation/results/method_comparison/full_comparison_gex.json
================================================================================
=== Done ===
End time: Mon Feb  9 09:02:17 PM EST 2026
