2026-02-19 14:15:34,195 - INFO - ============================================================
2026-02-19 14:15:34,196 - INFO - Protein vs RNA Cell Type Concordance Analysis
2026-02-19 14:15:34,196 - INFO - ============================================================
2026-02-19 14:15:34,196 - INFO - Loading Xenium protein data...
/ix1/alee/LO_LAB/Personal/Alexander_Chang/alc376/envs/CITEgeist_env/lib/python3.10/site-packages/anndata/_core/anndata.py:1758: UserWarning: Variable names are not unique. To make them unique, call `.var_names_make_unique`.
  utils.warn_names_duplicates("var")
2026-02-19 14:15:36,001 - INFO - Loaded 465534 cells x 27 proteins
2026-02-19 14:15:36,001 - INFO - Applying protein gating...
2026-02-19 14:15:36,496 - INFO - Protein-gated cell types:
Unknown         130555
Macrophages      96957
CD8+ T cells     77662
Endothelial      49402
B cells          37374
Epithelial       29834
CD4+ T cells     25420
Fibroblasts      18330
Name: count, dtype: int64
2026-02-19 14:15:36,499 - INFO - Loading RNA k-means clusters...
2026-02-19 14:15:40,339 - INFO - RNA-defined cell types:
Cluster
Macrophages     157982
CD8+ T cells     89144
Fibroblasts      66139
Epithelial       60787
Endothelial      44123
B cells          25427
CD4+ T cells     18284
Name: count, dtype: int64
2026-02-19 14:15:40,339 - INFO - Building concordance matrix...
2026-02-19 14:15:40,494 - INFO - Common cells: 461886
2026-02-19 14:15:41,651 - INFO - Overall concordance: 48.1%
2026-02-19 14:15:41,651 - INFO - Per-cell-type concordance (protein → same RNA type):
2026-02-19 14:15:41,651 - INFO -   B cells: 65.2%
2026-02-19 14:15:41,651 - INFO -   CD4+ T cells: 1.6%
2026-02-19 14:15:41,651 - INFO -   CD8+ T cells: 64.3%
2026-02-19 14:15:41,651 - INFO -   Macrophages: 83.1%
2026-02-19 14:15:41,651 - INFO -   Endothelial: 67.4%
2026-02-19 14:15:41,651 - INFO -   Epithelial: 65.2%
2026-02-19 14:15:41,651 - INFO -   Fibroblasts: 82.1%
2026-02-19 14:15:41,651 - INFO -   Unknown: 0.0%
2026-02-19 14:15:42,319 - INFO - Saved heatmap to /ix1/alee/LO_LAB/Personal/Alexander_Chang/alc376/CITEgeist/Benchmarking/xenium_pseudovisium/analysis/concordance_heatmap.png
2026-02-19 14:15:42,330 - INFO - Calculating spot-level correlations...
2026-02-19 14:15:42,992 - INFO - Cells with spot mapping: 461886
2026-02-19 14:21:23,008 - INFO - Spot-level correlations:
              pearson_r       p_value
B cells        0.949564  0.000000e+00
CD4+ T cells   0.092458  7.182221e-15
CD8+ T cells   0.610319  0.000000e+00
Macrophages    0.701550  0.000000e+00
Endothelial    0.813352  0.000000e+00
Epithelial     0.620112  0.000000e+00
Fibroblasts    0.610987  0.000000e+00
2026-02-19 14:21:24,679 - INFO - Saved scatter plots to /ix1/alee/LO_LAB/Personal/Alexander_Chang/alc376/CITEgeist/Benchmarking/xenium_pseudovisium/analysis/spot_correlations.png
2026-02-19 14:21:24,704 - INFO - Generating summary report...
2026-02-19 14:21:24,714 - INFO - Saved report to /ix1/alee/LO_LAB/Personal/Alexander_Chang/alc376/CITEgeist/Benchmarking/xenium_pseudovisium/analysis/concordance_report.md
2026-02-19 14:21:24,714 - INFO - ============================================================
2026-02-19 14:21:24,714 - INFO - Analysis complete!
2026-02-19 14:21:24,714 - INFO - Results in: /ix1/alee/LO_LAB/Personal/Alexander_Chang/alc376/CITEgeist/Benchmarking/xenium_pseudovisium/analysis
2026-02-19 14:21:24,714 - INFO - ============================================================
