2026-02-09 20:56:27,122 - INFO - ============================================================
2026-02-09 20:56:27,122 - INFO - GEX Ground Truth Generation (Protein-Gated)
2026-02-09 20:56:27,122 - INFO - ============================================================
2026-02-09 20:56:27,122 - INFO - Loading pre-computed cell type assignments...
2026-02-09 20:56:28,113 - INFO -   Total cells: 465534
2026-02-09 20:56:28,114 - INFO -   Cells in spots: 128006
2026-02-09 20:56:28,119 - INFO -   Unique spots: 7054
2026-02-09 20:56:28,119 - INFO - 
Loading Xenium GEX data...
2026-02-09 20:56:28,119 - INFO - Loading Xenium data from /ix1/alee/LO_LAB/General/Public_Data/10x_PublicData/Xenium_RNA_Proteomic_RenalCellCarcinoma
2026-02-09 20:56:29,362 - INFO - Loaded matrix: 465534 cells x 543 features
2026-02-09 20:56:29,615 - INFO - Loaded cell metadata: 465534 cells
/ix1/alee/LO_LAB/Personal/Alexander_Chang/alc376/envs/CITEgeist_env/lib/python3.10/site-packages/anndata/_core/anndata.py:1758: UserWarning: Variable names are not unique. To make them unique, call `.var_names_make_unique`.
  utils.warn_names_duplicates("var")
2026-02-09 20:56:30,179 - INFO - Final shape after filtering: (465534, 543)
2026-02-09 20:56:30,189 - INFO - Splitting: 405 genes, 27 proteins
2026-02-09 20:56:30,585 - INFO -   Common cells (GEX ∩ assigned): 128006
2026-02-09 20:56:30,650 - INFO -   Cell types: ['B cells', 'CD4+ T cells', 'CD8+ T cells', 'Endothelial', 'Epithelial', 'Fibroblasts', 'Macrophages']
2026-02-09 20:56:30,671 - INFO -   Region 0: 1407 spots
2026-02-09 20:56:30,674 - INFO -   Region 1: 1417 spots
2026-02-09 20:56:30,677 - INFO -   Region 2: 1352 spots
2026-02-09 20:56:30,680 - INFO -   Region 3: 1464 spots
2026-02-09 20:56:30,683 - INFO -   Region 4: 1414 spots
2026-02-09 20:56:30,758 - INFO - 
GEX matrix shape: (128006, 405)
2026-02-09 20:56:30,762 - INFO - 
Region 0 (24029 cells, 1407 spots):
2026-02-09 20:56:30,979 - INFO -   B cells: 2017 cells, 118/1407 spots with expr
2026-02-09 20:56:31,179 - INFO -   CD4+ T cells: 820 cells, 339/1407 spots with expr
2026-02-09 20:56:31,393 - INFO -   CD8+ T cells: 3406 cells, 987/1407 spots with expr
2026-02-09 20:56:31,606 - INFO -   Endothelial: 3489 cells, 925/1407 spots with expr
2026-02-09 20:56:31,810 - INFO -   Epithelial: 1388 cells, 730/1407 spots with expr
2026-02-09 20:56:32,013 - INFO -   Fibroblasts: 1347 cells, 529/1407 spots with expr
2026-02-09 20:56:32,231 - INFO -   Macrophages: 3967 cells, 1141/1407 spots with expr
2026-02-09 20:56:32,232 - INFO - 
Region 1 (22910 cells, 1417 spots):
2026-02-09 20:56:32,430 - INFO -   B cells: 48 cells, 22/1417 spots with expr
2026-02-09 20:56:32,631 - INFO -   CD4+ T cells: 482 cells, 294/1417 spots with expr
2026-02-09 20:56:32,849 - INFO -   CD8+ T cells: 4266 cells, 1116/1417 spots with expr
2026-02-09 20:56:33,068 - INFO -   Endothelial: 3468 cells, 962/1417 spots with expr
2026-02-09 20:56:33,276 - INFO -   Epithelial: 1852 cells, 871/1417 spots with expr
2026-02-09 20:56:33,479 - INFO -   Fibroblasts: 1767 cells, 767/1417 spots with expr
2026-02-09 20:56:33,700 - INFO -   Macrophages: 4979 cells, 1234/1417 spots with expr
2026-02-09 20:56:33,703 - INFO - 
Region 2 (25174 cells, 1352 spots):
2026-02-09 20:56:33,894 - INFO -   B cells: 858 cells, 236/1352 spots with expr
2026-02-09 20:56:34,088 - INFO -   CD4+ T cells: 1943 cells, 568/1352 spots with expr
2026-02-09 20:56:34,297 - INFO -   CD8+ T cells: 5072 cells, 1024/1352 spots with expr
2026-02-09 20:56:34,497 - INFO -   Endothelial: 2687 cells, 757/1352 spots with expr
2026-02-09 20:56:34,697 - INFO -   Epithelial: 2169 cells, 838/1352 spots with expr
2026-02-09 20:56:34,886 - INFO -   Fibroblasts: 887 cells, 413/1352 spots with expr
2026-02-09 20:56:35,100 - INFO -   Macrophages: 5401 cells, 1179/1352 spots with expr
2026-02-09 20:56:35,114 - INFO - 
Region 3 (26151 cells, 1464 spots):
2026-02-09 20:56:35,327 - INFO -   B cells: 3208 cells, 257/1464 spots with expr
2026-02-09 20:56:35,535 - INFO -   CD4+ T cells: 1679 cells, 491/1464 spots with expr
2026-02-09 20:56:35,757 - INFO -   CD8+ T cells: 4249 cells, 1079/1464 spots with expr
2026-02-09 20:56:35,971 - INFO -   Endothelial: 1878 cells, 655/1464 spots with expr
2026-02-09 20:56:36,187 - INFO -   Epithelial: 1661 cells, 732/1464 spots with expr
2026-02-09 20:56:36,390 - INFO -   Fibroblasts: 513 cells, 252/1464 spots with expr
2026-02-09 20:56:36,628 - INFO -   Macrophages: 6230 cells, 1297/1464 spots with expr
2026-02-09 20:56:36,629 - INFO - 
Region 4 (29559 cells, 1414 spots):
2026-02-09 20:56:36,839 - INFO -   B cells: 4244 cells, 315/1414 spots with expr
2026-02-09 20:56:37,047 - INFO -   CD4+ T cells: 2044 cells, 477/1414 spots with expr
2026-02-09 20:56:37,267 - INFO -   CD8+ T cells: 4384 cells, 1041/1414 spots with expr
2026-02-09 20:56:37,478 - INFO -   Endothelial: 2024 cells, 660/1414 spots with expr
2026-02-09 20:56:37,693 - INFO -   Epithelial: 1136 cells, 597/1414 spots with expr
2026-02-09 20:56:37,896 - INFO -   Fibroblasts: 497 cells, 270/1414 spots with expr
2026-02-09 20:56:38,128 - INFO -   Macrophages: 5993 cells, 1243/1414 spots with expr
2026-02-09 20:56:38,128 - INFO - 
============================================================
2026-02-09 20:56:38,128 - INFO - GEX ground truth saved to: /ix1/alee/LO_LAB/Personal/Alexander_Chang/alc376/CITEgeist/Benchmarking/xenium_pseudovisium/data_protein_gt/ground_truth_gex
2026-02-09 20:56:38,128 - INFO - ============================================================
