2026-02-23 14:08:52,005 - __main__ - INFO - ======================================================================
2026-02-23 14:08:52,005 - __main__ - INFO - SINGLE-CELL RESOLUTION BENCHMARK: Xenium_region_0
2026-02-23 14:08:52,005 - __main__ - INFO - ======================================================================
2026-02-23 14:08:52,005 - __main__ - INFO - ------------------------------------------------------------
2026-02-23 14:08:52,005 - __main__ - INFO - STEP 1: Loading existing hybrid results
2026-02-23 14:08:52,005 - __main__ - INFO - ------------------------------------------------------------
2026-02-23 14:08:52,775 - __main__ - INFO - Loaded proportions: 1407 spots x 7 cell types
2026-02-23 14:08:52,775 - __main__ - INFO - Loaded deconvolved GEX: 9849 rows x 395 genes
2026-02-23 14:08:52,775 - __main__ - INFO - Nuclei counts: total=21875, mean=15.5/spot
2026-02-23 14:08:52,775 - __main__ - INFO - ------------------------------------------------------------
2026-02-23 14:08:52,775 - __main__ - INFO - STEP 2: Cellpose segmentation (full mask)
2026-02-23 14:08:52,775 - __main__ - INFO - ------------------------------------------------------------
2026-02-23 14:08:52,817 - __main__ - INFO - Loading morphology image: /ix1/alee/LO_LAB/Personal/Alexander_Chang/alc376/CITEgeist/Benchmarking/xenium_benchmarking/scResolve/images/morphology_hires/Xenium_region_0/morphology.png
2026-02-23 14:08:57,506 - __main__ - INFO - Image shape: (26290, 11195, 3), dtype: uint8
2026-02-23 14:08:57,523 - __main__ - INFO - Running Cellpose (use_gpu=True, diameter=None)
2026-02-23 14:09:11,397 - cellpose.models - WARNING - model_type argument is not used in v4.0.1+. Ignoring this argument...
2026-02-23 14:09:11,711 - cellpose.core - INFO - ** TORCH CUDA version installed and working. **
2026-02-23 14:09:11,711 - cellpose.core - INFO - >>>> using GPU (CUDA)
2026-02-23 14:09:13,031 - cellpose.models - INFO - >>>> loading model /ihome/alee/alc376/.cellpose/models/cpsam
2026-02-23 14:09:15,101 - cellpose.models - WARNING - channels deprecated in v4.0.1+. If data contain more than 3 channels, only the first 3 channels will be used
2026-02-23 14:09:15,263 - cellpose.transforms - INFO - processing image with (26290, 11195) HW, and 3 channels
2026-02-23 14:12:43,486 - cellpose.dynamics - WARNING - more than 65535 masks in image, masks returned as np.uint32
2026-02-23 14:13:09,764 - __main__ - INFO - Segmented 84048 nuclei in 256.9s
2026-02-23 14:13:09,764 - __main__ - INFO - Mask shape: (26290, 11195), centroids shape: (84048, 2)
2026-02-23 14:13:12,749 - __main__ - INFO - Saved mask: Benchmarking/xenium_benchmarking/CITEgeist/output/single_cell_resolution/Xenium_region_0/Xenium_region_0_cellpose_mask.npy
2026-02-23 14:13:12,750 - __main__ - INFO - ------------------------------------------------------------
2026-02-23 14:13:12,750 - __main__ - INFO - STEP 3: Map nuclei to spots
2026-02-23 14:13:12,750 - __main__ - INFO - ------------------------------------------------------------
2026-02-23 14:13:12,835 - __main__ - INFO - Mapped 21875/84048 nuclei to spots (26.0%)
2026-02-23 14:13:12,857 - __main__ - INFO - ------------------------------------------------------------
2026-02-23 14:13:12,857 - __main__ - INFO - STEP 4: Module 3b nucleus assignment
2026-02-23 14:13:12,857 - __main__ - INFO - ------------------------------------------------------------
2026-02-23 14:13:12,862 - __main__ - INFO - Cell types for assignment: ['B cells', 'CD4+ T cells', 'CD8+ T cells', 'Macrophages', 'Endothelial', 'Epithelial', 'Fibroblasts']
2026-02-23 14:13:12,862 - __main__ - INFO - Spots with nuclei: 1398/1407
/ix1/alee/LO_LAB/Personal/Alexander_Chang/alc376/envs/CITEgeist_env/lib/python3.10/site-packages/sklearn/linear_model/_logistic.py:1247: FutureWarning: 'multi_class' was deprecated in version 1.5 and will be removed in 1.7. From then on, it will always use 'multinomial'. Leave it to its default value to avoid this warning.
  warnings.warn(
/ix1/alee/LO_LAB/Personal/Alexander_Chang/alc376/envs/CITEgeist_env/lib/python3.10/site-packages/sklearn/linear_model/_logistic.py:469: ConvergenceWarning: lbfgs failed to converge (status=1):
STOP: TOTAL NO. OF ITERATIONS REACHED LIMIT.

Increase the number of iterations (max_iter) or scale the data as shown in:
    https://scikit-learn.org/stable/modules/preprocessing.html
Please also refer to the documentation for alternative solver options:
    https://scikit-learn.org/stable/modules/linear_model.html#logistic-regression
  n_iter_i = _check_optimize_result(
2026-02-23 14:14:43,464 - __main__ - ERROR - Nucleus assignment failed: index 7 is out of bounds for axis 0 with size 7
Traceback (most recent call last):
  File "/ix1/alee/LO_LAB/Personal/Alexander_Chang/alc376/CITEgeist/Benchmarking/xenium_benchmarking/CITEgeist/src/benchmark_single_cell_resolution.py", line 354, in run_single_cell_benchmark
    assignment_result = run_nucleus_assignment(
  File "/ix1/alee/LO_LAB/Personal/Alexander_Chang/alc376/CITEgeist/CITEgeist/model/module3b_nucleus_assignment.py", line 90, in run_nucleus_assignment
    counts = largest_remainder_discretize(spot_proportions, n_nuclei)
  File "/ix1/alee/LO_LAB/Personal/Alexander_Chang/alc376/CITEgeist/CITEgeist/model/morphology_features.py", line 115, in largest_remainder_discretize
    counts[indices[i]] += 1
IndexError: index 7 is out of bounds for axis 0 with size 7
2026-02-23 14:14:43,499 - __main__ - INFO - ------------------------------------------------------------
2026-02-23 14:14:43,500 - __main__ - INFO - STEP 7: Saving summary
2026-02-23 14:14:43,500 - __main__ - INFO - ------------------------------------------------------------
2026-02-23 14:14:43,514 - __main__ - INFO - Saved summary: Benchmarking/xenium_benchmarking/CITEgeist/output/single_cell_resolution/Xenium_region_0/benchmark_summary.json
2026-02-23 14:14:43,514 - __main__ - INFO - ======================================================================
2026-02-23 14:14:43,514 - __main__ - INFO - BENCHMARK COMPLETE: Xenium_region_0
2026-02-23 14:14:43,514 - __main__ - INFO - ======================================================================
