CitegeistModel initialized successfully.
Antibody capture data preprocessing completed for discrete mode: Winsorized [5%, 95%], scale_mode=per_marker, no per-spot normalization.
Set parameter LicenseID to value 276015
Set parameter GURO_PAR_SPECIAL
Set parameter TokenServer to value "license.crc.pitt.edu"
Parquet file for pass 1 loaded successfully.
Spot and CellType successfully split (using ::: delimiter).

Spot name formats:
AnnData spot names format: Index(['spot_1', 'spot_2', 'spot_3', 'spot_4', 'spot_5'], dtype='object')
Parquet spot names format: ['spot_1' 'spot_2' 'spot_3' 'spot_4' 'spot_5']
Added layer: T-cells_genes_pass1 (Shape: (957, 29733))
Added layer: Cancer_Epithelial_genes_pass1 (Shape: (957, 29733))
Added layer: CAFs_genes_pass1 (Shape: (957, 29733))
Added layer: Normal_Epithelial_genes_pass1 (Shape: (957, 29733))
Added layer: PVL_genes_pass1 (Shape: (957, 29733))
Added layer: Myeloid_genes_pass1 (Shape: (957, 29733))
Added layer: Endothelial_genes_pass1 (Shape: (957, 29733))
Added layer: B-cells_genes_pass1 (Shape: (957, 29733))
Added layer: Plasmablasts_genes_pass1 (Shape: (957, 29733))
RMSE, NRMSE, and MAE per cell type:
	CAFs: RMSE: 0.2780, NRMSE: 0.0397, MAE: 0.0466
	Endothelial: RMSE: 0.0777, NRMSE: 0.0111, MAE: 0.0025
	Normal Epithelial: RMSE: 0.0612, NRMSE: nan, MAE: 0.0016
	Cancer Epithelial: RMSE: 0.3175, NRMSE: 0.0372, MAE: 0.0598
	B-cells: RMSE: 0.1282, NRMSE: 0.0176, MAE: 0.0080
	T-cells: RMSE: 0.1730, NRMSE: 0.0231, MAE: 0.0159
	Plasmablasts: RMSE: 0.0661, NRMSE: 0.0075, MAE: 0.0020
	PVL: RMSE: 0.0614, NRMSE: nan, MAE: 0.0016
	Myeloid: RMSE: 0.1625, NRMSE: 0.0230, MAE: 0.0154

Overall RMSE statistics:
	Average RMSE: 0.1473
	Median RMSE:  0.1282

Overall NRMSE statistics:
	Average NRMSE: 0.0227
	Median NRMSE:  0.0230

Overall MAE statistics:
	Average MAE: 0.0170
	Median MAE:  0.0080
Per-cell type metrics saved to per_celltype_metrics.csv

=== RESULTS ===
Nuclei count correlation: 0.986
Proportion correlation: 0.449
Completed replicate 2, condition mixed, lambda_prior=0.5
