CitegeistModel initialized successfully.
Antibody capture data preprocessing completed for discrete mode: Winsorized [5%, 95%], scale_mode=per_marker, no per-spot normalization.
Set parameter LicenseID to value 276015
Set parameter GURO_PAR_SPECIAL
Set parameter TokenServer to value "license.crc.pitt.edu"
Parquet file for pass 1 loaded successfully.
Spot and CellType successfully split (using ::: delimiter).

Spot name formats:
AnnData spot names format: Index(['spot_1', 'spot_2', 'spot_3', 'spot_4', 'spot_5'], dtype='object')
Parquet spot names format: ['spot_1' 'spot_2' 'spot_3' 'spot_4' 'spot_5']
Added layer: B-cells_genes_pass1 (Shape: (957, 29733))
Added layer: Endothelial_genes_pass1 (Shape: (957, 29733))
Added layer: Myeloid_genes_pass1 (Shape: (957, 29733))
Added layer: Normal_Epithelial_genes_pass1 (Shape: (957, 29733))
Added layer: CAFs_genes_pass1 (Shape: (957, 29733))
Added layer: PVL_genes_pass1 (Shape: (957, 29733))
Added layer: T-cells_genes_pass1 (Shape: (957, 29733))
Added layer: Plasmablasts_genes_pass1 (Shape: (957, 29733))
Added layer: Cancer_Epithelial_genes_pass1 (Shape: (957, 29733))
RMSE, NRMSE, and MAE per cell type:
	CAFs: RMSE: 0.2789, NRMSE: 0.0398, MAE: 0.0466
	Endothelial: RMSE: 0.0790, NRMSE: 0.0113, MAE: 0.0025
	Normal Epithelial: RMSE: 0.0629, NRMSE: nan, MAE: 0.0016
	Cancer Epithelial: RMSE: 0.3182, NRMSE: 0.0373, MAE: 0.0599
	B-cells: RMSE: 0.1285, NRMSE: 0.0177, MAE: 0.0080
	T-cells: RMSE: 0.1735, NRMSE: 0.0232, MAE: 0.0159
	Plasmablasts: RMSE: 0.0677, NRMSE: 0.0077, MAE: 0.0020
	PVL: RMSE: 0.0616, NRMSE: nan, MAE: 0.0015
	Myeloid: RMSE: 0.1623, NRMSE: 0.0229, MAE: 0.0152

Overall RMSE statistics:
	Average RMSE: 0.1481
	Median RMSE:  0.1285

Overall NRMSE statistics:
	Average NRMSE: 0.0228
	Median NRMSE:  0.0229

Overall MAE statistics:
	Average MAE: 0.0170
	Median MAE:  0.0080
Per-cell type metrics saved to per_celltype_metrics.csv

=== RESULTS ===
Nuclei count correlation: 0.986
Proportion correlation: 0.426
Completed replicate 2, condition mixed, lambda_prior=0.0
