Loading Xenium protein data...
Loaded 465534 cells x 27 proteins
Proteins: ['PD-1', 'VISTA', 'PD-L1', 'LAG-3', 'CD16', 'GranzymeB', 'CD163', 'CD4', 'CD20', 'CD8A', 'CD3E', 'CD138', 'HLA-DR', 'CD11c', 'CD68', 'CD45RA', 'PCNA', 'CD45RO', 'Ki-67', 'Beta-catenin', 'CD31', 'PTEN', 'PanCK', 'Vimentin', 'alphaSMA', 'CD45', 'E-Cadherin']

============================================================
THRESHOLDS
============================================================
PanCK (p25 of nonzero): 14.00
E-Cadherin (p90 of nonzero): 76.00
alphaSMA (p75 of nonzero): 50.00
Vimentin (p50 of nonzero): 168.00

============================================================
A. VIMENTIN / EPITHELIAL OVERLAP
============================================================
Total cells: 465534
Vimentin+ cells: 227286 (48.8%)
PanCK+ or E-Cad high cells: 69559 (14.9%)
OVERLAP (VIM+ AND epithelial+): 51054 (11.0%)
  -> 22.5% of VIM+ cells are also epithelial+
  -> 73.4% of epithelial+ cells are also VIM+

Vimentin expression:
  In epithelial+ cells: mean=397.43, median=298.00
  In non-epithelial cells: mean=200.24, median=148.00

============================================================
B. FIBROBLAST GATE BREAKDOWN
============================================================
Cells available after Gates 1-6: 148885 (32.0%)

Fibroblast breakdown:
  Gate 7 (αSMA high): 18330 (26.1% of fibroblasts)
  Gate 8 (VIM+ remaining): 51925 (73.9% of fibroblasts)
  TOTAL Fibroblasts: 70255

Gate 8 cells that are ALSO PanCK+ or E-Cad high: 0
  -> 0.0% of Gate 8 'fibroblasts' have epithelial markers!

Still Unknown after all gates: 78630

============================================================
C. VIMENTIN EXPRESSION BY FINAL CELL TYPE
============================================================
CD8+ T cells: 77662 cells, 52.0% VIM+, mean VIM=229.6
Macrophages: 96957 cells, 44.5% VIM+, mean VIM=196.4
Fibroblasts (VIM): 51925 cells, 100.0% VIM+, mean VIM=351.7
Endothelial: 49402 cells, 72.1% VIM+, mean VIM=360.4
Unknown: 78630 cells, 0.0% VIM+, mean VIM=73.8
Fibroblasts (αSMA): 18330 cells, 73.8% VIM+, mean VIM=342.6
CD4+ T cells: 25420 cells, 33.9% VIM+, mean VIM=166.3
Epithelial: 29834 cells, 75.7% VIM+, mean VIM=414.5
B cells: 37374 cells, 30.5% VIM+, mean VIM=142.3

============================================================
SUMMARY
============================================================

KEY FINDINGS:
1. VIM/Epithelial overlap: 51054 cells (11.0% of all cells)
   are positive for BOTH vimentin AND epithelial markers (PanCK/E-Cad)

2. Fibroblast composition:
   - 26.1% from Gate 7 (αSMA high) - true CAFs/myofibroblasts
   - 73.9% from Gate 8 (VIM+ catchall) - mixed population

3. Gate 8 contamination: 0.0% of VIM+ "fibroblasts"
   also express epithelial markers - likely EMT tumor cells!

RECOMMENDATION:
Consider removing Gate 8 (Vimentin+) from fibroblast definition in RCC.
αSMA alone is a more specific marker for cancer-associated fibroblasts.

