2026-02-17 22:58:10,574 - __main__ - INFO - ============================================================
2026-02-17 22:58:10,574 - __main__ - INFO - BENCHMARK: replicate=4, condition=mixed, mode=dapi
2026-02-17 22:58:10,574 - __main__ - INFO - ============================================================
2026-02-17 22:58:10,576 - __main__ - INFO - Loading image: /ix1/alee/LO_LAB/Personal/Alexander_Chang/alc376/CITEgeist/Benchmarking/simulation_benchmarking/CITEgeist/mixed/images/dapi/Wu_rep_4_cellpose.png
2026-02-17 22:58:11,760 - __main__ - INFO - Image shape: (8000, 8000, 3)
2026-02-17 22:58:11,761 - __main__ - INFO - Running Cellpose with model_type=nuclei
2026-02-17 22:58:14,620 - cellpose.models - WARNING - model_type argument is not used in v4.0.1+. Ignoring this argument...
2026-02-17 22:58:14,621 - cellpose.core - INFO - >>>> using CPU
2026-02-17 22:58:14,621 - cellpose.core - INFO - >>>> using CPU
2026-02-17 22:58:17,607 - cellpose.models - INFO - >>>> loading model /ihome/alee/alc376/.cellpose/models/cpsam
2026-02-17 22:58:20,219 - cellpose.models - WARNING - channels deprecated in v4.0.1+. If data contain more than 3 channels, only the first 3 channels will be used
2026-02-17 22:58:20,266 - cellpose.transforms - INFO - processing image with (8000, 8000) HW, and 3 channels
2026-02-17 23:53:23,462 - __main__ - INFO - Detected 4894 nuclei in 3311.7s
2026-02-17 23:53:23,584 - __main__ - INFO - Nuclei count correlation: 0.986
2026-02-17 23:53:23,584 - __main__ - INFO - Nuclei count RMSE: 0.44
2026-02-17 23:53:23,587 - __main__ - INFO - Loading h5ad files...
2026-02-17 23:53:24,529 - root - INFO - Logging initialized.
2026-02-17 23:53:24,554 - root - INFO - Discrete antibody preprocessing complete: Row sums range [30.61, 50.79], mean=39.98, std=2.83
2026-02-17 23:53:24,924 - root - INFO - Normalization stats:
2026-02-17 23:53:24,924 - root - INFO - Original median total: 80712055723.50
2026-02-17 23:53:24,941 - root - INFO - Mean scaled total: 9978.33
2026-02-17 23:53:24,956 - root - INFO - Max scaled value: 10000.00
2026-02-17 23:53:25,138 - root - INFO - Gene expression data normalized to 10000 counts per spot and validated for discrete count analysis.
2026-02-17 23:53:25,138 - __main__ - INFO - Running continuous optimization first (hybrid mode)...
Traceback (most recent call last):
  File "/ix1/alee/LO_LAB/Personal/Alexander_Chang/alc376/CITEgeist/Benchmarking/simulation_benchmarking/CITEgeist/src/benchmark_discrete_simulation.py", line 609, in <module>
    main()
  File "/ix1/alee/LO_LAB/Personal/Alexander_Chang/alc376/CITEgeist/Benchmarking/simulation_benchmarking/CITEgeist/src/benchmark_discrete_simulation.py", line 583, in main
    results = run_benchmark(
  File "/ix1/alee/LO_LAB/Personal/Alexander_Chang/alc376/CITEgeist/Benchmarking/simulation_benchmarking/CITEgeist/src/benchmark_discrete_simulation.py", line 398, in run_benchmark
    cont_props_df = model.run_cell_proportion_model(
TypeError: CitegeistModel.run_cell_proportion_model() got an unexpected keyword argument 'lambda_smooth'
