CitegeistModel initialized successfully.
Antibody capture data preprocessing completed for discrete mode: Winsorized [5%, 95%], scale_mode=per_marker, no per-spot normalization.
Set parameter LicenseID to value 276015
Set parameter GURO_PAR_SPECIAL
Set parameter TokenServer to value "license.crc.pitt.edu"
Set parameter TimeLimit to value 600
Set parameter MIPGap to value 0.05
Gurobi Optimizer version 11.0.2 build v11.0.2rc0 (linux64 - "Red Hat Enterprise Linux 9.6 (Plow)")

CPU model: Intel(R) Xeon(R) Platinum 8352Y CPU @ 2.20GHz, instruction set [SSE2|AVX|AVX2|AVX512]
Thread count: 64 physical cores, 64 logical processors, using up to 32 threads

Optimize a model with 927 rows, 8559 columns and 8343 nonzeros
Model fingerprint: 0x18c3c6a6
Model has 8559 quadratic objective terms
Variable types: 0 continuous, 8559 integer (0 binary)
Coefficient statistics:
  Matrix range     [1e+00, 1e+00]
  Objective range  [3e-14, 7e+01]
  QObjective range [4e+00, 1e+02]
  Bounds range     [1e+00, 2e+01]
  RHS range        [1e+00, 2e+01]

Loaded user MIP start with objective 20659.5

Presolve removed 926 rows and 8550 columns (presolve time = 7s) ...
Presolve removed 926 rows and 8550 columns
Presolve time: 6.61s
Presolved: 1 rows, 9 columns, 9 nonzeros
Presolved model has 9 quadratic objective terms
Found heuristic solution: objective 12725.040556
Variable types: 0 continuous, 9 integer (0 binary)

Explored 0 nodes (0 simplex iterations) in 6.62 seconds (0.21 work units)
Thread count was 32 (of 64 available processors)

Solution count 2: 12725 20659.5 

Optimal solution found (tolerance 5.00e-02)
Best objective 1.272504055555e+04, best bound 1.272345679596e+04, gap 0.0124%
Set parameter TimeLimit to value 600
Set parameter MIPGap to value 0.05
Gurobi Optimizer version 11.0.2 build v11.0.2rc0 (linux64 - "Red Hat Enterprise Linux 9.6 (Plow)")

CPU model: Intel(R) Xeon(R) Platinum 8352Y CPU @ 2.20GHz, instruction set [SSE2|AVX|AVX2|AVX512]
Thread count: 64 physical cores, 64 logical processors, using up to 32 threads

Optimize a model with 927 rows, 8559 columns and 8343 nonzeros
Model fingerprint: 0xcc044928
Model has 8559 quadratic objective terms
Variable types: 0 continuous, 8559 integer (0 binary)
Coefficient statistics:
  Matrix range     [1e+00, 1e+00]
  Objective range  [3e-14, 7e+01]
  QObjective range [3e-01, 1e+02]
  Bounds range     [1e+00, 2e+01]
  RHS range        [1e+00, 2e+01]

Loaded user MIP start with objective 6851.71

Presolve removed 926 rows and 8550 columns
Presolve time: 3.81s
Presolved: 1 rows, 9 columns, 9 nonzeros
Presolved model has 9 quadratic objective terms
Found heuristic solution: objective 4976.9114111
Variable types: 0 continuous, 9 integer (0 binary)

Explored 0 nodes (0 simplex iterations) in 3.81 seconds (0.11 work units)
Thread count was 32 (of 64 available processors)

Solution count 2: 4976.91 6851.71 

Optimal solution found (tolerance 5.00e-02)
Best objective 4.976911411107e+03, best bound 4.976911411107e+03, gap 0.0000%
Set parameter TimeLimit to value 600
Set parameter MIPGap to value 0.05
Gurobi Optimizer version 11.0.2 build v11.0.2rc0 (linux64 - "Red Hat Enterprise Linux 9.6 (Plow)")

CPU model: Intel(R) Xeon(R) Platinum 8352Y CPU @ 2.20GHz, instruction set [SSE2|AVX|AVX2|AVX512]
Thread count: 64 physical cores, 64 logical processors, using up to 32 threads

Optimize a model with 927 rows, 8559 columns and 8343 nonzeros
Model fingerprint: 0xd2132d1b
Model has 8559 quadratic objective terms
Variable types: 0 continuous, 8559 integer (0 binary)
Coefficient statistics:
  Matrix range     [1e+00, 1e+00]
  Objective range  [3e-14, 7e+01]
  QObjective range [7e-02, 1e+02]
  Bounds range     [1e+00, 2e+01]
  RHS range        [1e+00, 2e+01]

Loaded user MIP start with objective 4712.07

Presolve removed 926 rows and 8550 columns
Presolve time: 3.16s
Presolved: 1 rows, 9 columns, 9 nonzeros
Presolved model has 9 quadratic objective terms
Found heuristic solution: objective 4655.8951174
Variable types: 0 continuous, 9 integer (0 binary)

Explored 0 nodes (0 simplex iterations) in 3.16 seconds (0.09 work units)
Thread count was 32 (of 64 available processors)

Solution count 2: 4655.9 4712.07 

Optimal solution found (tolerance 5.00e-02)
Best objective 4.655895117406e+03, best bound 4.655895117406e+03, gap 0.0000%
Set parameter TimeLimit to value 600
Set parameter MIPGap to value 0.05
Gurobi Optimizer version 11.0.2 build v11.0.2rc0 (linux64 - "Red Hat Enterprise Linux 9.6 (Plow)")

CPU model: Intel(R) Xeon(R) Platinum 8352Y CPU @ 2.20GHz, instruction set [SSE2|AVX|AVX2|AVX512]
Thread count: 64 physical cores, 64 logical processors, using up to 32 threads

Optimize a model with 927 rows, 8559 columns and 8343 nonzeros
Model fingerprint: 0x81a17ef5
Model has 8559 quadratic objective terms
Variable types: 0 continuous, 8559 integer (0 binary)
Coefficient statistics:
  Matrix range     [1e+00, 1e+00]
  Objective range  [5e-14, 7e+01]
  QObjective range [5e-02, 1e+02]
  Bounds range     [1e+00, 2e+01]
  RHS range        [1e+00, 2e+01]

Loaded user MIP start with objective 4597.11

Presolve removed 926 rows and 8550 columns
Presolve time: 3.22s
Presolved: 1 rows, 9 columns, 9 nonzeros
Presolved model has 9 quadratic objective terms
Found heuristic solution: objective 4595.1194897
Variable types: 0 continuous, 9 integer (0 binary)

Explored 0 nodes (0 simplex iterations) in 3.23 seconds (0.08 work units)
Thread count was 32 (of 64 available processors)

Solution count 2: 4595.12 4597.11 

Optimal solution found (tolerance 5.00e-02)
Best objective 4.595119489673e+03, best bound 4.595119489673e+03, gap 0.0000%
Set parameter TimeLimit to value 600
Set parameter MIPGap to value 0.05
Gurobi Optimizer version 11.0.2 build v11.0.2rc0 (linux64 - "Red Hat Enterprise Linux 9.6 (Plow)")

CPU model: Intel(R) Xeon(R) Platinum 8352Y CPU @ 2.20GHz, instruction set [SSE2|AVX|AVX2|AVX512]
Thread count: 64 physical cores, 64 logical processors, using up to 32 threads

Optimize a model with 927 rows, 8559 columns and 8343 nonzeros
Model fingerprint: 0x74fa233d
Model has 8559 quadratic objective terms
Variable types: 0 continuous, 8559 integer (0 binary)
Coefficient statistics:
  Matrix range     [1e+00, 1e+00]
  Objective range  [3e-14, 7e+01]
  QObjective range [4e-02, 1e+02]
  Bounds range     [1e+00, 2e+01]
  RHS range        [1e+00, 2e+01]

Loaded user MIP start with objective 4544.4

Presolve removed 926 rows and 8550 columns
Presolve time: 4.35s
Presolved: 1 rows, 9 columns, 9 nonzeros
Presolved model has 9 quadratic objective terms
Found heuristic solution: objective 4543.8571020
Variable types: 0 continuous, 9 integer (0 binary)

Explored 0 nodes (0 simplex iterations) in 4.35 seconds (0.09 work units)
Thread count was 32 (of 64 available processors)

Solution count 2: 4543.86 4544.4 

Optimal solution found (tolerance 5.00e-02)
Best objective 4.543857101988e+03, best bound 4.543857101988e+03, gap 0.0000%
Set parameter TimeLimit to value 600
Set parameter MIPGap to value 0.05
Gurobi Optimizer version 11.0.2 build v11.0.2rc0 (linux64 - "Red Hat Enterprise Linux 9.6 (Plow)")

CPU model: Intel(R) Xeon(R) Platinum 8352Y CPU @ 2.20GHz, instruction set [SSE2|AVX|AVX2|AVX512]
Thread count: 64 physical cores, 64 logical processors, using up to 32 threads

Optimize a model with 927 rows, 8559 columns and 8343 nonzeros
Model fingerprint: 0xad8e9f95
Model has 8559 quadratic objective terms
Variable types: 0 continuous, 8559 integer (0 binary)
Coefficient statistics:
  Matrix range     [1e+00, 1e+00]
  Objective range  [3e-14, 7e+01]
  QObjective range [4e-02, 1e+02]
  Bounds range     [1e+00, 2e+01]
  RHS range        [1e+00, 2e+01]

Loaded user MIP start with objective 4507

Presolve removed 926 rows and 8550 columns
Presolve time: 4.86s
Presolved: 1 rows, 9 columns, 9 nonzeros
Presolved model has 9 quadratic objective terms
Found heuristic solution: objective 4506.6417241
Variable types: 0 continuous, 9 integer (0 binary)

Explored 0 nodes (0 simplex iterations) in 4.86 seconds (0.08 work units)
Thread count was 32 (of 64 available processors)

Solution count 2: 4506.64 4507 

Optimal solution found (tolerance 5.00e-02)
Best objective 4.506641724144e+03, best bound 4.506641724144e+03, gap 0.0000%
Set parameter TimeLimit to value 600
Set parameter MIPGap to value 0.05
Gurobi Optimizer version 11.0.2 build v11.0.2rc0 (linux64 - "Red Hat Enterprise Linux 9.6 (Plow)")

CPU model: Intel(R) Xeon(R) Platinum 8352Y CPU @ 2.20GHz, instruction set [SSE2|AVX|AVX2|AVX512]
Thread count: 64 physical cores, 64 logical processors, using up to 32 threads

Optimize a model with 927 rows, 8559 columns and 8343 nonzeros
Model fingerprint: 0x47a3e6ee
Model has 8559 quadratic objective terms
Variable types: 0 continuous, 8559 integer (0 binary)
Coefficient statistics:
  Matrix range     [1e+00, 1e+00]
  Objective range  [3e-14, 7e+01]
  QObjective range [4e-02, 1e+02]
  Bounds range     [1e+00, 2e+01]
  RHS range        [1e+00, 2e+01]

Loaded user MIP start with objective 4476.02

Presolve removed 926 rows and 8550 columns
Presolve time: 3.51s
Presolved: 1 rows, 9 columns, 9 nonzeros
Presolved model has 9 quadratic objective terms
Found heuristic solution: objective 4475.8666114
Variable types: 0 continuous, 9 integer (0 binary)

Explored 0 nodes (0 simplex iterations) in 3.51 seconds (0.09 work units)
Thread count was 32 (of 64 available processors)

Solution count 2: 4475.87 4476.02 

Optimal solution found (tolerance 5.00e-02)
Best objective 4.475866611414e+03, best bound 4.475866611414e+03, gap 0.0000%
Set parameter TimeLimit to value 600
Set parameter MIPGap to value 0.05
Gurobi Optimizer version 11.0.2 build v11.0.2rc0 (linux64 - "Red Hat Enterprise Linux 9.6 (Plow)")

CPU model: Intel(R) Xeon(R) Platinum 8352Y CPU @ 2.20GHz, instruction set [SSE2|AVX|AVX2|AVX512]
Thread count: 64 physical cores, 64 logical processors, using up to 32 threads

Optimize a model with 927 rows, 8559 columns and 8343 nonzeros
Model fingerprint: 0xc9f26360
Model has 8559 quadratic objective terms
Variable types: 0 continuous, 8559 integer (0 binary)
Coefficient statistics:
  Matrix range     [1e+00, 1e+00]
  Objective range  [3e-14, 7e+01]
  QObjective range [4e-02, 1e+02]
  Bounds range     [1e+00, 2e+01]
  RHS range        [1e+00, 2e+01]

Loaded user MIP start with objective 4465.67

Presolve removed 926 rows and 8550 columns
Presolve time: 3.28s
Presolved: 1 rows, 9 columns, 9 nonzeros
Presolved model has 9 quadratic objective terms
Found heuristic solution: objective 4465.5543060
Variable types: 0 continuous, 9 integer (0 binary)

Explored 0 nodes (0 simplex iterations) in 3.28 seconds (0.09 work units)
Thread count was 32 (of 64 available processors)

Solution count 2: 4465.55 4465.67 

Optimal solution found (tolerance 5.00e-02)
Best objective 4.465554305968e+03, best bound 4.465554305968e+03, gap 0.0000%
Set parameter TimeLimit to value 600
Set parameter MIPGap to value 0.05
Gurobi Optimizer version 11.0.2 build v11.0.2rc0 (linux64 - "Red Hat Enterprise Linux 9.6 (Plow)")

CPU model: Intel(R) Xeon(R) Platinum 8352Y CPU @ 2.20GHz, instruction set [SSE2|AVX|AVX2|AVX512]
Thread count: 64 physical cores, 64 logical processors, using up to 32 threads

Optimize a model with 927 rows, 8559 columns and 8343 nonzeros
Model fingerprint: 0x1f079273
Model has 8559 quadratic objective terms
Variable types: 0 continuous, 8559 integer (0 binary)
Coefficient statistics:
  Matrix range     [1e+00, 1e+00]
  Objective range  [3e-14, 7e+01]
  QObjective range [4e-02, 1e+02]
  Bounds range     [1e+00, 2e+01]
  RHS range        [1e+00, 2e+01]

Loaded user MIP start with objective 4456.63

Presolve removed 926 rows and 8550 columns
Presolve time: 4.14s
Presolved: 1 rows, 9 columns, 9 nonzeros
Presolved model has 9 quadratic objective terms
Found heuristic solution: objective 4456.6103942
Variable types: 0 continuous, 9 integer (0 binary)

Explored 0 nodes (0 simplex iterations) in 4.15 seconds (0.09 work units)
Thread count was 32 (of 64 available processors)

Solution count 2: 4456.61 4456.63 

Optimal solution found (tolerance 5.00e-02)
Best objective 4.456610394214e+03, best bound 4.456610394214e+03, gap 0.0000%
Set parameter TimeLimit to value 600
Set parameter MIPGap to value 0.05
Gurobi Optimizer version 11.0.2 build v11.0.2rc0 (linux64 - "Red Hat Enterprise Linux 9.6 (Plow)")

CPU model: Intel(R) Xeon(R) Platinum 8352Y CPU @ 2.20GHz, instruction set [SSE2|AVX|AVX2|AVX512]
Thread count: 64 physical cores, 64 logical processors, using up to 32 threads

Optimize a model with 927 rows, 8559 columns and 8343 nonzeros
Model fingerprint: 0x0597c135
Model has 8559 quadratic objective terms
Variable types: 0 continuous, 8559 integer (0 binary)
Coefficient statistics:
  Matrix range     [1e+00, 1e+00]
  Objective range  [3e-14, 7e+01]
  QObjective range [4e-02, 1e+02]
  Bounds range     [1e+00, 2e+01]
  RHS range        [1e+00, 2e+01]

Loaded user MIP start with objective 4452.29

Presolve removed 926 rows and 8550 columns
Presolve time: 3.21s
Presolved: 1 rows, 9 columns, 9 nonzeros
Presolved model has 9 quadratic objective terms
Found heuristic solution: objective 4452.2922868
Variable types: 0 continuous, 9 integer (0 binary)

Explored 0 nodes (0 simplex iterations) in 3.21 seconds (0.08 work units)
Thread count was 32 (of 64 available processors)

Solution count 2: 4452.29 4452.29 

Optimal solution found (tolerance 5.00e-02)
Best objective 4.452292286824e+03, best bound 4.452292286824e+03, gap 0.0000%
Parquet file for pass 1 loaded successfully.
Spot and CellType successfully split (using ::: delimiter).

Spot name formats:
AnnData spot names format: Index(['spot_1', 'spot_2', 'spot_3', 'spot_4', 'spot_5'], dtype='object')
Parquet spot names format: ['spot_1' 'spot_2' 'spot_3' 'spot_4' 'spot_5']
Added layer: Cancer_Epithelial_genes_pass1 (Shape: (951, 29733))
Added layer: Plasmablasts_genes_pass1 (Shape: (951, 29733))
Added layer: B-cells_genes_pass1 (Shape: (951, 29733))
Added layer: Normal_Epithelial_genes_pass1 (Shape: (951, 29733))
Added layer: Myeloid_genes_pass1 (Shape: (951, 29733))
Added layer: CAFs_genes_pass1 (Shape: (951, 29733))
Added layer: T-cells_genes_pass1 (Shape: (951, 29733))
Added layer: Endothelial_genes_pass1 (Shape: (951, 29733))
Added layer: PVL_genes_pass1 (Shape: (951, 29733))
RMSE, NRMSE, and MAE per cell type:
	Myeloid: RMSE: 0.1631, NRMSE: 0.0231, MAE: 0.0155
	T-cells: RMSE: 0.1740, NRMSE: 0.0250, MAE: 0.0161
	CAFs: RMSE: 0.2779, NRMSE: 0.0404, MAE: 0.0462
	Plasmablasts: RMSE: 0.0666, NRMSE: 0.0080, MAE: 0.0018
	PVL: RMSE: 0.0698, NRMSE: 0.0100, MAE: 0.0019
	Cancer Epithelial: RMSE: 0.3175, NRMSE: 0.0378, MAE: 0.0589
	Normal Epithelial: RMSE: 0.0778, NRMSE: 0.0126, MAE: 0.0028
	B-cells: RMSE: 0.1281, NRMSE: 0.0177, MAE: 0.0080
	Endothelial: RMSE: 0.0750, NRMSE: 0.0109, MAE: 0.0022

Overall RMSE statistics:
	Average RMSE: 0.1500
	Median RMSE:  0.1281

Overall NRMSE statistics:
	Average NRMSE: 0.0206
	Median NRMSE:  0.0177

Overall MAE statistics:
	Average MAE: 0.0171
	Median MAE:  0.0080
Per-cell type metrics saved to per_celltype_metrics.csv

=== RESULTS ===
Nuclei count correlation: 0.986
Proportion correlation: 0.126
