CitegeistModel initialized successfully.
Antibody capture data preprocessing completed: Winsorized, CLR applied, no NaNs detected.
Set parameter LicenseID to value 276015
Set parameter GURO_PAR_SPECIAL
Set parameter TokenServer to value "license.crc.pitt.edu"
Set parameter TimeLimit to value 600
Set parameter MIPGap to value 0.05
Gurobi Optimizer version 11.0.2 build v11.0.2rc0 (linux64 - "Red Hat Enterprise Linux 9.6 (Plow)")

CPU model: AMD EPYC 9575F 64-Core Processor, instruction set [SSE2|AVX|AVX2|AVX512]
Thread count: 128 physical cores, 128 logical processors, using up to 32 threads

Optimize a model with 931 rows, 8568 columns and 8379 nonzeros
Model fingerprint: 0x3fd6214b
Model has 8568 quadratic objective terms
Variable types: 0 continuous, 8568 integer (0 binary)
Coefficient statistics:
  Matrix range     [1e+00, 1e+00]
  Objective range  [1e-08, 4e+00]
  QObjective range [4e+00, 4e+00]
  Bounds range     [1e+00, 2e+01]
  RHS range        [1e+00, 2e+01]

Loaded user MIP start with objective 8403.73

Presolve removed 644 rows and 5985 columns (presolve time = 6s) ...
Presolve removed 644 rows and 5985 columns
Presolve time: 6.40s
Presolved: 287 rows, 2583 columns, 2583 nonzeros
Presolved model has 2583 quadratic objective terms
Found heuristic solution: objective 8047.5262526
Variable types: 0 continuous, 2583 integer (0 binary)
Found heuristic solution: objective 7837.0024801

Root simplex log...

Iteration    Objective       Primal Inf.    Dual Inf.      Time
       0    5.3715287e+03   0.000000e+00   0.000000e+00      6s
     288    6.9844679e+03   0.000000e+00   0.000000e+00      6s

Root relaxation: objective 6.984468e+03, 288 iterations, 0.00 seconds (0.00 work units)

    Nodes    |    Current Node    |     Objective Bounds      |     Work
 Expl Unexpl |  Obj  Depth IntInf | Incumbent    BestBd   Gap | It/Node Time

     0     0 6984.46788    0 2583 7837.00248 6984.46788  10.9%     -    6s
H    0     0                    7825.1924592 6984.46788  10.7%     -    6s
H    0     0                    7824.1793975 6984.46788  10.7%     -    6s
     0     0 6985.02808    0 2583 7824.17940 6985.02808  10.7%     -    6s
     0     2 6985.02808    0 2583 7824.17940 6985.02808  10.7%     -    6s
   255   299 6994.64882   12 2571 7824.17940 6985.59839  10.7%   2.1   10s
 13125 13908 7028.02554  357 2214 7824.17940 6985.59839  10.7%   2.1   15s

Explored 14691 nodes (31335 simplex iterations) in 18.83 seconds (2.79 work units)
Thread count was 32 (of 128 available processors)

Solution count 7: 7824.18 7824.18 7825.19 ... 8403.73

Optimal solution found (tolerance 5.00e-02)
Best objective 7.824179396955e+03, best bound 7.818673009788e+03, gap 0.0704%
Set parameter TimeLimit to value 600
Set parameter MIPGap to value 0.05
Gurobi Optimizer version 11.0.2 build v11.0.2rc0 (linux64 - "Red Hat Enterprise Linux 9.6 (Plow)")

CPU model: AMD EPYC 9575F 64-Core Processor, instruction set [SSE2|AVX|AVX2|AVX512]
Thread count: 128 physical cores, 128 logical processors, using up to 32 threads

Optimize a model with 931 rows, 8568 columns and 8379 nonzeros
Model fingerprint: 0x277b6c47
Model has 8568 quadratic objective terms
Variable types: 0 continuous, 8568 integer (0 binary)
Coefficient statistics:
  Matrix range     [1e+00, 1e+00]
  Objective range  [2e-09, 9e-01]
  QObjective range [4e-02, 2e-01]
  Bounds range     [1e+00, 2e+01]
  RHS range        [1e+00, 2e+01]

Loaded user MIP start with objective 180.777

Presolve removed 930 rows and 8559 columns
Presolve time: 3.54s
Presolved: 1 rows, 9 columns, 9 nonzeros
Presolved model has 9 quadratic objective terms
Found heuristic solution: objective 78.2582420
Variable types: 0 continuous, 9 integer (0 binary)

Explored 0 nodes (0 simplex iterations) in 3.54 seconds (0.13 work units)
Thread count was 32 (of 128 available processors)

Solution count 2: 78.2582 180.777 

Optimal solution found (tolerance 5.00e-02)
Best objective 7.825824197929e+01, best bound 7.818067686016e+01, gap 0.0991%
Set parameter TimeLimit to value 600
Set parameter MIPGap to value 0.05
Gurobi Optimizer version 11.0.2 build v11.0.2rc0 (linux64 - "Red Hat Enterprise Linux 9.6 (Plow)")

CPU model: AMD EPYC 9575F 64-Core Processor, instruction set [SSE2|AVX|AVX2|AVX512]
Thread count: 128 physical cores, 128 logical processors, using up to 32 threads

Optimize a model with 931 rows, 8568 columns and 8379 nonzeros
Model fingerprint: 0xd5ebcc76
Model has 8568 quadratic objective terms
Variable types: 0 continuous, 8568 integer (0 binary)
Coefficient statistics:
  Matrix range     [1e+00, 1e+00]
  Objective range  [2e-09, 8e-01]
  QObjective range [4e-02, 2e-01]
  Bounds range     [1e+00, 2e+01]
  RHS range        [1e+00, 2e+01]

Loaded user MIP start with objective 76.8636

Presolve removed 930 rows and 8559 columns
Presolve time: 3.32s
Presolved: 1 rows, 9 columns, 9 nonzeros
Presolved model has 9 quadratic objective terms
Found heuristic solution: objective 75.7533402
Variable types: 0 continuous, 9 integer (0 binary)

Explored 0 nodes (0 simplex iterations) in 3.32 seconds (0.12 work units)
Thread count was 32 (of 128 available processors)

Solution count 2: 75.7533 76.8636 

Optimal solution found (tolerance 5.00e-02)
Best objective 7.575334016036e+01, best bound 7.567418067736e+01, gap 0.1045%
Set parameter TimeLimit to value 600
Set parameter MIPGap to value 0.05
Gurobi Optimizer version 11.0.2 build v11.0.2rc0 (linux64 - "Red Hat Enterprise Linux 9.6 (Plow)")

CPU model: AMD EPYC 9575F 64-Core Processor, instruction set [SSE2|AVX|AVX2|AVX512]
Thread count: 128 physical cores, 128 logical processors, using up to 32 threads

Optimize a model with 931 rows, 8568 columns and 8379 nonzeros
Model fingerprint: 0x411e7d15
Model has 8568 quadratic objective terms
Variable types: 0 continuous, 8568 integer (0 binary)
Coefficient statistics:
  Matrix range     [1e+00, 1e+00]
  Objective range  [2e-09, 8e-01]
  QObjective range [4e-02, 2e-01]
  Bounds range     [1e+00, 2e+01]
  RHS range        [1e+00, 2e+01]

Loaded user MIP start with objective 74.9318

Presolve removed 930 rows and 8559 columns
Presolve time: 3.13s
Presolved: 1 rows, 9 columns, 9 nonzeros
Presolved model has 9 quadratic objective terms
Found heuristic solution: objective 74.1532128
Variable types: 0 continuous, 9 integer (0 binary)

Explored 0 nodes (0 simplex iterations) in 3.13 seconds (0.12 work units)
Thread count was 32 (of 128 available processors)

Solution count 2: 74.1532 74.9318 

Optimal solution found (tolerance 5.00e-02)
Best objective 7.415321283659e+01, best bound 7.407374719485e+01, gap 0.1072%
Set parameter TimeLimit to value 600
Set parameter MIPGap to value 0.05
Gurobi Optimizer version 11.0.2 build v11.0.2rc0 (linux64 - "Red Hat Enterprise Linux 9.6 (Plow)")

CPU model: AMD EPYC 9575F 64-Core Processor, instruction set [SSE2|AVX|AVX2|AVX512]
Thread count: 128 physical cores, 128 logical processors, using up to 32 threads

Optimize a model with 931 rows, 8568 columns and 8379 nonzeros
Model fingerprint: 0xf17dc396
Model has 8568 quadratic objective terms
Variable types: 0 continuous, 8568 integer (0 binary)
Coefficient statistics:
  Matrix range     [1e+00, 1e+00]
  Objective range  [2e-09, 7e-01]
  QObjective range [4e-02, 1e-01]
  Bounds range     [1e+00, 2e+01]
  RHS range        [1e+00, 2e+01]

Loaded user MIP start with objective 73.4587

Presolve removed 930 rows and 8559 columns
Presolve time: 3.34s
Presolved: 1 rows, 9 columns, 9 nonzeros
Presolved model has 9 quadratic objective terms
Found heuristic solution: objective 72.9797250
Variable types: 0 continuous, 9 integer (0 binary)

Explored 0 nodes (0 simplex iterations) in 3.34 seconds (0.12 work units)
Thread count was 32 (of 128 available processors)

Solution count 2: 72.9797 73.4587 

Optimal solution found (tolerance 5.00e-02)
Best objective 7.297972498189e+01, best bound 7.289869648370e+01, gap 0.1110%
Set parameter TimeLimit to value 600
Set parameter MIPGap to value 0.05
Gurobi Optimizer version 11.0.2 build v11.0.2rc0 (linux64 - "Red Hat Enterprise Linux 9.6 (Plow)")

CPU model: AMD EPYC 9575F 64-Core Processor, instruction set [SSE2|AVX|AVX2|AVX512]
Thread count: 128 physical cores, 128 logical processors, using up to 32 threads

Optimize a model with 931 rows, 8568 columns and 8379 nonzeros
Model fingerprint: 0xc78c3740
Model has 8568 quadratic objective terms
Variable types: 0 continuous, 8568 integer (0 binary)
Coefficient statistics:
  Matrix range     [1e+00, 1e+00]
  Objective range  [2e-09, 7e-01]
  QObjective range [4e-02, 1e-01]
  Bounds range     [1e+00, 2e+01]
  RHS range        [1e+00, 2e+01]

Loaded user MIP start with objective 72.5491

Presolve removed 930 rows and 8559 columns
Presolve time: 3.26s
Presolved: 1 rows, 9 columns, 9 nonzeros
Presolved model has 9 quadratic objective terms
Found heuristic solution: objective 72.1834154
Variable types: 0 continuous, 9 integer (0 binary)

Explored 0 nodes (0 simplex iterations) in 3.26 seconds (0.11 work units)
Thread count was 32 (of 128 available processors)

Solution count 2: 72.1834 72.5491 

Optimal solution found (tolerance 5.00e-02)
Best objective 7.218341542334e+01, best bound 7.210034029519e+01, gap 0.1151%
Set parameter TimeLimit to value 600
Set parameter MIPGap to value 0.05
Gurobi Optimizer version 11.0.2 build v11.0.2rc0 (linux64 - "Red Hat Enterprise Linux 9.6 (Plow)")

CPU model: AMD EPYC 9575F 64-Core Processor, instruction set [SSE2|AVX|AVX2|AVX512]
Thread count: 128 physical cores, 128 logical processors, using up to 32 threads

Optimize a model with 931 rows, 8568 columns and 8379 nonzeros
Model fingerprint: 0xfc30bfd3
Model has 8568 quadratic objective terms
Variable types: 0 continuous, 8568 integer (0 binary)
Coefficient statistics:
  Matrix range     [1e+00, 1e+00]
  Objective range  [2e-09, 7e-01]
  QObjective range [4e-02, 1e-01]
  Bounds range     [1e+00, 2e+01]
  RHS range        [1e+00, 2e+01]

Loaded user MIP start with objective 71.7723

Presolve removed 930 rows and 8559 columns
Presolve time: 2.81s
Presolved: 1 rows, 9 columns, 9 nonzeros
Presolved model has 9 quadratic objective terms
Found heuristic solution: objective 71.4819407
Variable types: 0 continuous, 9 integer (0 binary)

Explored 0 nodes (0 simplex iterations) in 2.81 seconds (0.11 work units)
Thread count was 32 (of 128 available processors)

Solution count 2: 71.4819 71.7723 

Optimal solution found (tolerance 5.00e-02)
Best objective 7.148194074665e+01, best bound 7.139862389464e+01, gap 0.1166%
Set parameter TimeLimit to value 600
Set parameter MIPGap to value 0.05
Gurobi Optimizer version 11.0.2 build v11.0.2rc0 (linux64 - "Red Hat Enterprise Linux 9.6 (Plow)")

CPU model: AMD EPYC 9575F 64-Core Processor, instruction set [SSE2|AVX|AVX2|AVX512]
Thread count: 128 physical cores, 128 logical processors, using up to 32 threads

Optimize a model with 931 rows, 8568 columns and 8379 nonzeros
Model fingerprint: 0x12d57178
Model has 8568 quadratic objective terms
Variable types: 0 continuous, 8568 integer (0 binary)
Coefficient statistics:
  Matrix range     [1e+00, 1e+00]
  Objective range  [2e-09, 7e-01]
  QObjective range [4e-02, 1e-01]
  Bounds range     [1e+00, 2e+01]
  RHS range        [1e+00, 2e+01]

Loaded user MIP start with objective 71.3802

Presolve removed 930 rows and 8559 columns
Presolve time: 3.20s
Presolved: 1 rows, 9 columns, 9 nonzeros
Presolved model has 9 quadratic objective terms
Found heuristic solution: objective 71.1343129
Variable types: 0 continuous, 9 integer (0 binary)

Explored 0 nodes (0 simplex iterations) in 3.20 seconds (0.11 work units)
Thread count was 32 (of 128 available processors)

Solution count 2: 71.1343 71.3802 

Optimal solution found (tolerance 5.00e-02)
Best objective 7.113431291826e+01, best bound 7.105204274923e+01, gap 0.1157%
Set parameter TimeLimit to value 600
Set parameter MIPGap to value 0.05
Gurobi Optimizer version 11.0.2 build v11.0.2rc0 (linux64 - "Red Hat Enterprise Linux 9.6 (Plow)")

CPU model: AMD EPYC 9575F 64-Core Processor, instruction set [SSE2|AVX|AVX2|AVX512]
Thread count: 128 physical cores, 128 logical processors, using up to 32 threads

Optimize a model with 931 rows, 8568 columns and 8379 nonzeros
Model fingerprint: 0x7adbec81
Model has 8568 quadratic objective terms
Variable types: 0 continuous, 8568 integer (0 binary)
Coefficient statistics:
  Matrix range     [1e+00, 1e+00]
  Objective range  [2e-09, 6e-01]
  QObjective range [4e-02, 1e-01]
  Bounds range     [1e+00, 2e+01]
  RHS range        [1e+00, 2e+01]

Loaded user MIP start with objective 70.8702

Presolve removed 930 rows and 8559 columns
Presolve time: 3.01s
Presolved: 1 rows, 9 columns, 9 nonzeros
Presolved model has 9 quadratic objective terms
Found heuristic solution: objective 70.6850049
Variable types: 0 continuous, 9 integer (0 binary)

Explored 0 nodes (0 simplex iterations) in 3.01 seconds (0.11 work units)
Thread count was 32 (of 128 available processors)

Solution count 2: 70.685 70.8702 

Optimal solution found (tolerance 5.00e-02)
Best objective 7.068500491715e+01, best bound 7.060481922261e+01, gap 0.1134%
Set parameter TimeLimit to value 600
Set parameter MIPGap to value 0.05
Gurobi Optimizer version 11.0.2 build v11.0.2rc0 (linux64 - "Red Hat Enterprise Linux 9.6 (Plow)")

CPU model: AMD EPYC 9575F 64-Core Processor, instruction set [SSE2|AVX|AVX2|AVX512]
Thread count: 128 physical cores, 128 logical processors, using up to 32 threads

Optimize a model with 931 rows, 8568 columns and 8379 nonzeros
Model fingerprint: 0x345258bf
Model has 8568 quadratic objective terms
Variable types: 0 continuous, 8568 integer (0 binary)
Coefficient statistics:
  Matrix range     [1e+00, 1e+00]
  Objective range  [2e-09, 6e-01]
  QObjective range [4e-02, 1e-01]
  Bounds range     [1e+00, 2e+01]
  RHS range        [1e+00, 2e+01]

Loaded user MIP start with objective 70.5722

Presolve removed 930 rows and 8559 columns
Presolve time: 2.74s
Presolved: 1 rows, 9 columns, 9 nonzeros
Presolved model has 9 quadratic objective terms
Found heuristic solution: objective 70.4703571
Variable types: 0 continuous, 9 integer (0 binary)

Explored 0 nodes (0 simplex iterations) in 2.74 seconds (0.11 work units)
Thread count was 32 (of 128 available processors)

Solution count 2: 70.4704 70.5722 

Optimal solution found (tolerance 5.00e-02)
Best objective 7.047035713512e+01, best bound 7.039109860440e+01, gap 0.1125%
Parquet file for pass 1 loaded successfully.
Spot and CellType successfully split (using ::: delimiter).

Spot name formats:
AnnData spot names format: Index(['spot_1', 'spot_2', 'spot_3', 'spot_4', 'spot_5'], dtype='object')
Parquet spot names format: ['spot_1' 'spot_2' 'spot_3' 'spot_4' 'spot_5']
Added layer: Myeloid_genes_pass1 (Shape: (952, 29733))
Added layer: Plasmablasts_genes_pass1 (Shape: (952, 29733))
Added layer: CAFs_genes_pass1 (Shape: (952, 29733))
Added layer: Normal_Epithelial_genes_pass1 (Shape: (952, 29733))
Added layer: T-cells_genes_pass1 (Shape: (952, 29733))
Added layer: PVL_genes_pass1 (Shape: (952, 29733))
Added layer: Cancer_Epithelial_genes_pass1 (Shape: (952, 29733))
Added layer: B-cells_genes_pass1 (Shape: (952, 29733))
Added layer: Endothelial_genes_pass1 (Shape: (952, 29733))
RMSE, NRMSE, and MAE per cell type:
	Endothelial: RMSE: 0.0789, NRMSE: 0.0117, MAE: 0.0026
	T-cells: RMSE: 0.1711, NRMSE: 0.0243, MAE: 0.0157
	Plasmablasts: RMSE: 0.0659, NRMSE: 0.0075, MAE: 0.0018
	Normal Epithelial: RMSE: 0.0778, NRMSE: 0.0114, MAE: 0.0029
	Myeloid: RMSE: 0.1647, NRMSE: 0.0234, MAE: 0.0157
	Cancer Epithelial: RMSE: 0.3150, NRMSE: 0.0373, MAE: 0.0588
	PVL: RMSE: 0.0754, NRMSE: 0.0111, MAE: 0.0024
	B-cells: RMSE: 0.1229, NRMSE: 0.0171, MAE: 0.0074
	CAFs: RMSE: 0.2793, NRMSE: 0.0393, MAE: 0.0466

Overall RMSE statistics:
	Average RMSE: 0.1501
	Median RMSE:  0.1229

Overall NRMSE statistics:
	Average NRMSE: 0.0203
	Median NRMSE:  0.0171

Overall MAE statistics:
	Average MAE: 0.0171
	Median MAE:  0.0074
Per-cell type metrics saved to per_celltype_metrics.csv

=== RESULTS ===
Nuclei count correlation: 0.987
Proportion correlation: 0.696
