CitegeistModel initialized successfully.
Antibody capture data preprocessing completed: Winsorized, CLR applied, no NaNs detected.
Set parameter LicenseID to value 276015
Set parameter GURO_PAR_SPECIAL
Set parameter TokenServer to value "license.crc.pitt.edu"
Set parameter TimeLimit to value 600
Set parameter MIPGap to value 0.05
Gurobi Optimizer version 11.0.2 build v11.0.2rc0 (linux64 - "Red Hat Enterprise Linux 9.6 (Plow)")

CPU model: Intel(R) Xeon(R) Platinum 8352Y CPU @ 2.20GHz, instruction set [SSE2|AVX|AVX2|AVX512]
Thread count: 64 physical cores, 64 logical processors, using up to 32 threads

Optimize a model with 1854 rows, 8559 columns and 16686 nonzeros
Model fingerprint: 0xe37d3b58
Model has 8559 quadratic objective terms
Variable types: 0 continuous, 8559 integer (0 binary)
Coefficient statistics:
  Matrix range     [1e+00, 1e+00]
  Objective range  [2e-07, 4e+00]
  QObjective range [4e+00, 4e+00]
  Bounds range     [1e+00, 2e+01]
  RHS range        [1e+00, 2e+01]

Loaded user MIP start with objective 7301.2

Presolve removed 1852 rows and 8550 columns (presolve time = 12s) ...
Presolve removed 1852 rows and 8550 columns
Presolve time: 12.12s
Presolved: 2 rows, 9 columns, 18 nonzeros
Presolved model has 9 quadratic objective terms
Found heuristic solution: objective 4459.9810647
Variable types: 0 continuous, 9 integer (0 binary)

Explored 0 nodes (0 simplex iterations) in 12.13 seconds (0.26 work units)
Thread count was 32 (of 64 available processors)

Solution count 2: 4459.98 7301.2 

Optimal solution found (tolerance 5.00e-02)
Best objective 4.459981064657e+03, best bound 4.449647732342e+03, gap 0.2317%
Set parameter TimeLimit to value 600
Set parameter MIPGap to value 0.05
Gurobi Optimizer version 11.0.2 build v11.0.2rc0 (linux64 - "Red Hat Enterprise Linux 9.6 (Plow)")

CPU model: Intel(R) Xeon(R) Platinum 8352Y CPU @ 2.20GHz, instruction set [SSE2|AVX|AVX2|AVX512]
Thread count: 64 physical cores, 64 logical processors, using up to 32 threads

Optimize a model with 1854 rows, 8559 columns and 16686 nonzeros
Model fingerprint: 0x3ce12f73
Model has 8559 quadratic objective terms
Variable types: 0 continuous, 8559 integer (0 binary)
Coefficient statistics:
  Matrix range     [1e+00, 1e+00]
  Objective range  [2e-08, 3e+00]
  QObjective range [4e-02, 2e+00]
  Bounds range     [1e+00, 2e+01]
  RHS range        [1e+00, 2e+01]

Loaded user MIP start with objective 804.586

Presolve removed 1852 rows and 8550 columns (presolve time = 5s) ...
Presolve removed 1852 rows and 8550 columns
Presolve time: 5.37s
Presolved: 2 rows, 9 columns, 18 nonzeros
Presolved model has 9 quadratic objective terms
Found heuristic solution: objective 427.5698232
Variable types: 0 continuous, 9 integer (0 binary)

Explored 0 nodes (0 simplex iterations) in 5.37 seconds (0.10 work units)
Thread count was 32 (of 64 available processors)

Solution count 2: 427.57 804.586 

Optimal solution found (tolerance 5.00e-02)
Best objective 4.275698232366e+02, best bound 4.244034234477e+02, gap 0.7406%
Set parameter TimeLimit to value 600
Set parameter MIPGap to value 0.05
Gurobi Optimizer version 11.0.2 build v11.0.2rc0 (linux64 - "Red Hat Enterprise Linux 9.6 (Plow)")

CPU model: Intel(R) Xeon(R) Platinum 8352Y CPU @ 2.20GHz, instruction set [SSE2|AVX|AVX2|AVX512]
Thread count: 64 physical cores, 64 logical processors, using up to 32 threads

Optimize a model with 1854 rows, 8559 columns and 16686 nonzeros
Model fingerprint: 0xa1a09350
Model has 8559 quadratic objective terms
Variable types: 0 continuous, 8559 integer (0 binary)
Coefficient statistics:
  Matrix range     [1e+00, 1e+00]
  Objective range  [2e-08, 2e+00]
  QObjective range [4e-02, 1e+00]
  Bounds range     [1e+00, 2e+01]
  RHS range        [1e+00, 2e+01]

Loaded user MIP start with objective 424.232

Presolve removed 1852 rows and 8550 columns
Presolve time: 4.50s
Presolved: 2 rows, 9 columns, 18 nonzeros
Presolved model has 9 quadratic objective terms
Found heuristic solution: objective 375.7281894
Variable types: 0 continuous, 9 integer (0 binary)

Explored 0 nodes (0 simplex iterations) in 4.51 seconds (0.09 work units)
Thread count was 32 (of 64 available processors)

Solution count 2: 375.728 424.232 

Optimal solution found (tolerance 5.00e-02)
Best objective 3.757281893972e+02, best bound 3.724487166128e+02, gap 0.8728%
Set parameter TimeLimit to value 600
Set parameter MIPGap to value 0.05
Gurobi Optimizer version 11.0.2 build v11.0.2rc0 (linux64 - "Red Hat Enterprise Linux 9.6 (Plow)")

CPU model: Intel(R) Xeon(R) Platinum 8352Y CPU @ 2.20GHz, instruction set [SSE2|AVX|AVX2|AVX512]
Thread count: 64 physical cores, 64 logical processors, using up to 32 threads

Optimize a model with 1854 rows, 8559 columns and 16686 nonzeros
Model fingerprint: 0x03324a1e
Model has 8559 quadratic objective terms
Variable types: 0 continuous, 8559 integer (0 binary)
Coefficient statistics:
  Matrix range     [1e+00, 1e+00]
  Objective range  [2e-08, 2e+00]
  QObjective range [4e-02, 1e+00]
  Bounds range     [1e+00, 2e+01]
  RHS range        [1e+00, 2e+01]

Loaded user MIP start with objective 413.986

Presolve removed 1852 rows and 8550 columns
Presolve time: 4.64s
Presolved: 2 rows, 9 columns, 18 nonzeros
Presolved model has 9 quadratic objective terms
Found heuristic solution: objective 373.3779445
Variable types: 0 continuous, 9 integer (0 binary)

Explored 0 nodes (0 simplex iterations) in 4.65 seconds (0.08 work units)
Thread count was 32 (of 64 available processors)

Solution count 2: 373.378 413.986 

Optimal solution found (tolerance 5.00e-02)
Best objective 3.733779445114e+02, best bound 3.701988071520e+02, gap 0.8515%
Set parameter TimeLimit to value 600
Set parameter MIPGap to value 0.05
Gurobi Optimizer version 11.0.2 build v11.0.2rc0 (linux64 - "Red Hat Enterprise Linux 9.6 (Plow)")

CPU model: Intel(R) Xeon(R) Platinum 8352Y CPU @ 2.20GHz, instruction set [SSE2|AVX|AVX2|AVX512]
Thread count: 64 physical cores, 64 logical processors, using up to 32 threads

Optimize a model with 1854 rows, 8559 columns and 16686 nonzeros
Model fingerprint: 0xfcfee0bd
Model has 8559 quadratic objective terms
Variable types: 0 continuous, 8559 integer (0 binary)
Coefficient statistics:
  Matrix range     [1e+00, 1e+00]
  Objective range  [2e-08, 2e+00]
  QObjective range [4e-02, 9e-01]
  Bounds range     [1e+00, 2e+01]
  RHS range        [1e+00, 2e+01]

Loaded user MIP start with objective 399.977

Presolve removed 1852 rows and 8550 columns
Presolve time: 4.44s
Presolved: 2 rows, 9 columns, 18 nonzeros
Presolved model has 9 quadratic objective terms
Found heuristic solution: objective 376.0358825
Variable types: 0 continuous, 9 integer (0 binary)

Explored 0 nodes (0 simplex iterations) in 4.45 seconds (0.08 work units)
Thread count was 32 (of 64 available processors)

Solution count 2: 376.036 399.977 

Optimal solution found (tolerance 5.00e-02)
Best objective 3.760358824930e+02, best bound 3.727673851165e+02, gap 0.8692%
Set parameter TimeLimit to value 600
Set parameter MIPGap to value 0.05
Gurobi Optimizer version 11.0.2 build v11.0.2rc0 (linux64 - "Red Hat Enterprise Linux 9.6 (Plow)")

CPU model: Intel(R) Xeon(R) Platinum 8352Y CPU @ 2.20GHz, instruction set [SSE2|AVX|AVX2|AVX512]
Thread count: 64 physical cores, 64 logical processors, using up to 32 threads

Optimize a model with 1854 rows, 8559 columns and 16686 nonzeros
Model fingerprint: 0x14d85e41
Model has 8559 quadratic objective terms
Variable types: 0 continuous, 8559 integer (0 binary)
Coefficient statistics:
  Matrix range     [1e+00, 1e+00]
  Objective range  [2e-08, 2e+00]
  QObjective range [4e-02, 8e-01]
  Bounds range     [1e+00, 2e+01]
  RHS range        [1e+00, 2e+01]

Loaded user MIP start with objective 392.703

Presolve removed 1852 rows and 8550 columns
Presolve time: 4.56s
Presolved: 2 rows, 9 columns, 18 nonzeros
Presolved model has 9 quadratic objective terms
Found heuristic solution: objective 371.7267213
Variable types: 0 continuous, 9 integer (0 binary)

Explored 0 nodes (0 simplex iterations) in 4.56 seconds (0.08 work units)
Thread count was 32 (of 64 available processors)

Solution count 2: 371.727 392.703 

Optimal solution found (tolerance 5.00e-02)
Best objective 3.717267213142e+02, best bound 3.683360498674e+02, gap 0.9121%
Set parameter TimeLimit to value 600
Set parameter MIPGap to value 0.05
Gurobi Optimizer version 11.0.2 build v11.0.2rc0 (linux64 - "Red Hat Enterprise Linux 9.6 (Plow)")

CPU model: Intel(R) Xeon(R) Platinum 8352Y CPU @ 2.20GHz, instruction set [SSE2|AVX|AVX2|AVX512]
Thread count: 64 physical cores, 64 logical processors, using up to 32 threads

Optimize a model with 1854 rows, 8559 columns and 16686 nonzeros
Model fingerprint: 0x93372487
Model has 8559 quadratic objective terms
Variable types: 0 continuous, 8559 integer (0 binary)
Coefficient statistics:
  Matrix range     [1e+00, 1e+00]
  Objective range  [2e-08, 2e+00]
  QObjective range [4e-02, 7e-01]
  Bounds range     [1e+00, 2e+01]
  RHS range        [1e+00, 2e+01]

Loaded user MIP start with objective 389.97

Presolve removed 1852 rows and 8550 columns
Presolve time: 4.87s
Presolved: 2 rows, 9 columns, 18 nonzeros
Presolved model has 9 quadratic objective terms
Found heuristic solution: objective 368.8903958
Variable types: 0 continuous, 9 integer (0 binary)

Explored 0 nodes (0 simplex iterations) in 4.87 seconds (0.08 work units)
Thread count was 32 (of 64 available processors)

Solution count 2: 368.89 389.97 

Optimal solution found (tolerance 5.00e-02)
Best objective 3.688903958409e+02, best bound 3.654375510704e+02, gap 0.9360%
Set parameter TimeLimit to value 600
Set parameter MIPGap to value 0.05
Gurobi Optimizer version 11.0.2 build v11.0.2rc0 (linux64 - "Red Hat Enterprise Linux 9.6 (Plow)")

CPU model: Intel(R) Xeon(R) Platinum 8352Y CPU @ 2.20GHz, instruction set [SSE2|AVX|AVX2|AVX512]
Thread count: 64 physical cores, 64 logical processors, using up to 32 threads

Optimize a model with 1854 rows, 8559 columns and 16686 nonzeros
Model fingerprint: 0xb99f0600
Model has 8559 quadratic objective terms
Variable types: 0 continuous, 8559 integer (0 binary)
Coefficient statistics:
  Matrix range     [1e+00, 1e+00]
  Objective range  [2e-08, 1e+00]
  QObjective range [4e-02, 8e-01]
  Bounds range     [1e+00, 2e+01]
  RHS range        [1e+00, 2e+01]

Loaded user MIP start with objective 387.959

Presolve removed 1852 rows and 8550 columns
Presolve time: 3.65s
Presolved: 2 rows, 9 columns, 18 nonzeros
Presolved model has 9 quadratic objective terms
Found heuristic solution: objective 367.6797406
Variable types: 0 continuous, 9 integer (0 binary)

Explored 0 nodes (0 simplex iterations) in 3.65 seconds (0.08 work units)
Thread count was 32 (of 64 available processors)

Solution count 2: 367.68 387.959 

Optimal solution found (tolerance 5.00e-02)
Best objective 3.676797406333e+02, best bound 3.641734781413e+02, gap 0.9536%
Set parameter TimeLimit to value 600
Set parameter MIPGap to value 0.05
Gurobi Optimizer version 11.0.2 build v11.0.2rc0 (linux64 - "Red Hat Enterprise Linux 9.6 (Plow)")

CPU model: Intel(R) Xeon(R) Platinum 8352Y CPU @ 2.20GHz, instruction set [SSE2|AVX|AVX2|AVX512]
Thread count: 64 physical cores, 64 logical processors, using up to 32 threads

Optimize a model with 1854 rows, 8559 columns and 16686 nonzeros
Model fingerprint: 0xfafa4863
Model has 8559 quadratic objective terms
Variable types: 0 continuous, 8559 integer (0 binary)
Coefficient statistics:
  Matrix range     [1e+00, 1e+00]
  Objective range  [2e-08, 1e+00]
  QObjective range [4e-02, 8e-01]
  Bounds range     [1e+00, 2e+01]
  RHS range        [1e+00, 2e+01]

Loaded user MIP start with objective 389.337

Presolve removed 1852 rows and 8550 columns
Presolve time: 3.99s
Presolved: 2 rows, 9 columns, 18 nonzeros
Presolved model has 9 quadratic objective terms
Found heuristic solution: objective 369.7092391
Variable types: 0 continuous, 9 integer (0 binary)

Explored 0 nodes (0 simplex iterations) in 3.99 seconds (0.08 work units)
Thread count was 32 (of 64 available processors)

Solution count 2: 369.709 389.337 

Optimal solution found (tolerance 5.00e-02)
Best objective 3.697092390870e+02, best bound 3.661501740358e+02, gap 0.9627%
Set parameter TimeLimit to value 600
Set parameter MIPGap to value 0.05
Gurobi Optimizer version 11.0.2 build v11.0.2rc0 (linux64 - "Red Hat Enterprise Linux 9.6 (Plow)")

CPU model: Intel(R) Xeon(R) Platinum 8352Y CPU @ 2.20GHz, instruction set [SSE2|AVX|AVX2|AVX512]
Thread count: 64 physical cores, 64 logical processors, using up to 32 threads

Optimize a model with 1854 rows, 8559 columns and 16686 nonzeros
Model fingerprint: 0xaa200575
Model has 8559 quadratic objective terms
Variable types: 0 continuous, 8559 integer (0 binary)
Coefficient statistics:
  Matrix range     [1e+00, 1e+00]
  Objective range  [2e-08, 1e+00]
  QObjective range [4e-02, 8e-01]
  Bounds range     [1e+00, 2e+01]
  RHS range        [1e+00, 2e+01]

Loaded user MIP start with objective 394.342

Presolve removed 1852 rows and 8550 columns
Presolve time: 4.96s
Presolved: 2 rows, 9 columns, 18 nonzeros
Presolved model has 9 quadratic objective terms
Found heuristic solution: objective 375.6160245
Variable types: 0 continuous, 9 integer (0 binary)

Explored 0 nodes (0 simplex iterations) in 4.96 seconds (0.07 work units)
Thread count was 32 (of 64 available processors)

Solution count 2: 375.616 394.342 

Optimal solution found (tolerance 5.00e-02)
Best objective 3.756160245128e+02, best bound 3.720154217174e+02, gap 0.9586%
Parquet file for pass 1 loaded successfully.
Spot and CellType successfully split (using ::: delimiter).

Spot name formats:
AnnData spot names format: Index(['spot_1', 'spot_2', 'spot_3', 'spot_4', 'spot_5'], dtype='object')
Parquet spot names format: ['spot_1' 'spot_2' 'spot_3' 'spot_4' 'spot_5']
Added layer: CAFs_genes_pass1 (Shape: (951, 29733))
Added layer: B-cells_genes_pass1 (Shape: (951, 29733))
Added layer: Plasmablasts_genes_pass1 (Shape: (951, 29733))
Added layer: T-cells_genes_pass1 (Shape: (951, 29733))
Added layer: Endothelial_genes_pass1 (Shape: (951, 29733))
Added layer: Cancer_Epithelial_genes_pass1 (Shape: (951, 29733))
Added layer: PVL_genes_pass1 (Shape: (951, 29733))
Added layer: Normal_Epithelial_genes_pass1 (Shape: (951, 29733))
Added layer: Myeloid_genes_pass1 (Shape: (951, 29733))
RMSE, NRMSE, and MAE per cell type:
	Myeloid: RMSE: 0.1629, NRMSE: 0.0231, MAE: 0.0155
	T-cells: RMSE: 0.1730, NRMSE: 0.0249, MAE: 0.0159
	CAFs: RMSE: 0.2776, NRMSE: 0.0404, MAE: 0.0462
	Plasmablasts: RMSE: 0.0673, NRMSE: 0.0081, MAE: 0.0019
	PVL: RMSE: 0.0706, NRMSE: 0.0101, MAE: 0.0021
	Cancer Epithelial: RMSE: 0.3177, NRMSE: 0.0379, MAE: 0.0590
	Normal Epithelial: RMSE: 0.0786, NRMSE: 0.0127, MAE: 0.0029
	B-cells: RMSE: 0.1287, NRMSE: 0.0178, MAE: 0.0080
	Endothelial: RMSE: 0.0757, NRMSE: 0.0110, MAE: 0.0024

Overall RMSE statistics:
	Average RMSE: 0.1502
	Median RMSE:  0.1287

Overall NRMSE statistics:
	Average NRMSE: 0.0206
	Median NRMSE:  0.0178

Overall MAE statistics:
	Average MAE: 0.0171
	Median MAE:  0.0080
Per-cell type metrics saved to per_celltype_metrics.csv

=== RESULTS ===
Nuclei count correlation: 0.986
Proportion correlation: 0.446
