CitegeistModel initialized successfully.
Antibody capture data preprocessing completed for discrete mode: Winsorized [5%, 95%], scale_mode=per_marker, no per-spot normalization.
Set parameter LicenseID to value 276015
Set parameter GURO_PAR_SPECIAL
Set parameter TokenServer to value "license.crc.pitt.edu"
Set parameter TimeLimit to value 600
Set parameter MIPGap to value 0.05
Gurobi Optimizer version 11.0.2 build v11.0.2rc0 (linux64 - "Red Hat Enterprise Linux 9.6 (Plow)")

CPU model: Intel(R) Xeon(R) Platinum 8352Y CPU @ 2.20GHz, instruction set [SSE2|AVX|AVX2|AVX512]
Thread count: 64 physical cores, 64 logical processors, using up to 32 threads

Optimize a model with 931 rows, 8568 columns and 8379 nonzeros
Model fingerprint: 0x896277db
Model has 8568 quadratic objective terms
Variable types: 0 continuous, 8568 integer (0 binary)
Coefficient statistics:
  Matrix range     [1e+00, 1e+00]
  Objective range  [4e-14, 6e+01]
  QObjective range [4e+00, 1e+02]
  Bounds range     [1e+00, 2e+01]
  RHS range        [1e+00, 2e+01]

Loaded user MIP start with objective 20452.9

Presolve removed 930 rows and 8559 columns (presolve time = 10s) ...
Presolve removed 930 rows and 8559 columns
Presolve time: 9.63s
Presolved: 1 rows, 9 columns, 9 nonzeros
Presolved model has 9 quadratic objective terms
Found heuristic solution: objective 12596.732719
Variable types: 0 continuous, 9 integer (0 binary)

Explored 0 nodes (0 simplex iterations) in 9.64 seconds (0.21 work units)
Thread count was 32 (of 64 available processors)

Solution count 2: 12596.7 20452.9 

Optimal solution found (tolerance 5.00e-02)
Best objective 1.259673271917e+04, best bound 1.258642787623e+04, gap 0.0818%
Set parameter TimeLimit to value 600
Set parameter MIPGap to value 0.05
Gurobi Optimizer version 11.0.2 build v11.0.2rc0 (linux64 - "Red Hat Enterprise Linux 9.6 (Plow)")

CPU model: Intel(R) Xeon(R) Platinum 8352Y CPU @ 2.20GHz, instruction set [SSE2|AVX|AVX2|AVX512]
Thread count: 64 physical cores, 64 logical processors, using up to 32 threads

Optimize a model with 931 rows, 8568 columns and 8379 nonzeros
Model fingerprint: 0xef9a699a
Model has 8568 quadratic objective terms
Variable types: 0 continuous, 8568 integer (0 binary)
Coefficient statistics:
  Matrix range     [1e+00, 1e+00]
  Objective range  [4e-14, 6e+01]
  QObjective range [2e-01, 1e+02]
  Bounds range     [1e+00, 2e+01]
  RHS range        [1e+00, 2e+01]

Loaded user MIP start with objective 6589.7

Presolve removed 930 rows and 8559 columns (presolve time = 6s) ...
Presolve removed 930 rows and 8559 columns
Presolve time: 5.96s
Presolved: 1 rows, 9 columns, 9 nonzeros
Presolved model has 9 quadratic objective terms
Found heuristic solution: objective 4742.4960906
Variable types: 0 continuous, 9 integer (0 binary)

Explored 0 nodes (0 simplex iterations) in 5.96 seconds (0.10 work units)
Thread count was 32 (of 64 available processors)

Solution count 2: 4742.5 6589.7 

Optimal solution found (tolerance 5.00e-02)
Best objective 4.742496090595e+03, best bound 4.740936043160e+03, gap 0.0329%
Set parameter TimeLimit to value 600
Set parameter MIPGap to value 0.05
Gurobi Optimizer version 11.0.2 build v11.0.2rc0 (linux64 - "Red Hat Enterprise Linux 9.6 (Plow)")

CPU model: Intel(R) Xeon(R) Platinum 8352Y CPU @ 2.20GHz, instruction set [SSE2|AVX|AVX2|AVX512]
Thread count: 64 physical cores, 64 logical processors, using up to 32 threads

Optimize a model with 931 rows, 8568 columns and 8379 nonzeros
Model fingerprint: 0xc4e66e16
Model has 8568 quadratic objective terms
Variable types: 0 continuous, 8568 integer (0 binary)
Coefficient statistics:
  Matrix range     [1e+00, 1e+00]
  Objective range  [4e-14, 6e+01]
  QObjective range [5e-02, 1e+02]
  Bounds range     [1e+00, 2e+01]
  RHS range        [1e+00, 2e+01]

Loaded user MIP start with objective 4499.06

Presolve removed 930 rows and 8559 columns (presolve time = 5s) ...
Presolve removed 930 rows and 8559 columns
Presolve time: 5.41s
Presolved: 1 rows, 9 columns, 9 nonzeros
Presolved model has 9 quadratic objective terms
Found heuristic solution: objective 4435.8265767
Variable types: 0 continuous, 9 integer (0 binary)

Explored 0 nodes (0 simplex iterations) in 5.41 seconds (0.09 work units)
Thread count was 32 (of 64 available processors)

Solution count 2: 4435.83 4499.06 

Optimal solution found (tolerance 5.00e-02)
Best objective 4.435826576707e+03, best bound 4.434654448783e+03, gap 0.0264%
Set parameter TimeLimit to value 600
Set parameter MIPGap to value 0.05
Gurobi Optimizer version 11.0.2 build v11.0.2rc0 (linux64 - "Red Hat Enterprise Linux 9.6 (Plow)")

CPU model: Intel(R) Xeon(R) Platinum 8352Y CPU @ 2.20GHz, instruction set [SSE2|AVX|AVX2|AVX512]
Thread count: 64 physical cores, 64 logical processors, using up to 32 threads

Optimize a model with 931 rows, 8568 columns and 8379 nonzeros
Model fingerprint: 0xf7b78ad5
Model has 8568 quadratic objective terms
Variable types: 0 continuous, 8568 integer (0 binary)
Coefficient statistics:
  Matrix range     [1e+00, 1e+00]
  Objective range  [4e-14, 6e+01]
  QObjective range [4e-02, 1e+02]
  Bounds range     [1e+00, 2e+01]
  RHS range        [1e+00, 2e+01]

Loaded user MIP start with objective 4402.93

Presolve removed 930 rows and 8559 columns (presolve time = 6s) ...
Presolve removed 930 rows and 8559 columns
Presolve time: 5.56s
Presolved: 1 rows, 9 columns, 9 nonzeros
Presolved model has 9 quadratic objective terms
Found heuristic solution: objective 4401.2678267
Variable types: 0 continuous, 9 integer (0 binary)

Explored 0 nodes (0 simplex iterations) in 5.56 seconds (0.08 work units)
Thread count was 32 (of 64 available processors)

Solution count 2: 4401.27 4402.93 

Optimal solution found (tolerance 5.00e-02)
Best objective 4.401267826730e+03, best bound 4.400173379739e+03, gap 0.0249%
Set parameter TimeLimit to value 600
Set parameter MIPGap to value 0.05
Gurobi Optimizer version 11.0.2 build v11.0.2rc0 (linux64 - "Red Hat Enterprise Linux 9.6 (Plow)")

CPU model: Intel(R) Xeon(R) Platinum 8352Y CPU @ 2.20GHz, instruction set [SSE2|AVX|AVX2|AVX512]
Thread count: 64 physical cores, 64 logical processors, using up to 32 threads

Optimize a model with 931 rows, 8568 columns and 8379 nonzeros
Model fingerprint: 0x1c555cde
Model has 8568 quadratic objective terms
Variable types: 0 continuous, 8568 integer (0 binary)
Coefficient statistics:
  Matrix range     [1e+00, 1e+00]
  Objective range  [4e-14, 6e+01]
  QObjective range [4e-02, 1e+02]
  Bounds range     [1e+00, 2e+01]
  RHS range        [1e+00, 2e+01]

Loaded user MIP start with objective 4338.6

Presolve removed 930 rows and 8559 columns (presolve time = 6s) ...
Presolve removed 930 rows and 8559 columns
Presolve time: 5.86s
Presolved: 1 rows, 9 columns, 9 nonzeros
Presolved model has 9 quadratic objective terms
Found heuristic solution: objective 4337.8845493
Variable types: 0 continuous, 9 integer (0 binary)

Explored 0 nodes (0 simplex iterations) in 5.86 seconds (0.08 work units)
Thread count was 32 (of 64 available processors)

Solution count 2: 4337.88 4338.6 

Optimal solution found (tolerance 5.00e-02)
Best objective 4.337884549265e+03, best bound 4.336820457109e+03, gap 0.0245%
Set parameter TimeLimit to value 600
Set parameter MIPGap to value 0.05
Gurobi Optimizer version 11.0.2 build v11.0.2rc0 (linux64 - "Red Hat Enterprise Linux 9.6 (Plow)")

CPU model: Intel(R) Xeon(R) Platinum 8352Y CPU @ 2.20GHz, instruction set [SSE2|AVX|AVX2|AVX512]
Thread count: 64 physical cores, 64 logical processors, using up to 32 threads

Optimize a model with 931 rows, 8568 columns and 8379 nonzeros
Model fingerprint: 0xdbf2a6fe
Model has 8568 quadratic objective terms
Variable types: 0 continuous, 8568 integer (0 binary)
Coefficient statistics:
  Matrix range     [1e+00, 1e+00]
  Objective range  [4e-14, 6e+01]
  QObjective range [4e-02, 1e+02]
  Bounds range     [1e+00, 2e+01]
  RHS range        [1e+00, 2e+01]

Loaded user MIP start with objective 4287.82

Presolve removed 930 rows and 8559 columns (presolve time = 6s) ...
Presolve removed 930 rows and 8559 columns
Presolve time: 5.99s
Presolved: 1 rows, 9 columns, 9 nonzeros
Presolved model has 9 quadratic objective terms
Found heuristic solution: objective 4287.6161438
Variable types: 0 continuous, 9 integer (0 binary)

Explored 0 nodes (0 simplex iterations) in 5.99 seconds (0.08 work units)
Thread count was 32 (of 64 available processors)

Solution count 2: 4287.62 4287.82 

Optimal solution found (tolerance 5.00e-02)
Best objective 4.287616143782e+03, best bound 4.286578413454e+03, gap 0.0242%
Set parameter TimeLimit to value 600
Set parameter MIPGap to value 0.05
Gurobi Optimizer version 11.0.2 build v11.0.2rc0 (linux64 - "Red Hat Enterprise Linux 9.6 (Plow)")

CPU model: Intel(R) Xeon(R) Platinum 8352Y CPU @ 2.20GHz, instruction set [SSE2|AVX|AVX2|AVX512]
Thread count: 64 physical cores, 64 logical processors, using up to 32 threads

Optimize a model with 931 rows, 8568 columns and 8379 nonzeros
Model fingerprint: 0xc299827c
Model has 8568 quadratic objective terms
Variable types: 0 continuous, 8568 integer (0 binary)
Coefficient statistics:
  Matrix range     [1e+00, 1e+00]
  Objective range  [4e-14, 6e+01]
  QObjective range [4e-02, 1e+02]
  Bounds range     [1e+00, 2e+01]
  RHS range        [1e+00, 2e+01]

Loaded user MIP start with objective 4258.38

Presolve removed 930 rows and 8559 columns (presolve time = 6s) ...
Presolve removed 930 rows and 8559 columns
Presolve time: 5.57s
Presolved: 1 rows, 9 columns, 9 nonzeros
Presolved model has 9 quadratic objective terms
Found heuristic solution: objective 4258.2048474
Variable types: 0 continuous, 9 integer (0 binary)

Explored 0 nodes (0 simplex iterations) in 5.58 seconds (0.08 work units)
Thread count was 32 (of 64 available processors)

Solution count 2: 4258.2 4258.38 

Optimal solution found (tolerance 5.00e-02)
Best objective 4.258204847363e+03, best bound 4.257182715964e+03, gap 0.0240%
Set parameter TimeLimit to value 600
Set parameter MIPGap to value 0.05
Gurobi Optimizer version 11.0.2 build v11.0.2rc0 (linux64 - "Red Hat Enterprise Linux 9.6 (Plow)")

CPU model: Intel(R) Xeon(R) Platinum 8352Y CPU @ 2.20GHz, instruction set [SSE2|AVX|AVX2|AVX512]
Thread count: 64 physical cores, 64 logical processors, using up to 32 threads

Optimize a model with 931 rows, 8568 columns and 8379 nonzeros
Model fingerprint: 0x037fb72b
Model has 8568 quadratic objective terms
Variable types: 0 continuous, 8568 integer (0 binary)
Coefficient statistics:
  Matrix range     [1e+00, 1e+00]
  Objective range  [4e-14, 6e+01]
  QObjective range [4e-02, 1e+02]
  Bounds range     [1e+00, 2e+01]
  RHS range        [1e+00, 2e+01]

Loaded user MIP start with objective 4237.51

Presolve removed 930 rows and 8559 columns
Presolve time: 4.59s
Presolved: 1 rows, 9 columns, 9 nonzeros
Presolved model has 9 quadratic objective terms
Found heuristic solution: objective 4237.4536873
Variable types: 0 continuous, 9 integer (0 binary)

Explored 0 nodes (0 simplex iterations) in 4.59 seconds (0.08 work units)
Thread count was 32 (of 64 available processors)

Solution count 2: 4237.45 4237.51 

Optimal solution found (tolerance 5.00e-02)
Best objective 4.237453687304e+03, best bound 4.236446432171e+03, gap 0.0238%
Set parameter TimeLimit to value 600
Set parameter MIPGap to value 0.05
Gurobi Optimizer version 11.0.2 build v11.0.2rc0 (linux64 - "Red Hat Enterprise Linux 9.6 (Plow)")

CPU model: Intel(R) Xeon(R) Platinum 8352Y CPU @ 2.20GHz, instruction set [SSE2|AVX|AVX2|AVX512]
Thread count: 64 physical cores, 64 logical processors, using up to 32 threads

Optimize a model with 931 rows, 8568 columns and 8379 nonzeros
Model fingerprint: 0xa2261bee
Model has 8568 quadratic objective terms
Variable types: 0 continuous, 8568 integer (0 binary)
Coefficient statistics:
  Matrix range     [1e+00, 1e+00]
  Objective range  [4e-14, 6e+01]
  QObjective range [4e-02, 1e+02]
  Bounds range     [1e+00, 2e+01]
  RHS range        [1e+00, 2e+01]

Loaded user MIP start with objective 4221.82

Presolve removed 930 rows and 8559 columns
Presolve time: 4.35s
Presolved: 1 rows, 9 columns, 9 nonzeros
Presolved model has 9 quadratic objective terms
Found heuristic solution: objective 4221.7646442
Variable types: 0 continuous, 9 integer (0 binary)

Explored 0 nodes (0 simplex iterations) in 4.35 seconds (0.08 work units)
Thread count was 32 (of 64 available processors)

Solution count 2: 4221.76 4221.82 

Optimal solution found (tolerance 5.00e-02)
Best objective 4.221764644153e+03, best bound 4.220764605009e+03, gap 0.0237%
Set parameter TimeLimit to value 600
Set parameter MIPGap to value 0.05
Gurobi Optimizer version 11.0.2 build v11.0.2rc0 (linux64 - "Red Hat Enterprise Linux 9.6 (Plow)")

CPU model: Intel(R) Xeon(R) Platinum 8352Y CPU @ 2.20GHz, instruction set [SSE2|AVX|AVX2|AVX512]
Thread count: 64 physical cores, 64 logical processors, using up to 32 threads

Optimize a model with 931 rows, 8568 columns and 8379 nonzeros
Model fingerprint: 0xa056c33d
Model has 8568 quadratic objective terms
Variable types: 0 continuous, 8568 integer (0 binary)
Coefficient statistics:
  Matrix range     [1e+00, 1e+00]
  Objective range  [4e-14, 6e+01]
  QObjective range [4e-02, 1e+02]
  Bounds range     [1e+00, 2e+01]
  RHS range        [1e+00, 2e+01]

Loaded user MIP start with objective 4216.03

Presolve removed 930 rows and 8559 columns
Presolve time: 4.97s
Presolved: 1 rows, 9 columns, 9 nonzeros
Presolved model has 9 quadratic objective terms
Variable types: 0 continuous, 9 integer (0 binary)

Explored 0 nodes (0 simplex iterations) in 4.97 seconds (0.08 work units)
Thread count was 32 (of 64 available processors)

Solution count 1: 4216.03 

Optimal solution found (tolerance 5.00e-02)
Best objective 4.216032758867e+03, best bound 4.215036699880e+03, gap 0.0236%
Parquet file for pass 1 loaded successfully.
Spot and CellType successfully split (using ::: delimiter).

Spot name formats:
AnnData spot names format: Index(['spot_1', 'spot_2', 'spot_3', 'spot_4', 'spot_5'], dtype='object')
Parquet spot names format: ['spot_1' 'spot_2' 'spot_3' 'spot_4' 'spot_5']
Added layer: Normal_Epithelial_genes_pass1 (Shape: (952, 29733))
Added layer: Endothelial_genes_pass1 (Shape: (952, 29733))
Added layer: B-cells_genes_pass1 (Shape: (952, 29733))
Added layer: PVL_genes_pass1 (Shape: (952, 29733))
Added layer: Cancer_Epithelial_genes_pass1 (Shape: (952, 29733))
Added layer: Myeloid_genes_pass1 (Shape: (952, 29733))
Added layer: T-cells_genes_pass1 (Shape: (952, 29733))
Added layer: Plasmablasts_genes_pass1 (Shape: (952, 29733))
Added layer: CAFs_genes_pass1 (Shape: (952, 29733))
RMSE, NRMSE, and MAE per cell type:
	Endothelial: RMSE: 0.0802, NRMSE: 0.0119, MAE: 0.0027
	T-cells: RMSE: 0.1717, NRMSE: 0.0244, MAE: 0.0158
	Plasmablasts: RMSE: 0.0667, NRMSE: 0.0076, MAE: 0.0018
	Normal Epithelial: RMSE: 0.0759, NRMSE: 0.0111, MAE: 0.0026
	Myeloid: RMSE: 0.1648, NRMSE: 0.0234, MAE: 0.0157
	Cancer Epithelial: RMSE: 0.3161, NRMSE: 0.0374, MAE: 0.0590
	PVL: RMSE: 0.0762, NRMSE: 0.0112, MAE: 0.0025
	B-cells: RMSE: 0.1238, NRMSE: 0.0172, MAE: 0.0075
	CAFs: RMSE: 0.2790, NRMSE: 0.0392, MAE: 0.0465

Overall RMSE statistics:
	Average RMSE: 0.1505
	Median RMSE:  0.1238

Overall NRMSE statistics:
	Average NRMSE: 0.0204
	Median NRMSE:  0.0172

Overall MAE statistics:
	Average MAE: 0.0171
	Median MAE:  0.0075
Per-cell type metrics saved to per_celltype_metrics.csv

=== RESULTS ===
Nuclei count correlation: 0.987
Proportion correlation: 0.130
