CitegeistModel initialized successfully.
Antibody capture data preprocessing completed for discrete mode: Winsorized [5%, 95%], scale_mode=per_marker, no per-spot normalization.
Set parameter LicenseID to value 276015
Set parameter GURO_PAR_SPECIAL
Set parameter TokenServer to value "license.crc.pitt.edu"
Set parameter TimeLimit to value 600
Set parameter MIPGap to value 0.05
Gurobi Optimizer version 11.0.2 build v11.0.2rc0 (linux64 - "Red Hat Enterprise Linux 9.6 (Plow)")

CPU model: Intel(R) Xeon(R) Platinum 8352Y CPU @ 2.20GHz, instruction set [SSE2|AVX|AVX2|AVX512]
Thread count: 64 physical cores, 64 logical processors, using up to 32 threads

Optimize a model with 931 rows, 8568 columns and 8379 nonzeros
Model fingerprint: 0xb7f72ac3
Model has 8568 quadratic objective terms
Variable types: 0 continuous, 8568 integer (0 binary)
Coefficient statistics:
  Matrix range     [1e+00, 1e+00]
  Objective range  [6e-02, 4e+00]
  QObjective range [4e+00, 4e+00]
  Bounds range     [1e+00, 2e+01]
  RHS range        [1e+00, 2e+01]

Loaded user MIP start with objective 7636.99

Presolve removed 919 rows and 8460 columns (presolve time = 13s) ...
Presolve removed 919 rows and 8460 columns
Presolve time: 12.69s
Presolved: 12 rows, 108 columns, 108 nonzeros
Presolved model has 108 quadratic objective terms
Found heuristic solution: objective 5538.0785003
Variable types: 0 continuous, 108 integer (0 binary)

Explored 0 nodes (0 simplex iterations) in 12.69 seconds (0.22 work units)
Thread count was 32 (of 64 available processors)

Solution count 2: 5538.08 7636.99 

Optimal solution found (tolerance 5.00e-02)
Best objective 5.538078500263e+03, best bound 5.421822623764e+03, gap 2.0992%
Set parameter TimeLimit to value 600
Set parameter MIPGap to value 0.05
Gurobi Optimizer version 11.0.2 build v11.0.2rc0 (linux64 - "Red Hat Enterprise Linux 9.6 (Plow)")

CPU model: Intel(R) Xeon(R) Platinum 8352Y CPU @ 2.20GHz, instruction set [SSE2|AVX|AVX2|AVX512]
Thread count: 64 physical cores, 64 logical processors, using up to 32 threads

Optimize a model with 931 rows, 8568 columns and 8379 nonzeros
Model fingerprint: 0x9972e1c4
Model has 8568 quadratic objective terms
Variable types: 0 continuous, 8568 integer (0 binary)
Coefficient statistics:
  Matrix range     [1e+00, 1e+00]
  Objective range  [2e-02, 2e+00]
  QObjective range [4e-01, 8e-01]
  Bounds range     [1e+00, 2e+01]
  RHS range        [1e+00, 2e+01]

Loaded user MIP start with objective 1327.77

Presolve removed 930 rows and 8559 columns (presolve time = 8s) ...
Presolve removed 930 rows and 8559 columns
Presolve time: 7.89s
Presolved: 1 rows, 9 columns, 9 nonzeros
Presolved model has 9 quadratic objective terms
Found heuristic solution: objective 992.3650069
Variable types: 0 continuous, 9 integer (0 binary)

Explored 0 nodes (0 simplex iterations) in 7.89 seconds (0.12 work units)
Thread count was 32 (of 64 available processors)

Solution count 2: 992.365 1327.77 

Optimal solution found (tolerance 5.00e-02)
Best objective 9.923650069319e+02, best bound 9.878771867892e+02, gap 0.4522%
Set parameter TimeLimit to value 600
Set parameter MIPGap to value 0.05
Gurobi Optimizer version 11.0.2 build v11.0.2rc0 (linux64 - "Red Hat Enterprise Linux 9.6 (Plow)")

CPU model: Intel(R) Xeon(R) Platinum 8352Y CPU @ 2.20GHz, instruction set [SSE2|AVX|AVX2|AVX512]
Thread count: 64 physical cores, 64 logical processors, using up to 32 threads

Optimize a model with 931 rows, 8568 columns and 8379 nonzeros
Model fingerprint: 0x2cd153a2
Model has 8568 quadratic objective terms
Variable types: 0 continuous, 8568 integer (0 binary)
Coefficient statistics:
  Matrix range     [1e+00, 1e+00]
  Objective range  [2e-02, 2e+00]
  QObjective range [3e-01, 8e-01]
  Bounds range     [1e+00, 2e+01]
  RHS range        [1e+00, 2e+01]

Loaded user MIP start with objective 984.277

Presolve removed 930 rows and 8559 columns (presolve time = 7s) ...
Presolve removed 930 rows and 8559 columns
Presolve time: 7.17s
Presolved: 1 rows, 9 columns, 9 nonzeros
Presolved model has 9 quadratic objective terms
Found heuristic solution: objective 982.3498386
Variable types: 0 continuous, 9 integer (0 binary)

Explored 0 nodes (0 simplex iterations) in 7.17 seconds (0.11 work units)
Thread count was 32 (of 64 available processors)

Solution count 2: 982.35 984.277 

Optimal solution found (tolerance 5.00e-02)
Best objective 9.823498385607e+02, best bound 9.779370439536e+02, gap 0.4492%
Set parameter TimeLimit to value 600
Set parameter MIPGap to value 0.05
Gurobi Optimizer version 11.0.2 build v11.0.2rc0 (linux64 - "Red Hat Enterprise Linux 9.6 (Plow)")

CPU model: Intel(R) Xeon(R) Platinum 8352Y CPU @ 2.20GHz, instruction set [SSE2|AVX|AVX2|AVX512]
Thread count: 64 physical cores, 64 logical processors, using up to 32 threads

Optimize a model with 931 rows, 8568 columns and 8379 nonzeros
Model fingerprint: 0xaba844c8
Model has 8568 quadratic objective terms
Variable types: 0 continuous, 8568 integer (0 binary)
Coefficient statistics:
  Matrix range     [1e+00, 1e+00]
  Objective range  [1e-03, 2e+00]
  QObjective range [3e-01, 7e-01]
  Bounds range     [1e+00, 2e+01]
  RHS range        [1e+00, 2e+01]

Loaded user MIP start with objective 979.408

Presolve removed 930 rows and 8559 columns (presolve time = 8s) ...
Presolve removed 930 rows and 8559 columns
Presolve time: 7.83s
Presolved: 1 rows, 9 columns, 9 nonzeros
Presolved model has 9 quadratic objective terms
Found heuristic solution: objective 978.9241507
Variable types: 0 continuous, 9 integer (0 binary)

Explored 0 nodes (0 simplex iterations) in 7.83 seconds (0.11 work units)
Thread count was 32 (of 64 available processors)

Solution count 2: 978.924 979.408 

Optimal solution found (tolerance 5.00e-02)
Best objective 9.789241507480e+02, best bound 9.745315440711e+02, gap 0.4487%
Set parameter TimeLimit to value 600
Set parameter MIPGap to value 0.05
Gurobi Optimizer version 11.0.2 build v11.0.2rc0 (linux64 - "Red Hat Enterprise Linux 9.6 (Plow)")

CPU model: Intel(R) Xeon(R) Platinum 8352Y CPU @ 2.20GHz, instruction set [SSE2|AVX|AVX2|AVX512]
Thread count: 64 physical cores, 64 logical processors, using up to 32 threads

Optimize a model with 931 rows, 8568 columns and 8379 nonzeros
Model fingerprint: 0xa4d8ac1d
Model has 8568 quadratic objective terms
Variable types: 0 continuous, 8568 integer (0 binary)
Coefficient statistics:
  Matrix range     [1e+00, 1e+00]
  Objective range  [2e-03, 2e+00]
  QObjective range [3e-01, 7e-01]
  Bounds range     [1e+00, 2e+01]
  RHS range        [1e+00, 2e+01]

Loaded user MIP start with objective 973.873

Presolve removed 930 rows and 8559 columns (presolve time = 8s) ...
Presolve removed 930 rows and 8559 columns
Presolve time: 7.56s
Presolved: 1 rows, 9 columns, 9 nonzeros
Presolved model has 9 quadratic objective terms
Found heuristic solution: objective 973.2957963
Variable types: 0 continuous, 9 integer (0 binary)

Explored 0 nodes (0 simplex iterations) in 7.56 seconds (0.11 work units)
Thread count was 32 (of 64 available processors)

Solution count 2: 973.296 973.873 

Optimal solution found (tolerance 5.00e-02)
Best objective 9.732957963380e+02, best bound 9.689311865114e+02, gap 0.4484%
Set parameter TimeLimit to value 600
Set parameter MIPGap to value 0.05
Gurobi Optimizer version 11.0.2 build v11.0.2rc0 (linux64 - "Red Hat Enterprise Linux 9.6 (Plow)")

CPU model: Intel(R) Xeon(R) Platinum 8352Y CPU @ 2.20GHz, instruction set [SSE2|AVX|AVX2|AVX512]
Thread count: 64 physical cores, 64 logical processors, using up to 32 threads

Optimize a model with 931 rows, 8568 columns and 8379 nonzeros
Model fingerprint: 0xcd7551bd
Model has 8568 quadratic objective terms
Variable types: 0 continuous, 8568 integer (0 binary)
Coefficient statistics:
  Matrix range     [1e+00, 1e+00]
  Objective range  [4e-03, 2e+00]
  QObjective range [3e-01, 6e-01]
  Bounds range     [1e+00, 2e+01]
  RHS range        [1e+00, 2e+01]

Loaded user MIP start with objective 967.616

Presolve removed 930 rows and 8559 columns (presolve time = 8s) ...
Presolve removed 930 rows and 8559 columns
Presolve time: 7.50s
Presolved: 1 rows, 9 columns, 9 nonzeros
Presolved model has 9 quadratic objective terms
Found heuristic solution: objective 967.0794181
Variable types: 0 continuous, 9 integer (0 binary)

Explored 0 nodes (0 simplex iterations) in 7.51 seconds (0.11 work units)
Thread count was 32 (of 64 available processors)

Solution count 2: 967.079 967.616 

Optimal solution found (tolerance 5.00e-02)
Best objective 9.670794181126e+02, best bound 9.627729333441e+02, gap 0.4453%
Set parameter TimeLimit to value 600
Set parameter MIPGap to value 0.05
Gurobi Optimizer version 11.0.2 build v11.0.2rc0 (linux64 - "Red Hat Enterprise Linux 9.6 (Plow)")

CPU model: Intel(R) Xeon(R) Platinum 8352Y CPU @ 2.20GHz, instruction set [SSE2|AVX|AVX2|AVX512]
Thread count: 64 physical cores, 64 logical processors, using up to 32 threads

Optimize a model with 931 rows, 8568 columns and 8379 nonzeros
Model fingerprint: 0x2b080269
Model has 8568 quadratic objective terms
Variable types: 0 continuous, 8568 integer (0 binary)
Coefficient statistics:
  Matrix range     [1e+00, 1e+00]
  Objective range  [9e-03, 2e+00]
  QObjective range [3e-01, 6e-01]
  Bounds range     [1e+00, 2e+01]
  RHS range        [1e+00, 2e+01]

Loaded user MIP start with objective 959.726

Presolve removed 930 rows and 8559 columns (presolve time = 7s) ...
Presolve removed 930 rows and 8559 columns
Presolve time: 7.23s
Presolved: 1 rows, 9 columns, 9 nonzeros
Presolved model has 9 quadratic objective terms
Found heuristic solution: objective 959.1183107
Variable types: 0 continuous, 9 integer (0 binary)

Explored 0 nodes (0 simplex iterations) in 7.24 seconds (0.10 work units)
Thread count was 32 (of 64 available processors)

Solution count 2: 959.118 959.726 

Optimal solution found (tolerance 5.00e-02)
Best objective 9.591183107327e+02, best bound 9.548336407949e+02, gap 0.4467%
Set parameter TimeLimit to value 600
Set parameter MIPGap to value 0.05
Gurobi Optimizer version 11.0.2 build v11.0.2rc0 (linux64 - "Red Hat Enterprise Linux 9.6 (Plow)")

CPU model: Intel(R) Xeon(R) Platinum 8352Y CPU @ 2.20GHz, instruction set [SSE2|AVX|AVX2|AVX512]
Thread count: 64 physical cores, 64 logical processors, using up to 32 threads

Optimize a model with 931 rows, 8568 columns and 8379 nonzeros
Model fingerprint: 0x00cd6d9b
Model has 8568 quadratic objective terms
Variable types: 0 continuous, 8568 integer (0 binary)
Coefficient statistics:
  Matrix range     [1e+00, 1e+00]
  Objective range  [3e-04, 1e+00]
  QObjective range [3e-01, 6e-01]
  Bounds range     [1e+00, 2e+01]
  RHS range        [1e+00, 2e+01]

Loaded user MIP start with objective 956.217

Presolve removed 930 rows and 8559 columns (presolve time = 8s) ...
Presolve removed 930 rows and 8559 columns
Presolve time: 7.71s
Presolved: 1 rows, 9 columns, 9 nonzeros
Presolved model has 9 quadratic objective terms
Found heuristic solution: objective 955.8427900
Variable types: 0 continuous, 9 integer (0 binary)

Explored 0 nodes (0 simplex iterations) in 7.71 seconds (0.10 work units)
Thread count was 32 (of 64 available processors)

Solution count 2: 955.843 956.217 

Optimal solution found (tolerance 5.00e-02)
Best objective 9.558427899948e+02, best bound 9.515824904211e+02, gap 0.4457%
Set parameter TimeLimit to value 600
Set parameter MIPGap to value 0.05
Gurobi Optimizer version 11.0.2 build v11.0.2rc0 (linux64 - "Red Hat Enterprise Linux 9.6 (Plow)")

CPU model: Intel(R) Xeon(R) Platinum 8352Y CPU @ 2.20GHz, instruction set [SSE2|AVX|AVX2|AVX512]
Thread count: 64 physical cores, 64 logical processors, using up to 32 threads

Optimize a model with 931 rows, 8568 columns and 8379 nonzeros
Model fingerprint: 0x7593911c
Model has 8568 quadratic objective terms
Variable types: 0 continuous, 8568 integer (0 binary)
Coefficient statistics:
  Matrix range     [1e+00, 1e+00]
  Objective range  [2e-03, 2e+00]
  QObjective range [3e-01, 6e-01]
  Bounds range     [1e+00, 2e+01]
  RHS range        [1e+00, 2e+01]

Loaded user MIP start with objective 953.562

Presolve removed 930 rows and 8559 columns (presolve time = 8s) ...
Presolve removed 930 rows and 8559 columns
Presolve time: 8.01s
Presolved: 1 rows, 9 columns, 9 nonzeros
Presolved model has 9 quadratic objective terms
Found heuristic solution: objective 953.3563496
Variable types: 0 continuous, 9 integer (0 binary)

Explored 0 nodes (0 simplex iterations) in 8.01 seconds (0.10 work units)
Thread count was 32 (of 64 available processors)

Solution count 2: 953.356 953.562 

Optimal solution found (tolerance 5.00e-02)
Best objective 9.533563496236e+02, best bound 9.491089564857e+02, gap 0.4455%
Set parameter TimeLimit to value 600
Set parameter MIPGap to value 0.05
Gurobi Optimizer version 11.0.2 build v11.0.2rc0 (linux64 - "Red Hat Enterprise Linux 9.6 (Plow)")

CPU model: Intel(R) Xeon(R) Platinum 8352Y CPU @ 2.20GHz, instruction set [SSE2|AVX|AVX2|AVX512]
Thread count: 64 physical cores, 64 logical processors, using up to 32 threads

Optimize a model with 931 rows, 8568 columns and 8379 nonzeros
Model fingerprint: 0xf504549c
Model has 8568 quadratic objective terms
Variable types: 0 continuous, 8568 integer (0 binary)
Coefficient statistics:
  Matrix range     [1e+00, 1e+00]
  Objective range  [5e-04, 2e+00]
  QObjective range [3e-01, 6e-01]
  Bounds range     [1e+00, 2e+01]
  RHS range        [1e+00, 2e+01]

Loaded user MIP start with objective 947.951

Presolve removed 930 rows and 8559 columns (presolve time = 7s) ...
Presolve removed 930 rows and 8559 columns
Presolve time: 7.16s
Presolved: 1 rows, 9 columns, 9 nonzeros
Presolved model has 9 quadratic objective terms
Found heuristic solution: objective 947.5831406
Variable types: 0 continuous, 9 integer (0 binary)

Explored 0 nodes (0 simplex iterations) in 7.17 seconds (0.10 work units)
Thread count was 32 (of 64 available processors)

Solution count 2: 947.583 947.951 

Optimal solution found (tolerance 5.00e-02)
Best objective 9.475831405980e+02, best bound 9.434233452966e+02, gap 0.4390%
Parquet file for pass 1 loaded successfully.
Spot and CellType successfully split (using ::: delimiter).

Spot name formats:
AnnData spot names format: Index(['spot_1', 'spot_2', 'spot_3', 'spot_4', 'spot_5'], dtype='object')
Parquet spot names format: ['spot_1' 'spot_2' 'spot_3' 'spot_4' 'spot_5']
Added layer: Cancer_Epithelial_genes_pass1 (Shape: (952, 29733))
Added layer: Normal_Epithelial_genes_pass1 (Shape: (952, 29733))
Added layer: B-cells_genes_pass1 (Shape: (952, 29733))
Added layer: Plasmablasts_genes_pass1 (Shape: (952, 29733))
Added layer: CAFs_genes_pass1 (Shape: (952, 29733))
Added layer: Myeloid_genes_pass1 (Shape: (952, 29733))
Added layer: T-cells_genes_pass1 (Shape: (952, 29733))
Added layer: PVL_genes_pass1 (Shape: (952, 29733))
Added layer: Endothelial_genes_pass1 (Shape: (952, 29733))
RMSE, NRMSE, and MAE per cell type:
	Endothelial: RMSE: 0.0808, NRMSE: 0.0120, MAE: 0.0028
	T-cells: RMSE: 0.1709, NRMSE: 0.0243, MAE: 0.0156
	Plasmablasts: RMSE: 0.0683, NRMSE: 0.0078, MAE: 0.0021
	Normal Epithelial: RMSE: 0.0791, NRMSE: 0.0116, MAE: 0.0031
	Myeloid: RMSE: 0.1643, NRMSE: 0.0234, MAE: 0.0156
	Cancer Epithelial: RMSE: 0.3157, NRMSE: 0.0373, MAE: 0.0588
	PVL: RMSE: 0.0767, NRMSE: 0.0113, MAE: 0.0026
	B-cells: RMSE: 0.1232, NRMSE: 0.0171, MAE: 0.0074
	CAFs: RMSE: 0.2796, NRMSE: 0.0393, MAE: 0.0466

Overall RMSE statistics:
	Average RMSE: 0.1510
	Median RMSE:  0.1232

Overall NRMSE statistics:
	Average NRMSE: 0.0205
	Median NRMSE:  0.0171

Overall MAE statistics:
	Average MAE: 0.0172
	Median MAE:  0.0074
Per-cell type metrics saved to per_celltype_metrics.csv

=== RESULTS ===
Nuclei count correlation: 0.987
Proportion correlation: 0.481
