CitegeistModel initialized successfully.
Antibody capture data preprocessing completed: Winsorized, CLR applied, no NaNs detected.
Set parameter LicenseID to value 276015
Set parameter GURO_PAR_SPECIAL
Set parameter TokenServer to value "license.crc.pitt.edu"
Set parameter TimeLimit to value 600
Set parameter MIPGap to value 0.05
Gurobi Optimizer version 11.0.2 build v11.0.2rc0 (linux64 - "Red Hat Enterprise Linux 9.6 (Plow)")

CPU model: AMD EPYC 9575F 64-Core Processor, instruction set [SSE2|AVX|AVX2|AVX512]
Thread count: 128 physical cores, 128 logical processors, using up to 32 threads

Optimize a model with 1862 rows, 8568 columns and 16758 nonzeros
Model fingerprint: 0x6cc5ab49
Model has 8568 quadratic objective terms
Variable types: 0 continuous, 8568 integer (0 binary)
Coefficient statistics:
  Matrix range     [1e+00, 1e+00]
  Objective range  [8e-08, 2e+00]
  QObjective range [2e+00, 3e+00]
  Bounds range     [1e+00, 2e+01]
  RHS range        [1e+00, 2e+01]

Loaded user MIP start with objective 4270.43

Presolve removed 1860 rows and 8559 columns (presolve time = 7s) ...
Presolve removed 1860 rows and 8559 columns
Presolve time: 6.88s
Presolved: 2 rows, 9 columns, 18 nonzeros
Presolved model has 9 quadratic objective terms
Found heuristic solution: objective 2707.0687356
Variable types: 0 continuous, 9 integer (0 binary)

Explored 0 nodes (0 simplex iterations) in 6.89 seconds (0.27 work units)
Thread count was 32 (of 128 available processors)

Solution count 2: 2707.07 4270.43 

Optimal solution found (tolerance 5.00e-02)
Best objective 2.707068735584e+03, best bound 2.702377763763e+03, gap 0.1733%
Set parameter TimeLimit to value 600
Set parameter MIPGap to value 0.05
Gurobi Optimizer version 11.0.2 build v11.0.2rc0 (linux64 - "Red Hat Enterprise Linux 9.6 (Plow)")

CPU model: AMD EPYC 9575F 64-Core Processor, instruction set [SSE2|AVX|AVX2|AVX512]
Thread count: 128 physical cores, 128 logical processors, using up to 32 threads

Optimize a model with 1862 rows, 8568 columns and 16758 nonzeros
Model fingerprint: 0x5c751b30
Model has 8568 quadratic objective terms
Variable types: 0 continuous, 8568 integer (0 binary)
Coefficient statistics:
  Matrix range     [1e+00, 1e+00]
  Objective range  [1e-08, 1e+00]
  QObjective range [3e-02, 2e+00]
  Bounds range     [1e+00, 2e+01]
  RHS range        [1e+00, 2e+01]

Loaded user MIP start with objective 864.519

Presolve removed 1860 rows and 8559 columns (presolve time = 5s) ...
Presolve removed 1860 rows and 8559 columns
Presolve time: 5.12s
Presolved: 2 rows, 9 columns, 18 nonzeros
Presolved model has 9 quadratic objective terms
Found heuristic solution: objective 742.3481533
Variable types: 0 continuous, 9 integer (0 binary)

Explored 0 nodes (0 simplex iterations) in 5.12 seconds (0.18 work units)
Thread count was 32 (of 128 available processors)

Solution count 2: 742.348 864.519 

Optimal solution found (tolerance 5.00e-02)
Best objective 7.423481533313e+02, best bound 7.406185452784e+02, gap 0.2330%
Set parameter TimeLimit to value 600
Set parameter MIPGap to value 0.05
Gurobi Optimizer version 11.0.2 build v11.0.2rc0 (linux64 - "Red Hat Enterprise Linux 9.6 (Plow)")

CPU model: AMD EPYC 9575F 64-Core Processor, instruction set [SSE2|AVX|AVX2|AVX512]
Thread count: 128 physical cores, 128 logical processors, using up to 32 threads

Optimize a model with 1862 rows, 8568 columns and 16758 nonzeros
Model fingerprint: 0xca48443e
Model has 8568 quadratic objective terms
Variable types: 0 continuous, 8568 integer (0 binary)
Coefficient statistics:
  Matrix range     [1e+00, 1e+00]
  Objective range  [1e-08, 1e+00]
  QObjective range [2e-02, 2e+00]
  Bounds range     [1e+00, 2e+01]
  RHS range        [1e+00, 2e+01]

Loaded user MIP start with objective 724.317

Presolve removed 1860 rows and 8559 columns (presolve time = 5s) ...
Presolve removed 1860 rows and 8559 columns
Presolve time: 5.16s
Presolved: 2 rows, 9 columns, 18 nonzeros
Presolved model has 9 quadratic objective terms
Found heuristic solution: objective 701.2650659
Variable types: 0 continuous, 9 integer (0 binary)

Explored 0 nodes (0 simplex iterations) in 5.16 seconds (0.17 work units)
Thread count was 32 (of 128 available processors)

Solution count 2: 701.265 724.317 

Optimal solution found (tolerance 5.00e-02)
Best objective 7.012650658805e+02, best bound 6.994996929635e+02, gap 0.2517%
Set parameter TimeLimit to value 600
Set parameter MIPGap to value 0.05
Gurobi Optimizer version 11.0.2 build v11.0.2rc0 (linux64 - "Red Hat Enterprise Linux 9.6 (Plow)")

CPU model: AMD EPYC 9575F 64-Core Processor, instruction set [SSE2|AVX|AVX2|AVX512]
Thread count: 128 physical cores, 128 logical processors, using up to 32 threads

Optimize a model with 1862 rows, 8568 columns and 16758 nonzeros
Model fingerprint: 0x65e5a536
Model has 8568 quadratic objective terms
Variable types: 0 continuous, 8568 integer (0 binary)
Coefficient statistics:
  Matrix range     [1e+00, 1e+00]
  Objective range  [6e-09, 1e+00]
  QObjective range [2e-02, 2e+00]
  Bounds range     [1e+00, 2e+01]
  RHS range        [1e+00, 2e+01]

Loaded user MIP start with objective 709.09

Presolve removed 1860 rows and 8559 columns
Presolve time: 4.33s
Presolved: 2 rows, 9 columns, 18 nonzeros
Presolved model has 9 quadratic objective terms
Found heuristic solution: objective 687.2993613
Variable types: 0 continuous, 9 integer (0 binary)

Explored 0 nodes (0 simplex iterations) in 4.33 seconds (0.15 work units)
Thread count was 32 (of 128 available processors)

Solution count 2: 687.299 709.09 

Optimal solution found (tolerance 5.00e-02)
Best objective 6.872993613180e+02, best bound 6.855507335925e+02, gap 0.2544%
Set parameter TimeLimit to value 600
Set parameter MIPGap to value 0.05
Gurobi Optimizer version 11.0.2 build v11.0.2rc0 (linux64 - "Red Hat Enterprise Linux 9.6 (Plow)")

CPU model: AMD EPYC 9575F 64-Core Processor, instruction set [SSE2|AVX|AVX2|AVX512]
Thread count: 128 physical cores, 128 logical processors, using up to 32 threads

Optimize a model with 1862 rows, 8568 columns and 16758 nonzeros
Model fingerprint: 0x66f1da19
Model has 8568 quadratic objective terms
Variable types: 0 continuous, 8568 integer (0 binary)
Coefficient statistics:
  Matrix range     [1e+00, 1e+00]
  Objective range  [6e-09, 1e+00]
  QObjective range [2e-02, 2e+00]
  Bounds range     [1e+00, 2e+01]
  RHS range        [1e+00, 2e+01]

Loaded user MIP start with objective 693.687

Presolve removed 1860 rows and 8559 columns
Presolve time: 4.00s
Presolved: 2 rows, 9 columns, 18 nonzeros
Presolved model has 9 quadratic objective terms
Found heuristic solution: objective 683.0037415
Variable types: 0 continuous, 9 integer (0 binary)

Explored 0 nodes (0 simplex iterations) in 4.00 seconds (0.14 work units)
Thread count was 32 (of 128 available processors)

Solution count 2: 683.004 693.687 

Optimal solution found (tolerance 5.00e-02)
Best objective 6.830037414563e+02, best bound 6.811998208143e+02, gap 0.2641%
Set parameter TimeLimit to value 600
Set parameter MIPGap to value 0.05
Gurobi Optimizer version 11.0.2 build v11.0.2rc0 (linux64 - "Red Hat Enterprise Linux 9.6 (Plow)")

CPU model: AMD EPYC 9575F 64-Core Processor, instruction set [SSE2|AVX|AVX2|AVX512]
Thread count: 128 physical cores, 128 logical processors, using up to 32 threads

Optimize a model with 1862 rows, 8568 columns and 16758 nonzeros
Model fingerprint: 0x7e41b903
Model has 8568 quadratic objective terms
Variable types: 0 continuous, 8568 integer (0 binary)
Coefficient statistics:
  Matrix range     [1e+00, 1e+00]
  Objective range  [6e-09, 1e+00]
  QObjective range [2e-02, 2e+00]
  Bounds range     [1e+00, 2e+01]
  RHS range        [1e+00, 2e+01]

Loaded user MIP start with objective 692.797

Presolve removed 1860 rows and 8559 columns
Presolve time: 3.85s
Presolved: 2 rows, 9 columns, 18 nonzeros
Presolved model has 9 quadratic objective terms
Found heuristic solution: objective 683.6012380
Variable types: 0 continuous, 9 integer (0 binary)

Explored 0 nodes (0 simplex iterations) in 3.85 seconds (0.14 work units)
Thread count was 32 (of 128 available processors)

Solution count 2: 683.601 692.797 

Optimal solution found (tolerance 5.00e-02)
Best objective 6.836012379820e+02, best bound 6.818024944544e+02, gap 0.2631%
Set parameter TimeLimit to value 600
Set parameter MIPGap to value 0.05
Gurobi Optimizer version 11.0.2 build v11.0.2rc0 (linux64 - "Red Hat Enterprise Linux 9.6 (Plow)")

CPU model: AMD EPYC 9575F 64-Core Processor, instruction set [SSE2|AVX|AVX2|AVX512]
Thread count: 128 physical cores, 128 logical processors, using up to 32 threads

Optimize a model with 1862 rows, 8568 columns and 16758 nonzeros
Model fingerprint: 0xb7552f31
Model has 8568 quadratic objective terms
Variable types: 0 continuous, 8568 integer (0 binary)
Coefficient statistics:
  Matrix range     [1e+00, 1e+00]
  Objective range  [6e-09, 1e+00]
  QObjective range [2e-02, 1e+00]
  Bounds range     [1e+00, 2e+01]
  RHS range        [1e+00, 2e+01]

Loaded user MIP start with objective 693.53

Presolve removed 1860 rows and 8559 columns
Presolve time: 3.96s
Presolved: 2 rows, 9 columns, 18 nonzeros
Presolved model has 9 quadratic objective terms
Found heuristic solution: objective 684.9920245
Variable types: 0 continuous, 9 integer (0 binary)

Explored 0 nodes (0 simplex iterations) in 3.96 seconds (0.13 work units)
Thread count was 32 (of 128 available processors)

Solution count 2: 684.992 693.53 

Optimal solution found (tolerance 5.00e-02)
Best objective 6.849920245123e+02, best bound 6.831958319225e+02, gap 0.2622%
Set parameter TimeLimit to value 600
Set parameter MIPGap to value 0.05
Gurobi Optimizer version 11.0.2 build v11.0.2rc0 (linux64 - "Red Hat Enterprise Linux 9.6 (Plow)")

CPU model: AMD EPYC 9575F 64-Core Processor, instruction set [SSE2|AVX|AVX2|AVX512]
Thread count: 128 physical cores, 128 logical processors, using up to 32 threads

Optimize a model with 1862 rows, 8568 columns and 16758 nonzeros
Model fingerprint: 0x889285df
Model has 8568 quadratic objective terms
Variable types: 0 continuous, 8568 integer (0 binary)
Coefficient statistics:
  Matrix range     [1e+00, 1e+00]
  Objective range  [6e-09, 1e+00]
  QObjective range [2e-02, 1e+00]
  Bounds range     [1e+00, 2e+01]
  RHS range        [1e+00, 2e+01]

Loaded user MIP start with objective 696.713

Presolve removed 1860 rows and 8559 columns
Presolve time: 3.64s
Presolved: 2 rows, 9 columns, 18 nonzeros
Presolved model has 9 quadratic objective terms
Found heuristic solution: objective 688.0825259
Variable types: 0 continuous, 9 integer (0 binary)

Explored 0 nodes (0 simplex iterations) in 3.64 seconds (0.14 work units)
Thread count was 32 (of 128 available processors)

Solution count 2: 688.083 696.713 

Optimal solution found (tolerance 5.00e-02)
Best objective 6.880825259277e+02, best bound 6.863098653619e+02, gap 0.2576%
Set parameter TimeLimit to value 600
Set parameter MIPGap to value 0.05
Gurobi Optimizer version 11.0.2 build v11.0.2rc0 (linux64 - "Red Hat Enterprise Linux 9.6 (Plow)")

CPU model: AMD EPYC 9575F 64-Core Processor, instruction set [SSE2|AVX|AVX2|AVX512]
Thread count: 128 physical cores, 128 logical processors, using up to 32 threads

Optimize a model with 1862 rows, 8568 columns and 16758 nonzeros
Model fingerprint: 0x7e572244
Model has 8568 quadratic objective terms
Variable types: 0 continuous, 8568 integer (0 binary)
Coefficient statistics:
  Matrix range     [1e+00, 1e+00]
  Objective range  [6e-09, 1e+00]
  QObjective range [2e-02, 1e+00]
  Bounds range     [1e+00, 2e+01]
  RHS range        [1e+00, 2e+01]

Loaded user MIP start with objective 698.779

Presolve removed 1860 rows and 8559 columns
Presolve time: 4.06s
Presolved: 2 rows, 9 columns, 18 nonzeros
Presolved model has 9 quadratic objective terms
Found heuristic solution: objective 690.3551542
Variable types: 0 continuous, 9 integer (0 binary)

Explored 0 nodes (0 simplex iterations) in 4.06 seconds (0.14 work units)
Thread count was 32 (of 128 available processors)

Solution count 2: 690.355 698.779 

Optimal solution found (tolerance 5.00e-02)
Best objective 6.903551542477e+02, best bound 6.885895203821e+02, gap 0.2558%
Set parameter TimeLimit to value 600
Set parameter MIPGap to value 0.05
Gurobi Optimizer version 11.0.2 build v11.0.2rc0 (linux64 - "Red Hat Enterprise Linux 9.6 (Plow)")

CPU model: AMD EPYC 9575F 64-Core Processor, instruction set [SSE2|AVX|AVX2|AVX512]
Thread count: 128 physical cores, 128 logical processors, using up to 32 threads

Optimize a model with 1862 rows, 8568 columns and 16758 nonzeros
Model fingerprint: 0xc6f528a5
Model has 8568 quadratic objective terms
Variable types: 0 continuous, 8568 integer (0 binary)
Coefficient statistics:
  Matrix range     [1e+00, 1e+00]
  Objective range  [6e-09, 9e-01]
  QObjective range [2e-02, 1e+00]
  Bounds range     [1e+00, 2e+01]
  RHS range        [1e+00, 2e+01]

Loaded user MIP start with objective 699.966

Presolve removed 1860 rows and 8559 columns
Presolve time: 4.31s
Presolved: 2 rows, 9 columns, 18 nonzeros
Presolved model has 9 quadratic objective terms
Found heuristic solution: objective 691.8348725
Variable types: 0 continuous, 9 integer (0 binary)

Explored 0 nodes (0 simplex iterations) in 4.31 seconds (0.14 work units)
Thread count was 32 (of 128 available processors)

Solution count 2: 691.835 699.966 

Optimal solution found (tolerance 5.00e-02)
Best objective 6.918348725119e+02, best bound 6.900808014561e+02, gap 0.2535%
