CitegeistModel initialized successfully.
Antibody capture data preprocessing completed: Winsorized, CLR applied, no NaNs detected.
Set parameter LicenseID to value 276015
Set parameter GURO_PAR_SPECIAL
Set parameter TokenServer to value "license.crc.pitt.edu"
Set parameter TimeLimit to value 600
Set parameter MIPGap to value 0.05
Gurobi Optimizer version 11.0.2 build v11.0.2rc0 (linux64 - "Red Hat Enterprise Linux 9.6 (Plow)")

CPU model: Intel(R) Xeon(R) Platinum 8352Y CPU @ 2.20GHz, instruction set [SSE2|AVX|AVX2|AVX512]
Thread count: 64 physical cores, 64 logical processors, using up to 32 threads

Optimize a model with 932 rows, 8604 columns and 8388 nonzeros
Model fingerprint: 0xbe497941
Model has 8604 quadratic objective terms
Variable types: 0 continuous, 8604 integer (0 binary)
Coefficient statistics:
  Matrix range     [1e+00, 1e+00]
  Objective range  [2e-08, 4e+00]
  QObjective range [4e+00, 4e+00]
  Bounds range     [1e+00, 2e+01]
  RHS range        [1e+00, 2e+01]

Loaded user MIP start with objective 8184.84

Presolve removed 666 rows and 6210 columns (presolve time = 6s) ...
Presolve removed 666 rows and 6210 columns
Presolve time: 6.41s
Presolved: 266 rows, 2394 columns, 2394 nonzeros
Presolved model has 2394 quadratic objective terms
Found heuristic solution: objective 7847.7001061
Variable types: 0 continuous, 2394 integer (0 binary)
Found heuristic solution: objective 7675.6729914

Root simplex log...

Iteration    Objective       Primal Inf.    Dual Inf.      Time
       0    5.4131009e+03   0.000000e+00   0.000000e+00      6s
     267    6.8854624e+03   0.000000e+00   0.000000e+00      6s

Root relaxation: objective 6.885462e+03, 267 iterations, 0.00 seconds (0.00 work units)

    Nodes    |    Current Node    |     Objective Bounds      |     Work
 Expl Unexpl |  Obj  Depth IntInf | Incumbent    BestBd   Gap | It/Node Time

     0     0 6885.46236    0 2394 7675.67299 6885.46236  10.3%     -    6s
H    0     0                    7668.3721417 6885.46236  10.2%     -    6s
H    0     0                    7668.0450107 6885.46236  10.2%     -    6s
     0     0 6886.00259    0 2394 7668.04501 6886.00259  10.2%     -    6s
     0     2 6886.00259    0 2394 7668.04501 6886.00259  10.2%     -    7s
    95   128 6894.25614    7 2387 7668.04501 6886.00259  10.2%   2.0   10s
  8044  8439 6913.53392  214 2175 7668.04501 6886.76890  10.2%   2.1   15s
 13409 13445 6934.72652  374 2012 7668.04501 6886.76890  10.2%   2.1   20s
H14964 14965                    7668.0450097 6886.76890  10.2%   2.1   22s
 14965 14966 7021.27522  470 2394 7668.04501 7660.58015  0.10%   2.1   25s

Explored 14965 nodes (31344 simplex iterations) in 25.36 seconds (1.85 work units)
Thread count was 32 (of 64 available processors)

Solution count 8: 7668.05 7668.05 7668.05 ... 8184.84

Optimal solution found (tolerance 5.00e-02)
Best objective 7.668045009496e+03, best bound 7.660580151161e+03, gap 0.0974%
Set parameter TimeLimit to value 600
Set parameter MIPGap to value 0.05
Gurobi Optimizer version 11.0.2 build v11.0.2rc0 (linux64 - "Red Hat Enterprise Linux 9.6 (Plow)")

CPU model: Intel(R) Xeon(R) Platinum 8352Y CPU @ 2.20GHz, instruction set [SSE2|AVX|AVX2|AVX512]
Thread count: 64 physical cores, 64 logical processors, using up to 32 threads

Optimize a model with 932 rows, 8604 columns and 8388 nonzeros
Model fingerprint: 0x48f7a779
Model has 8604 quadratic objective terms
Variable types: 0 continuous, 8604 integer (0 binary)
Coefficient statistics:
  Matrix range     [1e+00, 1e+00]
  Objective range  [2e-09, 1e+00]
  QObjective range [4e-02, 3e-01]
  Bounds range     [1e+00, 2e+01]
  RHS range        [1e+00, 2e+01]

Loaded user MIP start with objective 198.944

Presolve removed 931 rows and 8595 columns
Presolve time: 4.54s
Presolved: 1 rows, 9 columns, 9 nonzeros
Presolved model has 9 quadratic objective terms
Found heuristic solution: objective 82.8120240
Variable types: 0 continuous, 9 integer (0 binary)

Explored 0 nodes (0 simplex iterations) in 4.54 seconds (0.12 work units)
Thread count was 32 (of 64 available processors)

Solution count 2: 82.812 198.944 

Optimal solution found (tolerance 5.00e-02)
Best objective 8.281202395796e+01, best bound 8.257008409573e+01, gap 0.2922%
Set parameter TimeLimit to value 600
Set parameter MIPGap to value 0.05
Gurobi Optimizer version 11.0.2 build v11.0.2rc0 (linux64 - "Red Hat Enterprise Linux 9.6 (Plow)")

CPU model: Intel(R) Xeon(R) Platinum 8352Y CPU @ 2.20GHz, instruction set [SSE2|AVX|AVX2|AVX512]
Thread count: 64 physical cores, 64 logical processors, using up to 32 threads

Optimize a model with 932 rows, 8604 columns and 8388 nonzeros
Model fingerprint: 0x6545c798
Model has 8604 quadratic objective terms
Variable types: 0 continuous, 8604 integer (0 binary)
Coefficient statistics:
  Matrix range     [1e+00, 1e+00]
  Objective range  [2e-09, 9e-01]
  QObjective range [4e-02, 2e-01]
  Bounds range     [1e+00, 2e+01]
  RHS range        [1e+00, 2e+01]

Loaded user MIP start with objective 81.0212

Presolve removed 931 rows and 8595 columns
Presolve time: 4.69s
Presolved: 1 rows, 9 columns, 9 nonzeros
Presolved model has 9 quadratic objective terms
Found heuristic solution: objective 79.9637703
Variable types: 0 continuous, 9 integer (0 binary)

Explored 0 nodes (0 simplex iterations) in 4.69 seconds (0.12 work units)
Thread count was 32 (of 64 available processors)

Solution count 2: 79.9638 81.0212 

Optimal solution found (tolerance 5.00e-02)
Best objective 7.996377033360e+01, best bound 7.973076851096e+01, gap 0.2914%
Set parameter TimeLimit to value 600
Set parameter MIPGap to value 0.05
Gurobi Optimizer version 11.0.2 build v11.0.2rc0 (linux64 - "Red Hat Enterprise Linux 9.6 (Plow)")

CPU model: Intel(R) Xeon(R) Platinum 8352Y CPU @ 2.20GHz, instruction set [SSE2|AVX|AVX2|AVX512]
Thread count: 64 physical cores, 64 logical processors, using up to 32 threads

Optimize a model with 932 rows, 8604 columns and 8388 nonzeros
Model fingerprint: 0x74bc618e
Model has 8604 quadratic objective terms
Variable types: 0 continuous, 8604 integer (0 binary)
Coefficient statistics:
  Matrix range     [1e+00, 1e+00]
  Objective range  [2e-09, 9e-01]
  QObjective range [4e-02, 2e-01]
  Bounds range     [1e+00, 2e+01]
  RHS range        [1e+00, 2e+01]

Loaded user MIP start with objective 79.1895

Presolve removed 931 rows and 8595 columns
Presolve time: 4.40s
Presolved: 1 rows, 9 columns, 9 nonzeros
Presolved model has 9 quadratic objective terms
Found heuristic solution: objective 78.3348813
Variable types: 0 continuous, 9 integer (0 binary)

Explored 0 nodes (0 simplex iterations) in 4.40 seconds (0.12 work units)
Thread count was 32 (of 64 available processors)

Solution count 2: 78.3349 79.1895 

Optimal solution found (tolerance 5.00e-02)
Best objective 7.833488132732e+01, best bound 7.810590012371e+01, gap 0.2923%
Set parameter TimeLimit to value 600
Set parameter MIPGap to value 0.05
Gurobi Optimizer version 11.0.2 build v11.0.2rc0 (linux64 - "Red Hat Enterprise Linux 9.6 (Plow)")

CPU model: Intel(R) Xeon(R) Platinum 8352Y CPU @ 2.20GHz, instruction set [SSE2|AVX|AVX2|AVX512]
Thread count: 64 physical cores, 64 logical processors, using up to 32 threads

Optimize a model with 932 rows, 8604 columns and 8388 nonzeros
Model fingerprint: 0x4f8c866e
Model has 8604 quadratic objective terms
Variable types: 0 continuous, 8604 integer (0 binary)
Coefficient statistics:
  Matrix range     [1e+00, 1e+00]
  Objective range  [2e-09, 8e-01]
  QObjective range [4e-02, 2e-01]
  Bounds range     [1e+00, 2e+01]
  RHS range        [1e+00, 2e+01]

Loaded user MIP start with objective 77.4534

Presolve removed 931 rows and 8595 columns
Presolve time: 4.22s
Presolved: 1 rows, 9 columns, 9 nonzeros
Presolved model has 9 quadratic objective terms
Found heuristic solution: objective 76.8750108
Variable types: 0 continuous, 9 integer (0 binary)

Explored 0 nodes (0 simplex iterations) in 4.22 seconds (0.11 work units)
Thread count was 32 (of 64 available processors)

Solution count 2: 76.875 77.4534 

Optimal solution found (tolerance 5.00e-02)
Best objective 7.687501079113e+01, best bound 7.665001149674e+01, gap 0.2927%
Set parameter TimeLimit to value 600
Set parameter MIPGap to value 0.05
Gurobi Optimizer version 11.0.2 build v11.0.2rc0 (linux64 - "Red Hat Enterprise Linux 9.6 (Plow)")

CPU model: Intel(R) Xeon(R) Platinum 8352Y CPU @ 2.20GHz, instruction set [SSE2|AVX|AVX2|AVX512]
Thread count: 64 physical cores, 64 logical processors, using up to 32 threads

Optimize a model with 932 rows, 8604 columns and 8388 nonzeros
Model fingerprint: 0x0051906b
Model has 8604 quadratic objective terms
Variable types: 0 continuous, 8604 integer (0 binary)
Coefficient statistics:
  Matrix range     [1e+00, 1e+00]
  Objective range  [2e-09, 8e-01]
  QObjective range [4e-02, 2e-01]
  Bounds range     [1e+00, 2e+01]
  RHS range        [1e+00, 2e+01]

Loaded user MIP start with objective 76.4316

Presolve removed 931 rows and 8595 columns
Presolve time: 4.17s
Presolved: 1 rows, 9 columns, 9 nonzeros
Presolved model has 9 quadratic objective terms
Found heuristic solution: objective 76.2279248
Variable types: 0 continuous, 9 integer (0 binary)

Explored 0 nodes (0 simplex iterations) in 4.17 seconds (0.11 work units)
Thread count was 32 (of 64 available processors)

Solution count 2: 76.2279 76.4316 

Optimal solution found (tolerance 5.00e-02)
Best objective 7.622792478570e+01, best bound 7.600553758174e+01, gap 0.2917%
Set parameter TimeLimit to value 600
Set parameter MIPGap to value 0.05
Gurobi Optimizer version 11.0.2 build v11.0.2rc0 (linux64 - "Red Hat Enterprise Linux 9.6 (Plow)")

CPU model: Intel(R) Xeon(R) Platinum 8352Y CPU @ 2.20GHz, instruction set [SSE2|AVX|AVX2|AVX512]
Thread count: 64 physical cores, 64 logical processors, using up to 32 threads

Optimize a model with 932 rows, 8604 columns and 8388 nonzeros
Model fingerprint: 0x5ca9dbdb
Model has 8604 quadratic objective terms
Variable types: 0 continuous, 8604 integer (0 binary)
Coefficient statistics:
  Matrix range     [1e+00, 1e+00]
  Objective range  [2e-09, 7e-01]
  QObjective range [4e-02, 2e-01]
  Bounds range     [1e+00, 2e+01]
  RHS range        [1e+00, 2e+01]

Loaded user MIP start with objective 75.8296

Presolve removed 931 rows and 8595 columns
Presolve time: 3.97s
Presolved: 1 rows, 9 columns, 9 nonzeros
Presolved model has 9 quadratic objective terms
Found heuristic solution: objective 75.6085857
Variable types: 0 continuous, 9 integer (0 binary)

Explored 0 nodes (0 simplex iterations) in 3.97 seconds (0.11 work units)
Thread count was 32 (of 64 available processors)

Solution count 2: 75.6086 75.8296 

Optimal solution found (tolerance 5.00e-02)
Best objective 7.560858571725e+01, best bound 7.538845497985e+01, gap 0.2911%
Set parameter TimeLimit to value 600
Set parameter MIPGap to value 0.05
Gurobi Optimizer version 11.0.2 build v11.0.2rc0 (linux64 - "Red Hat Enterprise Linux 9.6 (Plow)")

CPU model: Intel(R) Xeon(R) Platinum 8352Y CPU @ 2.20GHz, instruction set [SSE2|AVX|AVX2|AVX512]
Thread count: 64 physical cores, 64 logical processors, using up to 32 threads

Optimize a model with 932 rows, 8604 columns and 8388 nonzeros
Model fingerprint: 0x49ec9535
Model has 8604 quadratic objective terms
Variable types: 0 continuous, 8604 integer (0 binary)
Coefficient statistics:
  Matrix range     [1e+00, 1e+00]
  Objective range  [2e-09, 7e-01]
  QObjective range [4e-02, 2e-01]
  Bounds range     [1e+00, 2e+01]
  RHS range        [1e+00, 2e+01]

Loaded user MIP start with objective 75.3622

Presolve removed 931 rows and 8595 columns
Presolve time: 4.08s
Presolved: 1 rows, 9 columns, 9 nonzeros
Presolved model has 9 quadratic objective terms
Found heuristic solution: objective 75.0468326
Variable types: 0 continuous, 9 integer (0 binary)

Explored 0 nodes (0 simplex iterations) in 4.08 seconds (0.11 work units)
Thread count was 32 (of 64 available processors)

Solution count 2: 75.0468 75.3622 

Optimal solution found (tolerance 5.00e-02)
Best objective 7.504683259583e+01, best bound 7.482898323650e+01, gap 0.2903%
Set parameter TimeLimit to value 600
Set parameter MIPGap to value 0.05
Gurobi Optimizer version 11.0.2 build v11.0.2rc0 (linux64 - "Red Hat Enterprise Linux 9.6 (Plow)")

CPU model: Intel(R) Xeon(R) Platinum 8352Y CPU @ 2.20GHz, instruction set [SSE2|AVX|AVX2|AVX512]
Thread count: 64 physical cores, 64 logical processors, using up to 32 threads

Optimize a model with 932 rows, 8604 columns and 8388 nonzeros
Model fingerprint: 0x3cd28783
Model has 8604 quadratic objective terms
Variable types: 0 continuous, 8604 integer (0 binary)
Coefficient statistics:
  Matrix range     [1e+00, 1e+00]
  Objective range  [2e-09, 7e-01]
  QObjective range [4e-02, 1e-01]
  Bounds range     [1e+00, 2e+01]
  RHS range        [1e+00, 2e+01]

Loaded user MIP start with objective 74.8243

Presolve removed 931 rows and 8595 columns
Presolve time: 4.83s
Presolved: 1 rows, 9 columns, 9 nonzeros
Presolved model has 9 quadratic objective terms
Found heuristic solution: objective 74.5391763
Variable types: 0 continuous, 9 integer (0 binary)

Explored 0 nodes (0 simplex iterations) in 4.83 seconds (0.10 work units)
Thread count was 32 (of 64 available processors)

Solution count 2: 74.5392 74.8243 

Optimal solution found (tolerance 5.00e-02)
Best objective 7.453917628756e+01, best bound 7.432329148394e+01, gap 0.2896%
Set parameter TimeLimit to value 600
Set parameter MIPGap to value 0.05
Gurobi Optimizer version 11.0.2 build v11.0.2rc0 (linux64 - "Red Hat Enterprise Linux 9.6 (Plow)")

CPU model: Intel(R) Xeon(R) Platinum 8352Y CPU @ 2.20GHz, instruction set [SSE2|AVX|AVX2|AVX512]
Thread count: 64 physical cores, 64 logical processors, using up to 32 threads

Optimize a model with 932 rows, 8604 columns and 8388 nonzeros
Model fingerprint: 0x6ea3f1bd
Model has 8604 quadratic objective terms
Variable types: 0 continuous, 8604 integer (0 binary)
Coefficient statistics:
  Matrix range     [1e+00, 1e+00]
  Objective range  [2e-09, 7e-01]
  QObjective range [4e-02, 1e-01]
  Bounds range     [1e+00, 2e+01]
  RHS range        [1e+00, 2e+01]

Loaded user MIP start with objective 74.4761

Presolve removed 931 rows and 8595 columns
Presolve time: 3.85s
Presolved: 1 rows, 9 columns, 9 nonzeros
Presolved model has 9 quadratic objective terms
Found heuristic solution: objective 74.3429185
Variable types: 0 continuous, 9 integer (0 binary)

Explored 0 nodes (0 simplex iterations) in 3.86 seconds (0.10 work units)
Thread count was 32 (of 64 available processors)

Solution count 2: 74.3429 74.4761 

Optimal solution found (tolerance 5.00e-02)
Best objective 7.434291845948e+01, best bound 7.412971890240e+01, gap 0.2868%
Parquet file for pass 1 loaded successfully.
Spot and CellType successfully split (using ::: delimiter).

Spot name formats:
AnnData spot names format: Index(['spot_1', 'spot_2', 'spot_3', 'spot_4', 'spot_5'], dtype='object')
Parquet spot names format: ['spot_1' 'spot_2' 'spot_3' 'spot_4' 'spot_5']
Added layer: B-cells_genes_pass1 (Shape: (956, 29733))
Added layer: Myeloid_genes_pass1 (Shape: (956, 29733))
Added layer: Cancer_Epithelial_genes_pass1 (Shape: (956, 29733))
Added layer: PVL_genes_pass1 (Shape: (956, 29733))
Added layer: CAFs_genes_pass1 (Shape: (956, 29733))
Added layer: T-cells_genes_pass1 (Shape: (956, 29733))
Added layer: Plasmablasts_genes_pass1 (Shape: (956, 29733))
Added layer: Normal_Epithelial_genes_pass1 (Shape: (956, 29733))
Added layer: Endothelial_genes_pass1 (Shape: (956, 29733))
RMSE, NRMSE, and MAE per cell type:
	Plasmablasts: RMSE: 0.0628, NRMSE: 0.0083, MAE: 0.0016
	CAFs: RMSE: 0.2796, NRMSE: 0.0397, MAE: 0.0471
	B-cells: RMSE: 0.1241, NRMSE: 0.0173, MAE: 0.0076
	PVL: RMSE: 0.0760, NRMSE: 0.0109, MAE: 0.0025
	Endothelial: RMSE: 0.0791, NRMSE: 0.0111, MAE: 0.0025
	Cancer Epithelial: RMSE: 0.3166, NRMSE: 0.0374, MAE: 0.0588
	Normal Epithelial: RMSE: 0.0800, NRMSE: 0.0121, MAE: 0.0030
	Myeloid: RMSE: 0.1610, NRMSE: 0.0230, MAE: 0.0152
	T-cells: RMSE: 0.1710, NRMSE: 0.0240, MAE: 0.0158

Overall RMSE statistics:
	Average RMSE: 0.1500
	Median RMSE:  0.1241

Overall NRMSE statistics:
	Average NRMSE: 0.0204
	Median NRMSE:  0.0173

Overall MAE statistics:
	Average MAE: 0.0171
	Median MAE:  0.0076
Per-cell type metrics saved to per_celltype_metrics.csv

=== RESULTS ===
Nuclei count correlation: 0.987
Proportion correlation: 0.671
