CitegeistModel initialized successfully.
Antibody capture data preprocessing completed: Winsorized, CLR applied, no NaNs detected.
Set parameter LicenseID to value 276015
Set parameter GURO_PAR_SPECIAL
Set parameter TokenServer to value "license.crc.pitt.edu"
Set parameter TimeLimit to value 600
Set parameter MIPGap to value 0.05
Gurobi Optimizer version 11.0.2 build v11.0.2rc0 (linux64 - "Red Hat Enterprise Linux 9.6 (Plow)")

CPU model: AMD EPYC 9374F 32-Core Processor, instruction set [SSE2|AVX|AVX2|AVX512]
Thread count: 64 physical cores, 64 logical processors, using up to 32 threads

Optimize a model with 1880 rows, 8613 columns and 16920 nonzeros
Model fingerprint: 0x27362b17
Model has 8613 quadratic objective terms
Variable types: 0 continuous, 8613 integer (0 binary)
Coefficient statistics:
  Matrix range     [1e+00, 1e+00]
  Objective range  [2e-07, 4e+00]
  QObjective range [4e+00, 4e+00]
  Bounds range     [1e+00, 2e+01]
  RHS range        [1e+00, 2e+01]

Loaded user MIP start with objective 7205

Presolve removed 1878 rows and 8604 columns (presolve time = 10s) ...
Presolve removed 1878 rows and 8604 columns
Presolve time: 9.62s
Presolved: 2 rows, 9 columns, 18 nonzeros
Presolved model has 9 quadratic objective terms
Found heuristic solution: objective 4304.5424797
Variable types: 0 continuous, 9 integer (0 binary)

Explored 0 nodes (0 simplex iterations) in 9.62 seconds (0.25 work units)
Thread count was 32 (of 64 available processors)

Solution count 2: 4304.54 7205 

Optimal solution found (tolerance 5.00e-02)
Best objective 4.304542479749e+03, best bound 4.294986925057e+03, gap 0.2220%
Set parameter TimeLimit to value 600
Set parameter MIPGap to value 0.05
Gurobi Optimizer version 11.0.2 build v11.0.2rc0 (linux64 - "Red Hat Enterprise Linux 9.6 (Plow)")

CPU model: AMD EPYC 9374F 32-Core Processor, instruction set [SSE2|AVX|AVX2|AVX512]
Thread count: 64 physical cores, 64 logical processors, using up to 32 threads

Optimize a model with 1880 rows, 8613 columns and 16920 nonzeros
Model fingerprint: 0x3d118b74
Model has 8613 quadratic objective terms
Variable types: 0 continuous, 8613 integer (0 binary)
Coefficient statistics:
  Matrix range     [1e+00, 1e+00]
  Objective range  [2e-08, 3e+00]
  QObjective range [5e-02, 2e+00]
  Bounds range     [1e+00, 2e+01]
  RHS range        [1e+00, 2e+01]

Loaded user MIP start with objective 803.722

Presolve removed 1878 rows and 8604 columns
Presolve time: 4.07s
Presolved: 2 rows, 9 columns, 18 nonzeros
Presolved model has 9 quadratic objective terms
Found heuristic solution: objective 471.9915699
Variable types: 0 continuous, 9 integer (0 binary)

Explored 0 nodes (0 simplex iterations) in 4.07 seconds (0.10 work units)
Thread count was 32 (of 64 available processors)

Solution count 2: 471.992 803.722 

Optimal solution found (tolerance 5.00e-02)
Best objective 4.719915699487e+02, best bound 4.683205722396e+02, gap 0.7778%
Set parameter TimeLimit to value 600
Set parameter MIPGap to value 0.05
Gurobi Optimizer version 11.0.2 build v11.0.2rc0 (linux64 - "Red Hat Enterprise Linux 9.6 (Plow)")

CPU model: AMD EPYC 9374F 32-Core Processor, instruction set [SSE2|AVX|AVX2|AVX512]
Thread count: 64 physical cores, 64 logical processors, using up to 32 threads

Optimize a model with 1880 rows, 8613 columns and 16920 nonzeros
Model fingerprint: 0xb1e84e78
Model has 8613 quadratic objective terms
Variable types: 0 continuous, 8613 integer (0 binary)
Coefficient statistics:
  Matrix range     [1e+00, 1e+00]
  Objective range  [2e-08, 2e+00]
  QObjective range [4e-02, 1e+00]
  Bounds range     [1e+00, 2e+01]
  RHS range        [1e+00, 2e+01]

Loaded user MIP start with objective 459.71

Presolve removed 1878 rows and 8604 columns
Presolve time: 3.66s
Presolved: 2 rows, 9 columns, 18 nonzeros
Presolved model has 9 quadratic objective terms
Found heuristic solution: objective 411.0794302
Variable types: 0 continuous, 9 integer (0 binary)

Explored 0 nodes (0 simplex iterations) in 3.66 seconds (0.10 work units)
Thread count was 32 (of 64 available processors)

Solution count 2: 411.079 459.71 

Optimal solution found (tolerance 5.00e-02)
Best objective 4.110794301845e+02, best bound 4.073897971662e+02, gap 0.8975%
Set parameter TimeLimit to value 600
Set parameter MIPGap to value 0.05
Gurobi Optimizer version 11.0.2 build v11.0.2rc0 (linux64 - "Red Hat Enterprise Linux 9.6 (Plow)")

CPU model: AMD EPYC 9374F 32-Core Processor, instruction set [SSE2|AVX|AVX2|AVX512]
Thread count: 64 physical cores, 64 logical processors, using up to 32 threads

Optimize a model with 1880 rows, 8613 columns and 16920 nonzeros
Model fingerprint: 0xb05d4117
Model has 8613 quadratic objective terms
Variable types: 0 continuous, 8613 integer (0 binary)
Coefficient statistics:
  Matrix range     [1e+00, 1e+00]
  Objective range  [2e-08, 2e+00]
  QObjective range [4e-02, 1e+00]
  Bounds range     [1e+00, 2e+01]
  RHS range        [1e+00, 2e+01]

Loaded user MIP start with objective 432.167

Presolve removed 1878 rows and 8604 columns
Presolve time: 3.19s
Presolved: 2 rows, 9 columns, 18 nonzeros
Presolved model has 9 quadratic objective terms
Found heuristic solution: objective 401.5853284
Variable types: 0 continuous, 9 integer (0 binary)

Explored 0 nodes (0 simplex iterations) in 3.19 seconds (0.09 work units)
Thread count was 32 (of 64 available processors)

Solution count 2: 401.585 432.167 

Optimal solution found (tolerance 5.00e-02)
Best objective 4.015853284465e+02, best bound 3.980152378505e+02, gap 0.8890%
Set parameter TimeLimit to value 600
Set parameter MIPGap to value 0.05
Gurobi Optimizer version 11.0.2 build v11.0.2rc0 (linux64 - "Red Hat Enterprise Linux 9.6 (Plow)")

CPU model: AMD EPYC 9374F 32-Core Processor, instruction set [SSE2|AVX|AVX2|AVX512]
Thread count: 64 physical cores, 64 logical processors, using up to 32 threads

Optimize a model with 1880 rows, 8613 columns and 16920 nonzeros
Model fingerprint: 0x9dc73be4
Model has 8613 quadratic objective terms
Variable types: 0 continuous, 8613 integer (0 binary)
Coefficient statistics:
  Matrix range     [1e+00, 1e+00]
  Objective range  [2e-08, 2e+00]
  QObjective range [4e-02, 9e-01]
  Bounds range     [1e+00, 2e+01]
  RHS range        [1e+00, 2e+01]

Loaded user MIP start with objective 415.891

Presolve removed 1878 rows and 8604 columns
Presolve time: 3.52s
Presolved: 2 rows, 9 columns, 18 nonzeros
Presolved model has 9 quadratic objective terms
Found heuristic solution: objective 400.7478094
Variable types: 0 continuous, 9 integer (0 binary)

Explored 0 nodes (0 simplex iterations) in 3.53 seconds (0.08 work units)
Thread count was 32 (of 64 available processors)

Solution count 2: 400.748 415.891 

Optimal solution found (tolerance 5.00e-02)
Best objective 4.007478094303e+02, best bound 3.970831726568e+02, gap 0.9144%
Set parameter TimeLimit to value 600
Set parameter MIPGap to value 0.05
Gurobi Optimizer version 11.0.2 build v11.0.2rc0 (linux64 - "Red Hat Enterprise Linux 9.6 (Plow)")

CPU model: AMD EPYC 9374F 32-Core Processor, instruction set [SSE2|AVX|AVX2|AVX512]
Thread count: 64 physical cores, 64 logical processors, using up to 32 threads

Optimize a model with 1880 rows, 8613 columns and 16920 nonzeros
Model fingerprint: 0x15eceb49
Model has 8613 quadratic objective terms
Variable types: 0 continuous, 8613 integer (0 binary)
Coefficient statistics:
  Matrix range     [1e+00, 1e+00]
  Objective range  [2e-08, 2e+00]
  QObjective range [4e-02, 8e-01]
  Bounds range     [1e+00, 2e+01]
  RHS range        [1e+00, 2e+01]

Loaded user MIP start with objective 410.223

Presolve removed 1878 rows and 8604 columns
Presolve time: 2.65s
Presolved: 2 rows, 9 columns, 18 nonzeros
Presolved model has 9 quadratic objective terms
Found heuristic solution: objective 396.4994382
Variable types: 0 continuous, 9 integer (0 binary)

Explored 0 nodes (0 simplex iterations) in 2.65 seconds (0.08 work units)
Thread count was 32 (of 64 available processors)

Solution count 2: 396.499 410.223 

Optimal solution found (tolerance 5.00e-02)
Best objective 3.964994382044e+02, best bound 3.927707660378e+02, gap 0.9404%
Set parameter TimeLimit to value 600
Set parameter MIPGap to value 0.05
Gurobi Optimizer version 11.0.2 build v11.0.2rc0 (linux64 - "Red Hat Enterprise Linux 9.6 (Plow)")

CPU model: AMD EPYC 9374F 32-Core Processor, instruction set [SSE2|AVX|AVX2|AVX512]
Thread count: 64 physical cores, 64 logical processors, using up to 32 threads

Optimize a model with 1880 rows, 8613 columns and 16920 nonzeros
Model fingerprint: 0xb3c32495
Model has 8613 quadratic objective terms
Variable types: 0 continuous, 8613 integer (0 binary)
Coefficient statistics:
  Matrix range     [1e+00, 1e+00]
  Objective range  [2e-08, 1e+00]
  QObjective range [4e-02, 8e-01]
  Bounds range     [1e+00, 2e+01]
  RHS range        [1e+00, 2e+01]

Loaded user MIP start with objective 408.504

Presolve removed 1878 rows and 8604 columns
Presolve time: 3.33s
Presolved: 2 rows, 9 columns, 18 nonzeros
Presolved model has 9 quadratic objective terms
Found heuristic solution: objective 394.2418238
Variable types: 0 continuous, 9 integer (0 binary)

Explored 0 nodes (0 simplex iterations) in 3.33 seconds (0.08 work units)
Thread count was 32 (of 64 available processors)

Solution count 2: 394.242 408.504 

Optimal solution found (tolerance 5.00e-02)
Best objective 3.942418238008e+02, best bound 3.904956447392e+02, gap 0.9502%
Set parameter TimeLimit to value 600
Set parameter MIPGap to value 0.05
Gurobi Optimizer version 11.0.2 build v11.0.2rc0 (linux64 - "Red Hat Enterprise Linux 9.6 (Plow)")

CPU model: AMD EPYC 9374F 32-Core Processor, instruction set [SSE2|AVX|AVX2|AVX512]
Thread count: 64 physical cores, 64 logical processors, using up to 32 threads

Optimize a model with 1880 rows, 8613 columns and 16920 nonzeros
Model fingerprint: 0x1d9e36ed
Model has 8613 quadratic objective terms
Variable types: 0 continuous, 8613 integer (0 binary)
Coefficient statistics:
  Matrix range     [1e+00, 1e+00]
  Objective range  [2e-08, 1e+00]
  QObjective range [4e-02, 8e-01]
  Bounds range     [1e+00, 2e+01]
  RHS range        [1e+00, 2e+01]

Loaded user MIP start with objective 410.812

Presolve removed 1878 rows and 8604 columns
Presolve time: 2.21s
Presolved: 2 rows, 9 columns, 18 nonzeros
Presolved model has 9 quadratic objective terms
Found heuristic solution: objective 395.8200496
Variable types: 0 continuous, 9 integer (0 binary)

Explored 0 nodes (0 simplex iterations) in 2.21 seconds (0.08 work units)
Thread count was 32 (of 64 available processors)

Solution count 2: 395.82 410.812 

Optimal solution found (tolerance 5.00e-02)
Best objective 3.958200496130e+02, best bound 3.920551136159e+02, gap 0.9512%
Set parameter TimeLimit to value 600
Set parameter MIPGap to value 0.05
Gurobi Optimizer version 11.0.2 build v11.0.2rc0 (linux64 - "Red Hat Enterprise Linux 9.6 (Plow)")

CPU model: AMD EPYC 9374F 32-Core Processor, instruction set [SSE2|AVX|AVX2|AVX512]
Thread count: 64 physical cores, 64 logical processors, using up to 32 threads

Optimize a model with 1880 rows, 8613 columns and 16920 nonzeros
Model fingerprint: 0xafa80261
Model has 8613 quadratic objective terms
Variable types: 0 continuous, 8613 integer (0 binary)
Coefficient statistics:
  Matrix range     [1e+00, 1e+00]
  Objective range  [2e-08, 1e+00]
  QObjective range [4e-02, 8e-01]
  Bounds range     [1e+00, 2e+01]
  RHS range        [1e+00, 2e+01]

Loaded user MIP start with objective 423.204

Presolve removed 1878 rows and 8604 columns
Presolve time: 3.94s
Presolved: 2 rows, 9 columns, 18 nonzeros
Presolved model has 9 quadratic objective terms
Found heuristic solution: objective 408.0153437
Variable types: 0 continuous, 9 integer (0 binary)

Explored 0 nodes (0 simplex iterations) in 3.95 seconds (0.08 work units)
Thread count was 32 (of 64 available processors)

Solution count 2: 408.015 423.204 

Optimal solution found (tolerance 5.00e-02)
Best objective 4.080153437243e+02, best bound 4.042475717213e+02, gap 0.9234%
Set parameter TimeLimit to value 600
Set parameter MIPGap to value 0.05
Gurobi Optimizer version 11.0.2 build v11.0.2rc0 (linux64 - "Red Hat Enterprise Linux 9.6 (Plow)")

CPU model: AMD EPYC 9374F 32-Core Processor, instruction set [SSE2|AVX|AVX2|AVX512]
Thread count: 64 physical cores, 64 logical processors, using up to 32 threads

Optimize a model with 1880 rows, 8613 columns and 16920 nonzeros
Model fingerprint: 0xeae03a50
Model has 8613 quadratic objective terms
Variable types: 0 continuous, 8613 integer (0 binary)
Coefficient statistics:
  Matrix range     [1e+00, 1e+00]
  Objective range  [2e-08, 1e+00]
  QObjective range [4e-02, 8e-01]
  Bounds range     [1e+00, 2e+01]
  RHS range        [1e+00, 2e+01]

Loaded user MIP start with objective 450.271

Presolve removed 1878 rows and 8604 columns
Presolve time: 3.26s
Presolved: 2 rows, 9 columns, 18 nonzeros
Presolved model has 9 quadratic objective terms
Found heuristic solution: objective 435.4947455
Variable types: 0 continuous, 9 integer (0 binary)

Explored 0 nodes (0 simplex iterations) in 3.26 seconds (0.08 work units)
Thread count was 32 (of 64 available processors)

Solution count 2: 435.495 450.271 

Optimal solution found (tolerance 5.00e-02)
Best objective 4.354947455274e+02, best bound 4.317495353952e+02, gap 0.8600%
Parquet file for pass 1 loaded successfully.
Spot and CellType successfully split (using ::: delimiter).

Spot name formats:
AnnData spot names format: Index(['spot_1', 'spot_2', 'spot_3', 'spot_4', 'spot_5'], dtype='object')
Parquet spot names format: ['spot_1' 'spot_2' 'spot_3' 'spot_4' 'spot_5']
Added layer: CAFs_genes_pass1 (Shape: (957, 29733))
Added layer: T-cells_genes_pass1 (Shape: (957, 29733))
Added layer: B-cells_genes_pass1 (Shape: (957, 29733))
Added layer: PVL_genes_pass1 (Shape: (957, 29733))
Added layer: Normal_Epithelial_genes_pass1 (Shape: (957, 29733))
Added layer: Endothelial_genes_pass1 (Shape: (957, 29733))
Added layer: Myeloid_genes_pass1 (Shape: (957, 29733))
Added layer: Plasmablasts_genes_pass1 (Shape: (957, 29733))
Added layer: Cancer_Epithelial_genes_pass1 (Shape: (957, 29733))
RMSE, NRMSE, and MAE per cell type:
	CAFs: RMSE: 0.2788, NRMSE: 0.0398, MAE: 0.0467
	Endothelial: RMSE: 0.0791, NRMSE: 0.0113, MAE: 0.0025
	Normal Epithelial: RMSE: 0.0619, NRMSE: nan, MAE: 0.0015
	Cancer Epithelial: RMSE: 0.3190, NRMSE: 0.0374, MAE: 0.0599
	B-cells: RMSE: 0.1284, NRMSE: 0.0176, MAE: 0.0080
	T-cells: RMSE: 0.1734, NRMSE: 0.0231, MAE: 0.0159
	Plasmablasts: RMSE: 0.0665, NRMSE: 0.0076, MAE: 0.0019
	PVL: RMSE: 0.0615, NRMSE: nan, MAE: 0.0015
	Myeloid: RMSE: 0.1626, NRMSE: 0.0230, MAE: 0.0154

Overall RMSE statistics:
	Average RMSE: 0.1479
	Median RMSE:  0.1284

Overall NRMSE statistics:
	Average NRMSE: 0.0228
	Median NRMSE:  0.0230

Overall MAE statistics:
	Average MAE: 0.0170
	Median MAE:  0.0080
Per-cell type metrics saved to per_celltype_metrics.csv

=== RESULTS ===
Nuclei count correlation: 0.986
Proportion correlation: 0.377
