CitegeistModel initialized successfully.
Antibody capture data preprocessing completed for discrete mode: Winsorized [5%, 95%], scale_mode=per_marker, no per-spot normalization.
Set parameter LicenseID to value 276015
Set parameter GURO_PAR_SPECIAL
Set parameter TokenServer to value "license.crc.pitt.edu"
Set parameter TimeLimit to value 600
Set parameter MIPGap to value 0.05
Gurobi Optimizer version 11.0.2 build v11.0.2rc0 (linux64 - "Red Hat Enterprise Linux 9.6 (Plow)")

CPU model: Intel(R) Xeon(R) Gold 6248R CPU @ 3.00GHz, instruction set [SSE2|AVX|AVX2|AVX512]
Thread count: 48 physical cores, 48 logical processors, using up to 32 threads

Optimize a model with 939 rows, 8604 columns and 8451 nonzeros
Model fingerprint: 0x27e7a113
Model has 8604 quadratic objective terms
Variable types: 0 continuous, 8604 integer (0 binary)
Coefficient statistics:
  Matrix range     [1e+00, 1e+00]
  Objective range  [6e-02, 4e+00]
  QObjective range [4e+00, 4e+00]
  Bounds range     [1e+00, 2e+01]
  RHS range        [1e+00, 2e+01]

Loaded user MIP start with objective 7527.58

Presolve removed 933 rows and 8550 columns (presolve time = 13s) ...
Presolve removed 933 rows and 8550 columns
Presolve time: 12.57s
Presolved: 6 rows, 54 columns, 54 nonzeros
Presolved model has 54 quadratic objective terms
Found heuristic solution: objective 5391.9950443
Variable types: 0 continuous, 54 integer (0 binary)

Explored 0 nodes (0 simplex iterations) in 12.57 seconds (0.22 work units)
Thread count was 32 (of 48 available processors)

Solution count 2: 5392 7527.58 

Optimal solution found (tolerance 5.00e-02)
Best objective 5.391995044261e+03, best bound 5.334091212780e+03, gap 1.0739%
Set parameter TimeLimit to value 600
Set parameter MIPGap to value 0.05
Gurobi Optimizer version 11.0.2 build v11.0.2rc0 (linux64 - "Red Hat Enterprise Linux 9.6 (Plow)")

CPU model: Intel(R) Xeon(R) Gold 6248R CPU @ 3.00GHz, instruction set [SSE2|AVX|AVX2|AVX512]
Thread count: 48 physical cores, 48 logical processors, using up to 32 threads

Optimize a model with 939 rows, 8604 columns and 8451 nonzeros
Model fingerprint: 0x05e5e28a
Model has 8604 quadratic objective terms
Variable types: 0 continuous, 8604 integer (0 binary)
Coefficient statistics:
  Matrix range     [1e+00, 1e+00]
  Objective range  [3e-02, 2e+00]
  QObjective range [4e-01, 8e-01]
  Bounds range     [1e+00, 2e+01]
  RHS range        [1e+00, 2e+01]

Loaded user MIP start with objective 1309.07

Presolve removed 938 rows and 8595 columns (presolve time = 5s) ...
Presolve removed 938 rows and 8595 columns
Presolve time: 5.26s
Presolved: 1 rows, 9 columns, 9 nonzeros
Presolved model has 9 quadratic objective terms
Found heuristic solution: objective 1021.6503660
Variable types: 0 continuous, 9 integer (0 binary)

Explored 0 nodes (0 simplex iterations) in 5.26 seconds (0.12 work units)
Thread count was 32 (of 48 available processors)

Solution count 2: 1021.65 1309.07 

Optimal solution found (tolerance 5.00e-02)
Best objective 1.021650365981e+03, best bound 1.018701957770e+03, gap 0.2886%
Set parameter TimeLimit to value 600
Set parameter MIPGap to value 0.05
Gurobi Optimizer version 11.0.2 build v11.0.2rc0 (linux64 - "Red Hat Enterprise Linux 9.6 (Plow)")

CPU model: Intel(R) Xeon(R) Gold 6248R CPU @ 3.00GHz, instruction set [SSE2|AVX|AVX2|AVX512]
Thread count: 48 physical cores, 48 logical processors, using up to 32 threads

Optimize a model with 939 rows, 8604 columns and 8451 nonzeros
Model fingerprint: 0x56a4c6e0
Model has 8604 quadratic objective terms
Variable types: 0 continuous, 8604 integer (0 binary)
Coefficient statistics:
  Matrix range     [1e+00, 1e+00]
  Objective range  [3e-02, 2e+00]
  QObjective range [3e-01, 8e-01]
  Bounds range     [1e+00, 2e+01]
  RHS range        [1e+00, 2e+01]

Loaded user MIP start with objective 1013.45

Presolve removed 938 rows and 8595 columns (presolve time = 5s) ...
Presolve removed 938 rows and 8595 columns
Presolve time: 5.09s
Presolved: 1 rows, 9 columns, 9 nonzeros
Presolved model has 9 quadratic objective terms
Found heuristic solution: objective 1011.2063284
Variable types: 0 continuous, 9 integer (0 binary)

Explored 0 nodes (0 simplex iterations) in 5.10 seconds (0.11 work units)
Thread count was 32 (of 48 available processors)

Solution count 2: 1011.21 1013.45 

Optimal solution found (tolerance 5.00e-02)
Best objective 1.011206328448e+03, best bound 1.008327543086e+03, gap 0.2847%
Set parameter TimeLimit to value 600
Set parameter MIPGap to value 0.05
Gurobi Optimizer version 11.0.2 build v11.0.2rc0 (linux64 - "Red Hat Enterprise Linux 9.6 (Plow)")

CPU model: Intel(R) Xeon(R) Gold 6248R CPU @ 3.00GHz, instruction set [SSE2|AVX|AVX2|AVX512]
Thread count: 48 physical cores, 48 logical processors, using up to 32 threads

Optimize a model with 939 rows, 8604 columns and 8451 nonzeros
Model fingerprint: 0xef7ba6ce
Model has 8604 quadratic objective terms
Variable types: 0 continuous, 8604 integer (0 binary)
Coefficient statistics:
  Matrix range     [1e+00, 1e+00]
  Objective range  [1e-03, 2e+00]
  QObjective range [3e-01, 7e-01]
  Bounds range     [1e+00, 2e+01]
  RHS range        [1e+00, 2e+01]

Loaded user MIP start with objective 1007.58

Presolve removed 938 rows and 8595 columns (presolve time = 6s) ...
Presolve removed 938 rows and 8595 columns
Presolve time: 6.16s
Presolved: 1 rows, 9 columns, 9 nonzeros
Presolved model has 9 quadratic objective terms
Found heuristic solution: objective 1006.8485571
Variable types: 0 continuous, 9 integer (0 binary)

Explored 0 nodes (0 simplex iterations) in 6.16 seconds (0.11 work units)
Thread count was 32 (of 48 available processors)

Solution count 2: 1006.85 1007.58 

Optimal solution found (tolerance 5.00e-02)
Best objective 1.006848557085e+03, best bound 1.003993292131e+03, gap 0.2836%
Set parameter TimeLimit to value 600
Set parameter MIPGap to value 0.05
Gurobi Optimizer version 11.0.2 build v11.0.2rc0 (linux64 - "Red Hat Enterprise Linux 9.6 (Plow)")

CPU model: Intel(R) Xeon(R) Gold 6248R CPU @ 3.00GHz, instruction set [SSE2|AVX|AVX2|AVX512]
Thread count: 48 physical cores, 48 logical processors, using up to 32 threads

Optimize a model with 939 rows, 8604 columns and 8451 nonzeros
Model fingerprint: 0x0bf8eb49
Model has 8604 quadratic objective terms
Variable types: 0 continuous, 8604 integer (0 binary)
Coefficient statistics:
  Matrix range     [1e+00, 1e+00]
  Objective range  [4e-03, 2e+00]
  QObjective range [3e-01, 7e-01]
  Bounds range     [1e+00, 2e+01]
  RHS range        [1e+00, 2e+01]

Loaded user MIP start with objective 1001.21

Presolve removed 938 rows and 8595 columns (presolve time = 7s) ...
Presolve removed 938 rows and 8595 columns
Presolve time: 6.78s
Presolved: 1 rows, 9 columns, 9 nonzeros
Presolved model has 9 quadratic objective terms
Found heuristic solution: objective 1000.5828864
Variable types: 0 continuous, 9 integer (0 binary)

Explored 0 nodes (0 simplex iterations) in 6.78 seconds (0.11 work units)
Thread count was 32 (of 48 available processors)

Solution count 2: 1000.58 1001.21 

Optimal solution found (tolerance 5.00e-02)
Best objective 1.000582886443e+03, best bound 9.977402959818e+02, gap 0.2841%
Set parameter TimeLimit to value 600
Set parameter MIPGap to value 0.05
Gurobi Optimizer version 11.0.2 build v11.0.2rc0 (linux64 - "Red Hat Enterprise Linux 9.6 (Plow)")

CPU model: Intel(R) Xeon(R) Gold 6248R CPU @ 3.00GHz, instruction set [SSE2|AVX|AVX2|AVX512]
Thread count: 48 physical cores, 48 logical processors, using up to 32 threads

Optimize a model with 939 rows, 8604 columns and 8451 nonzeros
Model fingerprint: 0x8393d563
Model has 8604 quadratic objective terms
Variable types: 0 continuous, 8604 integer (0 binary)
Coefficient statistics:
  Matrix range     [1e+00, 1e+00]
  Objective range  [4e-03, 2e+00]
  QObjective range [3e-01, 6e-01]
  Bounds range     [1e+00, 2e+01]
  RHS range        [1e+00, 2e+01]

Loaded user MIP start with objective 995.697

Presolve removed 938 rows and 8595 columns (presolve time = 5s) ...
Presolve removed 938 rows and 8595 columns
Presolve time: 5.44s
Presolved: 1 rows, 9 columns, 9 nonzeros
Presolved model has 9 quadratic objective terms
Found heuristic solution: objective 995.3135285
Variable types: 0 continuous, 9 integer (0 binary)

Explored 0 nodes (0 simplex iterations) in 5.44 seconds (0.11 work units)
Thread count was 32 (of 48 available processors)

Solution count 2: 995.314 995.697 

Optimal solution found (tolerance 5.00e-02)
Best objective 9.953135285220e+02, best bound 9.924738924901e+02, gap 0.2853%
Set parameter TimeLimit to value 600
Set parameter MIPGap to value 0.05
Gurobi Optimizer version 11.0.2 build v11.0.2rc0 (linux64 - "Red Hat Enterprise Linux 9.6 (Plow)")

CPU model: Intel(R) Xeon(R) Gold 6248R CPU @ 3.00GHz, instruction set [SSE2|AVX|AVX2|AVX512]
Thread count: 48 physical cores, 48 logical processors, using up to 32 threads

Optimize a model with 939 rows, 8604 columns and 8451 nonzeros
Model fingerprint: 0xf542c674
Model has 8604 quadratic objective terms
Variable types: 0 continuous, 8604 integer (0 binary)
Coefficient statistics:
  Matrix range     [1e+00, 1e+00]
  Objective range  [1e-04, 1e+00]
  QObjective range [3e-01, 6e-01]
  Bounds range     [1e+00, 2e+01]
  RHS range        [1e+00, 2e+01]

Loaded user MIP start with objective 992.212

Presolve removed 938 rows and 8595 columns (presolve time = 6s) ...
Presolve removed 938 rows and 8595 columns
Presolve time: 5.53s
Presolved: 1 rows, 9 columns, 9 nonzeros
Presolved model has 9 quadratic objective terms
Found heuristic solution: objective 991.5207204
Variable types: 0 continuous, 9 integer (0 binary)

Explored 0 nodes (0 simplex iterations) in 5.54 seconds (0.11 work units)
Thread count was 32 (of 48 available processors)

Solution count 2: 991.521 992.212 

Optimal solution found (tolerance 5.00e-02)
Best objective 9.915207204326e+02, best bound 9.886860241020e+02, gap 0.2859%
Set parameter TimeLimit to value 600
Set parameter MIPGap to value 0.05
Gurobi Optimizer version 11.0.2 build v11.0.2rc0 (linux64 - "Red Hat Enterprise Linux 9.6 (Plow)")

CPU model: Intel(R) Xeon(R) Gold 6248R CPU @ 3.00GHz, instruction set [SSE2|AVX|AVX2|AVX512]
Thread count: 48 physical cores, 48 logical processors, using up to 32 threads

Optimize a model with 939 rows, 8604 columns and 8451 nonzeros
Model fingerprint: 0xf737ca14
Model has 8604 quadratic objective terms
Variable types: 0 continuous, 8604 integer (0 binary)
Coefficient statistics:
  Matrix range     [1e+00, 1e+00]
  Objective range  [2e-03, 1e+00]
  QObjective range [3e-01, 6e-01]
  Bounds range     [1e+00, 2e+01]
  RHS range        [1e+00, 2e+01]

Loaded user MIP start with objective 994.906

Presolve removed 938 rows and 8595 columns
Presolve time: 4.72s
Presolved: 1 rows, 9 columns, 9 nonzeros
Presolved model has 9 quadratic objective terms
Found heuristic solution: objective 994.2003165
Variable types: 0 continuous, 9 integer (0 binary)

Explored 0 nodes (0 simplex iterations) in 4.72 seconds (0.10 work units)
Thread count was 32 (of 48 available processors)

Solution count 2: 994.2 994.906 

Optimal solution found (tolerance 5.00e-02)
Best objective 9.942003164920e+02, best bound 9.913900871216e+02, gap 0.2827%
Set parameter TimeLimit to value 600
Set parameter MIPGap to value 0.05
Gurobi Optimizer version 11.0.2 build v11.0.2rc0 (linux64 - "Red Hat Enterprise Linux 9.6 (Plow)")

CPU model: Intel(R) Xeon(R) Gold 6248R CPU @ 3.00GHz, instruction set [SSE2|AVX|AVX2|AVX512]
Thread count: 48 physical cores, 48 logical processors, using up to 32 threads

Optimize a model with 939 rows, 8604 columns and 8451 nonzeros
Model fingerprint: 0x16935fd1
Model has 8604 quadratic objective terms
Variable types: 0 continuous, 8604 integer (0 binary)
Coefficient statistics:
  Matrix range     [1e+00, 1e+00]
  Objective range  [8e-04, 1e+00]
  QObjective range [3e-01, 6e-01]
  Bounds range     [1e+00, 2e+01]
  RHS range        [1e+00, 2e+01]

Loaded user MIP start with objective 1006.13

Presolve removed 938 rows and 8595 columns
Presolve time: 4.73s
Presolved: 1 rows, 9 columns, 9 nonzeros
Presolved model has 9 quadratic objective terms
Found heuristic solution: objective 1005.3851917
Variable types: 0 continuous, 9 integer (0 binary)

Explored 0 nodes (0 simplex iterations) in 4.73 seconds (0.10 work units)
Thread count was 32 (of 48 available processors)

Solution count 2: 1005.39 1006.13 

Optimal solution found (tolerance 5.00e-02)
Best objective 1.005385191695e+03, best bound 1.002579679164e+03, gap 0.2790%
Set parameter TimeLimit to value 600
Set parameter MIPGap to value 0.05
Gurobi Optimizer version 11.0.2 build v11.0.2rc0 (linux64 - "Red Hat Enterprise Linux 9.6 (Plow)")

CPU model: Intel(R) Xeon(R) Gold 6248R CPU @ 3.00GHz, instruction set [SSE2|AVX|AVX2|AVX512]
Thread count: 48 physical cores, 48 logical processors, using up to 32 threads

Optimize a model with 939 rows, 8604 columns and 8451 nonzeros
Model fingerprint: 0x13c7b08b
Model has 8604 quadratic objective terms
Variable types: 0 continuous, 8604 integer (0 binary)
Coefficient statistics:
  Matrix range     [1e+00, 1e+00]
  Objective range  [1e-03, 1e+00]
  QObjective range [3e-01, 5e-01]
  Bounds range     [1e+00, 2e+01]
  RHS range        [1e+00, 2e+01]

Loaded user MIP start with objective 1013.61

Presolve removed 938 rows and 8595 columns
Presolve time: 4.78s
Presolved: 1 rows, 9 columns, 9 nonzeros
Presolved model has 9 quadratic objective terms
Found heuristic solution: objective 1012.3824977
Variable types: 0 continuous, 9 integer (0 binary)

Explored 0 nodes (0 simplex iterations) in 4.79 seconds (0.10 work units)
Thread count was 32 (of 48 available processors)

Solution count 2: 1012.38 1013.61 

Optimal solution found (tolerance 5.00e-02)
Best objective 1.012382497707e+03, best bound 1.009584329919e+03, gap 0.2764%
Parquet file for pass 1 loaded successfully.
Spot and CellType successfully split (using ::: delimiter).

Spot name formats:
AnnData spot names format: Index(['spot_1', 'spot_2', 'spot_3', 'spot_4', 'spot_5'], dtype='object')
Parquet spot names format: ['spot_1' 'spot_2' 'spot_3' 'spot_4' 'spot_5']
Added layer: Normal_Epithelial_genes_pass1 (Shape: (956, 29733))
Added layer: B-cells_genes_pass1 (Shape: (956, 29733))
Added layer: Plasmablasts_genes_pass1 (Shape: (956, 29733))
Added layer: PVL_genes_pass1 (Shape: (956, 29733))
Added layer: T-cells_genes_pass1 (Shape: (956, 29733))
Added layer: Endothelial_genes_pass1 (Shape: (956, 29733))
Added layer: CAFs_genes_pass1 (Shape: (956, 29733))
Added layer: Myeloid_genes_pass1 (Shape: (956, 29733))
Added layer: Cancer_Epithelial_genes_pass1 (Shape: (956, 29733))
RMSE, NRMSE, and MAE per cell type:
	B-cells: RMSE: 0.1257, NRMSE: 0.0174, MAE: 0.0077
	Plasmablasts: RMSE: 0.0690, NRMSE: 0.0076, MAE: 0.0021
	Normal Epithelial: RMSE: 0.0642, NRMSE: nan, MAE: 0.0018
	CAFs: RMSE: 0.2803, NRMSE: 0.0417, MAE: 0.0473
	Cancer Epithelial: RMSE: 0.3183, NRMSE: 0.0363, MAE: 0.0596
	Myeloid: RMSE: 0.1664, NRMSE: 0.0227, MAE: 0.0161
	PVL: RMSE: 0.0754, NRMSE: 0.0113, MAE: 0.0024
	Endothelial: RMSE: 0.0613, NRMSE: nan, MAE: 0.0015
	T-cells: RMSE: 0.1714, NRMSE: 0.0245, MAE: 0.0158

Overall RMSE statistics:
	Average RMSE: 0.1480
	Median RMSE:  0.1257

Overall NRMSE statistics:
	Average NRMSE: 0.0231
	Median NRMSE:  0.0227

Overall MAE statistics:
	Average MAE: 0.0171
	Median MAE:  0.0077
Per-cell type metrics saved to per_celltype_metrics.csv

=== RESULTS ===
Nuclei count correlation: 0.986
Proportion correlation: 0.484
