CitegeistModel initialized successfully.
Antibody capture data preprocessing completed: Winsorized, CLR applied, no NaNs detected.
Set parameter LicenseID to value 276015
Set parameter GURO_PAR_SPECIAL
Set parameter TokenServer to value "license.crc.pitt.edu"
Set parameter TimeLimit to value 600
Set parameter MIPGap to value 0.05
Gurobi Optimizer version 11.0.2 build v11.0.2rc0 (linux64 - "Red Hat Enterprise Linux 9.6 (Plow)")

CPU model: AMD EPYC 9374F 32-Core Processor, instruction set [SSE2|AVX|AVX2|AVX512]
Thread count: 64 physical cores, 64 logical processors, using up to 32 threads

Optimize a model with 1862 rows, 8568 columns and 16758 nonzeros
Model fingerprint: 0x799922d3
Model has 8568 quadratic objective terms
Variable types: 0 continuous, 8568 integer (0 binary)
Coefficient statistics:
  Matrix range     [1e+00, 1e+00]
  Objective range  [2e-07, 4e+00]
  QObjective range [4e+00, 4e+00]
  Bounds range     [1e+00, 2e+01]
  RHS range        [1e+00, 2e+01]

Loaded user MIP start with objective 7376.2

Presolve removed 1860 rows and 8559 columns (presolve time = 8s) ...
Presolve removed 1860 rows and 8559 columns
Presolve time: 7.51s
Presolved: 2 rows, 9 columns, 18 nonzeros
Presolved model has 9 quadratic objective terms
Found heuristic solution: objective 4498.3143933
Variable types: 0 continuous, 9 integer (0 binary)

Explored 0 nodes (0 simplex iterations) in 7.51 seconds (0.27 work units)
Thread count was 32 (of 64 available processors)

Solution count 2: 4498.31 7376.2 

Optimal solution found (tolerance 5.00e-02)
Best objective 4.498314393298e+03, best bound 4.489869949656e+03, gap 0.1877%
Set parameter TimeLimit to value 600
Set parameter MIPGap to value 0.05
Gurobi Optimizer version 11.0.2 build v11.0.2rc0 (linux64 - "Red Hat Enterprise Linux 9.6 (Plow)")

CPU model: AMD EPYC 9374F 32-Core Processor, instruction set [SSE2|AVX|AVX2|AVX512]
Thread count: 64 physical cores, 64 logical processors, using up to 32 threads

Optimize a model with 1862 rows, 8568 columns and 16758 nonzeros
Model fingerprint: 0x68047322
Model has 8568 quadratic objective terms
Variable types: 0 continuous, 8568 integer (0 binary)
Coefficient statistics:
  Matrix range     [1e+00, 1e+00]
  Objective range  [3e-08, 3e+00]
  QObjective range [5e-02, 2e+00]
  Bounds range     [1e+00, 2e+01]
  RHS range        [1e+00, 2e+01]

Loaded user MIP start with objective 800.47

Presolve removed 1860 rows and 8559 columns
Presolve time: 4.31s
Presolved: 2 rows, 9 columns, 18 nonzeros
Presolved model has 9 quadratic objective terms
Found heuristic solution: objective 427.2138005
Variable types: 0 continuous, 9 integer (0 binary)

Explored 0 nodes (0 simplex iterations) in 4.31 seconds (0.11 work units)
Thread count was 32 (of 64 available processors)

Solution count 2: 427.214 800.47 

Optimal solution found (tolerance 5.00e-02)
Best objective 4.272138005414e+02, best bound 4.237300295871e+02, gap 0.8155%
Set parameter TimeLimit to value 600
Set parameter MIPGap to value 0.05
Gurobi Optimizer version 11.0.2 build v11.0.2rc0 (linux64 - "Red Hat Enterprise Linux 9.6 (Plow)")

CPU model: AMD EPYC 9374F 32-Core Processor, instruction set [SSE2|AVX|AVX2|AVX512]
Thread count: 64 physical cores, 64 logical processors, using up to 32 threads

Optimize a model with 1862 rows, 8568 columns and 16758 nonzeros
Model fingerprint: 0x0bedf017
Model has 8568 quadratic objective terms
Variable types: 0 continuous, 8568 integer (0 binary)
Coefficient statistics:
  Matrix range     [1e+00, 1e+00]
  Objective range  [2e-08, 2e+00]
  QObjective range [4e-02, 1e+00]
  Bounds range     [1e+00, 2e+01]
  RHS range        [1e+00, 2e+01]

Loaded user MIP start with objective 413.33

Presolve removed 1860 rows and 8559 columns
Presolve time: 3.23s
Presolved: 2 rows, 9 columns, 18 nonzeros
Presolved model has 9 quadratic objective terms
Found heuristic solution: objective 370.5983763
Variable types: 0 continuous, 9 integer (0 binary)

Explored 0 nodes (0 simplex iterations) in 3.23 seconds (0.09 work units)
Thread count was 32 (of 64 available processors)

Solution count 2: 370.598 413.33 

Optimal solution found (tolerance 5.00e-02)
Best objective 3.705983762922e+02, best bound 3.670821788643e+02, gap 0.9488%
Set parameter TimeLimit to value 600
Set parameter MIPGap to value 0.05
Gurobi Optimizer version 11.0.2 build v11.0.2rc0 (linux64 - "Red Hat Enterprise Linux 9.6 (Plow)")

CPU model: AMD EPYC 9374F 32-Core Processor, instruction set [SSE2|AVX|AVX2|AVX512]
Thread count: 64 physical cores, 64 logical processors, using up to 32 threads

Optimize a model with 1862 rows, 8568 columns and 16758 nonzeros
Model fingerprint: 0x6fe5d48e
Model has 8568 quadratic objective terms
Variable types: 0 continuous, 8568 integer (0 binary)
Coefficient statistics:
  Matrix range     [1e+00, 1e+00]
  Objective range  [2e-08, 2e+00]
  QObjective range [4e-02, 9e-01]
  Bounds range     [1e+00, 2e+01]
  RHS range        [1e+00, 2e+01]

Loaded user MIP start with objective 403.287

Presolve removed 1860 rows and 8559 columns
Presolve time: 2.53s
Presolved: 2 rows, 9 columns, 18 nonzeros
Presolved model has 9 quadratic objective terms
Found heuristic solution: objective 364.3615678
Variable types: 0 continuous, 9 integer (0 binary)

Explored 0 nodes (0 simplex iterations) in 2.53 seconds (0.09 work units)
Thread count was 32 (of 64 available processors)

Solution count 2: 364.362 403.287 

Optimal solution found (tolerance 5.00e-02)
Best objective 3.643615678345e+02, best bound 3.609969974009e+02, gap 0.9234%
Set parameter TimeLimit to value 600
Set parameter MIPGap to value 0.05
Gurobi Optimizer version 11.0.2 build v11.0.2rc0 (linux64 - "Red Hat Enterprise Linux 9.6 (Plow)")

CPU model: AMD EPYC 9374F 32-Core Processor, instruction set [SSE2|AVX|AVX2|AVX512]
Thread count: 64 physical cores, 64 logical processors, using up to 32 threads

Optimize a model with 1862 rows, 8568 columns and 16758 nonzeros
Model fingerprint: 0xe47c9879
Model has 8568 quadratic objective terms
Variable types: 0 continuous, 8568 integer (0 binary)
Coefficient statistics:
  Matrix range     [1e+00, 1e+00]
  Objective range  [2e-08, 2e+00]
  QObjective range [4e-02, 8e-01]
  Bounds range     [1e+00, 2e+01]
  RHS range        [1e+00, 2e+01]

Loaded user MIP start with objective 382.23

Presolve removed 1860 rows and 8559 columns
Presolve time: 3.93s
Presolved: 2 rows, 9 columns, 18 nonzeros
Presolved model has 9 quadratic objective terms
Found heuristic solution: objective 364.4498511
Variable types: 0 continuous, 9 integer (0 binary)

Explored 0 nodes (0 simplex iterations) in 3.93 seconds (0.08 work units)
Thread count was 32 (of 64 available processors)

Solution count 2: 364.45 382.23 

Optimal solution found (tolerance 5.00e-02)
Best objective 3.644498510847e+02, best bound 3.609874378800e+02, gap 0.9500%
Set parameter TimeLimit to value 600
Set parameter MIPGap to value 0.05
Gurobi Optimizer version 11.0.2 build v11.0.2rc0 (linux64 - "Red Hat Enterprise Linux 9.6 (Plow)")

CPU model: AMD EPYC 9374F 32-Core Processor, instruction set [SSE2|AVX|AVX2|AVX512]
Thread count: 64 physical cores, 64 logical processors, using up to 32 threads

Optimize a model with 1862 rows, 8568 columns and 16758 nonzeros
Model fingerprint: 0xd225b101
Model has 8568 quadratic objective terms
Variable types: 0 continuous, 8568 integer (0 binary)
Coefficient statistics:
  Matrix range     [1e+00, 1e+00]
  Objective range  [2e-08, 1e+00]
  QObjective range [4e-02, 7e-01]
  Bounds range     [1e+00, 2e+01]
  RHS range        [1e+00, 2e+01]

Loaded user MIP start with objective 374.149

Presolve removed 1860 rows and 8559 columns
Presolve time: 3.15s
Presolved: 2 rows, 9 columns, 18 nonzeros
Presolved model has 9 quadratic objective terms
Found heuristic solution: objective 360.4471018
Variable types: 0 continuous, 9 integer (0 binary)

Explored 0 nodes (0 simplex iterations) in 3.16 seconds (0.08 work units)
Thread count was 32 (of 64 available processors)

Solution count 2: 360.447 374.149 

Optimal solution found (tolerance 5.00e-02)
Best objective 3.604471017652e+02, best bound 3.568427615402e+02, gap 1.0000%
Set parameter TimeLimit to value 600
Set parameter MIPGap to value 0.05
Gurobi Optimizer version 11.0.2 build v11.0.2rc0 (linux64 - "Red Hat Enterprise Linux 9.6 (Plow)")

CPU model: AMD EPYC 9374F 32-Core Processor, instruction set [SSE2|AVX|AVX2|AVX512]
Thread count: 64 physical cores, 64 logical processors, using up to 32 threads

Optimize a model with 1862 rows, 8568 columns and 16758 nonzeros
Model fingerprint: 0x53df6f75
Model has 8568 quadratic objective terms
Variable types: 0 continuous, 8568 integer (0 binary)
Coefficient statistics:
  Matrix range     [1e+00, 1e+00]
  Objective range  [2e-08, 1e+00]
  QObjective range [4e-02, 7e-01]
  Bounds range     [1e+00, 2e+01]
  RHS range        [1e+00, 2e+01]

Loaded user MIP start with objective 373.965

Presolve removed 1860 rows and 8559 columns
Presolve time: 2.81s
Presolved: 2 rows, 9 columns, 18 nonzeros
Presolved model has 9 quadratic objective terms
Found heuristic solution: objective 361.7616875
Variable types: 0 continuous, 9 integer (0 binary)

Explored 0 nodes (0 simplex iterations) in 2.81 seconds (0.08 work units)
Thread count was 32 (of 64 available processors)

Solution count 2: 361.762 373.965 

Optimal solution found (tolerance 5.00e-02)
Best objective 3.617616874534e+02, best bound 3.581118582037e+02, gap 1.0089%
Set parameter TimeLimit to value 600
Set parameter MIPGap to value 0.05
Gurobi Optimizer version 11.0.2 build v11.0.2rc0 (linux64 - "Red Hat Enterprise Linux 9.6 (Plow)")

CPU model: AMD EPYC 9374F 32-Core Processor, instruction set [SSE2|AVX|AVX2|AVX512]
Thread count: 64 physical cores, 64 logical processors, using up to 32 threads

Optimize a model with 1862 rows, 8568 columns and 16758 nonzeros
Model fingerprint: 0xf9fd28f6
Model has 8568 quadratic objective terms
Variable types: 0 continuous, 8568 integer (0 binary)
Coefficient statistics:
  Matrix range     [1e+00, 1e+00]
  Objective range  [2e-08, 1e+00]
  QObjective range [4e-02, 7e-01]
  Bounds range     [1e+00, 2e+01]
  RHS range        [1e+00, 2e+01]

Loaded user MIP start with objective 383.076

Presolve removed 1860 rows and 8559 columns
Presolve time: 3.59s
Presolved: 2 rows, 9 columns, 18 nonzeros
Presolved model has 9 quadratic objective terms
Found heuristic solution: objective 369.9727615
Variable types: 0 continuous, 9 integer (0 binary)

Explored 0 nodes (0 simplex iterations) in 3.59 seconds (0.08 work units)
Thread count was 32 (of 64 available processors)

Solution count 2: 369.973 383.076 

Optimal solution found (tolerance 5.00e-02)
Best objective 3.699727615046e+02, best bound 3.662916637652e+02, gap 0.9950%
Set parameter TimeLimit to value 600
Set parameter MIPGap to value 0.05
Gurobi Optimizer version 11.0.2 build v11.0.2rc0 (linux64 - "Red Hat Enterprise Linux 9.6 (Plow)")

CPU model: AMD EPYC 9374F 32-Core Processor, instruction set [SSE2|AVX|AVX2|AVX512]
Thread count: 64 physical cores, 64 logical processors, using up to 32 threads

Optimize a model with 1862 rows, 8568 columns and 16758 nonzeros
Model fingerprint: 0xca0b8981
Model has 8568 quadratic objective terms
Variable types: 0 continuous, 8568 integer (0 binary)
Coefficient statistics:
  Matrix range     [1e+00, 1e+00]
  Objective range  [2e-08, 1e+00]
  QObjective range [4e-02, 7e-01]
  Bounds range     [1e+00, 2e+01]
  RHS range        [1e+00, 2e+01]

Loaded user MIP start with objective 405.331

Presolve removed 1860 rows and 8559 columns
Presolve time: 2.84s
Presolved: 2 rows, 9 columns, 18 nonzeros
Presolved model has 9 quadratic objective terms
Found heuristic solution: objective 391.6318157
Variable types: 0 continuous, 9 integer (0 binary)

Explored 0 nodes (0 simplex iterations) in 2.84 seconds (0.08 work units)
Thread count was 32 (of 64 available processors)

Solution count 2: 391.632 405.331 

Optimal solution found (tolerance 5.00e-02)
Best objective 3.916318156754e+02, best bound 3.879294006824e+02, gap 0.9454%
Set parameter TimeLimit to value 600
Set parameter MIPGap to value 0.05
Gurobi Optimizer version 11.0.2 build v11.0.2rc0 (linux64 - "Red Hat Enterprise Linux 9.6 (Plow)")

CPU model: AMD EPYC 9374F 32-Core Processor, instruction set [SSE2|AVX|AVX2|AVX512]
Thread count: 64 physical cores, 64 logical processors, using up to 32 threads

Optimize a model with 1862 rows, 8568 columns and 16758 nonzeros
Model fingerprint: 0x45386d78
Model has 8568 quadratic objective terms
Variable types: 0 continuous, 8568 integer (0 binary)
Coefficient statistics:
  Matrix range     [1e+00, 1e+00]
  Objective range  [2e-08, 1e+00]
  QObjective range [4e-02, 7e-01]
  Bounds range     [1e+00, 2e+01]
  RHS range        [1e+00, 2e+01]

Loaded user MIP start with objective 442.98

Presolve removed 1860 rows and 8559 columns
Presolve time: 2.92s
Presolved: 2 rows, 9 columns, 18 nonzeros
Presolved model has 9 quadratic objective terms
Found heuristic solution: objective 431.0085756
Variable types: 0 continuous, 9 integer (0 binary)

Explored 0 nodes (0 simplex iterations) in 2.93 seconds (0.08 work units)
Thread count was 32 (of 64 available processors)

Solution count 2: 431.009 442.98 

Optimal solution found (tolerance 5.00e-02)
Best objective 4.310085756046e+02, best bound 4.273149837406e+02, gap 0.8570%
Parquet file for pass 1 loaded successfully.
Spot and CellType successfully split (using ::: delimiter).

Spot name formats:
AnnData spot names format: Index(['spot_1', 'spot_2', 'spot_3', 'spot_4', 'spot_5'], dtype='object')
Parquet spot names format: ['spot_1' 'spot_2' 'spot_3' 'spot_4' 'spot_5']
Added layer: Cancer_Epithelial_genes_pass1 (Shape: (952, 29733))
Added layer: Normal_Epithelial_genes_pass1 (Shape: (952, 29733))
Added layer: T-cells_genes_pass1 (Shape: (952, 29733))
Added layer: B-cells_genes_pass1 (Shape: (952, 29733))
Added layer: PVL_genes_pass1 (Shape: (952, 29733))
Added layer: CAFs_genes_pass1 (Shape: (952, 29733))
Added layer: Myeloid_genes_pass1 (Shape: (952, 29733))
Added layer: Plasmablasts_genes_pass1 (Shape: (952, 29733))
Added layer: Endothelial_genes_pass1 (Shape: (952, 29733))
RMSE, NRMSE, and MAE per cell type:
	Endothelial: RMSE: 0.0803, NRMSE: 0.0119, MAE: 0.0028
	T-cells: RMSE: 0.1713, NRMSE: 0.0243, MAE: 0.0157
	Plasmablasts: RMSE: 0.0676, NRMSE: 0.0077, MAE: 0.0020
	Normal Epithelial: RMSE: 0.0795, NRMSE: 0.0116, MAE: 0.0031
	Myeloid: RMSE: 0.1647, NRMSE: 0.0234, MAE: 0.0157
	Cancer Epithelial: RMSE: 0.3163, NRMSE: 0.0374, MAE: 0.0589
	PVL: RMSE: 0.0766, NRMSE: 0.0113, MAE: 0.0026
	B-cells: RMSE: 0.1238, NRMSE: 0.0172, MAE: 0.0075
	CAFs: RMSE: 0.2795, NRMSE: 0.0393, MAE: 0.0466

Overall RMSE statistics:
	Average RMSE: 0.1511
	Median RMSE:  0.1238

Overall NRMSE statistics:
	Average NRMSE: 0.0205
	Median NRMSE:  0.0172

Overall MAE statistics:
	Average MAE: 0.0172
	Median MAE:  0.0075
Per-cell type metrics saved to per_celltype_metrics.csv

=== RESULTS ===
Nuclei count correlation: 0.987
Proportion correlation: 0.402
