CitegeistModel initialized successfully.
Antibody capture data preprocessing completed: Winsorized, CLR applied, no NaNs detected.
Set parameter LicenseID to value 276015
Set parameter GURO_PAR_SPECIAL
Set parameter TokenServer to value "license.crc.pitt.edu"
Set parameter TimeLimit to value 600
Set parameter MIPGap to value 0.05
Gurobi Optimizer version 11.0.2 build v11.0.2rc0 (linux64 - "Red Hat Enterprise Linux 9.6 (Plow)")

CPU model: AMD EPYC 9575F 64-Core Processor, instruction set [SSE2|AVX|AVX2|AVX512]
Thread count: 128 physical cores, 128 logical processors, using up to 32 threads

Optimize a model with 940 rows, 8613 columns and 8460 nonzeros
Model fingerprint: 0x5f6bbfdc
Model has 8613 quadratic objective terms
Variable types: 0 continuous, 8613 integer (0 binary)
Coefficient statistics:
  Matrix range     [1e+00, 1e+00]
  Objective range  [1e-08, 4e+00]
  QObjective range [4e+00, 4e+00]
  Bounds range     [1e+00, 2e+01]
  RHS range        [1e+00, 2e+01]

Loaded user MIP start with objective 8321.27

Presolve removed 678 rows and 6255 columns (presolve time = 7s) ...
Presolve removed 678 rows and 6255 columns
Presolve time: 6.80s
Presolved: 262 rows, 2358 columns, 2358 nonzeros
Presolved model has 2358 quadratic objective terms
Found heuristic solution: objective 7882.8233145
Variable types: 0 continuous, 2358 integer (0 binary)
Found heuristic solution: objective 7634.5908385

Root simplex log...

Iteration    Objective       Primal Inf.    Dual Inf.      Time
       0    5.4387532e+03   0.000000e+00   0.000000e+00      7s
     263    6.8548909e+03   0.000000e+00   0.000000e+00      7s

Root relaxation: objective 6.854891e+03, 263 iterations, 0.00 seconds (0.00 work units)

    Nodes    |    Current Node    |     Objective Bounds      |     Work
 Expl Unexpl |  Obj  Depth IntInf | Incumbent    BestBd   Gap | It/Node Time

     0     0 6854.89090    0 2358 7634.59084 6854.89090  10.2%     -    6s
H    0     0                    7621.2322979 6854.89090  10.1%     -    6s
H    0     0                    7621.0560015 6854.89090  10.1%     -    7s
     0     0 6855.58609    0 2358 7621.05600 6855.58609  10.0%     -    7s
     0     2 6855.58609    0 2358 7621.05600 6855.58609  10.0%     -    7s
  7911  8346 6878.79120  193 2161 7621.05600 6856.62375  10.0%   2.1   10s
H14742 14743                    7621.0560006 6856.62375  10.0%   2.1   12s
 14743 14744 6875.53876   76 2358 7621.05600 7615.05533  0.08%   2.1   15s

Explored 14743 nodes (31411 simplex iterations) in 15.34 seconds (1.77 work units)
Thread count was 32 (of 128 available processors)

Solution count 8: 7621.06 7621.06 7621.06 ... 8321.27

Optimal solution found (tolerance 5.00e-02)
Best objective 7.621056000319e+03, best bound 7.615055331012e+03, gap 0.0787%
Set parameter TimeLimit to value 600
Set parameter MIPGap to value 0.05
Gurobi Optimizer version 11.0.2 build v11.0.2rc0 (linux64 - "Red Hat Enterprise Linux 9.6 (Plow)")

CPU model: AMD EPYC 9575F 64-Core Processor, instruction set [SSE2|AVX|AVX2|AVX512]
Thread count: 128 physical cores, 128 logical processors, using up to 32 threads

Optimize a model with 940 rows, 8613 columns and 8460 nonzeros
Model fingerprint: 0x1e24021c
Model has 8613 quadratic objective terms
Variable types: 0 continuous, 8613 integer (0 binary)
Coefficient statistics:
  Matrix range     [1e+00, 1e+00]
  Objective range  [2e-09, 8e-01]
  QObjective range [4e-02, 2e-01]
  Bounds range     [1e+00, 2e+01]
  RHS range        [1e+00, 2e+01]

Loaded user MIP start with objective 198.853

Presolve removed 939 rows and 8604 columns
Presolve time: 3.94s
Presolved: 1 rows, 9 columns, 9 nonzeros
Presolved model has 9 quadratic objective terms
Found heuristic solution: objective 98.2655969
Variable types: 0 continuous, 9 integer (0 binary)

Explored 0 nodes (0 simplex iterations) in 3.94 seconds (0.12 work units)
Thread count was 32 (of 128 available processors)

Solution count 2: 98.2656 198.853 

Optimal solution found (tolerance 5.00e-02)
Best objective 9.826559691452e+01, best bound 9.809395765698e+01, gap 0.1747%
Set parameter TimeLimit to value 600
Set parameter MIPGap to value 0.05
Gurobi Optimizer version 11.0.2 build v11.0.2rc0 (linux64 - "Red Hat Enterprise Linux 9.6 (Plow)")

CPU model: AMD EPYC 9575F 64-Core Processor, instruction set [SSE2|AVX|AVX2|AVX512]
Thread count: 128 physical cores, 128 logical processors, using up to 32 threads

Optimize a model with 940 rows, 8613 columns and 8460 nonzeros
Model fingerprint: 0x80118c21
Model has 8613 quadratic objective terms
Variable types: 0 continuous, 8613 integer (0 binary)
Coefficient statistics:
  Matrix range     [1e+00, 1e+00]
  Objective range  [2e-09, 8e-01]
  QObjective range [4e-02, 2e-01]
  Bounds range     [1e+00, 2e+01]
  RHS range        [1e+00, 2e+01]

Loaded user MIP start with objective 97.2409

Presolve removed 939 rows and 8604 columns
Presolve time: 3.56s
Presolved: 1 rows, 9 columns, 9 nonzeros
Presolved model has 9 quadratic objective terms
Found heuristic solution: objective 96.5423694
Variable types: 0 continuous, 9 integer (0 binary)

Explored 0 nodes (0 simplex iterations) in 3.56 seconds (0.11 work units)
Thread count was 32 (of 128 available processors)

Solution count 2: 96.5424 97.2409 

Optimal solution found (tolerance 5.00e-02)
Best objective 9.654236944504e+01, best bound 9.637121974586e+01, gap 0.1773%
Set parameter TimeLimit to value 600
Set parameter MIPGap to value 0.05
Gurobi Optimizer version 11.0.2 build v11.0.2rc0 (linux64 - "Red Hat Enterprise Linux 9.6 (Plow)")

CPU model: AMD EPYC 9575F 64-Core Processor, instruction set [SSE2|AVX|AVX2|AVX512]
Thread count: 128 physical cores, 128 logical processors, using up to 32 threads

Optimize a model with 940 rows, 8613 columns and 8460 nonzeros
Model fingerprint: 0x37343e77
Model has 8613 quadratic objective terms
Variable types: 0 continuous, 8613 integer (0 binary)
Coefficient statistics:
  Matrix range     [1e+00, 1e+00]
  Objective range  [2e-09, 7e-01]
  QObjective range [4e-02, 2e-01]
  Bounds range     [1e+00, 2e+01]
  RHS range        [1e+00, 2e+01]

Loaded user MIP start with objective 96.1139

Presolve removed 939 rows and 8604 columns
Presolve time: 3.25s
Presolved: 1 rows, 9 columns, 9 nonzeros
Presolved model has 9 quadratic objective terms
Found heuristic solution: objective 95.6954835
Variable types: 0 continuous, 9 integer (0 binary)

Explored 0 nodes (0 simplex iterations) in 3.25 seconds (0.11 work units)
Thread count was 32 (of 128 available processors)

Solution count 2: 95.6955 96.1139 

Optimal solution found (tolerance 5.00e-02)
Best objective 9.569548348867e+01, best bound 9.552290543340e+01, gap 0.1803%
Set parameter TimeLimit to value 600
Set parameter MIPGap to value 0.05
Gurobi Optimizer version 11.0.2 build v11.0.2rc0 (linux64 - "Red Hat Enterprise Linux 9.6 (Plow)")

CPU model: AMD EPYC 9575F 64-Core Processor, instruction set [SSE2|AVX|AVX2|AVX512]
Thread count: 128 physical cores, 128 logical processors, using up to 32 threads

Optimize a model with 940 rows, 8613 columns and 8460 nonzeros
Model fingerprint: 0x87088deb
Model has 8613 quadratic objective terms
Variable types: 0 continuous, 8613 integer (0 binary)
Coefficient statistics:
  Matrix range     [1e+00, 1e+00]
  Objective range  [2e-09, 7e-01]
  QObjective range [4e-02, 2e-01]
  Bounds range     [1e+00, 2e+01]
  RHS range        [1e+00, 2e+01]

Loaded user MIP start with objective 95.3007

Presolve removed 939 rows and 8604 columns
Presolve time: 3.47s
Presolved: 1 rows, 9 columns, 9 nonzeros
Presolved model has 9 quadratic objective terms
Found heuristic solution: objective 94.9031245
Variable types: 0 continuous, 9 integer (0 binary)

Explored 0 nodes (0 simplex iterations) in 3.47 seconds (0.11 work units)
Thread count was 32 (of 128 available processors)

Solution count 2: 94.9031 95.3007 

Optimal solution found (tolerance 5.00e-02)
Best objective 9.490312453966e+01, best bound 9.472885754779e+01, gap 0.1836%
Set parameter TimeLimit to value 600
Set parameter MIPGap to value 0.05
Gurobi Optimizer version 11.0.2 build v11.0.2rc0 (linux64 - "Red Hat Enterprise Linux 9.6 (Plow)")

CPU model: AMD EPYC 9575F 64-Core Processor, instruction set [SSE2|AVX|AVX2|AVX512]
Thread count: 128 physical cores, 128 logical processors, using up to 32 threads

Optimize a model with 940 rows, 8613 columns and 8460 nonzeros
Model fingerprint: 0x43876fe8
Model has 8613 quadratic objective terms
Variable types: 0 continuous, 8613 integer (0 binary)
Coefficient statistics:
  Matrix range     [1e+00, 1e+00]
  Objective range  [2e-09, 7e-01]
  QObjective range [4e-02, 1e-01]
  Bounds range     [1e+00, 2e+01]
  RHS range        [1e+00, 2e+01]

Loaded user MIP start with objective 94.5771

Presolve removed 939 rows and 8604 columns
Presolve time: 3.78s
Presolved: 1 rows, 9 columns, 9 nonzeros
Presolved model has 9 quadratic objective terms
Found heuristic solution: objective 94.2179636
Variable types: 0 continuous, 9 integer (0 binary)

Explored 0 nodes (0 simplex iterations) in 3.78 seconds (0.11 work units)
Thread count was 32 (of 128 available processors)

Solution count 2: 94.218 94.5771 

Optimal solution found (tolerance 5.00e-02)
Best objective 9.421796356970e+01, best bound 9.404207588360e+01, gap 0.1867%
Set parameter TimeLimit to value 600
Set parameter MIPGap to value 0.05
Gurobi Optimizer version 11.0.2 build v11.0.2rc0 (linux64 - "Red Hat Enterprise Linux 9.6 (Plow)")

CPU model: AMD EPYC 9575F 64-Core Processor, instruction set [SSE2|AVX|AVX2|AVX512]
Thread count: 128 physical cores, 128 logical processors, using up to 32 threads

Optimize a model with 940 rows, 8613 columns and 8460 nonzeros
Model fingerprint: 0x9e01c146
Model has 8613 quadratic objective terms
Variable types: 0 continuous, 8613 integer (0 binary)
Coefficient statistics:
  Matrix range     [1e+00, 1e+00]
  Objective range  [1e-09, 7e-01]
  QObjective range [4e-02, 1e-01]
  Bounds range     [1e+00, 2e+01]
  RHS range        [1e+00, 2e+01]

Loaded user MIP start with objective 93.9356

Presolve removed 939 rows and 8604 columns
Presolve time: 3.73s
Presolved: 1 rows, 9 columns, 9 nonzeros
Presolved model has 9 quadratic objective terms
Found heuristic solution: objective 93.7118953
Variable types: 0 continuous, 9 integer (0 binary)

Explored 0 nodes (0 simplex iterations) in 3.73 seconds (0.11 work units)
Thread count was 32 (of 128 available processors)

Solution count 2: 93.7119 93.9356 

Optimal solution found (tolerance 5.00e-02)
Best objective 9.371189527088e+01, best bound 9.353416635004e+01, gap 0.1897%
Set parameter TimeLimit to value 600
Set parameter MIPGap to value 0.05
Gurobi Optimizer version 11.0.2 build v11.0.2rc0 (linux64 - "Red Hat Enterprise Linux 9.6 (Plow)")

CPU model: AMD EPYC 9575F 64-Core Processor, instruction set [SSE2|AVX|AVX2|AVX512]
Thread count: 128 physical cores, 128 logical processors, using up to 32 threads

Optimize a model with 940 rows, 8613 columns and 8460 nonzeros
Model fingerprint: 0xacc0e65a
Model has 8613 quadratic objective terms
Variable types: 0 continuous, 8613 integer (0 binary)
Coefficient statistics:
  Matrix range     [1e+00, 1e+00]
  Objective range  [1e-09, 7e-01]
  QObjective range [4e-02, 1e-01]
  Bounds range     [1e+00, 2e+01]
  RHS range        [1e+00, 2e+01]

Loaded user MIP start with objective 93.5276

Presolve removed 939 rows and 8604 columns
Presolve time: 3.38s
Presolved: 1 rows, 9 columns, 9 nonzeros
Presolved model has 9 quadratic objective terms
Found heuristic solution: objective 93.3847462
Variable types: 0 continuous, 9 integer (0 binary)

Explored 0 nodes (0 simplex iterations) in 3.38 seconds (0.11 work units)
Thread count was 32 (of 128 available processors)

Solution count 2: 93.3847 93.5276 

Optimal solution found (tolerance 5.00e-02)
Best objective 9.338474617527e+01, best bound 9.320586269924e+01, gap 0.1916%
Set parameter TimeLimit to value 600
Set parameter MIPGap to value 0.05
Gurobi Optimizer version 11.0.2 build v11.0.2rc0 (linux64 - "Red Hat Enterprise Linux 9.6 (Plow)")

CPU model: AMD EPYC 9575F 64-Core Processor, instruction set [SSE2|AVX|AVX2|AVX512]
Thread count: 128 physical cores, 128 logical processors, using up to 32 threads

Optimize a model with 940 rows, 8613 columns and 8460 nonzeros
Model fingerprint: 0x7b861d2e
Model has 8613 quadratic objective terms
Variable types: 0 continuous, 8613 integer (0 binary)
Coefficient statistics:
  Matrix range     [1e+00, 1e+00]
  Objective range  [1e-09, 7e-01]
  QObjective range [4e-02, 1e-01]
  Bounds range     [1e+00, 2e+01]
  RHS range        [1e+00, 2e+01]

Loaded user MIP start with objective 93.1855

Presolve removed 939 rows and 8604 columns
Presolve time: 3.40s
Presolved: 1 rows, 9 columns, 9 nonzeros
Presolved model has 9 quadratic objective terms
Found heuristic solution: objective 93.0881415
Variable types: 0 continuous, 9 integer (0 binary)

Explored 0 nodes (0 simplex iterations) in 3.40 seconds (0.11 work units)
Thread count was 32 (of 128 available processors)

Solution count 2: 93.0881 93.1855 

Optimal solution found (tolerance 5.00e-02)
Best objective 9.308814154775e+01, best bound 9.290733589769e+01, gap 0.1942%
Set parameter TimeLimit to value 600
Set parameter MIPGap to value 0.05
Gurobi Optimizer version 11.0.2 build v11.0.2rc0 (linux64 - "Red Hat Enterprise Linux 9.6 (Plow)")

CPU model: AMD EPYC 9575F 64-Core Processor, instruction set [SSE2|AVX|AVX2|AVX512]
Thread count: 128 physical cores, 128 logical processors, using up to 32 threads

Optimize a model with 940 rows, 8613 columns and 8460 nonzeros
Model fingerprint: 0x7d595a69
Model has 8613 quadratic objective terms
Variable types: 0 continuous, 8613 integer (0 binary)
Coefficient statistics:
  Matrix range     [1e+00, 1e+00]
  Objective range  [1e-09, 7e-01]
  QObjective range [4e-02, 1e-01]
  Bounds range     [1e+00, 2e+01]
  RHS range        [1e+00, 2e+01]

Loaded user MIP start with objective 92.9051

Presolve removed 939 rows and 8604 columns
Presolve time: 3.61s
Presolved: 1 rows, 9 columns, 9 nonzeros
Presolved model has 9 quadratic objective terms
Found heuristic solution: objective 92.8201471
Variable types: 0 continuous, 9 integer (0 binary)

Explored 0 nodes (0 simplex iterations) in 3.61 seconds (0.11 work units)
Thread count was 32 (of 128 available processors)

Solution count 2: 92.8201 92.9051 

Optimal solution found (tolerance 5.00e-02)
Best objective 9.282014711558e+01, best bound 9.263741028505e+01, gap 0.1969%
Parquet file for pass 1 loaded successfully.
Spot and CellType successfully split (using ::: delimiter).

Spot name formats:
AnnData spot names format: Index(['spot_1', 'spot_2', 'spot_3', 'spot_4', 'spot_5'], dtype='object')
Parquet spot names format: ['spot_1' 'spot_2' 'spot_3' 'spot_4' 'spot_5']
Added layer: Plasmablasts_genes_pass1 (Shape: (957, 29733))
Added layer: CAFs_genes_pass1 (Shape: (957, 29733))
Added layer: T-cells_genes_pass1 (Shape: (957, 29733))
Added layer: Endothelial_genes_pass1 (Shape: (957, 29733))
Added layer: Normal_Epithelial_genes_pass1 (Shape: (957, 29733))
Added layer: B-cells_genes_pass1 (Shape: (957, 29733))
Added layer: PVL_genes_pass1 (Shape: (957, 29733))
Added layer: Myeloid_genes_pass1 (Shape: (957, 29733))
Added layer: Cancer_Epithelial_genes_pass1 (Shape: (957, 29733))
RMSE, NRMSE, and MAE per cell type:
	CAFs: RMSE: 0.2780, NRMSE: 0.0397, MAE: 0.0465
	Endothelial: RMSE: 0.0773, NRMSE: 0.0110, MAE: 0.0023
	Normal Epithelial: RMSE: 0.0608, NRMSE: nan, MAE: 0.0014
	Cancer Epithelial: RMSE: 0.3178, NRMSE: 0.0373, MAE: 0.0599
	B-cells: RMSE: 0.1287, NRMSE: 0.0177, MAE: 0.0080
	T-cells: RMSE: 0.1737, NRMSE: 0.0232, MAE: 0.0160
	Plasmablasts: RMSE: 0.0660, NRMSE: 0.0075, MAE: 0.0018
	PVL: RMSE: 0.0600, NRMSE: nan, MAE: 0.0013
	Myeloid: RMSE: 0.1628, NRMSE: 0.0230, MAE: 0.0154

Overall RMSE statistics:
	Average RMSE: 0.1472
	Median RMSE:  0.1287

Overall NRMSE statistics:
	Average NRMSE: 0.0228
	Median NRMSE:  0.0230

Overall MAE statistics:
	Average MAE: 0.0170
	Median MAE:  0.0080
Per-cell type metrics saved to per_celltype_metrics.csv

=== RESULTS ===
Nuclei count correlation: 0.986
Proportion correlation: 0.607
