CitegeistModel initialized successfully.
Antibody capture data preprocessing completed: Winsorized, CLR applied, no NaNs detected.
Set parameter LicenseID to value 276015
Set parameter GURO_PAR_SPECIAL
Set parameter TokenServer to value "license.crc.pitt.edu"
Set parameter TimeLimit to value 600
Set parameter MIPGap to value 0.05
Gurobi Optimizer version 11.0.2 build v11.0.2rc0 (linux64 - "Red Hat Enterprise Linux 9.6 (Plow)")

CPU model: Intel(R) Xeon(R) Gold 6248R CPU @ 3.00GHz, instruction set [SSE2|AVX|AVX2|AVX512]
Thread count: 48 physical cores, 48 logical processors, using up to 32 threads

Optimize a model with 1864 rows, 8604 columns and 16776 nonzeros
Model fingerprint: 0x0b54d0ab
Model has 8604 quadratic objective terms
Variable types: 0 continuous, 8604 integer (0 binary)
Coefficient statistics:
  Matrix range     [1e+00, 1e+00]
  Objective range  [1e-07, 2e+00]
  QObjective range [2e+00, 2e+00]
  Bounds range     [1e+00, 2e+01]
  RHS range        [1e+00, 2e+01]

Loaded user MIP start with objective 3650.02

Presolve removed 1863 rows and 8595 columns (presolve time = 8s) ...
Presolve removed 1863 rows and 8595 columns
Presolve time: 8.06s
Presolved: 1 rows, 9 columns, 9 nonzeros
Presolved model has 9 quadratic objective terms
Found heuristic solution: objective 3020.1209181
Variable types: 0 continuous, 9 integer (0 binary)

Explored 0 nodes (0 simplex iterations) in 8.06 seconds (0.26 work units)
Thread count was 32 (of 48 available processors)

Solution count 2: 3020.12 3650.02 

Optimal solution found (tolerance 5.00e-02)
Best objective 3.020120918101e+03, best bound 3.014787585274e+03, gap 0.1766%
Set parameter TimeLimit to value 600
Set parameter MIPGap to value 0.05
Gurobi Optimizer version 11.0.2 build v11.0.2rc0 (linux64 - "Red Hat Enterprise Linux 9.6 (Plow)")

CPU model: Intel(R) Xeon(R) Gold 6248R CPU @ 3.00GHz, instruction set [SSE2|AVX|AVX2|AVX512]
Thread count: 48 physical cores, 48 logical processors, using up to 32 threads

Optimize a model with 1864 rows, 8604 columns and 16776 nonzeros
Model fingerprint: 0x63330a89
Model has 8604 quadratic objective terms
Variable types: 0 continuous, 8604 integer (0 binary)
Coefficient statistics:
  Matrix range     [1e+00, 1e+00]
  Objective range  [1e-08, 1e+00]
  QObjective range [2e-02, 8e-01]
  Bounds range     [1e+00, 2e+01]
  RHS range        [1e+00, 2e+01]

Loaded user MIP start with objective 446.309

Presolve removed 1863 rows and 8595 columns
Presolve time: 3.02s
Presolved: 1 rows, 9 columns, 9 nonzeros
Presolved model has 9 quadratic objective terms
Found heuristic solution: objective 255.9931590
Variable types: 0 continuous, 9 integer (0 binary)

Explored 0 nodes (0 simplex iterations) in 3.02 seconds (0.10 work units)
Thread count was 32 (of 48 available processors)

Solution count 2: 255.993 446.309 

Optimal solution found (tolerance 5.00e-02)
Best objective 2.559931589958e+02, best bound 2.543325455910e+02, gap 0.6487%
Set parameter TimeLimit to value 600
Set parameter MIPGap to value 0.05
Gurobi Optimizer version 11.0.2 build v11.0.2rc0 (linux64 - "Red Hat Enterprise Linux 9.6 (Plow)")

CPU model: Intel(R) Xeon(R) Gold 6248R CPU @ 3.00GHz, instruction set [SSE2|AVX|AVX2|AVX512]
Thread count: 48 physical cores, 48 logical processors, using up to 32 threads

Optimize a model with 1864 rows, 8604 columns and 16776 nonzeros
Model fingerprint: 0xb6a79265
Model has 8604 quadratic objective terms
Variable types: 0 continuous, 8604 integer (0 binary)
Coefficient statistics:
  Matrix range     [1e+00, 1e+00]
  Objective range  [1e-08, 1e+00]
  QObjective range [2e-02, 7e-01]
  Bounds range     [1e+00, 2e+01]
  RHS range        [1e+00, 2e+01]

Loaded user MIP start with objective 246.829

Presolve removed 1863 rows and 8595 columns
Presolve time: 3.28s
Presolved: 1 rows, 9 columns, 9 nonzeros
Presolved model has 9 quadratic objective terms
Found heuristic solution: objective 240.4499648
Variable types: 0 continuous, 9 integer (0 binary)

Explored 0 nodes (0 simplex iterations) in 3.28 seconds (0.09 work units)
Thread count was 32 (of 48 available processors)

Solution count 2: 240.45 246.829 

Optimal solution found (tolerance 5.00e-02)
Best objective 2.404499647620e+02, best bound 2.389290201442e+02, gap 0.6325%
Set parameter TimeLimit to value 600
Set parameter MIPGap to value 0.05
Gurobi Optimizer version 11.0.2 build v11.0.2rc0 (linux64 - "Red Hat Enterprise Linux 9.6 (Plow)")

CPU model: Intel(R) Xeon(R) Gold 6248R CPU @ 3.00GHz, instruction set [SSE2|AVX|AVX2|AVX512]
Thread count: 48 physical cores, 48 logical processors, using up to 32 threads

Optimize a model with 1864 rows, 8604 columns and 16776 nonzeros
Model fingerprint: 0x9b2567a6
Model has 8604 quadratic objective terms
Variable types: 0 continuous, 8604 integer (0 binary)
Coefficient statistics:
  Matrix range     [1e+00, 1e+00]
  Objective range  [1e-08, 1e+00]
  QObjective range [2e-02, 6e-01]
  Bounds range     [1e+00, 2e+01]
  RHS range        [1e+00, 2e+01]

Loaded user MIP start with objective 233.554

Presolve removed 1863 rows and 8595 columns
Presolve time: 3.22s
Presolved: 1 rows, 9 columns, 9 nonzeros
Presolved model has 9 quadratic objective terms
Found heuristic solution: objective 231.3775773
Variable types: 0 continuous, 9 integer (0 binary)

Explored 0 nodes (0 simplex iterations) in 3.23 seconds (0.09 work units)
Thread count was 32 (of 48 available processors)

Solution count 2: 231.378 233.554 

Optimal solution found (tolerance 5.00e-02)
Best objective 2.313775773327e+02, best bound 2.299519694204e+02, gap 0.6161%
Set parameter TimeLimit to value 600
Set parameter MIPGap to value 0.05
Gurobi Optimizer version 11.0.2 build v11.0.2rc0 (linux64 - "Red Hat Enterprise Linux 9.6 (Plow)")

CPU model: Intel(R) Xeon(R) Gold 6248R CPU @ 3.00GHz, instruction set [SSE2|AVX|AVX2|AVX512]
Thread count: 48 physical cores, 48 logical processors, using up to 32 threads

Optimize a model with 1864 rows, 8604 columns and 16776 nonzeros
Model fingerprint: 0x8d34b69c
Model has 8604 quadratic objective terms
Variable types: 0 continuous, 8604 integer (0 binary)
Coefficient statistics:
  Matrix range     [1e+00, 1e+00]
  Objective range  [1e-08, 1e+00]
  QObjective range [2e-02, 5e-01]
  Bounds range     [1e+00, 2e+01]
  RHS range        [1e+00, 2e+01]

Loaded user MIP start with objective 226.312

Presolve removed 1863 rows and 8595 columns
Presolve time: 3.10s
Presolved: 1 rows, 9 columns, 9 nonzeros
Presolved model has 9 quadratic objective terms
Found heuristic solution: objective 225.7624741
Variable types: 0 continuous, 9 integer (0 binary)

Explored 0 nodes (0 simplex iterations) in 3.10 seconds (0.09 work units)
Thread count was 32 (of 48 available processors)

Solution count 2: 225.762 226.312 

Optimal solution found (tolerance 5.00e-02)
Best objective 2.257624740836e+02, best bound 2.243319524538e+02, gap 0.6336%
Set parameter TimeLimit to value 600
Set parameter MIPGap to value 0.05
Gurobi Optimizer version 11.0.2 build v11.0.2rc0 (linux64 - "Red Hat Enterprise Linux 9.6 (Plow)")

CPU model: Intel(R) Xeon(R) Gold 6248R CPU @ 3.00GHz, instruction set [SSE2|AVX|AVX2|AVX512]
Thread count: 48 physical cores, 48 logical processors, using up to 32 threads

Optimize a model with 1864 rows, 8604 columns and 16776 nonzeros
Model fingerprint: 0x5777f8d8
Model has 8604 quadratic objective terms
Variable types: 0 continuous, 8604 integer (0 binary)
Coefficient statistics:
  Matrix range     [1e+00, 1e+00]
  Objective range  [1e-08, 1e+00]
  QObjective range [2e-02, 5e-01]
  Bounds range     [1e+00, 2e+01]
  RHS range        [1e+00, 2e+01]

Loaded user MIP start with objective 221.609

Presolve removed 1863 rows and 8595 columns
Presolve time: 2.82s
Presolved: 1 rows, 9 columns, 9 nonzeros
Presolved model has 9 quadratic objective terms
Found heuristic solution: objective 221.0482942
Variable types: 0 continuous, 9 integer (0 binary)

Explored 0 nodes (0 simplex iterations) in 2.83 seconds (0.09 work units)
Thread count was 32 (of 48 available processors)

Solution count 2: 221.048 221.609 

Optimal solution found (tolerance 5.00e-02)
Best objective 2.210482942396e+02, best bound 2.195678446760e+02, gap 0.6697%
Set parameter TimeLimit to value 600
Set parameter MIPGap to value 0.05
Gurobi Optimizer version 11.0.2 build v11.0.2rc0 (linux64 - "Red Hat Enterprise Linux 9.6 (Plow)")

CPU model: Intel(R) Xeon(R) Gold 6248R CPU @ 3.00GHz, instruction set [SSE2|AVX|AVX2|AVX512]
Thread count: 48 physical cores, 48 logical processors, using up to 32 threads

Optimize a model with 1864 rows, 8604 columns and 16776 nonzeros
Model fingerprint: 0x1b47147d
Model has 8604 quadratic objective terms
Variable types: 0 continuous, 8604 integer (0 binary)
Coefficient statistics:
  Matrix range     [1e+00, 1e+00]
  Objective range  [1e-08, 1e+00]
  QObjective range [2e-02, 5e-01]
  Bounds range     [1e+00, 2e+01]
  RHS range        [1e+00, 2e+01]

Loaded user MIP start with objective 218.39

Presolve removed 1863 rows and 8595 columns
Presolve time: 4.12s
Presolved: 1 rows, 9 columns, 9 nonzeros
Presolved model has 9 quadratic objective terms
Found heuristic solution: objective 217.6440662
Variable types: 0 continuous, 9 integer (0 binary)

Explored 0 nodes (0 simplex iterations) in 4.12 seconds (0.09 work units)
Thread count was 32 (of 48 available processors)

Solution count 2: 217.644 218.39 

Optimal solution found (tolerance 5.00e-02)
Best objective 2.176440661807e+02, best bound 2.161123698126e+02, gap 0.7038%
Set parameter TimeLimit to value 600
Set parameter MIPGap to value 0.05
Gurobi Optimizer version 11.0.2 build v11.0.2rc0 (linux64 - "Red Hat Enterprise Linux 9.6 (Plow)")

CPU model: Intel(R) Xeon(R) Gold 6248R CPU @ 3.00GHz, instruction set [SSE2|AVX|AVX2|AVX512]
Thread count: 48 physical cores, 48 logical processors, using up to 32 threads

Optimize a model with 1864 rows, 8604 columns and 16776 nonzeros
Model fingerprint: 0x0b2c3a9c
Model has 8604 quadratic objective terms
Variable types: 0 continuous, 8604 integer (0 binary)
Coefficient statistics:
  Matrix range     [1e+00, 1e+00]
  Objective range  [1e-08, 1e+00]
  QObjective range [2e-02, 5e-01]
  Bounds range     [1e+00, 2e+01]
  RHS range        [1e+00, 2e+01]

Loaded user MIP start with objective 214.501

Presolve removed 1863 rows and 8595 columns
Presolve time: 3.31s
Presolved: 1 rows, 9 columns, 9 nonzeros
Presolved model has 9 quadratic objective terms
Found heuristic solution: objective 214.0782332
Variable types: 0 continuous, 9 integer (0 binary)

Explored 0 nodes (0 simplex iterations) in 3.31 seconds (0.09 work units)
Thread count was 32 (of 48 available processors)

Solution count 2: 214.078 214.501 

Optimal solution found (tolerance 5.00e-02)
Best objective 2.140782332102e+02, best bound 2.125077916527e+02, gap 0.7336%
Set parameter TimeLimit to value 600
Set parameter MIPGap to value 0.05
Gurobi Optimizer version 11.0.2 build v11.0.2rc0 (linux64 - "Red Hat Enterprise Linux 9.6 (Plow)")

CPU model: Intel(R) Xeon(R) Gold 6248R CPU @ 3.00GHz, instruction set [SSE2|AVX|AVX2|AVX512]
Thread count: 48 physical cores, 48 logical processors, using up to 32 threads

Optimize a model with 1864 rows, 8604 columns and 16776 nonzeros
Model fingerprint: 0x4918c39c
Model has 8604 quadratic objective terms
Variable types: 0 continuous, 8604 integer (0 binary)
Coefficient statistics:
  Matrix range     [1e+00, 1e+00]
  Objective range  [1e-08, 9e-01]
  QObjective range [2e-02, 5e-01]
  Bounds range     [1e+00, 2e+01]
  RHS range        [1e+00, 2e+01]

Loaded user MIP start with objective 212.361

Presolve removed 1863 rows and 8595 columns
Presolve time: 2.69s
Presolved: 1 rows, 9 columns, 9 nonzeros
Presolved model has 9 quadratic objective terms
Found heuristic solution: objective 211.9021848
Variable types: 0 continuous, 9 integer (0 binary)

Explored 0 nodes (0 simplex iterations) in 2.70 seconds (0.08 work units)
Thread count was 32 (of 48 available processors)

Solution count 2: 211.902 212.361 

Optimal solution found (tolerance 5.00e-02)
Best objective 2.119021848031e+02, best bound 2.102994396190e+02, gap 0.7564%
Set parameter TimeLimit to value 600
Set parameter MIPGap to value 0.05
Gurobi Optimizer version 11.0.2 build v11.0.2rc0 (linux64 - "Red Hat Enterprise Linux 9.6 (Plow)")

CPU model: Intel(R) Xeon(R) Gold 6248R CPU @ 3.00GHz, instruction set [SSE2|AVX|AVX2|AVX512]
Thread count: 48 physical cores, 48 logical processors, using up to 32 threads

Optimize a model with 1864 rows, 8604 columns and 16776 nonzeros
Model fingerprint: 0x67e8bf1c
Model has 8604 quadratic objective terms
Variable types: 0 continuous, 8604 integer (0 binary)
Coefficient statistics:
  Matrix range     [1e+00, 1e+00]
  Objective range  [1e-08, 9e-01]
  QObjective range [2e-02, 4e-01]
  Bounds range     [1e+00, 2e+01]
  RHS range        [1e+00, 2e+01]

Loaded user MIP start with objective 212.713

Presolve removed 1863 rows and 8595 columns
Presolve time: 2.78s
Presolved: 1 rows, 9 columns, 9 nonzeros
Presolved model has 9 quadratic objective terms
Found heuristic solution: objective 212.3562829
Variable types: 0 continuous, 9 integer (0 binary)

Explored 0 nodes (0 simplex iterations) in 2.78 seconds (0.08 work units)
Thread count was 32 (of 48 available processors)

Solution count 2: 212.356 212.713 

Optimal solution found (tolerance 5.00e-02)
Best objective 2.123562828694e+02, best bound 2.107326984289e+02, gap 0.7646%
Parquet file for pass 1 loaded successfully.
Spot and CellType successfully split (using ::: delimiter).

Spot name formats:
AnnData spot names format: Index(['spot_1', 'spot_2', 'spot_3', 'spot_4', 'spot_5'], dtype='object')
Parquet spot names format: ['spot_1' 'spot_2' 'spot_3' 'spot_4' 'spot_5']
Added layer: B-cells_genes_pass1 (Shape: (956, 29733))
Added layer: CAFs_genes_pass1 (Shape: (956, 29733))
Added layer: Myeloid_genes_pass1 (Shape: (956, 29733))
Added layer: Endothelial_genes_pass1 (Shape: (956, 29733))
Added layer: Cancer_Epithelial_genes_pass1 (Shape: (956, 29733))
Added layer: Normal_Epithelial_genes_pass1 (Shape: (956, 29733))
Added layer: T-cells_genes_pass1 (Shape: (956, 29733))
Added layer: PVL_genes_pass1 (Shape: (956, 29733))
Added layer: Plasmablasts_genes_pass1 (Shape: (956, 29733))
RMSE, NRMSE, and MAE per cell type:
	Plasmablasts: RMSE: 0.0618, NRMSE: 0.0081, MAE: 0.0016
	CAFs: RMSE: 0.2801, NRMSE: 0.0398, MAE: 0.0471
	B-cells: RMSE: 0.1239, NRMSE: 0.0172, MAE: 0.0076
	PVL: RMSE: 0.0763, NRMSE: 0.0110, MAE: 0.0026
	Endothelial: RMSE: 0.0802, NRMSE: 0.0112, MAE: 0.0027
	Cancer Epithelial: RMSE: 0.3166, NRMSE: 0.0374, MAE: 0.0589
	Normal Epithelial: RMSE: 0.0811, NRMSE: 0.0123, MAE: 0.0032
	Myeloid: RMSE: 0.1612, NRMSE: 0.0231, MAE: 0.0152
	T-cells: RMSE: 0.1706, NRMSE: 0.0240, MAE: 0.0157

Overall RMSE statistics:
	Average RMSE: 0.1502
	Median RMSE:  0.1239

Overall NRMSE statistics:
	Average NRMSE: 0.0205
	Median NRMSE:  0.0172

Overall MAE statistics:
	Average MAE: 0.0172
	Median MAE:  0.0076
Per-cell type metrics saved to per_celltype_metrics.csv

=== RESULTS ===
Nuclei count correlation: 0.987
Proportion correlation: 0.646
