CitegeistModel initialized successfully.
Set parameter LicenseID to value 276015
Set parameter GURO_PAR_SPECIAL
Set parameter TokenServer to value "license.crc.pitt.edu"
Set parameter TimeLimit to value 600
Set parameter MIPGap to value 0.05
Gurobi Optimizer version 11.0.2 build v11.0.2rc0 (linux64 - "Red Hat Enterprise Linux 9.6 (Plow)")

CPU model: AMD EPYC 9575F 64-Core Processor, instruction set [SSE2|AVX|AVX2|AVX512]
Thread count: 128 physical cores, 128 logical processors, using up to 32 threads

Optimize a model with 1864 rows, 8604 columns and 16776 nonzeros
Model fingerprint: 0x497f120d
Model has 8604 quadratic objective terms
Variable types: 0 continuous, 8604 integer (0 binary)
Coefficient statistics:
  Matrix range     [1e+00, 1e+00]
  Objective range  [1e-02, 4e+00]
  QObjective range [4e+00, 4e+00]
  Bounds range     [1e+00, 2e+01]
  RHS range        [1e+00, 2e+01]

Loaded user MIP start with objective 9084.94

Presolve removed 1863 rows and 8595 columns (presolve time = 6s) ...
Presolve removed 1863 rows and 8595 columns
Presolve time: 5.55s
Presolved: 1 rows, 9 columns, 9 nonzeros
Presolved model has 9 quadratic objective terms
Found heuristic solution: objective 7319.5085748
Variable types: 0 continuous, 9 integer (0 binary)

Explored 0 nodes (0 simplex iterations) in 5.55 seconds (0.23 work units)
Thread count was 32 (of 128 available processors)

Solution count 2: 7319.51 9084.94 

Optimal solution found (tolerance 5.00e-02)
Best objective 7.319508574842e+03, best bound 7.308748115638e+03, gap 0.1470%
Set parameter TimeLimit to value 600
Set parameter MIPGap to value 0.05
Gurobi Optimizer version 11.0.2 build v11.0.2rc0 (linux64 - "Red Hat Enterprise Linux 9.6 (Plow)")

CPU model: AMD EPYC 9575F 64-Core Processor, instruction set [SSE2|AVX|AVX2|AVX512]
Thread count: 128 physical cores, 128 logical processors, using up to 32 threads

Optimize a model with 1864 rows, 8604 columns and 16776 nonzeros
Model fingerprint: 0x771ee124
Model has 8604 quadratic objective terms
Variable types: 0 continuous, 8604 integer (0 binary)
Coefficient statistics:
  Matrix range     [1e+00, 1e+00]
  Objective range  [3e-03, 1e+00]
  QObjective range [2e-01, 3e-01]
  Bounds range     [1e+00, 2e+01]
  RHS range        [1e+00, 2e+01]

Loaded user MIP start with objective 1506.37

Presolve removed 1863 rows and 8595 columns
Presolve time: 3.32s
Presolved: 1 rows, 9 columns, 9 nonzeros
Presolved model has 9 quadratic objective terms
Found heuristic solution: objective 1333.8779366
Variable types: 0 continuous, 9 integer (0 binary)

Explored 0 nodes (0 simplex iterations) in 3.32 seconds (0.13 work units)
Thread count was 32 (of 128 available processors)

Solution count 2: 1333.88 1506.37 

Optimal solution found (tolerance 5.00e-02)
Best objective 1.333877936597e+03, best bound 1.331257374707e+03, gap 0.1965%
Set parameter TimeLimit to value 600
Set parameter MIPGap to value 0.05
Gurobi Optimizer version 11.0.2 build v11.0.2rc0 (linux64 - "Red Hat Enterprise Linux 9.6 (Plow)")

CPU model: AMD EPYC 9575F 64-Core Processor, instruction set [SSE2|AVX|AVX2|AVX512]
Thread count: 128 physical cores, 128 logical processors, using up to 32 threads

Optimize a model with 1864 rows, 8604 columns and 16776 nonzeros
Model fingerprint: 0xb315c557
Model has 8604 quadratic objective terms
Variable types: 0 continuous, 8604 integer (0 binary)
Coefficient statistics:
  Matrix range     [1e+00, 1e+00]
  Objective range  [3e-03, 1e+00]
  QObjective range [1e-01, 3e-01]
  Bounds range     [1e+00, 2e+01]
  RHS range        [1e+00, 2e+01]

Loaded user MIP start with objective 1325.7

Presolve removed 1863 rows and 8595 columns
Presolve time: 3.09s
Presolved: 1 rows, 9 columns, 9 nonzeros
Presolved model has 9 quadratic objective terms
Found heuristic solution: objective 1318.2030085
Variable types: 0 continuous, 9 integer (0 binary)

Explored 0 nodes (0 simplex iterations) in 3.10 seconds (0.12 work units)
Thread count was 32 (of 128 available processors)

Solution count 2: 1318.2 1325.7 

Optimal solution found (tolerance 5.00e-02)
Best objective 1.318203008546e+03, best bound 1.315595898361e+03, gap 0.1978%
Set parameter TimeLimit to value 600
Set parameter MIPGap to value 0.05
Gurobi Optimizer version 11.0.2 build v11.0.2rc0 (linux64 - "Red Hat Enterprise Linux 9.6 (Plow)")

CPU model: AMD EPYC 9575F 64-Core Processor, instruction set [SSE2|AVX|AVX2|AVX512]
Thread count: 128 physical cores, 128 logical processors, using up to 32 threads

Optimize a model with 1864 rows, 8604 columns and 16776 nonzeros
Model fingerprint: 0xe4ba9291
Model has 8604 quadratic objective terms
Variable types: 0 continuous, 8604 integer (0 binary)
Coefficient statistics:
  Matrix range     [1e+00, 1e+00]
  Objective range  [4e-03, 1e+00]
  QObjective range [6e-02, 4e-01]
  Bounds range     [1e+00, 2e+01]
  RHS range        [1e+00, 2e+01]

Loaded user MIP start with objective 1310.9

Presolve removed 1863 rows and 8595 columns
Presolve time: 2.66s
Presolved: 1 rows, 9 columns, 9 nonzeros
Presolved model has 9 quadratic objective terms
Found heuristic solution: objective 1302.5702982
Variable types: 0 continuous, 9 integer (0 binary)

Explored 0 nodes (0 simplex iterations) in 2.66 seconds (0.12 work units)
Thread count was 32 (of 128 available processors)

Solution count 2: 1302.57 1310.9 

Optimal solution found (tolerance 5.00e-02)
Best objective 1.302570298167e+03, best bound 1.299913000095e+03, gap 0.2040%
Set parameter TimeLimit to value 600
Set parameter MIPGap to value 0.05
Gurobi Optimizer version 11.0.2 build v11.0.2rc0 (linux64 - "Red Hat Enterprise Linux 9.6 (Plow)")

CPU model: AMD EPYC 9575F 64-Core Processor, instruction set [SSE2|AVX|AVX2|AVX512]
Thread count: 128 physical cores, 128 logical processors, using up to 32 threads

Optimize a model with 1864 rows, 8604 columns and 16776 nonzeros
Model fingerprint: 0xe9f8fe1d
Model has 8604 quadratic objective terms
Variable types: 0 continuous, 8604 integer (0 binary)
Coefficient statistics:
  Matrix range     [1e+00, 1e+00]
  Objective range  [4e-03, 1e+00]
  QObjective range [4e-02, 4e-01]
  Bounds range     [1e+00, 2e+01]
  RHS range        [1e+00, 2e+01]

Loaded user MIP start with objective 1295.51

Presolve removed 1863 rows and 8595 columns
Presolve time: 3.19s
Presolved: 1 rows, 9 columns, 9 nonzeros
Presolved model has 9 quadratic objective terms
Found heuristic solution: objective 1289.1551299
Variable types: 0 continuous, 9 integer (0 binary)

Explored 0 nodes (0 simplex iterations) in 3.19 seconds (0.12 work units)
Thread count was 32 (of 128 available processors)

Solution count 2: 1289.16 1295.51 

Optimal solution found (tolerance 5.00e-02)
Best objective 1.289155129926e+03, best bound 1.286426863664e+03, gap 0.2116%
Set parameter TimeLimit to value 600
Set parameter MIPGap to value 0.05
Gurobi Optimizer version 11.0.2 build v11.0.2rc0 (linux64 - "Red Hat Enterprise Linux 9.6 (Plow)")

CPU model: AMD EPYC 9575F 64-Core Processor, instruction set [SSE2|AVX|AVX2|AVX512]
Thread count: 128 physical cores, 128 logical processors, using up to 32 threads

Optimize a model with 1864 rows, 8604 columns and 16776 nonzeros
Model fingerprint: 0xf2eb16cb
Model has 8604 quadratic objective terms
Variable types: 0 continuous, 8604 integer (0 binary)
Coefficient statistics:
  Matrix range     [1e+00, 1e+00]
  Objective range  [4e-03, 1e+00]
  QObjective range [4e-02, 5e-01]
  Bounds range     [1e+00, 2e+01]
  RHS range        [1e+00, 2e+01]

Loaded user MIP start with objective 1284.69

Presolve removed 1863 rows and 8595 columns
Presolve time: 2.78s
Presolved: 1 rows, 9 columns, 9 nonzeros
Presolved model has 9 quadratic objective terms
Found heuristic solution: objective 1280.3920117
Variable types: 0 continuous, 9 integer (0 binary)

Explored 0 nodes (0 simplex iterations) in 2.78 seconds (0.12 work units)
Thread count was 32 (of 128 available processors)

Solution count 2: 1280.39 1284.69 

Optimal solution found (tolerance 5.00e-02)
Best objective 1.280392011663e+03, best bound 1.277586840141e+03, gap 0.2191%
Set parameter TimeLimit to value 600
Set parameter MIPGap to value 0.05
Gurobi Optimizer version 11.0.2 build v11.0.2rc0 (linux64 - "Red Hat Enterprise Linux 9.6 (Plow)")

CPU model: AMD EPYC 9575F 64-Core Processor, instruction set [SSE2|AVX|AVX2|AVX512]
Thread count: 128 physical cores, 128 logical processors, using up to 32 threads

Optimize a model with 1864 rows, 8604 columns and 16776 nonzeros
Model fingerprint: 0x9141e38c
Model has 8604 quadratic objective terms
Variable types: 0 continuous, 8604 integer (0 binary)
Coefficient statistics:
  Matrix range     [1e+00, 1e+00]
  Objective range  [4e-03, 2e+00]
  QObjective range [4e-02, 6e-01]
  Bounds range     [1e+00, 2e+01]
  RHS range        [1e+00, 2e+01]

Loaded user MIP start with objective 1275.85

Presolve removed 1863 rows and 8595 columns
Presolve time: 2.66s
Presolved: 1 rows, 9 columns, 9 nonzeros
Presolved model has 9 quadratic objective terms
Found heuristic solution: objective 1271.3761456
Variable types: 0 continuous, 9 integer (0 binary)

Explored 0 nodes (0 simplex iterations) in 2.66 seconds (0.12 work units)
Thread count was 32 (of 128 available processors)

Solution count 2: 1271.38 1275.85 

Optimal solution found (tolerance 5.00e-02)
Best objective 1.271376145629e+03, best bound 1.268524619794e+03, gap 0.2243%
Set parameter TimeLimit to value 600
Set parameter MIPGap to value 0.05
Gurobi Optimizer version 11.0.2 build v11.0.2rc0 (linux64 - "Red Hat Enterprise Linux 9.6 (Plow)")

CPU model: AMD EPYC 9575F 64-Core Processor, instruction set [SSE2|AVX|AVX2|AVX512]
Thread count: 128 physical cores, 128 logical processors, using up to 32 threads

Optimize a model with 1864 rows, 8604 columns and 16776 nonzeros
Model fingerprint: 0x21740f3d
Model has 8604 quadratic objective terms
Variable types: 0 continuous, 8604 integer (0 binary)
Coefficient statistics:
  Matrix range     [1e+00, 1e+00]
  Objective range  [4e-03, 2e+00]
  QObjective range [4e-02, 7e-01]
  Bounds range     [1e+00, 2e+01]
  RHS range        [1e+00, 2e+01]

Loaded user MIP start with objective 1267

Presolve removed 1863 rows and 8595 columns
Presolve time: 2.80s
Presolved: 1 rows, 9 columns, 9 nonzeros
Presolved model has 9 quadratic objective terms
Found heuristic solution: objective 1262.0043156
Variable types: 0 continuous, 9 integer (0 binary)

Explored 0 nodes (0 simplex iterations) in 2.80 seconds (0.11 work units)
Thread count was 32 (of 128 available processors)

Solution count 2: 1262 1267 

Optimal solution found (tolerance 5.00e-02)
Best objective 1.262004315628e+03, best bound 1.259082097445e+03, gap 0.2316%
Set parameter TimeLimit to value 600
Set parameter MIPGap to value 0.05
Gurobi Optimizer version 11.0.2 build v11.0.2rc0 (linux64 - "Red Hat Enterprise Linux 9.6 (Plow)")

CPU model: AMD EPYC 9575F 64-Core Processor, instruction set [SSE2|AVX|AVX2|AVX512]
Thread count: 128 physical cores, 128 logical processors, using up to 32 threads

Optimize a model with 1864 rows, 8604 columns and 16776 nonzeros
Model fingerprint: 0x86ed0adb
Model has 8604 quadratic objective terms
Variable types: 0 continuous, 8604 integer (0 binary)
Coefficient statistics:
  Matrix range     [1e+00, 1e+00]
  Objective range  [2e-03, 2e+00]
  QObjective range [4e-02, 8e-01]
  Bounds range     [1e+00, 2e+01]
  RHS range        [1e+00, 2e+01]

Loaded user MIP start with objective 1256.25

Presolve removed 1863 rows and 8595 columns
Presolve time: 3.30s
Presolved: 1 rows, 9 columns, 9 nonzeros
Presolved model has 9 quadratic objective terms
Found heuristic solution: objective 1253.7577311
Variable types: 0 continuous, 9 integer (0 binary)

Explored 0 nodes (0 simplex iterations) in 3.30 seconds (0.11 work units)
Thread count was 32 (of 128 available processors)

Solution count 2: 1253.76 1256.25 

Optimal solution found (tolerance 5.00e-02)
Best objective 1.253757731109e+03, best bound 1.250729996122e+03, gap 0.2415%
Set parameter TimeLimit to value 600
Set parameter MIPGap to value 0.05
Gurobi Optimizer version 11.0.2 build v11.0.2rc0 (linux64 - "Red Hat Enterprise Linux 9.6 (Plow)")

CPU model: AMD EPYC 9575F 64-Core Processor, instruction set [SSE2|AVX|AVX2|AVX512]
Thread count: 128 physical cores, 128 logical processors, using up to 32 threads

Optimize a model with 1864 rows, 8604 columns and 16776 nonzeros
Model fingerprint: 0x0d99a0bb
Model has 8604 quadratic objective terms
Variable types: 0 continuous, 8604 integer (0 binary)
Coefficient statistics:
  Matrix range     [1e+00, 1e+00]
  Objective range  [6e-04, 2e+00]
  QObjective range [4e-02, 9e-01]
  Bounds range     [1e+00, 2e+01]
  RHS range        [1e+00, 2e+01]

Loaded user MIP start with objective 1248.25

Presolve removed 1863 rows and 8595 columns
Presolve time: 2.73s
Presolved: 1 rows, 9 columns, 9 nonzeros
Presolved model has 9 quadratic objective terms
Found heuristic solution: objective 1246.7946737
Variable types: 0 continuous, 9 integer (0 binary)

Explored 0 nodes (0 simplex iterations) in 2.73 seconds (0.11 work units)
Thread count was 32 (of 128 available processors)

Solution count 2: 1246.79 1248.25 

Optimal solution found (tolerance 5.00e-02)
Best objective 1.246794673716e+03, best bound 1.243698538864e+03, gap 0.2483%
Parquet file for pass 1 loaded successfully.
Spot and CellType successfully split (using ::: delimiter).

Spot name formats:
AnnData spot names format: Index(['spot_1', 'spot_2', 'spot_3', 'spot_4', 'spot_5'], dtype='object')
Parquet spot names format: ['spot_1' 'spot_2' 'spot_3' 'spot_4' 'spot_5']
Added layer: Plasmablasts_genes_pass1 (Shape: (956, 29733))
Added layer: B-cells_genes_pass1 (Shape: (956, 29733))
Added layer: CAFs_genes_pass1 (Shape: (956, 29733))
Added layer: T-cells_genes_pass1 (Shape: (956, 29733))
Added layer: Myeloid_genes_pass1 (Shape: (956, 29733))
Added layer: Cancer_Epithelial_genes_pass1 (Shape: (956, 29733))
Added layer: Endothelial_genes_pass1 (Shape: (956, 29733))
Added layer: PVL_genes_pass1 (Shape: (956, 29733))
Added layer: Normal_Epithelial_genes_pass1 (Shape: (956, 29733))
RMSE, NRMSE, and MAE per cell type:
	Plasmablasts: RMSE: 0.0625, NRMSE: 0.0082, MAE: 0.0016
	CAFs: RMSE: 0.2806, NRMSE: 0.0399, MAE: 0.0471
	B-cells: RMSE: 0.1237, NRMSE: 0.0172, MAE: 0.0075
	PVL: RMSE: 0.0796, NRMSE: 0.0115, MAE: 0.0029
	Endothelial: RMSE: 0.0838, NRMSE: 0.0117, MAE: 0.0031
	Cancer Epithelial: RMSE: 0.3178, NRMSE: 0.0375, MAE: 0.0589
	Normal Epithelial: RMSE: 0.0845, NRMSE: 0.0128, MAE: 0.0035
	Myeloid: RMSE: 0.1614, NRMSE: 0.0231, MAE: 0.0152
	T-cells: RMSE: 0.1705, NRMSE: 0.0240, MAE: 0.0156

Overall RMSE statistics:
	Average RMSE: 0.1516
	Median RMSE:  0.1237

Overall NRMSE statistics:
	Average NRMSE: 0.0207
	Median NRMSE:  0.0172

Overall MAE statistics:
	Average MAE: 0.0173
	Median MAE:  0.0075
Per-cell type metrics saved to per_celltype_metrics.csv

=== RESULTS ===
Nuclei count correlation: 0.987
Proportion correlation: 0.298
