CitegeistModel initialized successfully.
Antibody capture data preprocessing completed for discrete mode: Winsorized [5%, 95%], scale_mode=per_marker, no per-spot normalization.
Set parameter LicenseID to value 276015
Set parameter GURO_PAR_SPECIAL
Set parameter TokenServer to value "license.crc.pitt.edu"
Set parameter TimeLimit to value 600
Set parameter MIPGap to value 0.05
Gurobi Optimizer version 11.0.2 build v11.0.2rc0 (linux64 - "Red Hat Enterprise Linux 9.6 (Plow)")

CPU model: Intel(R) Xeon(R) Platinum 8352Y CPU @ 2.20GHz, instruction set [SSE2|AVX|AVX2|AVX512]
Thread count: 64 physical cores, 64 logical processors, using up to 32 threads

Optimize a model with 940 rows, 8613 columns and 8460 nonzeros
Model fingerprint: 0x055e8a1b
Model has 8613 quadratic objective terms
Variable types: 0 continuous, 8613 integer (0 binary)
Coefficient statistics:
  Matrix range     [1e+00, 1e+00]
  Objective range  [5e-02, 4e+00]
  QObjective range [4e+00, 4e+00]
  Bounds range     [1e+00, 2e+01]
  RHS range        [1e+00, 2e+01]

Loaded user MIP start with objective 7561.3

Presolve removed 935 rows and 8568 columns (presolve time = 11s) ...
Presolve removed 935 rows and 8568 columns
Presolve time: 11.04s
Presolved: 5 rows, 45 columns, 45 nonzeros
Presolved model has 45 quadratic objective terms
Found heuristic solution: objective 5409.2283722
Variable types: 0 continuous, 45 integer (0 binary)

Explored 0 nodes (0 simplex iterations) in 11.05 seconds (0.22 work units)
Thread count was 32 (of 64 available processors)

Solution count 2: 5409.23 7561.3 

Optimal solution found (tolerance 5.00e-02)
Best objective 5.409228372164e+03, best bound 5.354778860695e+03, gap 1.0066%
Set parameter TimeLimit to value 600
Set parameter MIPGap to value 0.05
Gurobi Optimizer version 11.0.2 build v11.0.2rc0 (linux64 - "Red Hat Enterprise Linux 9.6 (Plow)")

CPU model: Intel(R) Xeon(R) Platinum 8352Y CPU @ 2.20GHz, instruction set [SSE2|AVX|AVX2|AVX512]
Thread count: 64 physical cores, 64 logical processors, using up to 32 threads

Optimize a model with 940 rows, 8613 columns and 8460 nonzeros
Model fingerprint: 0xa68dae02
Model has 8613 quadratic objective terms
Variable types: 0 continuous, 8613 integer (0 binary)
Coefficient statistics:
  Matrix range     [1e+00, 1e+00]
  Objective range  [2e-02, 2e+00]
  QObjective range [4e-01, 9e-01]
  Bounds range     [1e+00, 2e+01]
  RHS range        [1e+00, 2e+01]

Loaded user MIP start with objective 1362.53

Presolve removed 939 rows and 8604 columns (presolve time = 6s) ...
Presolve removed 939 rows and 8604 columns
Presolve time: 6.25s
Presolved: 1 rows, 9 columns, 9 nonzeros
Presolved model has 9 quadratic objective terms
Found heuristic solution: objective 1057.8523621
Variable types: 0 continuous, 9 integer (0 binary)

Explored 0 nodes (0 simplex iterations) in 6.25 seconds (0.12 work units)
Thread count was 32 (of 64 available processors)

Solution count 2: 1057.85 1362.53 

Optimal solution found (tolerance 5.00e-02)
Best objective 1.057852362141e+03, best bound 1.054822655943e+03, gap 0.2864%
Set parameter TimeLimit to value 600
Set parameter MIPGap to value 0.05
Gurobi Optimizer version 11.0.2 build v11.0.2rc0 (linux64 - "Red Hat Enterprise Linux 9.6 (Plow)")

CPU model: Intel(R) Xeon(R) Platinum 8352Y CPU @ 2.20GHz, instruction set [SSE2|AVX|AVX2|AVX512]
Thread count: 64 physical cores, 64 logical processors, using up to 32 threads

Optimize a model with 940 rows, 8613 columns and 8460 nonzeros
Model fingerprint: 0x17e29111
Model has 8613 quadratic objective terms
Variable types: 0 continuous, 8613 integer (0 binary)
Coefficient statistics:
  Matrix range     [1e+00, 1e+00]
  Objective range  [1e-02, 2e+00]
  QObjective range [3e-01, 8e-01]
  Bounds range     [1e+00, 2e+01]
  RHS range        [1e+00, 2e+01]

Loaded user MIP start with objective 1046.18

Presolve removed 939 rows and 8604 columns (presolve time = 6s) ...
Presolve removed 939 rows and 8604 columns
Presolve time: 5.80s
Presolved: 1 rows, 9 columns, 9 nonzeros
Presolved model has 9 quadratic objective terms
Found heuristic solution: objective 1043.9274217
Variable types: 0 continuous, 9 integer (0 binary)

Explored 0 nodes (0 simplex iterations) in 5.81 seconds (0.11 work units)
Thread count was 32 (of 64 available processors)

Solution count 2: 1043.93 1046.18 

Optimal solution found (tolerance 5.00e-02)
Best objective 1.043927421696e+03, best bound 1.040987075956e+03, gap 0.2817%
Set parameter TimeLimit to value 600
Set parameter MIPGap to value 0.05
Gurobi Optimizer version 11.0.2 build v11.0.2rc0 (linux64 - "Red Hat Enterprise Linux 9.6 (Plow)")

CPU model: Intel(R) Xeon(R) Platinum 8352Y CPU @ 2.20GHz, instruction set [SSE2|AVX|AVX2|AVX512]
Thread count: 64 physical cores, 64 logical processors, using up to 32 threads

Optimize a model with 940 rows, 8613 columns and 8460 nonzeros
Model fingerprint: 0xb8432624
Model has 8613 quadratic objective terms
Variable types: 0 continuous, 8613 integer (0 binary)
Coefficient statistics:
  Matrix range     [1e+00, 1e+00]
  Objective range  [4e-05, 2e+00]
  QObjective range [3e-01, 7e-01]
  Bounds range     [1e+00, 2e+01]
  RHS range        [1e+00, 2e+01]

Loaded user MIP start with objective 1040.49

Presolve removed 939 rows and 8604 columns (presolve time = 7s) ...
Presolve removed 939 rows and 8604 columns
Presolve time: 6.51s
Presolved: 1 rows, 9 columns, 9 nonzeros
Presolved model has 9 quadratic objective terms
Found heuristic solution: objective 1039.9053586
Variable types: 0 continuous, 9 integer (0 binary)

Explored 0 nodes (0 simplex iterations) in 6.51 seconds (0.11 work units)
Thread count was 32 (of 64 available processors)

Solution count 2: 1039.91 1040.49 

Optimal solution found (tolerance 5.00e-02)
Best objective 1.039905358614e+03, best bound 1.036988158724e+03, gap 0.2805%
Set parameter TimeLimit to value 600
Set parameter MIPGap to value 0.05
Gurobi Optimizer version 11.0.2 build v11.0.2rc0 (linux64 - "Red Hat Enterprise Linux 9.6 (Plow)")

CPU model: Intel(R) Xeon(R) Platinum 8352Y CPU @ 2.20GHz, instruction set [SSE2|AVX|AVX2|AVX512]
Thread count: 64 physical cores, 64 logical processors, using up to 32 threads

Optimize a model with 940 rows, 8613 columns and 8460 nonzeros
Model fingerprint: 0xf9d4e92e
Model has 8613 quadratic objective terms
Variable types: 0 continuous, 8613 integer (0 binary)
Coefficient statistics:
  Matrix range     [1e+00, 1e+00]
  Objective range  [2e-03, 2e+00]
  QObjective range [3e-01, 7e-01]
  Bounds range     [1e+00, 2e+01]
  RHS range        [1e+00, 2e+01]

Loaded user MIP start with objective 1035.59

Presolve removed 939 rows and 8604 columns (presolve time = 7s) ...
Presolve removed 939 rows and 8604 columns
Presolve time: 6.70s
Presolved: 1 rows, 9 columns, 9 nonzeros
Presolved model has 9 quadratic objective terms
Found heuristic solution: objective 1035.1159737
Variable types: 0 continuous, 9 integer (0 binary)

Explored 0 nodes (0 simplex iterations) in 6.70 seconds (0.11 work units)
Thread count was 32 (of 64 available processors)

Solution count 2: 1035.12 1035.59 

Optimal solution found (tolerance 5.00e-02)
Best objective 1.035115973666e+03, best bound 1.032207295107e+03, gap 0.2810%
Set parameter TimeLimit to value 600
Set parameter MIPGap to value 0.05
Gurobi Optimizer version 11.0.2 build v11.0.2rc0 (linux64 - "Red Hat Enterprise Linux 9.6 (Plow)")

CPU model: Intel(R) Xeon(R) Platinum 8352Y CPU @ 2.20GHz, instruction set [SSE2|AVX|AVX2|AVX512]
Thread count: 64 physical cores, 64 logical processors, using up to 32 threads

Optimize a model with 940 rows, 8613 columns and 8460 nonzeros
Model fingerprint: 0xc4c1d417
Model has 8613 quadratic objective terms
Variable types: 0 continuous, 8613 integer (0 binary)
Coefficient statistics:
  Matrix range     [1e+00, 1e+00]
  Objective range  [5e-03, 2e+00]
  QObjective range [3e-01, 7e-01]
  Bounds range     [1e+00, 2e+01]
  RHS range        [1e+00, 2e+01]

Loaded user MIP start with objective 1031.75

Presolve removed 939 rows and 8604 columns (presolve time = 7s) ...
Presolve removed 939 rows and 8604 columns
Presolve time: 6.53s
Presolved: 1 rows, 9 columns, 9 nonzeros
Presolved model has 9 quadratic objective terms
Found heuristic solution: objective 1031.2305262
Variable types: 0 continuous, 9 integer (0 binary)

Explored 0 nodes (0 simplex iterations) in 6.53 seconds (0.11 work units)
Thread count was 32 (of 64 available processors)

Solution count 2: 1031.23 1031.75 

Optimal solution found (tolerance 5.00e-02)
Best objective 1.031230526209e+03, best bound 1.028326291388e+03, gap 0.2816%
Set parameter TimeLimit to value 600
Set parameter MIPGap to value 0.05
Gurobi Optimizer version 11.0.2 build v11.0.2rc0 (linux64 - "Red Hat Enterprise Linux 9.6 (Plow)")

CPU model: Intel(R) Xeon(R) Platinum 8352Y CPU @ 2.20GHz, instruction set [SSE2|AVX|AVX2|AVX512]
Thread count: 64 physical cores, 64 logical processors, using up to 32 threads

Optimize a model with 940 rows, 8613 columns and 8460 nonzeros
Model fingerprint: 0x722aeb37
Model has 8613 quadratic objective terms
Variable types: 0 continuous, 8613 integer (0 binary)
Coefficient statistics:
  Matrix range     [1e+00, 1e+00]
  Objective range  [2e-03, 2e+00]
  QObjective range [3e-01, 6e-01]
  Bounds range     [1e+00, 2e+01]
  RHS range        [1e+00, 2e+01]

Loaded user MIP start with objective 1027.79

Presolve removed 939 rows and 8604 columns (presolve time = 6s) ...
Presolve removed 939 rows and 8604 columns
Presolve time: 5.77s
Presolved: 1 rows, 9 columns, 9 nonzeros
Presolved model has 9 quadratic objective terms
Found heuristic solution: objective 1027.2955153
Variable types: 0 continuous, 9 integer (0 binary)

Explored 0 nodes (0 simplex iterations) in 5.77 seconds (0.11 work units)
Thread count was 32 (of 64 available processors)

Solution count 2: 1027.3 1027.79 

Optimal solution found (tolerance 5.00e-02)
Best objective 1.027295515312e+03, best bound 1.024417262163e+03, gap 0.2802%
Set parameter TimeLimit to value 600
Set parameter MIPGap to value 0.05
Gurobi Optimizer version 11.0.2 build v11.0.2rc0 (linux64 - "Red Hat Enterprise Linux 9.6 (Plow)")

CPU model: Intel(R) Xeon(R) Platinum 8352Y CPU @ 2.20GHz, instruction set [SSE2|AVX|AVX2|AVX512]
Thread count: 64 physical cores, 64 logical processors, using up to 32 threads

Optimize a model with 940 rows, 8613 columns and 8460 nonzeros
Model fingerprint: 0xd1242971
Model has 8613 quadratic objective terms
Variable types: 0 continuous, 8613 integer (0 binary)
Coefficient statistics:
  Matrix range     [1e+00, 1e+00]
  Objective range  [1e-04, 2e+00]
  QObjective range [3e-01, 6e-01]
  Bounds range     [1e+00, 2e+01]
  RHS range        [1e+00, 2e+01]

Loaded user MIP start with objective 1017.17

Presolve removed 939 rows and 8604 columns (presolve time = 6s) ...
Presolve removed 939 rows and 8604 columns
Presolve time: 5.91s
Presolved: 1 rows, 9 columns, 9 nonzeros
Presolved model has 9 quadratic objective terms
Found heuristic solution: objective 1016.2567701
Variable types: 0 continuous, 9 integer (0 binary)

Explored 0 nodes (0 simplex iterations) in 5.91 seconds (0.10 work units)
Thread count was 32 (of 64 available processors)

Solution count 2: 1016.26 1017.17 

Optimal solution found (tolerance 5.00e-02)
Best objective 1.016256770057e+03, best bound 1.013425698068e+03, gap 0.2786%
Set parameter TimeLimit to value 600
Set parameter MIPGap to value 0.05
Gurobi Optimizer version 11.0.2 build v11.0.2rc0 (linux64 - "Red Hat Enterprise Linux 9.6 (Plow)")

CPU model: Intel(R) Xeon(R) Platinum 8352Y CPU @ 2.20GHz, instruction set [SSE2|AVX|AVX2|AVX512]
Thread count: 64 physical cores, 64 logical processors, using up to 32 threads

Optimize a model with 940 rows, 8613 columns and 8460 nonzeros
Model fingerprint: 0x85709856
Model has 8613 quadratic objective terms
Variable types: 0 continuous, 8613 integer (0 binary)
Coefficient statistics:
  Matrix range     [1e+00, 1e+00]
  Objective range  [7e-05, 1e+00]
  QObjective range [3e-01, 6e-01]
  Bounds range     [1e+00, 2e+01]
  RHS range        [1e+00, 2e+01]

Loaded user MIP start with objective 1010.26

Presolve removed 939 rows and 8604 columns (presolve time = 6s) ...
Presolve removed 939 rows and 8604 columns
Presolve time: 6.23s
Presolved: 1 rows, 9 columns, 9 nonzeros
Presolved model has 9 quadratic objective terms
Found heuristic solution: objective 1009.6989772
Variable types: 0 continuous, 9 integer (0 binary)

Explored 0 nodes (0 simplex iterations) in 6.23 seconds (0.10 work units)
Thread count was 32 (of 64 available processors)

Solution count 2: 1009.7 1010.26 

Optimal solution found (tolerance 5.00e-02)
Best objective 1.009698977203e+03, best bound 1.006897922125e+03, gap 0.2774%
Set parameter TimeLimit to value 600
Set parameter MIPGap to value 0.05
Gurobi Optimizer version 11.0.2 build v11.0.2rc0 (linux64 - "Red Hat Enterprise Linux 9.6 (Plow)")

CPU model: Intel(R) Xeon(R) Platinum 8352Y CPU @ 2.20GHz, instruction set [SSE2|AVX|AVX2|AVX512]
Thread count: 64 physical cores, 64 logical processors, using up to 32 threads

Optimize a model with 940 rows, 8613 columns and 8460 nonzeros
Model fingerprint: 0xd228136a
Model has 8613 quadratic objective terms
Variable types: 0 continuous, 8613 integer (0 binary)
Coefficient statistics:
  Matrix range     [1e+00, 1e+00]
  Objective range  [2e-03, 1e+00]
  QObjective range [3e-01, 6e-01]
  Bounds range     [1e+00, 2e+01]
  RHS range        [1e+00, 2e+01]

Loaded user MIP start with objective 1003.99

Presolve removed 939 rows and 8604 columns (presolve time = 6s) ...
Presolve removed 939 rows and 8604 columns
Presolve time: 6.10s
Presolved: 1 rows, 9 columns, 9 nonzeros
Presolved model has 9 quadratic objective terms
Found heuristic solution: objective 1003.1943534
Variable types: 0 continuous, 9 integer (0 binary)

Explored 0 nodes (0 simplex iterations) in 6.10 seconds (0.10 work units)
Thread count was 32 (of 64 available processors)

Solution count 2: 1003.19 1003.99 

Optimal solution found (tolerance 5.00e-02)
Best objective 1.003194353406e+03, best bound 1.000411674950e+03, gap 0.2774%
Parquet file for pass 1 loaded successfully.
Spot and CellType successfully split (using ::: delimiter).

Spot name formats:
AnnData spot names format: Index(['spot_1', 'spot_2', 'spot_3', 'spot_4', 'spot_5'], dtype='object')
Parquet spot names format: ['spot_1' 'spot_2' 'spot_3' 'spot_4' 'spot_5']
Added layer: Endothelial_genes_pass1 (Shape: (957, 29733))
Added layer: B-cells_genes_pass1 (Shape: (957, 29733))
Added layer: Cancer_Epithelial_genes_pass1 (Shape: (957, 29733))
Added layer: Normal_Epithelial_genes_pass1 (Shape: (957, 29733))
Added layer: CAFs_genes_pass1 (Shape: (957, 29733))
Added layer: Plasmablasts_genes_pass1 (Shape: (957, 29733))
Added layer: T-cells_genes_pass1 (Shape: (957, 29733))
Added layer: Myeloid_genes_pass1 (Shape: (957, 29733))
Added layer: PVL_genes_pass1 (Shape: (957, 29733))
RMSE, NRMSE, and MAE per cell type:
	CAFs: RMSE: 0.2788, NRMSE: 0.0398, MAE: 0.0466
	Endothelial: RMSE: 0.0785, NRMSE: 0.0112, MAE: 0.0025
	Normal Epithelial: RMSE: 0.0623, NRMSE: nan, MAE: 0.0016
	Cancer Epithelial: RMSE: 0.3184, NRMSE: 0.0373, MAE: 0.0599
	B-cells: RMSE: 0.1284, NRMSE: 0.0176, MAE: 0.0080
	T-cells: RMSE: 0.1735, NRMSE: 0.0232, MAE: 0.0160
	Plasmablasts: RMSE: 0.0674, NRMSE: 0.0077, MAE: 0.0020
	PVL: RMSE: 0.0616, NRMSE: nan, MAE: 0.0015
	Myeloid: RMSE: 0.1625, NRMSE: 0.0230, MAE: 0.0153

Overall RMSE statistics:
	Average RMSE: 0.1479
	Median RMSE:  0.1284

Overall NRMSE statistics:
	Average NRMSE: 0.0228
	Median NRMSE:  0.0230

Overall MAE statistics:
	Average MAE: 0.0170
	Median MAE:  0.0080
Per-cell type metrics saved to per_celltype_metrics.csv

=== RESULTS ===
Nuclei count correlation: 0.986
Proportion correlation: 0.471
