CitegeistModel initialized successfully.
Antibody capture data preprocessing completed: Winsorized, CLR applied, no NaNs detected.
Set parameter LicenseID to value 276015
Set parameter GURO_PAR_SPECIAL
Set parameter TokenServer to value "license.crc.pitt.edu"
Set parameter TimeLimit to value 600
Set parameter MIPGap to value 0.05
Gurobi Optimizer version 11.0.2 build v11.0.2rc0 (linux64 - "Red Hat Enterprise Linux 9.6 (Plow)")

CPU model: AMD EPYC 9374F 32-Core Processor, instruction set [SSE2|AVX|AVX2|AVX512]
Thread count: 64 physical cores, 64 logical processors, using up to 32 threads

Optimize a model with 1854 rows, 8559 columns and 16686 nonzeros
Model fingerprint: 0x0a10fd4a
Model has 8559 quadratic objective terms
Variable types: 0 continuous, 8559 integer (0 binary)
Coefficient statistics:
  Matrix range     [1e+00, 1e+00]
  Objective range  [8e-08, 2e+00]
  QObjective range [2e+00, 3e+00]
  Bounds range     [1e+00, 2e+01]
  RHS range        [1e+00, 2e+01]

Loaded user MIP start with objective 4232.22

Presolve removed 1852 rows and 8550 columns (presolve time = 8s) ...
Presolve removed 1852 rows and 8550 columns
Presolve time: 8.49s
Presolved: 2 rows, 9 columns, 18 nonzeros
Presolved model has 9 quadratic objective terms
Found heuristic solution: objective 2689.5305901
Variable types: 0 continuous, 9 integer (0 binary)

Explored 0 nodes (0 simplex iterations) in 8.49 seconds (0.27 work units)
Thread count was 32 (of 64 available processors)

Solution count 2: 2689.53 4232.22 

Optimal solution found (tolerance 5.00e-02)
Best objective 2.689530590089e+03, best bound 2.683883923931e+03, gap 0.2099%
Set parameter TimeLimit to value 600
Set parameter MIPGap to value 0.05
Gurobi Optimizer version 11.0.2 build v11.0.2rc0 (linux64 - "Red Hat Enterprise Linux 9.6 (Plow)")

CPU model: AMD EPYC 9374F 32-Core Processor, instruction set [SSE2|AVX|AVX2|AVX512]
Thread count: 64 physical cores, 64 logical processors, using up to 32 threads

Optimize a model with 1854 rows, 8559 columns and 16686 nonzeros
Model fingerprint: 0x45453221
Model has 8559 quadratic objective terms
Variable types: 0 continuous, 8559 integer (0 binary)
Coefficient statistics:
  Matrix range     [1e+00, 1e+00]
  Objective range  [1e-08, 1e+00]
  QObjective range [2e-02, 2e+00]
  Bounds range     [1e+00, 2e+01]
  RHS range        [1e+00, 2e+01]

Loaded user MIP start with objective 866.375

Presolve removed 1852 rows and 8550 columns (presolve time = 5s) ...
Presolve removed 1852 rows and 8550 columns
Presolve time: 5.40s
Presolved: 2 rows, 9 columns, 18 nonzeros
Presolved model has 9 quadratic objective terms
Found heuristic solution: objective 739.9452591
Variable types: 0 continuous, 9 integer (0 binary)

Explored 0 nodes (0 simplex iterations) in 5.40 seconds (0.18 work units)
Thread count was 32 (of 64 available processors)

Solution count 2: 739.945 866.375 

Optimal solution found (tolerance 5.00e-02)
Best objective 7.399452591138e+02, best bound 7.382051767264e+02, gap 0.2352%
Set parameter TimeLimit to value 600
Set parameter MIPGap to value 0.05
Gurobi Optimizer version 11.0.2 build v11.0.2rc0 (linux64 - "Red Hat Enterprise Linux 9.6 (Plow)")

CPU model: AMD EPYC 9374F 32-Core Processor, instruction set [SSE2|AVX|AVX2|AVX512]
Thread count: 64 physical cores, 64 logical processors, using up to 32 threads

Optimize a model with 1854 rows, 8559 columns and 16686 nonzeros
Model fingerprint: 0x8590311d
Model has 8559 quadratic objective terms
Variable types: 0 continuous, 8559 integer (0 binary)
Coefficient statistics:
  Matrix range     [1e+00, 1e+00]
  Objective range  [1e-08, 1e+00]
  QObjective range [2e-02, 2e+00]
  Bounds range     [1e+00, 2e+01]
  RHS range        [1e+00, 2e+01]

Loaded user MIP start with objective 724.14

Presolve removed 1852 rows and 8550 columns (presolve time = 5s) ...
Presolve removed 1852 rows and 8550 columns
Presolve time: 5.22s
Presolved: 2 rows, 9 columns, 18 nonzeros
Presolved model has 9 quadratic objective terms
Found heuristic solution: objective 700.3397744
Variable types: 0 continuous, 9 integer (0 binary)

Explored 0 nodes (0 simplex iterations) in 5.22 seconds (0.17 work units)
Thread count was 32 (of 64 available processors)

Solution count 2: 700.34 724.14 

Optimal solution found (tolerance 5.00e-02)
Best objective 7.003397744249e+02, best bound 6.984806141432e+02, gap 0.2655%
Set parameter TimeLimit to value 600
Set parameter MIPGap to value 0.05
Gurobi Optimizer version 11.0.2 build v11.0.2rc0 (linux64 - "Red Hat Enterprise Linux 9.6 (Plow)")

CPU model: AMD EPYC 9374F 32-Core Processor, instruction set [SSE2|AVX|AVX2|AVX512]
Thread count: 64 physical cores, 64 logical processors, using up to 32 threads

Optimize a model with 1854 rows, 8559 columns and 16686 nonzeros
Model fingerprint: 0xbd620ab8
Model has 8559 quadratic objective terms
Variable types: 0 continuous, 8559 integer (0 binary)
Coefficient statistics:
  Matrix range     [1e+00, 1e+00]
  Objective range  [1e-08, 1e+00]
  QObjective range [2e-02, 2e+00]
  Bounds range     [1e+00, 2e+01]
  RHS range        [1e+00, 2e+01]

Loaded user MIP start with objective 710.549

Presolve removed 1852 rows and 8550 columns (presolve time = 6s) ...
Presolve removed 1852 rows and 8550 columns
Presolve time: 5.72s
Presolved: 2 rows, 9 columns, 18 nonzeros
Presolved model has 9 quadratic objective terms
Found heuristic solution: objective 689.6343707
Variable types: 0 continuous, 9 integer (0 binary)

Explored 0 nodes (0 simplex iterations) in 5.72 seconds (0.16 work units)
Thread count was 32 (of 64 available processors)

Solution count 2: 689.634 710.549 

Optimal solution found (tolerance 5.00e-02)
Best objective 6.896343707265e+02, best bound 6.877773881935e+02, gap 0.2693%
Set parameter TimeLimit to value 600
Set parameter MIPGap to value 0.05
Gurobi Optimizer version 11.0.2 build v11.0.2rc0 (linux64 - "Red Hat Enterprise Linux 9.6 (Plow)")

CPU model: AMD EPYC 9374F 32-Core Processor, instruction set [SSE2|AVX|AVX2|AVX512]
Thread count: 64 physical cores, 64 logical processors, using up to 32 threads

Optimize a model with 1854 rows, 8559 columns and 16686 nonzeros
Model fingerprint: 0x24516759
Model has 8559 quadratic objective terms
Variable types: 0 continuous, 8559 integer (0 binary)
Coefficient statistics:
  Matrix range     [1e+00, 1e+00]
  Objective range  [6e-09, 1e+00]
  QObjective range [2e-02, 2e+00]
  Bounds range     [1e+00, 2e+01]
  RHS range        [1e+00, 2e+01]

Loaded user MIP start with objective 700.634

Presolve removed 1852 rows and 8550 columns
Presolve time: 4.94s
Presolved: 2 rows, 9 columns, 18 nonzeros
Presolved model has 9 quadratic objective terms
Found heuristic solution: objective 688.1912966
Variable types: 0 continuous, 9 integer (0 binary)

Explored 0 nodes (0 simplex iterations) in 4.94 seconds (0.15 work units)
Thread count was 32 (of 64 available processors)

Solution count 2: 688.191 700.634 

Optimal solution found (tolerance 5.00e-02)
Best objective 6.881912965631e+02, best bound 6.862448370613e+02, gap 0.2828%
Set parameter TimeLimit to value 600
Set parameter MIPGap to value 0.05
Gurobi Optimizer version 11.0.2 build v11.0.2rc0 (linux64 - "Red Hat Enterprise Linux 9.6 (Plow)")

CPU model: AMD EPYC 9374F 32-Core Processor, instruction set [SSE2|AVX|AVX2|AVX512]
Thread count: 64 physical cores, 64 logical processors, using up to 32 threads

Optimize a model with 1854 rows, 8559 columns and 16686 nonzeros
Model fingerprint: 0x5964edec
Model has 8559 quadratic objective terms
Variable types: 0 continuous, 8559 integer (0 binary)
Coefficient statistics:
  Matrix range     [1e+00, 1e+00]
  Objective range  [6e-09, 1e+00]
  QObjective range [2e-02, 2e+00]
  Bounds range     [1e+00, 2e+01]
  RHS range        [1e+00, 2e+01]

Loaded user MIP start with objective 699.202

Presolve removed 1852 rows and 8550 columns (presolve time = 6s) ...
Presolve removed 1852 rows and 8550 columns
Presolve time: 5.51s
Presolved: 2 rows, 9 columns, 18 nonzeros
Presolved model has 9 quadratic objective terms
Found heuristic solution: objective 687.1720330
Variable types: 0 continuous, 9 integer (0 binary)

Explored 0 nodes (0 simplex iterations) in 5.52 seconds (0.15 work units)
Thread count was 32 (of 64 available processors)

Solution count 2: 687.172 699.202 

Optimal solution found (tolerance 5.00e-02)
Best objective 6.871720330226e+02, best bound 6.851752579584e+02, gap 0.2906%
Set parameter TimeLimit to value 600
Set parameter MIPGap to value 0.05
Gurobi Optimizer version 11.0.2 build v11.0.2rc0 (linux64 - "Red Hat Enterprise Linux 9.6 (Plow)")

CPU model: AMD EPYC 9374F 32-Core Processor, instruction set [SSE2|AVX|AVX2|AVX512]
Thread count: 64 physical cores, 64 logical processors, using up to 32 threads

Optimize a model with 1854 rows, 8559 columns and 16686 nonzeros
Model fingerprint: 0x86f76381
Model has 8559 quadratic objective terms
Variable types: 0 continuous, 8559 integer (0 binary)
Coefficient statistics:
  Matrix range     [1e+00, 1e+00]
  Objective range  [6e-09, 1e+00]
  QObjective range [2e-02, 2e+00]
  Bounds range     [1e+00, 2e+01]
  RHS range        [1e+00, 2e+01]

Loaded user MIP start with objective 698.808

Presolve removed 1852 rows and 8550 columns (presolve time = 6s) ...
Presolve removed 1852 rows and 8550 columns
Presolve time: 5.56s
Presolved: 2 rows, 9 columns, 18 nonzeros
Presolved model has 9 quadratic objective terms
Found heuristic solution: objective 687.1032258
Variable types: 0 continuous, 9 integer (0 binary)

Explored 0 nodes (0 simplex iterations) in 5.57 seconds (0.15 work units)
Thread count was 32 (of 64 available processors)

Solution count 2: 687.103 698.808 

Optimal solution found (tolerance 5.00e-02)
Best objective 6.871032257966e+02, best bound 6.851011355958e+02, gap 0.2914%
Set parameter TimeLimit to value 600
Set parameter MIPGap to value 0.05
Gurobi Optimizer version 11.0.2 build v11.0.2rc0 (linux64 - "Red Hat Enterprise Linux 9.6 (Plow)")

CPU model: AMD EPYC 9374F 32-Core Processor, instruction set [SSE2|AVX|AVX2|AVX512]
Thread count: 64 physical cores, 64 logical processors, using up to 32 threads

Optimize a model with 1854 rows, 8559 columns and 16686 nonzeros
Model fingerprint: 0x83094a48
Model has 8559 quadratic objective terms
Variable types: 0 continuous, 8559 integer (0 binary)
Coefficient statistics:
  Matrix range     [1e+00, 1e+00]
  Objective range  [6e-09, 1e+00]
  QObjective range [2e-02, 2e+00]
  Bounds range     [1e+00, 2e+01]
  RHS range        [1e+00, 2e+01]

Loaded user MIP start with objective 698.952

Presolve removed 1852 rows and 8550 columns (presolve time = 5s) ...
Presolve removed 1852 rows and 8550 columns
Presolve time: 5.39s
Presolved: 2 rows, 9 columns, 18 nonzeros
Presolved model has 9 quadratic objective terms
Found heuristic solution: objective 687.2395837
Variable types: 0 continuous, 9 integer (0 binary)

Explored 0 nodes (0 simplex iterations) in 5.39 seconds (0.15 work units)
Thread count was 32 (of 64 available processors)

Solution count 2: 687.24 698.952 

Optimal solution found (tolerance 5.00e-02)
Best objective 6.872395836534e+02, best bound 6.852356004737e+02, gap 0.2916%
Set parameter TimeLimit to value 600
Set parameter MIPGap to value 0.05
Gurobi Optimizer version 11.0.2 build v11.0.2rc0 (linux64 - "Red Hat Enterprise Linux 9.6 (Plow)")

CPU model: AMD EPYC 9374F 32-Core Processor, instruction set [SSE2|AVX|AVX2|AVX512]
Thread count: 64 physical cores, 64 logical processors, using up to 32 threads

Optimize a model with 1854 rows, 8559 columns and 16686 nonzeros
Model fingerprint: 0xe9273727
Model has 8559 quadratic objective terms
Variable types: 0 continuous, 8559 integer (0 binary)
Coefficient statistics:
  Matrix range     [1e+00, 1e+00]
  Objective range  [6e-09, 1e+00]
  QObjective range [2e-02, 2e+00]
  Bounds range     [1e+00, 2e+01]
  RHS range        [1e+00, 2e+01]

Loaded user MIP start with objective 700.347

Presolve removed 1852 rows and 8550 columns (presolve time = 5s) ...
Presolve removed 1852 rows and 8550 columns
Presolve time: 5.20s
Presolved: 2 rows, 9 columns, 18 nonzeros
Presolved model has 9 quadratic objective terms
Found heuristic solution: objective 688.4744162
Variable types: 0 continuous, 9 integer (0 binary)

Explored 0 nodes (0 simplex iterations) in 5.20 seconds (0.15 work units)
Thread count was 32 (of 64 available processors)

Solution count 2: 688.474 700.347 

Optimal solution found (tolerance 5.00e-02)
Best objective 6.884744161668e+02, best bound 6.864541024810e+02, gap 0.2934%
Set parameter TimeLimit to value 600
Set parameter MIPGap to value 0.05
Gurobi Optimizer version 11.0.2 build v11.0.2rc0 (linux64 - "Red Hat Enterprise Linux 9.6 (Plow)")

CPU model: AMD EPYC 9374F 32-Core Processor, instruction set [SSE2|AVX|AVX2|AVX512]
Thread count: 64 physical cores, 64 logical processors, using up to 32 threads

Optimize a model with 1854 rows, 8559 columns and 16686 nonzeros
Model fingerprint: 0x83fc16b4
Model has 8559 quadratic objective terms
Variable types: 0 continuous, 8559 integer (0 binary)
Coefficient statistics:
  Matrix range     [1e+00, 1e+00]
  Objective range  [6e-09, 1e+00]
  QObjective range [2e-02, 2e+00]
  Bounds range     [1e+00, 2e+01]
  RHS range        [1e+00, 2e+01]

Loaded user MIP start with objective 701.611

Presolve removed 1852 rows and 8550 columns (presolve time = 6s) ...
Presolve removed 1852 rows and 8550 columns
Presolve time: 5.83s
Presolved: 2 rows, 9 columns, 18 nonzeros
Presolved model has 9 quadratic objective terms
Found heuristic solution: objective 689.6435964
Variable types: 0 continuous, 9 integer (0 binary)

Explored 0 nodes (0 simplex iterations) in 5.83 seconds (0.15 work units)
Thread count was 32 (of 64 available processors)

Solution count 2: 689.644 701.611 

Optimal solution found (tolerance 5.00e-02)
Best objective 6.896435963706e+02, best bound 6.876004349533e+02, gap 0.2963%
Parquet file for pass 1 loaded successfully.
Spot and CellType successfully split (using ::: delimiter).

Spot name formats:
AnnData spot names format: Index(['spot_1', 'spot_2', 'spot_3', 'spot_4', 'spot_5'], dtype='object')
Parquet spot names format: ['spot_1' 'spot_2' 'spot_3' 'spot_4' 'spot_5']
Added layer: Cancer_Epithelial_genes_pass1 (Shape: (951, 29733))
Added layer: T-cells_genes_pass1 (Shape: (951, 29733))
Added layer: B-cells_genes_pass1 (Shape: (951, 29733))
Added layer: PVL_genes_pass1 (Shape: (951, 29733))
Added layer: CAFs_genes_pass1 (Shape: (951, 29733))
Added layer: Plasmablasts_genes_pass1 (Shape: (951, 29733))
Added layer: Normal_Epithelial_genes_pass1 (Shape: (951, 29733))
Added layer: Myeloid_genes_pass1 (Shape: (951, 29733))
Added layer: Endothelial_genes_pass1 (Shape: (951, 29733))
RMSE, NRMSE, and MAE per cell type:
	Myeloid: RMSE: 0.1631, NRMSE: 0.0231, MAE: 0.0155
	T-cells: RMSE: 0.1729, NRMSE: 0.0249, MAE: 0.0158
	CAFs: RMSE: 0.2773, NRMSE: 0.0403, MAE: 0.0462
	Plasmablasts: RMSE: 0.0683, NRMSE: 0.0082, MAE: 0.0021
	PVL: RMSE: 0.0696, NRMSE: 0.0100, MAE: 0.0020
	Cancer Epithelial: RMSE: 0.3175, NRMSE: 0.0378, MAE: 0.0589
	Normal Epithelial: RMSE: 0.0786, NRMSE: 0.0128, MAE: 0.0030
	B-cells: RMSE: 0.1275, NRMSE: 0.0176, MAE: 0.0078
	Endothelial: RMSE: 0.0753, NRMSE: 0.0109, MAE: 0.0024

Overall RMSE statistics:
	Average RMSE: 0.1500
	Median RMSE:  0.1275

Overall NRMSE statistics:
	Average NRMSE: 0.0206
	Median NRMSE:  0.0176

Overall MAE statistics:
	Average MAE: 0.0171
	Median MAE:  0.0078
Per-cell type metrics saved to per_celltype_metrics.csv

=== RESULTS ===
Nuclei count correlation: 0.986
Proportion correlation: 0.478
