CitegeistModel initialized successfully.
Antibody capture data preprocessing completed: Winsorized, CLR applied, no NaNs detected.
Set parameter LicenseID to value 276015
Set parameter GURO_PAR_SPECIAL
Set parameter TokenServer to value "license.crc.pitt.edu"
Set parameter TimeLimit to value 600
Set parameter MIPGap to value 0.05
Gurobi Optimizer version 11.0.2 build v11.0.2rc0 (linux64 - "Red Hat Enterprise Linux 9.6 (Plow)")

CPU model: AMD EPYC 9374F 32-Core Processor, instruction set [SSE2|AVX|AVX2|AVX512]
Thread count: 64 physical cores, 64 logical processors, using up to 32 threads

Optimize a model with 1880 rows, 8613 columns and 16920 nonzeros
Model fingerprint: 0x3def3b57
Model has 8613 quadratic objective terms
Variable types: 0 continuous, 8613 integer (0 binary)
Coefficient statistics:
  Matrix range     [1e+00, 1e+00]
  Objective range  [8e-08, 2e+00]
  QObjective range [2e+00, 3e+00]
  Bounds range     [1e+00, 2e+01]
  RHS range        [1e+00, 2e+01]

Loaded user MIP start with objective 4195.26

Presolve removed 1878 rows and 8604 columns (presolve time = 7s) ...
Presolve removed 1878 rows and 8604 columns
Presolve time: 6.72s
Presolved: 2 rows, 9 columns, 18 nonzeros
Presolved model has 9 quadratic objective terms
Found heuristic solution: objective 2626.6493886
Variable types: 0 continuous, 9 integer (0 binary)

Explored 0 nodes (0 simplex iterations) in 6.73 seconds (0.26 work units)
Thread count was 32 (of 64 available processors)

Solution count 2: 2626.65 4195.26 

Optimal solution found (tolerance 5.00e-02)
Best objective 2.626649388646e+03, best bound 2.621402861300e+03, gap 0.1997%
Set parameter TimeLimit to value 600
Set parameter MIPGap to value 0.05
Gurobi Optimizer version 11.0.2 build v11.0.2rc0 (linux64 - "Red Hat Enterprise Linux 9.6 (Plow)")

CPU model: AMD EPYC 9374F 32-Core Processor, instruction set [SSE2|AVX|AVX2|AVX512]
Thread count: 64 physical cores, 64 logical processors, using up to 32 threads

Optimize a model with 1880 rows, 8613 columns and 16920 nonzeros
Model fingerprint: 0x633f4a2a
Model has 8613 quadratic objective terms
Variable types: 0 continuous, 8613 integer (0 binary)
Coefficient statistics:
  Matrix range     [1e+00, 1e+00]
  Objective range  [1e-08, 1e+00]
  QObjective range [2e-02, 2e+00]
  Bounds range     [1e+00, 2e+01]
  RHS range        [1e+00, 2e+01]

Loaded user MIP start with objective 878.155

Presolve removed 1878 rows and 8604 columns (presolve time = 5s) ...
Presolve removed 1878 rows and 8604 columns
Presolve time: 5.37s
Presolved: 2 rows, 9 columns, 18 nonzeros
Presolved model has 9 quadratic objective terms
Found heuristic solution: objective 771.0985921
Variable types: 0 continuous, 9 integer (0 binary)

Explored 0 nodes (0 simplex iterations) in 5.37 seconds (0.17 work units)
Thread count was 32 (of 64 available processors)

Solution count 2: 771.099 878.155 

Optimal solution found (tolerance 5.00e-02)
Best objective 7.710985921294e+02, best bound 7.691395144208e+02, gap 0.2541%
Set parameter TimeLimit to value 600
Set parameter MIPGap to value 0.05
Gurobi Optimizer version 11.0.2 build v11.0.2rc0 (linux64 - "Red Hat Enterprise Linux 9.6 (Plow)")

CPU model: AMD EPYC 9374F 32-Core Processor, instruction set [SSE2|AVX|AVX2|AVX512]
Thread count: 64 physical cores, 64 logical processors, using up to 32 threads

Optimize a model with 1880 rows, 8613 columns and 16920 nonzeros
Model fingerprint: 0x53d4add3
Model has 8613 quadratic objective terms
Variable types: 0 continuous, 8613 integer (0 binary)
Coefficient statistics:
  Matrix range     [1e+00, 1e+00]
  Objective range  [6e-09, 1e+00]
  QObjective range [2e-02, 2e+00]
  Bounds range     [1e+00, 2e+01]
  RHS range        [1e+00, 2e+01]

Loaded user MIP start with objective 746.586

Presolve removed 1878 rows and 8604 columns (presolve time = 6s) ...
Presolve removed 1878 rows and 8604 columns
Presolve time: 5.86s
Presolved: 2 rows, 9 columns, 18 nonzeros
Presolved model has 9 quadratic objective terms
Found heuristic solution: objective 720.7666727
Variable types: 0 continuous, 9 integer (0 binary)

Explored 0 nodes (0 simplex iterations) in 5.86 seconds (0.16 work units)
Thread count was 32 (of 64 available processors)

Solution count 2: 720.767 746.586 

Optimal solution found (tolerance 5.00e-02)
Best objective 7.207666726610e+02, best bound 7.187816871827e+02, gap 0.2754%
Set parameter TimeLimit to value 600
Set parameter MIPGap to value 0.05
Gurobi Optimizer version 11.0.2 build v11.0.2rc0 (linux64 - "Red Hat Enterprise Linux 9.6 (Plow)")

CPU model: AMD EPYC 9374F 32-Core Processor, instruction set [SSE2|AVX|AVX2|AVX512]
Thread count: 64 physical cores, 64 logical processors, using up to 32 threads

Optimize a model with 1880 rows, 8613 columns and 16920 nonzeros
Model fingerprint: 0x8d81e0aa
Model has 8613 quadratic objective terms
Variable types: 0 continuous, 8613 integer (0 binary)
Coefficient statistics:
  Matrix range     [1e+00, 1e+00]
  Objective range  [6e-09, 1e+00]
  QObjective range [2e-02, 2e+00]
  Bounds range     [1e+00, 2e+01]
  RHS range        [1e+00, 2e+01]

Loaded user MIP start with objective 726.604

Presolve removed 1878 rows and 8604 columns
Presolve time: 4.72s
Presolved: 2 rows, 9 columns, 18 nonzeros
Presolved model has 9 quadratic objective terms
Found heuristic solution: objective 713.1948558
Variable types: 0 continuous, 9 integer (0 binary)

Explored 0 nodes (0 simplex iterations) in 4.73 seconds (0.15 work units)
Thread count was 32 (of 64 available processors)

Solution count 2: 713.195 726.604 

Optimal solution found (tolerance 5.00e-02)
Best objective 7.131948558054e+02, best bound 7.113011878915e+02, gap 0.2655%
Set parameter TimeLimit to value 600
Set parameter MIPGap to value 0.05
Gurobi Optimizer version 11.0.2 build v11.0.2rc0 (linux64 - "Red Hat Enterprise Linux 9.6 (Plow)")

CPU model: AMD EPYC 9374F 32-Core Processor, instruction set [SSE2|AVX|AVX2|AVX512]
Thread count: 64 physical cores, 64 logical processors, using up to 32 threads

Optimize a model with 1880 rows, 8613 columns and 16920 nonzeros
Model fingerprint: 0xda14b7d2
Model has 8613 quadratic objective terms
Variable types: 0 continuous, 8613 integer (0 binary)
Coefficient statistics:
  Matrix range     [1e+00, 1e+00]
  Objective range  [6e-09, 1e+00]
  QObjective range [2e-02, 2e+00]
  Bounds range     [1e+00, 2e+01]
  RHS range        [1e+00, 2e+01]

Loaded user MIP start with objective 717.994

Presolve removed 1878 rows and 8604 columns
Presolve time: 3.50s
Presolved: 2 rows, 9 columns, 18 nonzeros
Presolved model has 9 quadratic objective terms
Found heuristic solution: objective 711.0625811
Variable types: 0 continuous, 9 integer (0 binary)

Explored 0 nodes (0 simplex iterations) in 3.50 seconds (0.15 work units)
Thread count was 32 (of 64 available processors)

Solution count 2: 711.063 717.994 

Optimal solution found (tolerance 5.00e-02)
Best objective 7.110625810809e+02, best bound 7.090710173534e+02, gap 0.2801%
Set parameter TimeLimit to value 600
Set parameter MIPGap to value 0.05
Gurobi Optimizer version 11.0.2 build v11.0.2rc0 (linux64 - "Red Hat Enterprise Linux 9.6 (Plow)")

CPU model: AMD EPYC 9374F 32-Core Processor, instruction set [SSE2|AVX|AVX2|AVX512]
Thread count: 64 physical cores, 64 logical processors, using up to 32 threads

Optimize a model with 1880 rows, 8613 columns and 16920 nonzeros
Model fingerprint: 0xf44ed9a4
Model has 8613 quadratic objective terms
Variable types: 0 continuous, 8613 integer (0 binary)
Coefficient statistics:
  Matrix range     [1e+00, 1e+00]
  Objective range  [6e-09, 1e+00]
  QObjective range [2e-02, 2e+00]
  Bounds range     [1e+00, 2e+01]
  RHS range        [1e+00, 2e+01]

Loaded user MIP start with objective 717.993

Presolve removed 1878 rows and 8604 columns
Presolve time: 4.33s
Presolved: 2 rows, 9 columns, 18 nonzeros
Presolved model has 9 quadratic objective terms
Found heuristic solution: objective 711.6477061
Variable types: 0 continuous, 9 integer (0 binary)

Explored 0 nodes (0 simplex iterations) in 4.33 seconds (0.14 work units)
Thread count was 32 (of 64 available processors)

Solution count 2: 711.648 717.993 

Optimal solution found (tolerance 5.00e-02)
Best objective 7.116477060602e+02, best bound 7.097002606884e+02, gap 0.2737%
Set parameter TimeLimit to value 600
Set parameter MIPGap to value 0.05
Gurobi Optimizer version 11.0.2 build v11.0.2rc0 (linux64 - "Red Hat Enterprise Linux 9.6 (Plow)")

CPU model: AMD EPYC 9374F 32-Core Processor, instruction set [SSE2|AVX|AVX2|AVX512]
Thread count: 64 physical cores, 64 logical processors, using up to 32 threads

Optimize a model with 1880 rows, 8613 columns and 16920 nonzeros
Model fingerprint: 0x82159b80
Model has 8613 quadratic objective terms
Variable types: 0 continuous, 8613 integer (0 binary)
Coefficient statistics:
  Matrix range     [1e+00, 1e+00]
  Objective range  [6e-09, 1e+00]
  QObjective range [2e-02, 2e+00]
  Bounds range     [1e+00, 2e+01]
  RHS range        [1e+00, 2e+01]

Loaded user MIP start with objective 719.835

Presolve removed 1878 rows and 8604 columns
Presolve time: 4.50s
Presolved: 2 rows, 9 columns, 18 nonzeros
Presolved model has 9 quadratic objective terms
Found heuristic solution: objective 713.3793534
Variable types: 0 continuous, 9 integer (0 binary)

Explored 0 nodes (0 simplex iterations) in 4.50 seconds (0.14 work units)
Thread count was 32 (of 64 available processors)

Solution count 2: 713.379 719.835 

Optimal solution found (tolerance 5.00e-02)
Best objective 7.133793533559e+02, best bound 7.114458265106e+02, gap 0.2710%
Set parameter TimeLimit to value 600
Set parameter MIPGap to value 0.05
Gurobi Optimizer version 11.0.2 build v11.0.2rc0 (linux64 - "Red Hat Enterprise Linux 9.6 (Plow)")

CPU model: AMD EPYC 9374F 32-Core Processor, instruction set [SSE2|AVX|AVX2|AVX512]
Thread count: 64 physical cores, 64 logical processors, using up to 32 threads

Optimize a model with 1880 rows, 8613 columns and 16920 nonzeros
Model fingerprint: 0x54327c41
Model has 8613 quadratic objective terms
Variable types: 0 continuous, 8613 integer (0 binary)
Coefficient statistics:
  Matrix range     [1e+00, 1e+00]
  Objective range  [6e-09, 1e+00]
  QObjective range [2e-02, 2e+00]
  Bounds range     [1e+00, 2e+01]
  RHS range        [1e+00, 2e+01]

Loaded user MIP start with objective 721.416

Presolve removed 1878 rows and 8604 columns
Presolve time: 4.64s
Presolved: 2 rows, 9 columns, 18 nonzeros
Presolved model has 9 quadratic objective terms
Found heuristic solution: objective 714.7240401
Variable types: 0 continuous, 9 integer (0 binary)

Explored 0 nodes (0 simplex iterations) in 4.64 seconds (0.14 work units)
Thread count was 32 (of 64 available processors)

Solution count 2: 714.724 721.416 

Optimal solution found (tolerance 5.00e-02)
Best objective 7.147240401147e+02, best bound 7.127868237056e+02, gap 0.2710%
Set parameter TimeLimit to value 600
Set parameter MIPGap to value 0.05
Gurobi Optimizer version 11.0.2 build v11.0.2rc0 (linux64 - "Red Hat Enterprise Linux 9.6 (Plow)")

CPU model: AMD EPYC 9374F 32-Core Processor, instruction set [SSE2|AVX|AVX2|AVX512]
Thread count: 64 physical cores, 64 logical processors, using up to 32 threads

Optimize a model with 1880 rows, 8613 columns and 16920 nonzeros
Model fingerprint: 0xd95ff3fd
Model has 8613 quadratic objective terms
Variable types: 0 continuous, 8613 integer (0 binary)
Coefficient statistics:
  Matrix range     [1e+00, 1e+00]
  Objective range  [6e-09, 1e+00]
  QObjective range [2e-02, 2e+00]
  Bounds range     [1e+00, 2e+01]
  RHS range        [1e+00, 2e+01]

Loaded user MIP start with objective 724.586

Presolve removed 1878 rows and 8604 columns (presolve time = 5s) ...
Presolve removed 1878 rows and 8604 columns
Presolve time: 5.45s
Presolved: 2 rows, 9 columns, 18 nonzeros
Presolved model has 9 quadratic objective terms
Found heuristic solution: objective 716.8945096
Variable types: 0 continuous, 9 integer (0 binary)

Explored 0 nodes (0 simplex iterations) in 5.45 seconds (0.14 work units)
Thread count was 32 (of 64 available processors)

Solution count 2: 716.895 724.586 

Optimal solution found (tolerance 5.00e-02)
Best objective 7.168945095857e+02, best bound 7.149355515420e+02, gap 0.2733%
Set parameter TimeLimit to value 600
Set parameter MIPGap to value 0.05
Gurobi Optimizer version 11.0.2 build v11.0.2rc0 (linux64 - "Red Hat Enterprise Linux 9.6 (Plow)")

CPU model: AMD EPYC 9374F 32-Core Processor, instruction set [SSE2|AVX|AVX2|AVX512]
Thread count: 64 physical cores, 64 logical processors, using up to 32 threads

Optimize a model with 1880 rows, 8613 columns and 16920 nonzeros
Model fingerprint: 0xf08ccdc2
Model has 8613 quadratic objective terms
Variable types: 0 continuous, 8613 integer (0 binary)
Coefficient statistics:
  Matrix range     [1e+00, 1e+00]
  Objective range  [6e-09, 1e+00]
  QObjective range [2e-02, 2e+00]
  Bounds range     [1e+00, 2e+01]
  RHS range        [1e+00, 2e+01]

Loaded user MIP start with objective 725.24

Presolve removed 1878 rows and 8604 columns
Presolve time: 4.31s
Presolved: 2 rows, 9 columns, 18 nonzeros
Presolved model has 9 quadratic objective terms
Found heuristic solution: objective 717.5586848
Variable types: 0 continuous, 9 integer (0 binary)

Explored 0 nodes (0 simplex iterations) in 4.31 seconds (0.15 work units)
Thread count was 32 (of 64 available processors)

Solution count 2: 717.559 725.24 

Optimal solution found (tolerance 5.00e-02)
Best objective 7.175586847759e+02, best bound 7.155996804452e+02, gap 0.2730%
Parquet file for pass 1 loaded successfully.
Spot and CellType successfully split (using ::: delimiter).

Spot name formats:
AnnData spot names format: Index(['spot_1', 'spot_2', 'spot_3', 'spot_4', 'spot_5'], dtype='object')
Parquet spot names format: ['spot_1' 'spot_2' 'spot_3' 'spot_4' 'spot_5']
Added layer: CAFs_genes_pass1 (Shape: (957, 29733))
Added layer: Myeloid_genes_pass1 (Shape: (957, 29733))
Added layer: T-cells_genes_pass1 (Shape: (957, 29733))
Added layer: Plasmablasts_genes_pass1 (Shape: (957, 29733))
Added layer: Normal_Epithelial_genes_pass1 (Shape: (957, 29733))
Added layer: B-cells_genes_pass1 (Shape: (957, 29733))
Added layer: PVL_genes_pass1 (Shape: (957, 29733))
Added layer: Endothelial_genes_pass1 (Shape: (957, 29733))
Added layer: Cancer_Epithelial_genes_pass1 (Shape: (957, 29733))
RMSE, NRMSE, and MAE per cell type:
	CAFs: RMSE: 0.2778, NRMSE: 0.0397, MAE: 0.0465
	Endothelial: RMSE: 0.0792, NRMSE: 0.0113, MAE: 0.0025
	Normal Epithelial: RMSE: 0.0610, NRMSE: nan, MAE: 0.0015
	Cancer Epithelial: RMSE: 0.3188, NRMSE: 0.0374, MAE: 0.0599
	B-cells: RMSE: 0.1285, NRMSE: 0.0176, MAE: 0.0079
	T-cells: RMSE: 0.1732, NRMSE: 0.0231, MAE: 0.0158
	Plasmablasts: RMSE: 0.0649, NRMSE: 0.0074, MAE: 0.0018
	PVL: RMSE: 0.0610, NRMSE: nan, MAE: 0.0015
	Myeloid: RMSE: 0.1628, NRMSE: 0.0230, MAE: 0.0154

Overall RMSE statistics:
	Average RMSE: 0.1475
	Median RMSE:  0.1285

Overall NRMSE statistics:
	Average NRMSE: 0.0228
	Median NRMSE:  0.0230

Overall MAE statistics:
	Average MAE: 0.0170
	Median MAE:  0.0079
Per-cell type metrics saved to per_celltype_metrics.csv

=== RESULTS ===
Nuclei count correlation: 0.986
Proportion correlation: 0.450
