2026-02-17 22:58:08,148 - __main__ - INFO - ============================================================
2026-02-17 22:58:08,148 - __main__ - INFO - BENCHMARK: replicate=1, condition=mixed, mode=dapi
2026-02-17 22:58:08,148 - __main__ - INFO - ============================================================
2026-02-17 22:58:08,149 - __main__ - INFO - Loading image: /ix1/alee/LO_LAB/Personal/Alexander_Chang/alc376/CITEgeist/Benchmarking/simulation_benchmarking/CITEgeist/mixed/images/dapi/Wu_rep_1_cellpose.png
2026-02-17 22:58:09,317 - __main__ - INFO - Image shape: (8000, 8000, 3)
2026-02-17 22:58:09,319 - __main__ - INFO - Running Cellpose with model_type=nuclei
2026-02-17 22:58:11,573 - cellpose.models - WARNING - model_type argument is not used in v4.0.1+. Ignoring this argument...
2026-02-17 22:58:11,573 - cellpose.core - INFO - >>>> using CPU
2026-02-17 22:58:11,573 - cellpose.core - INFO - >>>> using CPU
2026-02-17 22:58:13,582 - cellpose.models - INFO - >>>> loading model /ihome/alee/alc376/.cellpose/models/cpsam
2026-02-17 22:58:14,089 - cellpose.models - WARNING - channels deprecated in v4.0.1+. If data contain more than 3 channels, only the first 3 channels will be used
2026-02-17 22:58:14,120 - cellpose.transforms - INFO - processing image with (8000, 8000) HW, and 3 channels
2026-02-17 23:52:43,753 - __main__ - INFO - Detected 4906 nuclei in 3274.4s
2026-02-17 23:52:43,937 - __main__ - INFO - Nuclei count correlation: 0.987
2026-02-17 23:52:43,937 - __main__ - INFO - Nuclei count RMSE: 0.43
2026-02-17 23:52:43,939 - __main__ - INFO - Loading h5ad files...
2026-02-17 23:52:44,923 - root - INFO - Logging initialized.
2026-02-17 23:52:44,948 - root - INFO - Discrete antibody preprocessing complete: Row sums range [33.31, 50.86], mean=40.23, std=2.75
2026-02-17 23:52:45,316 - root - INFO - Normalization stats:
2026-02-17 23:52:45,316 - root - INFO - Original median total: 62868220197.00
2026-02-17 23:52:45,332 - root - INFO - Mean scaled total: 9979.39
2026-02-17 23:52:45,347 - root - INFO - Max scaled value: 10000.00
2026-02-17 23:52:45,527 - root - INFO - Gene expression data normalized to 10000 counts per spot and validated for discrete count analysis.
2026-02-17 23:52:45,527 - __main__ - INFO - Running continuous optimization first (hybrid mode)...
Traceback (most recent call last):
  File "/ix1/alee/LO_LAB/Personal/Alexander_Chang/alc376/CITEgeist/Benchmarking/simulation_benchmarking/CITEgeist/src/benchmark_discrete_simulation.py", line 609, in <module>
    main()
  File "/ix1/alee/LO_LAB/Personal/Alexander_Chang/alc376/CITEgeist/Benchmarking/simulation_benchmarking/CITEgeist/src/benchmark_discrete_simulation.py", line 583, in main
    results = run_benchmark(
  File "/ix1/alee/LO_LAB/Personal/Alexander_Chang/alc376/CITEgeist/Benchmarking/simulation_benchmarking/CITEgeist/src/benchmark_discrete_simulation.py", line 398, in run_benchmark
    cont_props_df = model.run_cell_proportion_model(
TypeError: CitegeistModel.run_cell_proportion_model() got an unexpected keyword argument 'lambda_smooth'
