CitegeistModel initialized successfully.
Antibody capture data preprocessing completed for discrete mode: Winsorized [5%, 95%], scale_mode=per_marker, no per-spot normalization.
Set parameter LicenseID to value 276015
Set parameter GURO_PAR_SPECIAL
Set parameter TokenServer to value "license.crc.pitt.edu"
Set parameter TimeLimit to value 600
Set parameter MIPGap to value 0.05
Gurobi Optimizer version 11.0.2 build v11.0.2rc0 (linux64 - "Red Hat Enterprise Linux 9.6 (Plow)")

CPU model: Intel(R) Xeon(R) Platinum 8352Y CPU @ 2.20GHz, instruction set [SSE2|AVX|AVX2|AVX512]
Thread count: 64 physical cores, 64 logical processors, using up to 32 threads

Optimize a model with 940 rows, 8613 columns and 8460 nonzeros
Model fingerprint: 0x98c15297
Model has 8613 quadratic objective terms
Variable types: 0 continuous, 8613 integer (0 binary)
Coefficient statistics:
  Matrix range     [1e+00, 1e+00]
  Objective range  [4e-14, 6e+01]
  QObjective range [4e+00, 1e+02]
  Bounds range     [1e+00, 2e+01]
  RHS range        [1e+00, 2e+01]

Loaded user MIP start with objective 19824.6

Presolve removed 939 rows and 8604 columns (presolve time = 10s) ...
Presolve removed 939 rows and 8604 columns
Presolve time: 10.18s
Presolved: 1 rows, 9 columns, 9 nonzeros
Presolved model has 9 quadratic objective terms
Found heuristic solution: objective 12657.366122
Variable types: 0 continuous, 9 integer (0 binary)

Explored 0 nodes (0 simplex iterations) in 10.19 seconds (0.20 work units)
Thread count was 32 (of 64 available processors)

Solution count 2: 12657.4 19824.6 

Optimal solution found (tolerance 5.00e-02)
Best objective 1.265736612250e+04, best bound 1.264926406594e+04, gap 0.0640%
Set parameter TimeLimit to value 600
Set parameter MIPGap to value 0.05
Gurobi Optimizer version 11.0.2 build v11.0.2rc0 (linux64 - "Red Hat Enterprise Linux 9.6 (Plow)")

CPU model: Intel(R) Xeon(R) Platinum 8352Y CPU @ 2.20GHz, instruction set [SSE2|AVX|AVX2|AVX512]
Thread count: 64 physical cores, 64 logical processors, using up to 32 threads

Optimize a model with 940 rows, 8613 columns and 8460 nonzeros
Model fingerprint: 0x5c2028f0
Model has 8613 quadratic objective terms
Variable types: 0 continuous, 8613 integer (0 binary)
Coefficient statistics:
  Matrix range     [1e+00, 1e+00]
  Objective range  [4e-14, 6e+01]
  QObjective range [2e-01, 1e+02]
  Bounds range     [1e+00, 2e+01]
  RHS range        [1e+00, 2e+01]

Loaded user MIP start with objective 6933.76

Presolve removed 939 rows and 8604 columns
Presolve time: 4.74s
Presolved: 1 rows, 9 columns, 9 nonzeros
Presolved model has 9 quadratic objective terms
Found heuristic solution: objective 5172.1947848
Variable types: 0 continuous, 9 integer (0 binary)

Explored 0 nodes (0 simplex iterations) in 4.74 seconds (0.11 work units)
Thread count was 32 (of 64 available processors)

Solution count 2: 5172.19 6933.76 

Optimal solution found (tolerance 5.00e-02)
Best objective 5.172194784766e+03, best bound 5.171216809103e+03, gap 0.0189%
Set parameter TimeLimit to value 600
Set parameter MIPGap to value 0.05
Gurobi Optimizer version 11.0.2 build v11.0.2rc0 (linux64 - "Red Hat Enterprise Linux 9.6 (Plow)")

CPU model: Intel(R) Xeon(R) Platinum 8352Y CPU @ 2.20GHz, instruction set [SSE2|AVX|AVX2|AVX512]
Thread count: 64 physical cores, 64 logical processors, using up to 32 threads

Optimize a model with 940 rows, 8613 columns and 8460 nonzeros
Model fingerprint: 0x3de761ac
Model has 8613 quadratic objective terms
Variable types: 0 continuous, 8613 integer (0 binary)
Coefficient statistics:
  Matrix range     [1e+00, 1e+00]
  Objective range  [4e-14, 6e+01]
  QObjective range [6e-02, 1e+02]
  Bounds range     [1e+00, 2e+01]
  RHS range        [1e+00, 2e+01]

Loaded user MIP start with objective 4938.71

Presolve removed 939 rows and 8604 columns (presolve time = 5s) ...
Presolve removed 939 rows and 8604 columns
Presolve time: 5.16s
Presolved: 1 rows, 9 columns, 9 nonzeros
Presolved model has 9 quadratic objective terms
Found heuristic solution: objective 4882.7571952
Variable types: 0 continuous, 9 integer (0 binary)

Explored 0 nodes (0 simplex iterations) in 5.16 seconds (0.09 work units)
Thread count was 32 (of 64 available processors)

Solution count 2: 4882.76 4938.71 

Optimal solution found (tolerance 5.00e-02)
Best objective 4.882757195183e+03, best bound 4.882150199675e+03, gap 0.0124%
Set parameter TimeLimit to value 600
Set parameter MIPGap to value 0.05
Gurobi Optimizer version 11.0.2 build v11.0.2rc0 (linux64 - "Red Hat Enterprise Linux 9.6 (Plow)")

CPU model: Intel(R) Xeon(R) Platinum 8352Y CPU @ 2.20GHz, instruction set [SSE2|AVX|AVX2|AVX512]
Thread count: 64 physical cores, 64 logical processors, using up to 32 threads

Optimize a model with 940 rows, 8613 columns and 8460 nonzeros
Model fingerprint: 0x01fa69bf
Model has 8613 quadratic objective terms
Variable types: 0 continuous, 8613 integer (0 binary)
Coefficient statistics:
  Matrix range     [1e+00, 1e+00]
  Objective range  [4e-14, 6e+01]
  QObjective range [4e-02, 1e+02]
  Bounds range     [1e+00, 2e+01]
  RHS range        [1e+00, 2e+01]

Loaded user MIP start with objective 4841.82

Presolve removed 939 rows and 8604 columns (presolve time = 6s) ...
Presolve removed 939 rows and 8604 columns
Presolve time: 5.59s
Presolved: 1 rows, 9 columns, 9 nonzeros
Presolved model has 9 quadratic objective terms
Found heuristic solution: objective 4839.8444880
Variable types: 0 continuous, 9 integer (0 binary)

Explored 0 nodes (0 simplex iterations) in 5.59 seconds (0.09 work units)
Thread count was 32 (of 64 available processors)

Solution count 2: 4839.84 4841.82 

Optimal solution found (tolerance 5.00e-02)
Best objective 4.839844487968e+03, best bound 4.839302786954e+03, gap 0.0112%
Set parameter TimeLimit to value 600
Set parameter MIPGap to value 0.05
Gurobi Optimizer version 11.0.2 build v11.0.2rc0 (linux64 - "Red Hat Enterprise Linux 9.6 (Plow)")

CPU model: Intel(R) Xeon(R) Platinum 8352Y CPU @ 2.20GHz, instruction set [SSE2|AVX|AVX2|AVX512]
Thread count: 64 physical cores, 64 logical processors, using up to 32 threads

Optimize a model with 940 rows, 8613 columns and 8460 nonzeros
Model fingerprint: 0xca33e714
Model has 8613 quadratic objective terms
Variable types: 0 continuous, 8613 integer (0 binary)
Coefficient statistics:
  Matrix range     [1e+00, 1e+00]
  Objective range  [4e-14, 6e+01]
  QObjective range [4e-02, 1e+02]
  Bounds range     [1e+00, 2e+01]
  RHS range        [1e+00, 2e+01]

Loaded user MIP start with objective 4774.13

Presolve removed 939 rows and 8604 columns
Presolve time: 4.24s
Presolved: 1 rows, 9 columns, 9 nonzeros
Presolved model has 9 quadratic objective terms
Found heuristic solution: objective 4773.5938065
Variable types: 0 continuous, 9 integer (0 binary)

Explored 0 nodes (0 simplex iterations) in 4.24 seconds (0.09 work units)
Thread count was 32 (of 64 available processors)

Solution count 2: 4773.59 4774.13 

Optimal solution found (tolerance 5.00e-02)
Best objective 4.773593806549e+03, best bound 4.773065178982e+03, gap 0.0111%
Set parameter TimeLimit to value 600
Set parameter MIPGap to value 0.05
Gurobi Optimizer version 11.0.2 build v11.0.2rc0 (linux64 - "Red Hat Enterprise Linux 9.6 (Plow)")

CPU model: Intel(R) Xeon(R) Platinum 8352Y CPU @ 2.20GHz, instruction set [SSE2|AVX|AVX2|AVX512]
Thread count: 64 physical cores, 64 logical processors, using up to 32 threads

Optimize a model with 940 rows, 8613 columns and 8460 nonzeros
Model fingerprint: 0x349be53b
Model has 8613 quadratic objective terms
Variable types: 0 continuous, 8613 integer (0 binary)
Coefficient statistics:
  Matrix range     [1e+00, 1e+00]
  Objective range  [4e-14, 6e+01]
  QObjective range [4e-02, 1e+02]
  Bounds range     [1e+00, 2e+01]
  RHS range        [1e+00, 2e+01]

Loaded user MIP start with objective 4733.63

Presolve removed 939 rows and 8604 columns (presolve time = 5s) ...
Presolve removed 939 rows and 8604 columns
Presolve time: 5.28s
Presolved: 1 rows, 9 columns, 9 nonzeros
Presolved model has 9 quadratic objective terms
Found heuristic solution: objective 4733.4363771
Variable types: 0 continuous, 9 integer (0 binary)

Explored 0 nodes (0 simplex iterations) in 5.28 seconds (0.09 work units)
Thread count was 32 (of 64 available processors)

Solution count 2: 4733.44 4733.63 

Optimal solution found (tolerance 5.00e-02)
Best objective 4.733436377115e+03, best bound 4.732916317708e+03, gap 0.0110%
Set parameter TimeLimit to value 600
Set parameter MIPGap to value 0.05
Gurobi Optimizer version 11.0.2 build v11.0.2rc0 (linux64 - "Red Hat Enterprise Linux 9.6 (Plow)")

CPU model: Intel(R) Xeon(R) Platinum 8352Y CPU @ 2.20GHz, instruction set [SSE2|AVX|AVX2|AVX512]
Thread count: 64 physical cores, 64 logical processors, using up to 32 threads

Optimize a model with 940 rows, 8613 columns and 8460 nonzeros
Model fingerprint: 0x1e586bb7
Model has 8613 quadratic objective terms
Variable types: 0 continuous, 8613 integer (0 binary)
Coefficient statistics:
  Matrix range     [1e+00, 1e+00]
  Objective range  [4e-14, 6e+01]
  QObjective range [4e-02, 1e+02]
  Bounds range     [1e+00, 2e+01]
  RHS range        [1e+00, 2e+01]

Loaded user MIP start with objective 4701.03

Presolve removed 939 rows and 8604 columns (presolve time = 6s) ...
Presolve removed 939 rows and 8604 columns
Presolve time: 6.04s
Presolved: 1 rows, 9 columns, 9 nonzeros
Presolved model has 9 quadratic objective terms
Found heuristic solution: objective 4700.7355499
Variable types: 0 continuous, 9 integer (0 binary)

Explored 0 nodes (0 simplex iterations) in 6.04 seconds (0.09 work units)
Thread count was 32 (of 64 available processors)

Solution count 2: 4700.74 4701.03 

Optimal solution found (tolerance 5.00e-02)
Best objective 4.700735549866e+03, best bound 4.700222664518e+03, gap 0.0109%
Set parameter TimeLimit to value 600
Set parameter MIPGap to value 0.05
Gurobi Optimizer version 11.0.2 build v11.0.2rc0 (linux64 - "Red Hat Enterprise Linux 9.6 (Plow)")

CPU model: Intel(R) Xeon(R) Platinum 8352Y CPU @ 2.20GHz, instruction set [SSE2|AVX|AVX2|AVX512]
Thread count: 64 physical cores, 64 logical processors, using up to 32 threads

Optimize a model with 940 rows, 8613 columns and 8460 nonzeros
Model fingerprint: 0x5b72dbc6
Model has 8613 quadratic objective terms
Variable types: 0 continuous, 8613 integer (0 binary)
Coefficient statistics:
  Matrix range     [1e+00, 1e+00]
  Objective range  [4e-14, 6e+01]
  QObjective range [4e-02, 1e+02]
  Bounds range     [1e+00, 2e+01]
  RHS range        [1e+00, 2e+01]

Loaded user MIP start with objective 4685.93

Presolve removed 939 rows and 8604 columns (presolve time = 6s) ...
Presolve removed 939 rows and 8604 columns
Presolve time: 5.98s
Presolved: 1 rows, 9 columns, 9 nonzeros
Presolved model has 9 quadratic objective terms
Found heuristic solution: objective 4685.8895528
Variable types: 0 continuous, 9 integer (0 binary)

Explored 0 nodes (0 simplex iterations) in 5.98 seconds (0.09 work units)
Thread count was 32 (of 64 available processors)

Solution count 2: 4685.89 4685.93 

Optimal solution found (tolerance 5.00e-02)
Best objective 4.685889552806e+03, best bound 4.685381089151e+03, gap 0.0109%
Set parameter TimeLimit to value 600
Set parameter MIPGap to value 0.05
Gurobi Optimizer version 11.0.2 build v11.0.2rc0 (linux64 - "Red Hat Enterprise Linux 9.6 (Plow)")

CPU model: Intel(R) Xeon(R) Platinum 8352Y CPU @ 2.20GHz, instruction set [SSE2|AVX|AVX2|AVX512]
Thread count: 64 physical cores, 64 logical processors, using up to 32 threads

Optimize a model with 940 rows, 8613 columns and 8460 nonzeros
Model fingerprint: 0x7ae14273
Model has 8613 quadratic objective terms
Variable types: 0 continuous, 8613 integer (0 binary)
Coefficient statistics:
  Matrix range     [1e+00, 1e+00]
  Objective range  [4e-14, 6e+01]
  QObjective range [4e-02, 1e+02]
  Bounds range     [1e+00, 2e+01]
  RHS range        [1e+00, 2e+01]

Loaded user MIP start with objective 4675.11

Presolve removed 939 rows and 8604 columns (presolve time = 5s) ...
Presolve removed 939 rows and 8604 columns
Presolve time: 5.31s
Presolved: 1 rows, 9 columns, 9 nonzeros
Presolved model has 9 quadratic objective terms
Found heuristic solution: objective 4675.0935758
Variable types: 0 continuous, 9 integer (0 binary)

Explored 0 nodes (0 simplex iterations) in 5.32 seconds (0.09 work units)
Thread count was 32 (of 64 available processors)

Solution count 2: 4675.09 4675.11 

Optimal solution found (tolerance 5.00e-02)
Best objective 4.675093575797e+03, best bound 4.674587526513e+03, gap 0.0108%
Set parameter TimeLimit to value 600
Set parameter MIPGap to value 0.05
Gurobi Optimizer version 11.0.2 build v11.0.2rc0 (linux64 - "Red Hat Enterprise Linux 9.6 (Plow)")

CPU model: Intel(R) Xeon(R) Platinum 8352Y CPU @ 2.20GHz, instruction set [SSE2|AVX|AVX2|AVX512]
Thread count: 64 physical cores, 64 logical processors, using up to 32 threads

Optimize a model with 940 rows, 8613 columns and 8460 nonzeros
Model fingerprint: 0x92c59504
Model has 8613 quadratic objective terms
Variable types: 0 continuous, 8613 integer (0 binary)
Coefficient statistics:
  Matrix range     [1e+00, 1e+00]
  Objective range  [4e-14, 6e+01]
  QObjective range [4e-02, 1e+02]
  Bounds range     [1e+00, 2e+01]
  RHS range        [1e+00, 2e+01]

Loaded user MIP start with objective 4670.66

Presolve removed 939 rows and 8604 columns
Presolve time: 4.09s
Presolved: 1 rows, 9 columns, 9 nonzeros
Presolved model has 9 quadratic objective terms
Variable types: 0 continuous, 9 integer (0 binary)

Explored 0 nodes (0 simplex iterations) in 4.09 seconds (0.09 work units)
Thread count was 32 (of 64 available processors)

Solution count 1: 4670.66 

Optimal solution found (tolerance 5.00e-02)
Best objective 4.670657470052e+03, best bound 4.670151879727e+03, gap 0.0108%
Parquet file for pass 1 loaded successfully.
Spot and CellType successfully split (using ::: delimiter).

Spot name formats:
AnnData spot names format: Index(['spot_1', 'spot_2', 'spot_3', 'spot_4', 'spot_5'], dtype='object')
Parquet spot names format: ['spot_1' 'spot_2' 'spot_3' 'spot_4' 'spot_5']
Added layer: T-cells_genes_pass1 (Shape: (957, 29733))
Added layer: Myeloid_genes_pass1 (Shape: (957, 29733))
Added layer: Plasmablasts_genes_pass1 (Shape: (957, 29733))
Added layer: Cancer_Epithelial_genes_pass1 (Shape: (957, 29733))
Added layer: CAFs_genes_pass1 (Shape: (957, 29733))
Added layer: Normal_Epithelial_genes_pass1 (Shape: (957, 29733))
Added layer: PVL_genes_pass1 (Shape: (957, 29733))
Added layer: Endothelial_genes_pass1 (Shape: (957, 29733))
Added layer: B-cells_genes_pass1 (Shape: (957, 29733))
RMSE, NRMSE, and MAE per cell type:
	CAFs: RMSE: 0.2787, NRMSE: 0.0398, MAE: 0.0466
	Endothelial: RMSE: 0.0772, NRMSE: 0.0110, MAE: 0.0023
	Normal Epithelial: RMSE: 0.0615, NRMSE: nan, MAE: 0.0015
	Cancer Epithelial: RMSE: 0.3189, NRMSE: 0.0374, MAE: 0.0600
	B-cells: RMSE: 0.1277, NRMSE: 0.0175, MAE: 0.0078
	T-cells: RMSE: 0.1730, NRMSE: 0.0231, MAE: 0.0158
	Plasmablasts: RMSE: 0.0690, NRMSE: 0.0079, MAE: 0.0021
	PVL: RMSE: 0.0613, NRMSE: nan, MAE: 0.0014
	Myeloid: RMSE: 0.1623, NRMSE: 0.0229, MAE: 0.0154

Overall RMSE statistics:
	Average RMSE: 0.1478
	Median RMSE:  0.1277

Overall NRMSE statistics:
	Average NRMSE: 0.0228
	Median NRMSE:  0.0229

Overall MAE statistics:
	Average MAE: 0.0170
	Median MAE:  0.0078
Per-cell type metrics saved to per_celltype_metrics.csv

=== RESULTS ===
Nuclei count correlation: 0.986
Proportion correlation: 0.106
