CitegeistModel initialized successfully.
Antibody capture data preprocessing completed: Winsorized, CLR applied, no NaNs detected.
Set parameter LicenseID to value 276015
Set parameter GURO_PAR_SPECIAL
Set parameter TokenServer to value "license.crc.pitt.edu"
Set parameter TimeLimit to value 600
Set parameter MIPGap to value 0.05
Gurobi Optimizer version 11.0.2 build v11.0.2rc0 (linux64 - "Red Hat Enterprise Linux 9.6 (Plow)")

CPU model: AMD EPYC 9374F 32-Core Processor, instruction set [SSE2|AVX|AVX2|AVX512]
Thread count: 64 physical cores, 64 logical processors, using up to 32 threads

Optimize a model with 1864 rows, 8604 columns and 16776 nonzeros
Model fingerprint: 0xf15d11da
Model has 8604 quadratic objective terms
Variable types: 0 continuous, 8604 integer (0 binary)
Coefficient statistics:
  Matrix range     [1e+00, 1e+00]
  Objective range  [8e-08, 2e+00]
  QObjective range [2e+00, 3e+00]
  Bounds range     [1e+00, 2e+01]
  RHS range        [1e+00, 2e+01]

Loaded user MIP start with objective 4238.35

Presolve removed 1862 rows and 8595 columns (presolve time = 9s) ...
Presolve removed 1862 rows and 8595 columns
Presolve time: 8.72s
Presolved: 2 rows, 9 columns, 18 nonzeros
Presolved model has 9 quadratic objective terms
Found heuristic solution: objective 2721.3189746
Variable types: 0 continuous, 9 integer (0 binary)

Explored 0 nodes (0 simplex iterations) in 8.72 seconds (0.26 work units)
Thread count was 32 (of 64 available processors)

Solution count 2: 2721.32 4238.35 

Optimal solution found (tolerance 5.00e-02)
Best objective 2.721318974625e+03, best bound 2.715505641810e+03, gap 0.2136%
Set parameter TimeLimit to value 600
Set parameter MIPGap to value 0.05
Gurobi Optimizer version 11.0.2 build v11.0.2rc0 (linux64 - "Red Hat Enterprise Linux 9.6 (Plow)")

CPU model: AMD EPYC 9374F 32-Core Processor, instruction set [SSE2|AVX|AVX2|AVX512]
Thread count: 64 physical cores, 64 logical processors, using up to 32 threads

Optimize a model with 1864 rows, 8604 columns and 16776 nonzeros
Model fingerprint: 0x0798bae5
Model has 8604 quadratic objective terms
Variable types: 0 continuous, 8604 integer (0 binary)
Coefficient statistics:
  Matrix range     [1e+00, 1e+00]
  Objective range  [1e-08, 1e+00]
  QObjective range [2e-02, 2e+00]
  Bounds range     [1e+00, 2e+01]
  RHS range        [1e+00, 2e+01]

Loaded user MIP start with objective 872.885

Presolve removed 1862 rows and 8595 columns (presolve time = 8s) ...
Presolve removed 1862 rows and 8595 columns
Presolve time: 7.51s
Presolved: 2 rows, 9 columns, 18 nonzeros
Presolved model has 9 quadratic objective terms
Found heuristic solution: objective 737.2172511
Variable types: 0 continuous, 9 integer (0 binary)

Explored 0 nodes (0 simplex iterations) in 7.51 seconds (0.17 work units)
Thread count was 32 (of 64 available processors)

Solution count 2: 737.217 872.885 

Optimal solution found (tolerance 5.00e-02)
Best objective 7.372172511343e+02, best bound 7.353162872857e+02, gap 0.2579%
Set parameter TimeLimit to value 600
Set parameter MIPGap to value 0.05
Gurobi Optimizer version 11.0.2 build v11.0.2rc0 (linux64 - "Red Hat Enterprise Linux 9.6 (Plow)")

CPU model: AMD EPYC 9374F 32-Core Processor, instruction set [SSE2|AVX|AVX2|AVX512]
Thread count: 64 physical cores, 64 logical processors, using up to 32 threads

Optimize a model with 1864 rows, 8604 columns and 16776 nonzeros
Model fingerprint: 0xf719c0aa
Model has 8604 quadratic objective terms
Variable types: 0 continuous, 8604 integer (0 binary)
Coefficient statistics:
  Matrix range     [1e+00, 1e+00]
  Objective range  [1e-08, 1e+00]
  QObjective range [2e-02, 2e+00]
  Bounds range     [1e+00, 2e+01]
  RHS range        [1e+00, 2e+01]

Loaded user MIP start with objective 718.469

Presolve removed 1862 rows and 8595 columns (presolve time = 6s) ...
Presolve removed 1862 rows and 8595 columns
Presolve time: 5.51s
Presolved: 2 rows, 9 columns, 18 nonzeros
Presolved model has 9 quadratic objective terms
Found heuristic solution: objective 694.9304378
Variable types: 0 continuous, 9 integer (0 binary)

Explored 0 nodes (0 simplex iterations) in 5.51 seconds (0.16 work units)
Thread count was 32 (of 64 available processors)

Solution count 2: 694.93 718.469 

Optimal solution found (tolerance 5.00e-02)
Best objective 6.949304378074e+02, best bound 6.929294283451e+02, gap 0.2879%
Set parameter TimeLimit to value 600
Set parameter MIPGap to value 0.05
Gurobi Optimizer version 11.0.2 build v11.0.2rc0 (linux64 - "Red Hat Enterprise Linux 9.6 (Plow)")

CPU model: AMD EPYC 9374F 32-Core Processor, instruction set [SSE2|AVX|AVX2|AVX512]
Thread count: 64 physical cores, 64 logical processors, using up to 32 threads

Optimize a model with 1864 rows, 8604 columns and 16776 nonzeros
Model fingerprint: 0xb03c3c96
Model has 8604 quadratic objective terms
Variable types: 0 continuous, 8604 integer (0 binary)
Coefficient statistics:
  Matrix range     [1e+00, 1e+00]
  Objective range  [1e-08, 1e+00]
  QObjective range [2e-02, 2e+00]
  Bounds range     [1e+00, 2e+01]
  RHS range        [1e+00, 2e+01]

Loaded user MIP start with objective 711.725

Presolve removed 1862 rows and 8595 columns (presolve time = 5s) ...
Presolve removed 1862 rows and 8595 columns
Presolve time: 5.05s
Presolved: 2 rows, 9 columns, 18 nonzeros
Presolved model has 9 quadratic objective terms
Found heuristic solution: objective 690.4475124
Variable types: 0 continuous, 9 integer (0 binary)

Explored 0 nodes (0 simplex iterations) in 5.05 seconds (0.15 work units)
Thread count was 32 (of 64 available processors)

Solution count 2: 690.448 711.725 

Optimal solution found (tolerance 5.00e-02)
Best objective 6.904475123627e+02, best bound 6.884095576806e+02, gap 0.2952%
Set parameter TimeLimit to value 600
Set parameter MIPGap to value 0.05
Gurobi Optimizer version 11.0.2 build v11.0.2rc0 (linux64 - "Red Hat Enterprise Linux 9.6 (Plow)")

CPU model: AMD EPYC 9374F 32-Core Processor, instruction set [SSE2|AVX|AVX2|AVX512]
Thread count: 64 physical cores, 64 logical processors, using up to 32 threads

Optimize a model with 1864 rows, 8604 columns and 16776 nonzeros
Model fingerprint: 0x92b768e2
Model has 8604 quadratic objective terms
Variable types: 0 continuous, 8604 integer (0 binary)
Coefficient statistics:
  Matrix range     [1e+00, 1e+00]
  Objective range  [1e-08, 1e+00]
  QObjective range [2e-02, 2e+00]
  Bounds range     [1e+00, 2e+01]
  RHS range        [1e+00, 2e+01]

Loaded user MIP start with objective 705.162

Presolve removed 1862 rows and 8595 columns (presolve time = 5s) ...
Presolve removed 1862 rows and 8595 columns
Presolve time: 5.17s
Presolved: 2 rows, 9 columns, 18 nonzeros
Presolved model has 9 quadratic objective terms
Found heuristic solution: objective 692.6500957
Variable types: 0 continuous, 9 integer (0 binary)

Explored 0 nodes (0 simplex iterations) in 5.17 seconds (0.15 work units)
Thread count was 32 (of 64 available processors)

Solution count 2: 692.65 705.162 

Optimal solution found (tolerance 5.00e-02)
Best objective 6.926500956793e+02, best bound 6.905207309186e+02, gap 0.3074%
Set parameter TimeLimit to value 600
Set parameter MIPGap to value 0.05
Gurobi Optimizer version 11.0.2 build v11.0.2rc0 (linux64 - "Red Hat Enterprise Linux 9.6 (Plow)")

CPU model: AMD EPYC 9374F 32-Core Processor, instruction set [SSE2|AVX|AVX2|AVX512]
Thread count: 64 physical cores, 64 logical processors, using up to 32 threads

Optimize a model with 1864 rows, 8604 columns and 16776 nonzeros
Model fingerprint: 0xf87db30e
Model has 8604 quadratic objective terms
Variable types: 0 continuous, 8604 integer (0 binary)
Coefficient statistics:
  Matrix range     [1e+00, 1e+00]
  Objective range  [1e-08, 1e+00]
  QObjective range [2e-02, 2e+00]
  Bounds range     [1e+00, 2e+01]
  RHS range        [1e+00, 2e+01]

Loaded user MIP start with objective 705.087

Presolve removed 1862 rows and 8595 columns
Presolve time: 4.92s
Presolved: 2 rows, 9 columns, 18 nonzeros
Presolved model has 9 quadratic objective terms
Found heuristic solution: objective 693.2658945
Variable types: 0 continuous, 9 integer (0 binary)

Explored 0 nodes (0 simplex iterations) in 4.92 seconds (0.15 work units)
Thread count was 32 (of 64 available processors)

Solution count 2: 693.266 705.087 

Optimal solution found (tolerance 5.00e-02)
Best objective 6.932658945229e+02, best bound 6.910907726575e+02, gap 0.3138%
Set parameter TimeLimit to value 600
Set parameter MIPGap to value 0.05
Gurobi Optimizer version 11.0.2 build v11.0.2rc0 (linux64 - "Red Hat Enterprise Linux 9.6 (Plow)")

CPU model: AMD EPYC 9374F 32-Core Processor, instruction set [SSE2|AVX|AVX2|AVX512]
Thread count: 64 physical cores, 64 logical processors, using up to 32 threads

Optimize a model with 1864 rows, 8604 columns and 16776 nonzeros
Model fingerprint: 0x1971d52e
Model has 8604 quadratic objective terms
Variable types: 0 continuous, 8604 integer (0 binary)
Coefficient statistics:
  Matrix range     [1e+00, 1e+00]
  Objective range  [1e-08, 1e+00]
  QObjective range [2e-02, 2e+00]
  Bounds range     [1e+00, 2e+01]
  RHS range        [1e+00, 2e+01]

Loaded user MIP start with objective 704.556

Presolve removed 1862 rows and 8595 columns (presolve time = 6s) ...
Presolve removed 1862 rows and 8595 columns
Presolve time: 5.84s
Presolved: 2 rows, 9 columns, 18 nonzeros
Presolved model has 9 quadratic objective terms
Found heuristic solution: objective 692.8341711
Variable types: 0 continuous, 9 integer (0 binary)

Explored 0 nodes (0 simplex iterations) in 5.84 seconds (0.15 work units)
Thread count was 32 (of 64 available processors)

Solution count 2: 692.834 704.556 

Optimal solution found (tolerance 5.00e-02)
Best objective 6.928341710782e+02, best bound 6.906630445431e+02, gap 0.3134%
Set parameter TimeLimit to value 600
Set parameter MIPGap to value 0.05
Gurobi Optimizer version 11.0.2 build v11.0.2rc0 (linux64 - "Red Hat Enterprise Linux 9.6 (Plow)")

CPU model: AMD EPYC 9374F 32-Core Processor, instruction set [SSE2|AVX|AVX2|AVX512]
Thread count: 64 physical cores, 64 logical processors, using up to 32 threads

Optimize a model with 1864 rows, 8604 columns and 16776 nonzeros
Model fingerprint: 0xe6ae942e
Model has 8604 quadratic objective terms
Variable types: 0 continuous, 8604 integer (0 binary)
Coefficient statistics:
  Matrix range     [1e+00, 1e+00]
  Objective range  [1e-08, 1e+00]
  QObjective range [2e-02, 2e+00]
  Bounds range     [1e+00, 2e+01]
  RHS range        [1e+00, 2e+01]

Loaded user MIP start with objective 705.217

Presolve removed 1862 rows and 8595 columns
Presolve time: 4.86s
Presolved: 2 rows, 9 columns, 18 nonzeros
Presolved model has 9 quadratic objective terms
Found heuristic solution: objective 693.2485792
Variable types: 0 continuous, 9 integer (0 binary)

Explored 0 nodes (0 simplex iterations) in 4.86 seconds (0.15 work units)
Thread count was 32 (of 64 available processors)

Solution count 2: 693.249 705.217 

Optimal solution found (tolerance 5.00e-02)
Best objective 6.932485791610e+02, best bound 6.910564530627e+02, gap 0.3162%
Set parameter TimeLimit to value 600
Set parameter MIPGap to value 0.05
Gurobi Optimizer version 11.0.2 build v11.0.2rc0 (linux64 - "Red Hat Enterprise Linux 9.6 (Plow)")

CPU model: AMD EPYC 9374F 32-Core Processor, instruction set [SSE2|AVX|AVX2|AVX512]
Thread count: 64 physical cores, 64 logical processors, using up to 32 threads

Optimize a model with 1864 rows, 8604 columns and 16776 nonzeros
Model fingerprint: 0x35f6c3d1
Model has 8604 quadratic objective terms
Variable types: 0 continuous, 8604 integer (0 binary)
Coefficient statistics:
  Matrix range     [1e+00, 1e+00]
  Objective range  [1e-08, 1e+00]
  QObjective range [2e-02, 2e+00]
  Bounds range     [1e+00, 2e+01]
  RHS range        [1e+00, 2e+01]

Loaded user MIP start with objective 705.643

Presolve removed 1862 rows and 8595 columns
Presolve time: 4.88s
Presolved: 2 rows, 9 columns, 18 nonzeros
Presolved model has 9 quadratic objective terms
Found heuristic solution: objective 693.6429902
Variable types: 0 continuous, 9 integer (0 binary)

Explored 0 nodes (0 simplex iterations) in 4.88 seconds (0.15 work units)
Thread count was 32 (of 64 available processors)

Solution count 2: 693.643 705.643 

Optimal solution found (tolerance 5.00e-02)
Best objective 6.936429902345e+02, best bound 6.914358784928e+02, gap 0.3182%
Set parameter TimeLimit to value 600
Set parameter MIPGap to value 0.05
Gurobi Optimizer version 11.0.2 build v11.0.2rc0 (linux64 - "Red Hat Enterprise Linux 9.6 (Plow)")

CPU model: AMD EPYC 9374F 32-Core Processor, instruction set [SSE2|AVX|AVX2|AVX512]
Thread count: 64 physical cores, 64 logical processors, using up to 32 threads

Optimize a model with 1864 rows, 8604 columns and 16776 nonzeros
Model fingerprint: 0x78fb5bd2
Model has 8604 quadratic objective terms
Variable types: 0 continuous, 8604 integer (0 binary)
Coefficient statistics:
  Matrix range     [1e+00, 1e+00]
  Objective range  [1e-08, 1e+00]
  QObjective range [2e-02, 2e+00]
  Bounds range     [1e+00, 2e+01]
  RHS range        [1e+00, 2e+01]

Loaded user MIP start with objective 705.626

Presolve removed 1862 rows and 8595 columns (presolve time = 5s) ...
Presolve removed 1862 rows and 8595 columns
Presolve time: 5.01s
Presolved: 2 rows, 9 columns, 18 nonzeros
Presolved model has 9 quadratic objective terms
Found heuristic solution: objective 693.6247504
Variable types: 0 continuous, 9 integer (0 binary)

Explored 0 nodes (0 simplex iterations) in 5.01 seconds (0.15 work units)
Thread count was 32 (of 64 available processors)

Solution count 2: 693.625 705.626 

Optimal solution found (tolerance 5.00e-02)
Best objective 6.936247504189e+02, best bound 6.914144349301e+02, gap 0.3187%
Parquet file for pass 1 loaded successfully.
Spot and CellType successfully split (using ::: delimiter).

Spot name formats:
AnnData spot names format: Index(['spot_1', 'spot_2', 'spot_3', 'spot_4', 'spot_5'], dtype='object')
Parquet spot names format: ['spot_1' 'spot_2' 'spot_3' 'spot_4' 'spot_5']
Added layer: PVL_genes_pass1 (Shape: (956, 29733))
Added layer: Endothelial_genes_pass1 (Shape: (956, 29733))
Added layer: Cancer_Epithelial_genes_pass1 (Shape: (956, 29733))
Added layer: B-cells_genes_pass1 (Shape: (956, 29733))
Added layer: Plasmablasts_genes_pass1 (Shape: (956, 29733))
Added layer: T-cells_genes_pass1 (Shape: (956, 29733))
Added layer: Myeloid_genes_pass1 (Shape: (956, 29733))
Added layer: Normal_Epithelial_genes_pass1 (Shape: (956, 29733))
Added layer: CAFs_genes_pass1 (Shape: (956, 29733))
RMSE, NRMSE, and MAE per cell type:
	Plasmablasts: RMSE: 0.0639, NRMSE: 0.0084, MAE: 0.0018
	CAFs: RMSE: 0.2795, NRMSE: 0.0397, MAE: 0.0471
	B-cells: RMSE: 0.1235, NRMSE: 0.0172, MAE: 0.0075
	PVL: RMSE: 0.0768, NRMSE: 0.0111, MAE: 0.0027
	Endothelial: RMSE: 0.0824, NRMSE: 0.0115, MAE: 0.0029
	Cancer Epithelial: RMSE: 0.3178, NRMSE: 0.0375, MAE: 0.0589
	Normal Epithelial: RMSE: 0.0801, NRMSE: 0.0122, MAE: 0.0031
	Myeloid: RMSE: 0.1614, NRMSE: 0.0231, MAE: 0.0153
	T-cells: RMSE: 0.1709, NRMSE: 0.0240, MAE: 0.0157

Overall RMSE statistics:
	Average RMSE: 0.1507
	Median RMSE:  0.1235

Overall NRMSE statistics:
	Average NRMSE: 0.0205
	Median NRMSE:  0.0172

Overall MAE statistics:
	Average MAE: 0.0172
	Median MAE:  0.0075
Per-cell type metrics saved to per_celltype_metrics.csv

=== RESULTS ===
Nuclei count correlation: 0.987
Proportion correlation: 0.486
