CitegeistModel initialized successfully.
Antibody capture data preprocessing completed: Winsorized, CLR applied, no NaNs detected.
Set parameter LicenseID to value 276015
Set parameter GURO_PAR_SPECIAL
Set parameter TokenServer to value "license.crc.pitt.edu"
Set parameter TimeLimit to value 600
Set parameter MIPGap to value 0.05
Gurobi Optimizer version 11.0.2 build v11.0.2rc0 (linux64 - "Red Hat Enterprise Linux 9.6 (Plow)")

CPU model: Intel(R) Xeon(R) Platinum 8352Y CPU @ 2.20GHz, instruction set [SSE2|AVX|AVX2|AVX512]
Thread count: 64 physical cores, 64 logical processors, using up to 32 threads

Optimize a model with 939 rows, 8604 columns and 8451 nonzeros
Model fingerprint: 0xb1858f3f
Model has 8604 quadratic objective terms
Variable types: 0 continuous, 8604 integer (0 binary)
Coefficient statistics:
  Matrix range     [1e+00, 1e+00]
  Objective range  [2e-08, 4e+00]
  QObjective range [4e+00, 4e+00]
  Bounds range     [1e+00, 2e+01]
  RHS range        [1e+00, 2e+01]

Loaded user MIP start with objective 7889.31

Presolve removed 681 rows and 6282 columns (presolve time = 7s) ...
Presolve removed 681 rows and 6282 columns
Presolve time: 6.81s
Presolved: 258 rows, 2322 columns, 2322 nonzeros
Presolved model has 2322 quadratic objective terms
Found heuristic solution: objective 7461.0601534
Variable types: 0 continuous, 2322 integer (0 binary)
Found heuristic solution: objective 7218.6197260

Root simplex log...

Iteration    Objective       Primal Inf.    Dual Inf.      Time
       0    5.1741616e+03   0.000000e+00   0.000000e+00      7s
     259    6.4784770e+03   0.000000e+00   0.000000e+00      7s

Root relaxation: objective 6.478477e+03, 259 iterations, 0.00 seconds (0.00 work units)

    Nodes    |    Current Node    |     Objective Bounds      |     Work
 Expl Unexpl |  Obj  Depth IntInf | Incumbent    BestBd   Gap | It/Node Time

     0     0 6478.47702    0 2322 7218.61973 6478.47702  10.3%     -    6s
H    0     0                    7204.6478018 6478.47702  10.1%     -    6s
H    0     0                    7203.8647575 6478.47702  10.1%     -    7s
     0     0 6479.01794    0 2322 7203.86476 6479.01794  10.1%     -    7s
     0     2 6479.01794    0 2322 7203.86476 6479.01794  10.1%     -    8s
H   95   128                    7203.8647568 6479.01794  10.1%   2.0   10s
  8823  9262 6507.52795  220 2098 7203.86476 6479.93813  10.0%   2.1   15s
H15134 15135                    7203.8647557 6479.93813  10.0%   2.1   20s

Explored 15135 nodes (31825 simplex iterations) in 23.30 seconds (1.77 work units)
Thread count was 32 (of 64 available processors)

Solution count 9: 7203.86 7203.86 7203.86 ... 7889.31

Optimal solution found (tolerance 5.00e-02)
Best objective 7.203864755718e+03, best bound 7.199267023739e+03, gap 0.0638%
Set parameter TimeLimit to value 600
Set parameter MIPGap to value 0.05
Gurobi Optimizer version 11.0.2 build v11.0.2rc0 (linux64 - "Red Hat Enterprise Linux 9.6 (Plow)")

CPU model: Intel(R) Xeon(R) Platinum 8352Y CPU @ 2.20GHz, instruction set [SSE2|AVX|AVX2|AVX512]
Thread count: 64 physical cores, 64 logical processors, using up to 32 threads

Optimize a model with 939 rows, 8604 columns and 8451 nonzeros
Model fingerprint: 0x14cafabf
Model has 8604 quadratic objective terms
Variable types: 0 continuous, 8604 integer (0 binary)
Coefficient statistics:
  Matrix range     [1e+00, 1e+00]
  Objective range  [3e-09, 1e+00]
  QObjective range [4e-02, 3e-01]
  Bounds range     [1e+00, 2e+01]
  RHS range        [1e+00, 2e+01]

Loaded user MIP start with objective 247.864

Presolve removed 938 rows and 8595 columns
Presolve time: 4.34s
Presolved: 1 rows, 9 columns, 9 nonzeros
Presolved model has 9 quadratic objective terms
Found heuristic solution: objective 123.1753273
Variable types: 0 continuous, 9 integer (0 binary)

Explored 0 nodes (0 simplex iterations) in 4.34 seconds (0.12 work units)
Thread count was 32 (of 64 available processors)

Solution count 2: 123.175 247.864 

Optimal solution found (tolerance 5.00e-02)
Best objective 1.231753273035e+02, best bound 1.231281296868e+02, gap 0.0383%
Set parameter TimeLimit to value 600
Set parameter MIPGap to value 0.05
Gurobi Optimizer version 11.0.2 build v11.0.2rc0 (linux64 - "Red Hat Enterprise Linux 9.6 (Plow)")

CPU model: Intel(R) Xeon(R) Platinum 8352Y CPU @ 2.20GHz, instruction set [SSE2|AVX|AVX2|AVX512]
Thread count: 64 physical cores, 64 logical processors, using up to 32 threads

Optimize a model with 939 rows, 8604 columns and 8451 nonzeros
Model fingerprint: 0x622ab8cd
Model has 8604 quadratic objective terms
Variable types: 0 continuous, 8604 integer (0 binary)
Coefficient statistics:
  Matrix range     [1e+00, 1e+00]
  Objective range  [3e-09, 1e+00]
  QObjective range [4e-02, 3e-01]
  Bounds range     [1e+00, 2e+01]
  RHS range        [1e+00, 2e+01]

Loaded user MIP start with objective 121.485

Presolve removed 938 rows and 8595 columns
Presolve time: 4.06s
Presolved: 1 rows, 9 columns, 9 nonzeros
Presolved model has 9 quadratic objective terms
Found heuristic solution: objective 120.3328599
Variable types: 0 continuous, 9 integer (0 binary)

Explored 0 nodes (0 simplex iterations) in 4.07 seconds (0.11 work units)
Thread count was 32 (of 64 available processors)

Solution count 2: 120.333 121.485 

Optimal solution found (tolerance 5.00e-02)
Best objective 1.203328598992e+02, best bound 1.202801083187e+02, gap 0.0438%
Set parameter TimeLimit to value 600
Set parameter MIPGap to value 0.05
Gurobi Optimizer version 11.0.2 build v11.0.2rc0 (linux64 - "Red Hat Enterprise Linux 9.6 (Plow)")

CPU model: Intel(R) Xeon(R) Platinum 8352Y CPU @ 2.20GHz, instruction set [SSE2|AVX|AVX2|AVX512]
Thread count: 64 physical cores, 64 logical processors, using up to 32 threads

Optimize a model with 939 rows, 8604 columns and 8451 nonzeros
Model fingerprint: 0x157ab390
Model has 8604 quadratic objective terms
Variable types: 0 continuous, 8604 integer (0 binary)
Coefficient statistics:
  Matrix range     [1e+00, 1e+00]
  Objective range  [3e-09, 9e-01]
  QObjective range [4e-02, 3e-01]
  Bounds range     [1e+00, 2e+01]
  RHS range        [1e+00, 2e+01]

Loaded user MIP start with objective 119.485

Presolve removed 938 rows and 8595 columns
Presolve time: 4.05s
Presolved: 1 rows, 9 columns, 9 nonzeros
Presolved model has 9 quadratic objective terms
Found heuristic solution: objective 118.7761050
Variable types: 0 continuous, 9 integer (0 binary)

Explored 0 nodes (0 simplex iterations) in 4.05 seconds (0.11 work units)
Thread count was 32 (of 64 available processors)

Solution count 2: 118.776 119.485 

Optimal solution found (tolerance 5.00e-02)
Best objective 1.187761049726e+02, best bound 1.187169049348e+02, gap 0.0498%
Set parameter TimeLimit to value 600
Set parameter MIPGap to value 0.05
Gurobi Optimizer version 11.0.2 build v11.0.2rc0 (linux64 - "Red Hat Enterprise Linux 9.6 (Plow)")

CPU model: Intel(R) Xeon(R) Platinum 8352Y CPU @ 2.20GHz, instruction set [SSE2|AVX|AVX2|AVX512]
Thread count: 64 physical cores, 64 logical processors, using up to 32 threads

Optimize a model with 939 rows, 8604 columns and 8451 nonzeros
Model fingerprint: 0xc513edc3
Model has 8604 quadratic objective terms
Variable types: 0 continuous, 8604 integer (0 binary)
Coefficient statistics:
  Matrix range     [1e+00, 1e+00]
  Objective range  [3e-09, 9e-01]
  QObjective range [4e-02, 2e-01]
  Bounds range     [1e+00, 2e+01]
  RHS range        [1e+00, 2e+01]

Loaded user MIP start with objective 118.234

Presolve removed 938 rows and 8595 columns
Presolve time: 3.96s
Presolved: 1 rows, 9 columns, 9 nonzeros
Presolved model has 9 quadratic objective terms
Found heuristic solution: objective 117.6632006
Variable types: 0 continuous, 9 integer (0 binary)

Explored 0 nodes (0 simplex iterations) in 3.96 seconds (0.11 work units)
Thread count was 32 (of 64 available processors)

Solution count 2: 117.663 118.234 

Optimal solution found (tolerance 5.00e-02)
Best objective 1.176632005896e+02, best bound 1.175995695606e+02, gap 0.0541%
Set parameter TimeLimit to value 600
Set parameter MIPGap to value 0.05
Gurobi Optimizer version 11.0.2 build v11.0.2rc0 (linux64 - "Red Hat Enterprise Linux 9.6 (Plow)")

CPU model: Intel(R) Xeon(R) Platinum 8352Y CPU @ 2.20GHz, instruction set [SSE2|AVX|AVX2|AVX512]
Thread count: 64 physical cores, 64 logical processors, using up to 32 threads

Optimize a model with 939 rows, 8604 columns and 8451 nonzeros
Model fingerprint: 0xc14deae9
Model has 8604 quadratic objective terms
Variable types: 0 continuous, 8604 integer (0 binary)
Coefficient statistics:
  Matrix range     [1e+00, 1e+00]
  Objective range  [3e-09, 9e-01]
  QObjective range [4e-02, 2e-01]
  Bounds range     [1e+00, 2e+01]
  RHS range        [1e+00, 2e+01]

Loaded user MIP start with objective 117.068

Presolve removed 938 rows and 8595 columns
Presolve time: 4.09s
Presolved: 1 rows, 9 columns, 9 nonzeros
Presolved model has 9 quadratic objective terms
Found heuristic solution: objective 116.6932856
Variable types: 0 continuous, 9 integer (0 binary)

Explored 0 nodes (0 simplex iterations) in 4.10 seconds (0.11 work units)
Thread count was 32 (of 64 available processors)

Solution count 2: 116.693 117.068 

Optimal solution found (tolerance 5.00e-02)
Best objective 1.166932855852e+02, best bound 1.166242693280e+02, gap 0.0591%
Set parameter TimeLimit to value 600
Set parameter MIPGap to value 0.05
Gurobi Optimizer version 11.0.2 build v11.0.2rc0 (linux64 - "Red Hat Enterprise Linux 9.6 (Plow)")

CPU model: Intel(R) Xeon(R) Platinum 8352Y CPU @ 2.20GHz, instruction set [SSE2|AVX|AVX2|AVX512]
Thread count: 64 physical cores, 64 logical processors, using up to 32 threads

Optimize a model with 939 rows, 8604 columns and 8451 nonzeros
Model fingerprint: 0x242a9212
Model has 8604 quadratic objective terms
Variable types: 0 continuous, 8604 integer (0 binary)
Coefficient statistics:
  Matrix range     [1e+00, 1e+00]
  Objective range  [3e-09, 9e-01]
  QObjective range [4e-02, 2e-01]
  Bounds range     [1e+00, 2e+01]
  RHS range        [1e+00, 2e+01]

Loaded user MIP start with objective 116.49

Presolve removed 938 rows and 8595 columns
Presolve time: 3.75s
Presolved: 1 rows, 9 columns, 9 nonzeros
Presolved model has 9 quadratic objective terms
Found heuristic solution: objective 116.2345349
Variable types: 0 continuous, 9 integer (0 binary)

Explored 0 nodes (0 simplex iterations) in 3.75 seconds (0.11 work units)
Thread count was 32 (of 64 available processors)

Solution count 2: 116.235 116.49 

Optimal solution found (tolerance 5.00e-02)
Best objective 1.162345349241e+02, best bound 1.161631289569e+02, gap 0.0614%
Set parameter TimeLimit to value 600
Set parameter MIPGap to value 0.05
Gurobi Optimizer version 11.0.2 build v11.0.2rc0 (linux64 - "Red Hat Enterprise Linux 9.6 (Plow)")

CPU model: Intel(R) Xeon(R) Platinum 8352Y CPU @ 2.20GHz, instruction set [SSE2|AVX|AVX2|AVX512]
Thread count: 64 physical cores, 64 logical processors, using up to 32 threads

Optimize a model with 939 rows, 8604 columns and 8451 nonzeros
Model fingerprint: 0xffc74c28
Model has 8604 quadratic objective terms
Variable types: 0 continuous, 8604 integer (0 binary)
Coefficient statistics:
  Matrix range     [1e+00, 1e+00]
  Objective range  [3e-09, 8e-01]
  QObjective range [4e-02, 2e-01]
  Bounds range     [1e+00, 2e+01]
  RHS range        [1e+00, 2e+01]

Loaded user MIP start with objective 115.785

Presolve removed 938 rows and 8595 columns
Presolve time: 4.09s
Presolved: 1 rows, 9 columns, 9 nonzeros
Presolved model has 9 quadratic objective terms
Found heuristic solution: objective 115.6601956
Variable types: 0 continuous, 9 integer (0 binary)

Explored 0 nodes (0 simplex iterations) in 4.09 seconds (0.10 work units)
Thread count was 32 (of 64 available processors)

Solution count 2: 115.66 115.785 

Optimal solution found (tolerance 5.00e-02)
Best objective 1.156601956160e+02, best bound 1.155856566503e+02, gap 0.0644%
Set parameter TimeLimit to value 600
Set parameter MIPGap to value 0.05
Gurobi Optimizer version 11.0.2 build v11.0.2rc0 (linux64 - "Red Hat Enterprise Linux 9.6 (Plow)")

CPU model: Intel(R) Xeon(R) Platinum 8352Y CPU @ 2.20GHz, instruction set [SSE2|AVX|AVX2|AVX512]
Thread count: 64 physical cores, 64 logical processors, using up to 32 threads

Optimize a model with 939 rows, 8604 columns and 8451 nonzeros
Model fingerprint: 0x654cb4dc
Model has 8604 quadratic objective terms
Variable types: 0 continuous, 8604 integer (0 binary)
Coefficient statistics:
  Matrix range     [1e+00, 1e+00]
  Objective range  [3e-09, 8e-01]
  QObjective range [4e-02, 2e-01]
  Bounds range     [1e+00, 2e+01]
  RHS range        [1e+00, 2e+01]

Loaded user MIP start with objective 115.167

Presolve removed 938 rows and 8595 columns
Presolve time: 3.93s
Presolved: 1 rows, 9 columns, 9 nonzeros
Presolved model has 9 quadratic objective terms
Found heuristic solution: objective 115.0271552
Variable types: 0 continuous, 9 integer (0 binary)

Explored 0 nodes (0 simplex iterations) in 3.93 seconds (0.10 work units)
Thread count was 32 (of 64 available processors)

Solution count 2: 115.027 115.167 

Optimal solution found (tolerance 5.00e-02)
Best objective 1.150271552390e+02, best bound 1.149512438417e+02, gap 0.0660%
Set parameter TimeLimit to value 600
Set parameter MIPGap to value 0.05
Gurobi Optimizer version 11.0.2 build v11.0.2rc0 (linux64 - "Red Hat Enterprise Linux 9.6 (Plow)")

CPU model: Intel(R) Xeon(R) Platinum 8352Y CPU @ 2.20GHz, instruction set [SSE2|AVX|AVX2|AVX512]
Thread count: 64 physical cores, 64 logical processors, using up to 32 threads

Optimize a model with 939 rows, 8604 columns and 8451 nonzeros
Model fingerprint: 0x45c693aa
Model has 8604 quadratic objective terms
Variable types: 0 continuous, 8604 integer (0 binary)
Coefficient statistics:
  Matrix range     [1e+00, 1e+00]
  Objective range  [3e-09, 8e-01]
  QObjective range [4e-02, 2e-01]
  Bounds range     [1e+00, 2e+01]
  RHS range        [1e+00, 2e+01]

Loaded user MIP start with objective 114.621

Presolve removed 938 rows and 8595 columns
Presolve time: 4.00s
Presolved: 1 rows, 9 columns, 9 nonzeros
Presolved model has 9 quadratic objective terms
Found heuristic solution: objective 114.4854054
Variable types: 0 continuous, 9 integer (0 binary)

Explored 0 nodes (0 simplex iterations) in 4.00 seconds (0.10 work units)
Thread count was 32 (of 64 available processors)

Solution count 2: 114.485 114.621 

Optimal solution found (tolerance 5.00e-02)
Best objective 1.144854053915e+02, best bound 1.144084150451e+02, gap 0.0672%
Parquet file for pass 1 loaded successfully.
Spot and CellType successfully split (using ::: delimiter).

Spot name formats:
AnnData spot names format: Index(['spot_1', 'spot_2', 'spot_3', 'spot_4', 'spot_5'], dtype='object')
Parquet spot names format: ['spot_1' 'spot_2' 'spot_3' 'spot_4' 'spot_5']
Added layer: Plasmablasts_genes_pass1 (Shape: (956, 29733))
Added layer: B-cells_genes_pass1 (Shape: (956, 29733))
Added layer: Endothelial_genes_pass1 (Shape: (956, 29733))
Added layer: Myeloid_genes_pass1 (Shape: (956, 29733))
Added layer: PVL_genes_pass1 (Shape: (956, 29733))
Added layer: CAFs_genes_pass1 (Shape: (956, 29733))
Added layer: T-cells_genes_pass1 (Shape: (956, 29733))
Added layer: Cancer_Epithelial_genes_pass1 (Shape: (956, 29733))
Added layer: Normal_Epithelial_genes_pass1 (Shape: (956, 29733))
RMSE, NRMSE, and MAE per cell type:
	B-cells: RMSE: 0.1257, NRMSE: 0.0174, MAE: 0.0077
	Plasmablasts: RMSE: 0.0673, NRMSE: 0.0074, MAE: 0.0019
	Normal Epithelial: RMSE: 0.0641, NRMSE: nan, MAE: 0.0017
	CAFs: RMSE: 0.2798, NRMSE: 0.0416, MAE: 0.0473
	Cancer Epithelial: RMSE: 0.3178, NRMSE: 0.0362, MAE: 0.0596
	Myeloid: RMSE: 0.1663, NRMSE: 0.0227, MAE: 0.0161
	PVL: RMSE: 0.0753, NRMSE: 0.0113, MAE: 0.0024
	Endothelial: RMSE: 0.0602, NRMSE: nan, MAE: 0.0013
	T-cells: RMSE: 0.1716, NRMSE: 0.0245, MAE: 0.0158

Overall RMSE statistics:
	Average RMSE: 0.1476
	Median RMSE:  0.1257

Overall NRMSE statistics:
	Average NRMSE: 0.0230
	Median NRMSE:  0.0227

Overall MAE statistics:
	Average MAE: 0.0171
	Median MAE:  0.0077
Per-cell type metrics saved to per_celltype_metrics.csv

=== RESULTS ===
Nuclei count correlation: 0.986
Proportion correlation: 0.573
