2026-02-13 12:13:13,874 - __main__ - INFO - ============================================================
2026-02-13 12:13:13,875 - __main__ - INFO - BENCHMARK: replicate=1, condition=high_seg, mode=h_and_e
2026-02-13 12:13:13,875 - __main__ - INFO - ============================================================
2026-02-13 12:13:13,879 - __main__ - INFO - Loading image: /ix1/alee/LO_LAB/Personal/Alexander_Chang/alc376/CITEgeist/Benchmarking/simulation_benchmarking/CITEgeist/high_seg/images/h_and_e/Wu_rep_1_cellpose.png
2026-02-13 12:13:14,661 - __main__ - INFO - Image shape: (8000, 8000, 3)
2026-02-13 12:13:14,662 - __main__ - INFO - Running Cellpose with model_type=cyto2
2026-02-13 12:13:19,253 - cellpose.models - WARNING - model_type argument is not used in v4.0.1+. Ignoring this argument...
2026-02-13 12:13:19,712 - cellpose.core - INFO - ** TORCH CUDA version installed and working. **
2026-02-13 12:13:19,712 - cellpose.core - INFO - >>>> using GPU (CUDA)
2026-02-13 12:13:21,312 - cellpose.models - INFO - >>>> loading model /ihome/alee/alc376/.cellpose/models/cpsam
2026-02-13 12:13:21,784 - cellpose.models - WARNING - channels deprecated in v4.0.1+. If data contain more than 3 channels, only the first 3 channels will be used
2026-02-13 12:13:21,813 - cellpose.transforms - INFO - processing image with (8000, 8000) HW, and 3 channels
2026-02-13 12:14:00,094 - __main__ - INFO - Detected 4951 nuclei in 45.4s
2026-02-13 12:14:00,163 - __main__ - INFO - Loaded ground truth counts: 952 spots, total 5000 cells
2026-02-13 12:14:00,166 - __main__ - INFO - Nuclei count correlation: 0.094
2026-02-13 12:14:00,166 - __main__ - INFO - Nuclei count RMSE: 3.19
2026-02-13 12:14:00,245 - __main__ - INFO - Loading h5ad files...
2026-02-13 12:14:04,103 - root - INFO - Logging initialized.
2026-02-13 12:14:04,121 - root - INFO - Discrete antibody preprocessing complete: Row sums range [31.06, 48.04], mean=38.56, std=2.66
2026-02-13 12:14:04,450 - root - INFO - Normalization stats:
2026-02-13 12:14:04,450 - root - INFO - Original median total: 29419571958.50
2026-02-13 12:14:04,467 - root - INFO - Mean scaled total: 9976.79
2026-02-13 12:14:04,479 - root - INFO - Max scaled value: 10000.00
2026-02-13 12:14:04,630 - root - INFO - Gene expression data normalized to 10000 counts per spot and validated for discrete count analysis.
Traceback (most recent call last):
  File "/ix1/alee/LO_LAB/Personal/Alexander_Chang/alc376/CITEgeist/Benchmarking/simulation_benchmarking/CITEgeist/src/benchmark_discrete_simulation.py", line 345, in <module>
    main()
  File "/ix1/alee/LO_LAB/Personal/Alexander_Chang/alc376/CITEgeist/Benchmarking/simulation_benchmarking/CITEgeist/src/benchmark_discrete_simulation.py", line 327, in main
    results = run_benchmark(
  File "/ix1/alee/LO_LAB/Personal/Alexander_Chang/alc376/CITEgeist/Benchmarking/simulation_benchmarking/CITEgeist/src/benchmark_discrete_simulation.py", line 262, in run_benchmark
    cell_counts = model.run_discrete_cell_assignment(
TypeError: CitegeistModel.run_discrete_cell_assignment() got an unexpected keyword argument 'convergence_threshold'
