2026-02-13 12:17:12,470 - __main__ - INFO - ============================================================
2026-02-13 12:17:12,470 - __main__ - INFO - BENCHMARK: replicate=4, condition=mixed, mode=h_and_e
2026-02-13 12:17:12,470 - __main__ - INFO - ============================================================
2026-02-13 12:17:12,505 - __main__ - INFO - Loading image: /ix1/alee/LO_LAB/Personal/Alexander_Chang/alc376/CITEgeist/Benchmarking/simulation_benchmarking/CITEgeist/mixed/images/h_and_e/Wu_rep_4_cellpose.png
2026-02-13 12:17:13,143 - __main__ - INFO - Image shape: (8000, 8000, 3)
2026-02-13 12:17:13,145 - __main__ - INFO - Running Cellpose with model_type=cyto2
2026-02-13 12:17:15,976 - cellpose.models - WARNING - model_type argument is not used in v4.0.1+. Ignoring this argument...
2026-02-13 12:17:16,167 - cellpose.core - INFO - ** TORCH CUDA version installed and working. **
2026-02-13 12:17:16,167 - cellpose.core - INFO - >>>> using GPU (CUDA)
2026-02-13 12:17:17,290 - cellpose.models - INFO - >>>> loading model /ihome/alee/alc376/.cellpose/models/cpsam
2026-02-13 12:17:17,957 - cellpose.models - WARNING - channels deprecated in v4.0.1+. If data contain more than 3 channels, only the first 3 channels will be used
2026-02-13 12:17:17,994 - cellpose.transforms - INFO - processing image with (8000, 8000) HW, and 3 channels
2026-02-13 12:17:56,457 - __main__ - INFO - Detected 4946 nuclei in 43.3s
2026-02-13 12:17:56,883 - __main__ - INFO - Loaded ground truth counts: 956 spots, total 5000 cells
2026-02-13 12:17:56,884 - __main__ - INFO - Nuclei count correlation: 0.061
2026-02-13 12:17:56,885 - __main__ - INFO - Nuclei count RMSE: 3.24
2026-02-13 12:17:56,887 - __main__ - INFO - Loading h5ad files...
2026-02-13 12:17:58,188 - root - INFO - Logging initialized.
2026-02-13 12:17:58,200 - root - INFO - Discrete antibody preprocessing complete: Row sums range [30.61, 50.79], mean=39.98, std=2.83
2026-02-13 12:17:58,510 - root - INFO - Normalization stats:
2026-02-13 12:17:58,510 - root - INFO - Original median total: 80712055723.50
2026-02-13 12:17:58,525 - root - INFO - Mean scaled total: 9978.33
2026-02-13 12:17:58,536 - root - INFO - Max scaled value: 10000.00
2026-02-13 12:17:58,659 - root - INFO - Gene expression data normalized to 10000 counts per spot and validated for discrete count analysis.
Traceback (most recent call last):
  File "/ix1/alee/LO_LAB/Personal/Alexander_Chang/alc376/CITEgeist/Benchmarking/simulation_benchmarking/CITEgeist/src/benchmark_discrete_simulation.py", line 345, in <module>
    main()
  File "/ix1/alee/LO_LAB/Personal/Alexander_Chang/alc376/CITEgeist/Benchmarking/simulation_benchmarking/CITEgeist/src/benchmark_discrete_simulation.py", line 327, in main
    results = run_benchmark(
  File "/ix1/alee/LO_LAB/Personal/Alexander_Chang/alc376/CITEgeist/Benchmarking/simulation_benchmarking/CITEgeist/src/benchmark_discrete_simulation.py", line 262, in run_benchmark
    cell_counts = model.run_discrete_cell_assignment(
TypeError: CitegeistModel.run_discrete_cell_assignment() got an unexpected keyword argument 'convergence_threshold'
