2026-02-13 12:07:18,356 - __main__ - INFO - ============================================================
2026-02-13 12:07:18,357 - __main__ - INFO - BENCHMARK: replicate=2, condition=mixed, mode=h_and_e
2026-02-13 12:07:18,357 - __main__ - INFO - ============================================================
2026-02-13 12:07:18,358 - __main__ - INFO - Loading image: /ix1/alee/LO_LAB/Personal/Alexander_Chang/alc376/CITEgeist/Benchmarking/simulation_benchmarking/CITEgeist/mixed/images/h_and_e/Wu_rep_2_cellpose.png
2026-02-13 12:07:19,028 - __main__ - INFO - Image shape: (8000, 8000, 3)
2026-02-13 12:07:19,029 - __main__ - INFO - Running Cellpose with model_type=cyto2
2026-02-13 12:07:25,891 - cellpose.models - WARNING - model_type argument is not used in v4.0.1+. Ignoring this argument...
2026-02-13 12:07:26,088 - cellpose.core - INFO - ** TORCH CUDA version installed and working. **
2026-02-13 12:07:26,088 - cellpose.core - INFO - >>>> using GPU (CUDA)
2026-02-13 12:07:27,224 - cellpose.models - INFO - >>>> loading model /ihome/alee/alc376/.cellpose/models/cpsam
2026-02-13 12:07:28,285 - cellpose.models - WARNING - channels deprecated in v4.0.1+. If data contain more than 3 channels, only the first 3 channels will be used
2026-02-13 12:07:28,311 - cellpose.transforms - INFO - processing image with (8000, 8000) HW, and 3 channels
2026-02-13 12:08:07,362 - __main__ - INFO - Detected 4942 nuclei in 48.3s
2026-02-13 12:08:07,602 - __main__ - INFO - Loaded ground truth counts: 957 spots, total 5000 cells
2026-02-13 12:08:07,604 - __main__ - INFO - Nuclei count correlation: 0.116
2026-02-13 12:08:07,604 - __main__ - INFO - Nuclei count RMSE: 3.13
2026-02-13 12:08:07,607 - __main__ - INFO - Loading h5ad files...
2026-02-13 12:08:10,766 - root - INFO - Logging initialized.
2026-02-13 12:08:10,778 - root - INFO - Discrete antibody preprocessing complete: Row sums range [31.71, 51.95], mean=40.06, std=2.86
2026-02-13 12:08:11,088 - root - INFO - Normalization stats:
2026-02-13 12:08:11,088 - root - INFO - Original median total: 46399322355.00
2026-02-13 12:08:11,104 - root - INFO - Mean scaled total: 9978.28
2026-02-13 12:08:11,114 - root - INFO - Max scaled value: 10000.00
2026-02-13 12:08:11,239 - root - INFO - Gene expression data normalized to 10000 counts per spot and validated for discrete count analysis.
Traceback (most recent call last):
  File "/ix1/alee/LO_LAB/Personal/Alexander_Chang/alc376/CITEgeist/Benchmarking/simulation_benchmarking/CITEgeist/src/benchmark_discrete_simulation.py", line 345, in <module>
    main()
  File "/ix1/alee/LO_LAB/Personal/Alexander_Chang/alc376/CITEgeist/Benchmarking/simulation_benchmarking/CITEgeist/src/benchmark_discrete_simulation.py", line 327, in main
    results = run_benchmark(
  File "/ix1/alee/LO_LAB/Personal/Alexander_Chang/alc376/CITEgeist/Benchmarking/simulation_benchmarking/CITEgeist/src/benchmark_discrete_simulation.py", line 262, in run_benchmark
    cell_counts = model.run_discrete_cell_assignment(
TypeError: CitegeistModel.run_discrete_cell_assignment() got an unexpected keyword argument 'max_iterations'
