2026-02-13 14:13:50,884 - __main__ - INFO - ============================================================
2026-02-13 14:13:50,884 - __main__ - INFO - BENCHMARK: replicate=0, condition=mixed, mode=dapi
2026-02-13 14:13:50,884 - __main__ - INFO - ============================================================
2026-02-13 14:13:50,886 - __main__ - INFO - Loading image: /ix1/alee/LO_LAB/Personal/Alexander_Chang/alc376/CITEgeist/Benchmarking/simulation_benchmarking/CITEgeist/mixed/images/dapi/Wu_rep_0_cellpose.png
2026-02-13 14:13:51,480 - __main__ - INFO - Image shape: (8000, 8000, 3)
2026-02-13 14:13:51,481 - __main__ - INFO - Running Cellpose with model_type=nuclei
2026-02-13 14:14:07,693 - cellpose.models - WARNING - model_type argument is not used in v4.0.1+. Ignoring this argument...
2026-02-13 14:14:07,900 - cellpose.core - INFO - ** TORCH CUDA version installed and working. **
2026-02-13 14:14:07,900 - cellpose.core - INFO - >>>> using GPU (CUDA)
2026-02-13 14:14:09,031 - cellpose.models - INFO - >>>> loading model /ihome/alee/alc376/.cellpose/models/cpsam
2026-02-13 14:14:09,524 - cellpose.models - WARNING - channels deprecated in v4.0.1+. If data contain more than 3 channels, only the first 3 channels will be used
2026-02-13 14:14:09,550 - cellpose.transforms - INFO - processing image with (8000, 8000) HW, and 3 channels
2026-02-13 14:14:47,597 - __main__ - INFO - Detected 4970 nuclei in 56.1s
2026-02-13 14:14:47,678 - __main__ - INFO - Loaded ground truth counts: 951 spots, total 5000 cells
2026-02-13 14:14:47,682 - __main__ - INFO - Nuclei count correlation: 0.134
2026-02-13 14:14:47,683 - __main__ - INFO - Nuclei count RMSE: 3.19
2026-02-13 14:14:47,685 - __main__ - INFO - Loading h5ad files...
2026-02-13 14:14:49,964 - root - INFO - Logging initialized.
2026-02-13 14:14:49,976 - root - INFO - Discrete antibody preprocessing complete: Row sums range [28.17, 48.90], mean=39.77, std=2.90
2026-02-13 14:14:50,286 - root - INFO - Normalization stats:
2026-02-13 14:14:50,286 - root - INFO - Original median total: 70657598764.00
2026-02-13 14:14:50,301 - root - INFO - Mean scaled total: 9980.12
2026-02-13 14:14:50,312 - root - INFO - Max scaled value: 10000.00
2026-02-13 14:14:50,435 - root - INFO - Gene expression data normalized to 10000 counts per spot and validated for discrete count analysis.
2026-02-13 14:14:50,437 - root - INFO - Mapped 18 markers to 9 cell types (preserving marker-level data)
2026-02-13 14:14:50,437 - root - INFO - Running discrete cell assignment: 951 spots, 18 markers, 9 cell types
2026-02-13 14:14:50,437 - root - INFO - Total nuclei: 3631, mean per spot: 3.82
2026-02-13 14:14:50,437 - root - INFO - Discrete cell assignment EM: 951 spots, 18 markers, 9 cell types
2026-02-13 14:14:50,437 - root - INFO - Total nuclei: 3631, mean per spot: 3.82
2026-02-13 14:14:50,438 - root - INFO - 
=== EM Iteration 1/20 ===
2026-02-13 14:14:50,447 - gurobipy - INFO - Set parameter LicenseID to value 276015
2026-02-13 14:14:50,447 - gurobipy - INFO - Set parameter GURO_PAR_SPECIAL
2026-02-13 14:14:50,447 - gurobipy - INFO - Set parameter TokenServer to value "license.crc.pitt.edu"
/ix1/alee/LO_LAB/Personal/Alexander_Chang/alc376/CITEgeist/CITEgeist/model/gurobi_impl.py:3365: RuntimeWarning: invalid value encountered in scalar divide
  loss_change = abs(prev_loss - loss) / max(abs(prev_loss), 1e-10)
2026-02-13 14:17:31,482 - root - INFO -   Loss: 1297.2648 (change: nan)
2026-02-13 14:17:31,483 - root - INFO -   Beta range: [0.326, 0.516]
2026-02-13 14:17:31,483 - root - INFO -   Max beta change: 0.673713
2026-02-13 14:17:31,483 - root - INFO -   Cell count range: [0, 12]
2026-02-13 14:17:31,483 - root - INFO -     B-cells: 303 cells (8.3%)
2026-02-13 14:17:31,483 - root - INFO -     CAFs: 511 cells (14.1%)
2026-02-13 14:17:31,483 - root - INFO -     Cancer Epithelial: 608 cells (16.7%)
2026-02-13 14:17:31,483 - root - INFO -     Endothelial: 367 cells (10.1%)
2026-02-13 14:17:31,483 - root - INFO -     Myeloid: 363 cells (10.0%)
2026-02-13 14:17:31,483 - root - INFO -     Normal Epithelial: 365 cells (10.1%)
2026-02-13 14:17:31,483 - root - INFO -     PVL: 406 cells (11.2%)
2026-02-13 14:17:31,483 - root - INFO -     Plasmablasts: 370 cells (10.2%)
2026-02-13 14:17:31,483 - root - INFO -     T-cells: 338 cells (9.3%)
2026-02-13 14:17:31,483 - root - INFO - 
=== EM Iteration 2/20 ===
2026-02-13 14:19:14,377 - root - INFO -   Loss: 1105.7726 (change: 0.147612)
2026-02-13 14:19:14,377 - root - INFO -   Beta range: [0.275, 0.490]
2026-02-13 14:19:14,377 - root - INFO -   Max beta change: 0.051188
2026-02-13 14:19:14,377 - root - INFO -   Cell count range: [0, 12]
2026-02-13 14:19:14,377 - root - INFO -     B-cells: 297 cells (8.2%)
2026-02-13 14:19:14,377 - root - INFO -     CAFs: 500 cells (13.8%)
2026-02-13 14:19:14,377 - root - INFO -     Cancer Epithelial: 590 cells (16.2%)
2026-02-13 14:19:14,377 - root - INFO -     Endothelial: 406 cells (11.2%)
2026-02-13 14:19:14,377 - root - INFO -     Myeloid: 344 cells (9.5%)
2026-02-13 14:19:14,377 - root - INFO -     Normal Epithelial: 388 cells (10.7%)
2026-02-13 14:19:14,377 - root - INFO -     PVL: 400 cells (11.0%)
2026-02-13 14:19:14,377 - root - INFO -     Plasmablasts: 382 cells (10.5%)
2026-02-13 14:19:14,377 - root - INFO -     T-cells: 324 cells (8.9%)
2026-02-13 14:19:14,377 - root - INFO - 
=== EM Iteration 3/20 ===
2026-02-13 14:20:57,833 - root - INFO -   Loss: 1082.2509 (change: 0.021272)
2026-02-13 14:20:57,839 - root - INFO -   Beta range: [0.253, 0.482]
2026-02-13 14:20:57,839 - root - INFO -   Max beta change: 0.031008
2026-02-13 14:20:57,839 - root - INFO -   Cell count range: [0, 12]
2026-02-13 14:20:57,839 - root - INFO -     B-cells: 286 cells (7.9%)
2026-02-13 14:20:57,839 - root - INFO -     CAFs: 510 cells (14.0%)
2026-02-13 14:20:57,839 - root - INFO -     Cancer Epithelial: 602 cells (16.6%)
2026-02-13 14:20:57,839 - root - INFO -     Endothelial: 416 cells (11.5%)
2026-02-13 14:20:57,839 - root - INFO -     Myeloid: 330 cells (9.1%)
2026-02-13 14:20:57,839 - root - INFO -     Normal Epithelial: 395 cells (10.9%)
2026-02-13 14:20:57,839 - root - INFO -     PVL: 398 cells (11.0%)
2026-02-13 14:20:57,839 - root - INFO -     Plasmablasts: 381 cells (10.5%)
2026-02-13 14:20:57,839 - root - INFO -     T-cells: 313 cells (8.6%)
2026-02-13 14:20:57,839 - root - INFO - 
=== EM Iteration 4/20 ===
2026-02-13 14:22:38,216 - root - INFO -   Loss: 1065.3089 (change: 0.015654)
2026-02-13 14:22:38,220 - root - INFO -   Beta range: [0.241, 0.476]
2026-02-13 14:22:38,220 - root - INFO -   Max beta change: 0.028551
2026-02-13 14:22:38,220 - root - INFO -   Cell count range: [0, 12]
2026-02-13 14:22:38,220 - root - INFO -     B-cells: 273 cells (7.5%)
2026-02-13 14:22:38,220 - root - INFO -     CAFs: 509 cells (14.0%)
2026-02-13 14:22:38,220 - root - INFO -     Cancer Epithelial: 611 cells (16.8%)
2026-02-13 14:22:38,220 - root - INFO -     Endothelial: 429 cells (11.8%)
2026-02-13 14:22:38,220 - root - INFO -     Myeloid: 313 cells (8.6%)
2026-02-13 14:22:38,220 - root - INFO -     Normal Epithelial: 410 cells (11.3%)
2026-02-13 14:22:38,220 - root - INFO -     PVL: 393 cells (10.8%)
2026-02-13 14:22:38,220 - root - INFO -     Plasmablasts: 385 cells (10.6%)
2026-02-13 14:22:38,220 - root - INFO -     T-cells: 308 cells (8.5%)
2026-02-13 14:22:38,220 - root - INFO - 
=== EM Iteration 5/20 ===
2026-02-13 14:24:15,821 - root - INFO -   Loss: 1044.7949 (change: 0.019256)
2026-02-13 14:24:15,826 - root - INFO -   Beta range: [0.236, 0.470]
2026-02-13 14:24:15,826 - root - INFO -   Max beta change: 0.035786
2026-02-13 14:24:15,826 - root - INFO -   Cell count range: [0, 12]
2026-02-13 14:24:15,826 - root - INFO -     B-cells: 256 cells (7.1%)
2026-02-13 14:24:15,826 - root - INFO -     CAFs: 495 cells (13.6%)
2026-02-13 14:24:15,826 - root - INFO -     Cancer Epithelial: 608 cells (16.7%)
2026-02-13 14:24:15,826 - root - INFO -     Endothelial: 454 cells (12.5%)
2026-02-13 14:24:15,826 - root - INFO -     Myeloid: 306 cells (8.4%)
2026-02-13 14:24:15,826 - root - INFO -     Normal Epithelial: 422 cells (11.6%)
2026-02-13 14:24:15,826 - root - INFO -     PVL: 397 cells (10.9%)
2026-02-13 14:24:15,826 - root - INFO -     Plasmablasts: 388 cells (10.7%)
2026-02-13 14:24:15,826 - root - INFO -     T-cells: 305 cells (8.4%)
2026-02-13 14:24:15,826 - root - INFO - 
=== EM Iteration 6/20 ===
2026-02-13 14:25:53,677 - root - INFO -   Loss: 1042.0958 (change: 0.002583)
2026-02-13 14:25:53,678 - root - INFO -   Beta range: [0.232, 0.467]
2026-02-13 14:25:53,678 - root - INFO -   Max beta change: 0.051061
2026-02-13 14:25:53,678 - root - INFO -   Cell count range: [0, 12]
2026-02-13 14:25:53,678 - root - INFO -     B-cells: 228 cells (6.3%)
2026-02-13 14:25:53,678 - root - INFO -     CAFs: 484 cells (13.3%)
2026-02-13 14:25:53,678 - root - INFO -     Cancer Epithelial: 606 cells (16.7%)
2026-02-13 14:25:53,678 - root - INFO -     Endothelial: 473 cells (13.0%)
2026-02-13 14:25:53,678 - root - INFO -     Myeloid: 304 cells (8.4%)
2026-02-13 14:25:53,678 - root - INFO -     Normal Epithelial: 435 cells (12.0%)
2026-02-13 14:25:53,678 - root - INFO -     PVL: 401 cells (11.0%)
2026-02-13 14:25:53,678 - root - INFO -     Plasmablasts: 401 cells (11.0%)
2026-02-13 14:25:53,678 - root - INFO -     T-cells: 299 cells (8.2%)
2026-02-13 14:25:53,678 - root - INFO - 
=== EM Iteration 7/20 ===
2026-02-13 14:27:29,398 - root - INFO -   Loss: 1045.5003 (change: 0.003267)
2026-02-13 14:27:29,402 - root - INFO -   Beta range: [0.228, 0.463]
2026-02-13 14:27:29,402 - root - INFO -   Max beta change: 0.041907
2026-02-13 14:27:29,402 - root - INFO -   Cell count range: [0, 12]
2026-02-13 14:27:29,402 - root - INFO -     B-cells: 201 cells (5.5%)
2026-02-13 14:27:29,402 - root - INFO -     CAFs: 469 cells (12.9%)
2026-02-13 14:27:29,402 - root - INFO -     Cancer Epithelial: 607 cells (16.7%)
2026-02-13 14:27:29,402 - root - INFO -     Endothelial: 486 cells (13.4%)
2026-02-13 14:27:29,402 - root - INFO -     Myeloid: 302 cells (8.3%)
2026-02-13 14:27:29,402 - root - INFO -     Normal Epithelial: 452 cells (12.4%)
2026-02-13 14:27:29,402 - root - INFO -     PVL: 414 cells (11.4%)
2026-02-13 14:27:29,402 - root - INFO -     Plasmablasts: 405 cells (11.2%)
2026-02-13 14:27:29,402 - root - INFO -     T-cells: 295 cells (8.1%)
2026-02-13 14:27:29,402 - root - WARNING - Loss increased from 1042.0958 to 1045.5003
2026-02-13 14:27:29,402 - root - INFO - 
=== EM Iteration 8/20 ===
2026-02-13 14:28:59,139 - root - INFO -   Loss: 1100.2024 (change: 0.052321)
2026-02-13 14:28:59,149 - root - INFO -   Beta range: [0.225, 0.461]
2026-02-13 14:28:59,149 - root - INFO -   Max beta change: 0.048501
2026-02-13 14:28:59,150 - root - INFO -   Cell count range: [0, 12]
2026-02-13 14:28:59,150 - root - INFO -     B-cells: 173 cells (4.8%)
2026-02-13 14:28:59,150 - root - INFO -     CAFs: 456 cells (12.6%)
2026-02-13 14:28:59,150 - root - INFO -     Cancer Epithelial: 613 cells (16.9%)
2026-02-13 14:28:59,150 - root - INFO -     Endothelial: 506 cells (13.9%)
2026-02-13 14:28:59,150 - root - INFO -     Myeloid: 294 cells (8.1%)
2026-02-13 14:28:59,150 - root - INFO -     Normal Epithelial: 479 cells (13.2%)
2026-02-13 14:28:59,150 - root - INFO -     PVL: 420 cells (11.6%)
2026-02-13 14:28:59,150 - root - INFO -     Plasmablasts: 409 cells (11.3%)
2026-02-13 14:28:59,150 - root - INFO -     T-cells: 281 cells (7.7%)
2026-02-13 14:28:59,150 - root - WARNING - Loss increased from 1045.5003 to 1100.2024
2026-02-13 14:28:59,150 - root - INFO - 
=== EM Iteration 9/20 ===
2026-02-13 14:30:28,663 - root - INFO -   Loss: 1176.1659 (change: 0.069045)
2026-02-13 14:30:28,668 - root - INFO -   Beta range: [0.210, 0.457]
2026-02-13 14:30:28,668 - root - INFO -   Max beta change: 0.043649
2026-02-13 14:30:28,668 - root - INFO -   Cell count range: [0, 12]
2026-02-13 14:30:28,668 - root - INFO -     B-cells: 147 cells (4.0%)
2026-02-13 14:30:28,668 - root - INFO -     CAFs: 443 cells (12.2%)
2026-02-13 14:30:28,668 - root - INFO -     Cancer Epithelial: 617 cells (17.0%)
2026-02-13 14:30:28,668 - root - INFO -     Endothelial: 532 cells (14.7%)
2026-02-13 14:30:28,668 - root - INFO -     Myeloid: 272 cells (7.5%)
2026-02-13 14:30:28,668 - root - INFO -     Normal Epithelial: 505 cells (13.9%)
2026-02-13 14:30:28,668 - root - INFO -     PVL: 426 cells (11.7%)
2026-02-13 14:30:28,668 - root - INFO -     Plasmablasts: 416 cells (11.5%)
2026-02-13 14:30:28,668 - root - INFO -     T-cells: 273 cells (7.5%)
2026-02-13 14:30:28,668 - root - WARNING - Loss increased from 1100.2024 to 1176.1659
2026-02-13 14:30:28,668 - root - INFO - 
=== EM Iteration 10/20 ===
2026-02-13 14:31:59,837 - root - INFO -   Loss: 1227.0036 (change: 0.043223)
2026-02-13 14:31:59,838 - root - INFO -   Beta range: [0.199, 0.458]
2026-02-13 14:31:59,838 - root - INFO -   Max beta change: 0.045028
2026-02-13 14:31:59,838 - root - INFO -   Cell count range: [0, 12]
2026-02-13 14:31:59,838 - root - INFO -     B-cells: 126 cells (3.5%)
2026-02-13 14:31:59,838 - root - INFO -     CAFs: 426 cells (11.7%)
2026-02-13 14:31:59,838 - root - INFO -     Cancer Epithelial: 621 cells (17.1%)
2026-02-13 14:31:59,838 - root - INFO -     Endothelial: 548 cells (15.1%)
2026-02-13 14:31:59,838 - root - INFO -     Myeloid: 258 cells (7.1%)
2026-02-13 14:31:59,838 - root - INFO -     Normal Epithelial: 526 cells (14.5%)
2026-02-13 14:31:59,838 - root - INFO -     PVL: 433 cells (11.9%)
2026-02-13 14:31:59,838 - root - INFO -     Plasmablasts: 422 cells (11.6%)
2026-02-13 14:31:59,838 - root - INFO -     T-cells: 271 cells (7.5%)
2026-02-13 14:31:59,838 - root - WARNING - Loss increased from 1176.1659 to 1227.0036
2026-02-13 14:31:59,838 - root - INFO - 
=== EM Iteration 11/20 ===
2026-02-13 14:33:29,300 - root - INFO -   Loss: 1245.7611 (change: 0.015287)
2026-02-13 14:33:29,343 - root - INFO -   Beta range: [0.191, 0.459]
2026-02-13 14:33:29,343 - root - INFO -   Max beta change: 0.043065
2026-02-13 14:33:29,343 - root - INFO -   Cell count range: [0, 12]
2026-02-13 14:33:29,343 - root - INFO -     B-cells: 119 cells (3.3%)
2026-02-13 14:33:29,343 - root - INFO -     CAFs: 408 cells (11.2%)
2026-02-13 14:33:29,343 - root - INFO -     Cancer Epithelial: 619 cells (17.0%)
2026-02-13 14:33:29,343 - root - INFO -     Endothelial: 560 cells (15.4%)
2026-02-13 14:33:29,343 - root - INFO -     Myeloid: 240 cells (6.6%)
2026-02-13 14:33:29,343 - root - INFO -     Normal Epithelial: 550 cells (15.1%)
2026-02-13 14:33:29,343 - root - INFO -     PVL: 445 cells (12.3%)
2026-02-13 14:33:29,343 - root - INFO -     Plasmablasts: 423 cells (11.6%)
2026-02-13 14:33:29,343 - root - INFO -     T-cells: 267 cells (7.4%)
2026-02-13 14:33:29,343 - root - WARNING - Loss increased from 1227.0036 to 1245.7611
2026-02-13 14:33:29,343 - root - INFO - 
=== EM Iteration 12/20 ===
2026-02-13 14:34:54,063 - root - INFO -   Loss: 1276.3874 (change: 0.024584)
2026-02-13 14:34:54,064 - root - INFO -   Beta range: [0.186, 0.462]
2026-02-13 14:34:54,064 - root - INFO -   Max beta change: 0.030223
2026-02-13 14:34:54,064 - root - INFO -   Cell count range: [0, 12]
2026-02-13 14:34:54,064 - root - INFO -     B-cells: 119 cells (3.3%)
2026-02-13 14:34:54,064 - root - INFO -     CAFs: 400 cells (11.0%)
2026-02-13 14:34:54,064 - root - INFO -     Cancer Epithelial: 618 cells (17.0%)
2026-02-13 14:34:54,064 - root - INFO -     Endothelial: 560 cells (15.4%)
2026-02-13 14:34:54,064 - root - INFO -     Myeloid: 224 cells (6.2%)
2026-02-13 14:34:54,064 - root - INFO -     Normal Epithelial: 567 cells (15.6%)
2026-02-13 14:34:54,064 - root - INFO -     PVL: 453 cells (12.5%)
2026-02-13 14:34:54,064 - root - INFO -     Plasmablasts: 425 cells (11.7%)
2026-02-13 14:34:54,064 - root - INFO -     T-cells: 265 cells (7.3%)
2026-02-13 14:34:54,064 - root - WARNING - Loss increased from 1245.7611 to 1276.3874
2026-02-13 14:34:54,064 - root - INFO - 
=== EM Iteration 13/20 ===
2026-02-13 14:36:19,286 - root - INFO -   Loss: 1296.6574 (change: 0.015881)
2026-02-13 14:36:19,287 - root - INFO -   Beta range: [0.176, 0.465]
2026-02-13 14:36:19,287 - root - INFO -   Max beta change: 0.019034
2026-02-13 14:36:19,287 - root - INFO -   Cell count range: [0, 12]
2026-02-13 14:36:19,287 - root - INFO -     B-cells: 115 cells (3.2%)
2026-02-13 14:36:19,287 - root - INFO -     CAFs: 385 cells (10.6%)
2026-02-13 14:36:19,287 - root - INFO -     Cancer Epithelial: 617 cells (17.0%)
2026-02-13 14:36:19,287 - root - INFO -     Endothelial: 569 cells (15.7%)
2026-02-13 14:36:19,287 - root - INFO -     Myeloid: 200 cells (5.5%)
2026-02-13 14:36:19,287 - root - INFO -     Normal Epithelial: 580 cells (16.0%)
2026-02-13 14:36:19,287 - root - INFO -     PVL: 464 cells (12.8%)
2026-02-13 14:36:19,287 - root - INFO -     Plasmablasts: 435 cells (12.0%)
2026-02-13 14:36:19,287 - root - INFO -     T-cells: 266 cells (7.3%)
2026-02-13 14:36:19,287 - root - WARNING - Loss increased from 1276.3874 to 1296.6574
2026-02-13 14:36:19,287 - root - INFO - 
=== EM Iteration 14/20 ===
2026-02-13 14:37:45,400 - root - INFO -   Loss: 1333.8039 (change: 0.028648)
2026-02-13 14:37:45,403 - root - INFO -   Beta range: [0.167, 0.467]
2026-02-13 14:37:45,403 - root - INFO -   Max beta change: 0.039083
2026-02-13 14:37:45,403 - root - INFO -   Cell count range: [0, 12]
2026-02-13 14:37:45,404 - root - INFO -     B-cells: 121 cells (3.3%)
2026-02-13 14:37:45,404 - root - INFO -     CAFs: 378 cells (10.4%)
2026-02-13 14:37:45,404 - root - INFO -     Cancer Epithelial: 601 cells (16.6%)
2026-02-13 14:37:45,404 - root - INFO -     Endothelial: 579 cells (15.9%)
2026-02-13 14:37:45,404 - root - INFO -     Myeloid: 183 cells (5.0%)
2026-02-13 14:37:45,404 - root - INFO -     Normal Epithelial: 585 cells (16.1%)
2026-02-13 14:37:45,404 - root - INFO -     PVL: 473 cells (13.0%)
2026-02-13 14:37:45,404 - root - INFO -     Plasmablasts: 445 cells (12.3%)
2026-02-13 14:37:45,404 - root - INFO -     T-cells: 266 cells (7.3%)
2026-02-13 14:37:45,404 - root - WARNING - Loss increased from 1296.6574 to 1333.8039
2026-02-13 14:37:45,404 - root - INFO - 
=== EM Iteration 15/20 ===
2026-02-13 14:39:09,023 - root - INFO -   Loss: 1359.3878 (change: 0.019181)
2026-02-13 14:39:14,041 - root - INFO -   Beta range: [0.155, 0.468]
2026-02-13 14:39:14,041 - root - INFO -   Max beta change: 0.032900
2026-02-13 14:39:14,041 - root - INFO -   Cell count range: [0, 12]
2026-02-13 14:39:14,042 - root - INFO -     B-cells: 130 cells (3.6%)
2026-02-13 14:39:14,042 - root - INFO -     CAFs: 367 cells (10.1%)
2026-02-13 14:39:14,042 - root - INFO -     Cancer Epithelial: 581 cells (16.0%)
2026-02-13 14:39:14,042 - root - INFO -     Endothelial: 590 cells (16.2%)
2026-02-13 14:39:14,042 - root - INFO -     Myeloid: 168 cells (4.6%)
2026-02-13 14:39:14,042 - root - INFO -     Normal Epithelial: 589 cells (16.2%)
2026-02-13 14:39:14,042 - root - INFO -     PVL: 483 cells (13.3%)
2026-02-13 14:39:14,042 - root - INFO -     Plasmablasts: 454 cells (12.5%)
2026-02-13 14:39:14,042 - root - INFO -     T-cells: 269 cells (7.4%)
2026-02-13 14:39:14,042 - root - WARNING - Loss increased from 1333.8039 to 1359.3878
2026-02-13 14:39:14,042 - root - INFO - 
=== EM Iteration 16/20 ===
2026-02-13 14:40:35,814 - root - INFO -   Loss: 1365.8465 (change: 0.004751)
2026-02-13 14:40:35,881 - root - INFO -   Beta range: [0.147, 0.470]
2026-02-13 14:40:35,881 - root - INFO -   Max beta change: 0.019722
2026-02-13 14:40:35,881 - root - INFO -   Cell count range: [0, 12]
2026-02-13 14:40:35,882 - root - INFO -     B-cells: 138 cells (3.8%)
2026-02-13 14:40:35,882 - root - INFO -     CAFs: 362 cells (10.0%)
2026-02-13 14:40:35,882 - root - INFO -     Cancer Epithelial: 564 cells (15.5%)
2026-02-13 14:40:35,882 - root - INFO -     Endothelial: 594 cells (16.4%)
2026-02-13 14:40:35,882 - root - INFO -     Myeloid: 159 cells (4.4%)
2026-02-13 14:40:35,882 - root - INFO -     Normal Epithelial: 593 cells (16.3%)
2026-02-13 14:40:35,882 - root - INFO -     PVL: 489 cells (13.5%)
2026-02-13 14:40:35,882 - root - INFO -     Plasmablasts: 459 cells (12.6%)
2026-02-13 14:40:35,882 - root - INFO -     T-cells: 273 cells (7.5%)
2026-02-13 14:40:35,882 - root - WARNING - Loss increased from 1359.3878 to 1365.8465
2026-02-13 14:40:35,882 - root - INFO - 
=== EM Iteration 17/20 ===
2026-02-13 14:41:57,099 - root - INFO -   Loss: 1354.6543 (change: 0.008194)
2026-02-13 14:41:57,102 - root - INFO -   Beta range: [0.138, 0.472]
2026-02-13 14:41:57,102 - root - INFO -   Max beta change: 0.011155
2026-02-13 14:41:57,102 - root - INFO -   Cell count range: [0, 12]
2026-02-13 14:41:57,102 - root - INFO -     B-cells: 146 cells (4.0%)
2026-02-13 14:41:57,102 - root - INFO -     CAFs: 358 cells (9.9%)
2026-02-13 14:41:57,102 - root - INFO -     Cancer Epithelial: 552 cells (15.2%)
2026-02-13 14:41:57,102 - root - INFO -     Endothelial: 594 cells (16.4%)
2026-02-13 14:41:57,102 - root - INFO -     Myeloid: 162 cells (4.5%)
2026-02-13 14:41:57,102 - root - INFO -     Normal Epithelial: 595 cells (16.4%)
2026-02-13 14:41:57,102 - root - INFO -     PVL: 490 cells (13.5%)
2026-02-13 14:41:57,102 - root - INFO -     Plasmablasts: 461 cells (12.7%)
2026-02-13 14:41:57,102 - root - INFO -     T-cells: 273 cells (7.5%)
2026-02-13 14:41:57,102 - root - INFO - 
=== EM Iteration 18/20 ===
2026-02-13 14:43:19,579 - root - INFO -   Loss: 1346.6071 (change: 0.005940)
2026-02-13 14:43:19,579 - root - INFO -   Beta range: [0.130, 0.474]
2026-02-13 14:43:19,579 - root - INFO -   Max beta change: 0.018243
2026-02-13 14:43:19,579 - root - INFO -   Cell count range: [0, 12]
2026-02-13 14:43:19,579 - root - INFO -     B-cells: 153 cells (4.2%)
2026-02-13 14:43:19,579 - root - INFO -     CAFs: 354 cells (9.7%)
2026-02-13 14:43:19,579 - root - INFO -     Cancer Epithelial: 541 cells (14.9%)
2026-02-13 14:43:19,579 - root - INFO -     Endothelial: 595 cells (16.4%)
2026-02-13 14:43:19,579 - root - INFO -     Myeloid: 170 cells (4.7%)
2026-02-13 14:43:19,579 - root - INFO -     Normal Epithelial: 597 cells (16.4%)
2026-02-13 14:43:19,579 - root - INFO -     PVL: 492 cells (13.5%)
2026-02-13 14:43:19,579 - root - INFO -     Plasmablasts: 457 cells (12.6%)
2026-02-13 14:43:19,579 - root - INFO -     T-cells: 272 cells (7.5%)
2026-02-13 14:43:19,579 - root - INFO - 
=== EM Iteration 19/20 ===
2026-02-13 14:44:39,085 - root - INFO -   Loss: 1343.3785 (change: 0.002398)
2026-02-13 14:44:39,088 - root - INFO -   Beta range: [0.125, 0.474]
2026-02-13 14:44:39,088 - root - INFO -   Max beta change: 0.011287
2026-02-13 14:44:39,088 - root - INFO -   Cell count range: [0, 12]
2026-02-13 14:44:39,088 - root - INFO -     B-cells: 157 cells (4.3%)
2026-02-13 14:44:39,088 - root - INFO -     CAFs: 349 cells (9.6%)
2026-02-13 14:44:39,088 - root - INFO -     Cancer Epithelial: 517 cells (14.2%)
2026-02-13 14:44:39,088 - root - INFO -     Endothelial: 590 cells (16.2%)
2026-02-13 14:44:39,088 - root - INFO -     Myeloid: 178 cells (4.9%)
2026-02-13 14:44:39,088 - root - INFO -     Normal Epithelial: 601 cells (16.6%)
2026-02-13 14:44:39,088 - root - INFO -     PVL: 502 cells (13.8%)
2026-02-13 14:44:39,088 - root - INFO -     Plasmablasts: 461 cells (12.7%)
2026-02-13 14:44:39,088 - root - INFO -     T-cells: 276 cells (7.6%)
2026-02-13 14:44:39,088 - root - INFO - 
=== EM Iteration 20/20 ===
2026-02-13 14:45:57,044 - root - INFO -   Loss: 1345.3620 (change: 0.001476)
2026-02-13 14:45:57,045 - root - INFO -   Beta range: [0.115, 0.474]
2026-02-13 14:45:57,045 - root - INFO -   Max beta change: 0.010174
2026-02-13 14:45:57,045 - root - INFO -   Cell count range: [0, 12]
2026-02-13 14:45:57,045 - root - INFO -     B-cells: 165 cells (4.5%)
2026-02-13 14:45:57,045 - root - INFO -     CAFs: 348 cells (9.6%)
2026-02-13 14:45:57,045 - root - INFO -     Cancer Epithelial: 501 cells (13.8%)
2026-02-13 14:45:57,045 - root - INFO -     Endothelial: 590 cells (16.2%)
2026-02-13 14:45:57,045 - root - INFO -     Myeloid: 181 cells (5.0%)
2026-02-13 14:45:57,045 - root - INFO -     Normal Epithelial: 597 cells (16.4%)
2026-02-13 14:45:57,045 - root - INFO -     PVL: 515 cells (14.2%)
2026-02-13 14:45:57,045 - root - INFO -     Plasmablasts: 458 cells (12.6%)
2026-02-13 14:45:57,045 - root - INFO -     T-cells: 276 cells (7.6%)
2026-02-13 14:45:57,045 - root - WARNING - Loss increased from 1343.3785 to 1345.3620
2026-02-13 14:45:57,045 - root - INFO - 
Final beta values:
2026-02-13 14:45:57,045 - root - INFO -   B-cells_Protein_1: β=0.123, α=0.500
2026-02-13 14:45:57,045 - root - INFO -   B-cells_Protein_2: β=0.115, α=0.500
2026-02-13 14:45:57,045 - root - INFO -   CAFs_Protein_1: β=0.270, α=0.292
2026-02-13 14:45:57,045 - root - INFO -   CAFs_Protein_2: β=0.267, α=0.313
2026-02-13 14:45:57,045 - root - INFO -   Cancer Epithelial_Protein_1: β=0.327, α=0.209
2026-02-13 14:45:57,045 - root - INFO -   Cancer Epithelial_Protein_2: β=0.289, α=0.235
2026-02-13 14:45:57,045 - root - INFO -   Endothelial_Protein_1: β=0.236, α=0.000
2026-02-13 14:45:57,045 - root - INFO -   Endothelial_Protein_2: β=0.262, α=0.000
2026-02-13 14:45:57,045 - root - INFO -   Myeloid_Protein_1: β=0.137, α=0.500
2026-02-13 14:45:57,045 - root - INFO -   Myeloid_Protein_2: β=0.199, α=0.392
2026-02-13 14:45:57,045 - root - INFO -   Normal Epithelial_Protein_1: β=0.211, α=0.000
2026-02-13 14:45:57,045 - root - INFO -   Normal Epithelial_Protein_2: β=0.300, α=0.000
2026-02-13 14:45:57,046 - root - INFO -   PVL_Protein_1: β=0.321, α=0.000
2026-02-13 14:45:57,046 - root - INFO -   PVL_Protein_2: β=0.310, α=0.000
2026-02-13 14:45:57,046 - root - INFO -   Plasmablasts_Protein_1: β=0.377, α=0.000
2026-02-13 14:45:57,046 - root - INFO -   Plasmablasts_Protein_2: β=0.306, α=0.000
2026-02-13 14:45:57,046 - root - INFO -   T-cells_Protein_1: β=0.340, α=0.174
2026-02-13 14:45:57,046 - root - INFO -   T-cells_Protein_2: β=0.474, α=0.026
2026-02-13 14:45:57,066 - root - INFO - Saved discrete cell counts to Benchmarking/simulation_benchmarking/CITEgeist/output_discrete/mixed/dapi/Wu_rep_0/Wu_rep_0_discrete_cell_counts.csv
2026-02-13 14:45:57,070 - root - INFO - Saved derived proportions to Benchmarking/simulation_benchmarking/CITEgeist/output_discrete/mixed/dapi/Wu_rep_0/Wu_rep_0_cell_prop_discrete.csv
2026-02-13 14:45:57,070 - root - INFO - Cell type distribution:
2026-02-13 14:45:57,070 - root - INFO -   B-cells: 165 cells (4.5%)
2026-02-13 14:45:57,070 - root - INFO -   CAFs: 348 cells (9.6%)
2026-02-13 14:45:57,070 - root - INFO -   Cancer Epithelial: 501 cells (13.8%)
2026-02-13 14:45:57,070 - root - INFO -   Endothelial: 590 cells (16.2%)
2026-02-13 14:45:57,070 - root - INFO -   Myeloid: 181 cells (5.0%)
2026-02-13 14:45:57,070 - root - INFO -   Normal Epithelial: 597 cells (16.4%)
2026-02-13 14:45:57,070 - root - INFO -   PVL: 515 cells (14.2%)
2026-02-13 14:45:57,070 - root - INFO -   Plasmablasts: 458 cells (12.6%)
2026-02-13 14:45:57,070 - root - INFO -   T-cells: 276 cells (7.6%)
2026-02-13 14:45:57,100 - __main__ - INFO - Loaded ground truth proportions: 951 spots, 9 cell types
2026-02-13 14:45:57,102 - __main__ - INFO - Proportion correlation: 0.312
2026-02-13 14:45:57,102 - __main__ - INFO - Proportion RMSE: 0.2306
2026-02-13 14:45:57,109 - __main__ - INFO - Results saved to Benchmarking/simulation_benchmarking/CITEgeist/output_discrete/mixed/dapi/Wu_rep_0
