2026-02-13 12:55:16,057 - __main__ - INFO - ============================================================
2026-02-13 12:55:16,058 - __main__ - INFO - BENCHMARK: replicate=2, condition=mixed, mode=h_and_e
2026-02-13 12:55:16,058 - __main__ - INFO - ============================================================
2026-02-13 12:55:16,060 - __main__ - INFO - Loading image: /ix1/alee/LO_LAB/Personal/Alexander_Chang/alc376/CITEgeist/Benchmarking/simulation_benchmarking/CITEgeist/mixed/images/h_and_e/Wu_rep_2_cellpose.png
2026-02-13 12:55:16,672 - __main__ - INFO - Image shape: (8000, 8000, 3)
2026-02-13 12:55:16,673 - __main__ - INFO - Running Cellpose with model_type=cyto2
2026-02-13 12:55:19,528 - cellpose.models - WARNING - model_type argument is not used in v4.0.1+. Ignoring this argument...
2026-02-13 12:55:19,722 - cellpose.core - INFO - ** TORCH CUDA version installed and working. **
2026-02-13 12:55:19,723 - cellpose.core - INFO - >>>> using GPU (CUDA)
2026-02-13 12:55:20,866 - cellpose.models - INFO - >>>> loading model /ihome/alee/alc376/.cellpose/models/cpsam
2026-02-13 12:55:21,303 - cellpose.models - WARNING - channels deprecated in v4.0.1+. If data contain more than 3 channels, only the first 3 channels will be used
2026-02-13 12:55:21,330 - cellpose.transforms - INFO - processing image with (8000, 8000) HW, and 3 channels
2026-02-13 12:55:59,702 - __main__ - INFO - Detected 4942 nuclei in 43.0s
2026-02-13 12:55:59,749 - __main__ - INFO - Loaded ground truth counts: 957 spots, total 5000 cells
2026-02-13 12:55:59,750 - __main__ - INFO - Nuclei count correlation: 0.116
2026-02-13 12:55:59,750 - __main__ - INFO - Nuclei count RMSE: 3.13
2026-02-13 12:55:59,763 - __main__ - INFO - Loading h5ad files...
2026-02-13 12:56:00,997 - root - INFO - Logging initialized.
2026-02-13 12:56:01,008 - root - INFO - Discrete antibody preprocessing complete: Row sums range [31.71, 51.95], mean=40.06, std=2.86
2026-02-13 12:56:01,329 - root - INFO - Normalization stats:
2026-02-13 12:56:01,329 - root - INFO - Original median total: 46399322355.00
2026-02-13 12:56:01,345 - root - INFO - Mean scaled total: 9978.28
2026-02-13 12:56:01,355 - root - INFO - Max scaled value: 10000.00
2026-02-13 12:56:01,482 - root - INFO - Gene expression data normalized to 10000 counts per spot and validated for discrete count analysis.
2026-02-13 12:56:01,483 - root - INFO - Mapped 18 markers to 9 cell types (preserving marker-level data)
2026-02-13 12:56:01,484 - root - INFO - Running discrete cell assignment: 957 spots, 18 markers, 9 cell types
2026-02-13 12:56:01,484 - root - INFO - Total nuclei: 3685, mean per spot: 3.85
2026-02-13 12:56:01,484 - root - INFO - Discrete cell assignment EM: 957 spots, 18 markers, 9 cell types
2026-02-13 12:56:01,484 - root - INFO - Total nuclei: 3685, mean per spot: 3.85
2026-02-13 12:56:01,485 - root - INFO - 
=== EM Iteration 1/20 ===
2026-02-13 12:56:01,489 - gurobipy - INFO - Set parameter LicenseID to value 276015
2026-02-13 12:56:01,489 - gurobipy - INFO - Set parameter GURO_PAR_SPECIAL
2026-02-13 12:56:01,489 - gurobipy - INFO - Set parameter TokenServer to value "license.crc.pitt.edu"
/ix1/alee/LO_LAB/Personal/Alexander_Chang/alc376/CITEgeist/CITEgeist/model/gurobi_impl.py:3365: RuntimeWarning: invalid value encountered in scalar divide
  loss_change = abs(prev_loss - loss) / max(abs(prev_loss), 1e-10)
2026-02-13 12:58:42,991 - root - INFO -   Loss: 1343.9944 (change: nan)
2026-02-13 12:58:42,991 - root - INFO -   Beta range: [0.355, 0.520]
2026-02-13 12:58:42,991 - root - INFO -   Max beta change: 0.644932
2026-02-13 12:58:42,991 - root - INFO -   Cell count range: [0, 11]
2026-02-13 12:58:42,991 - root - INFO -     B-cells: 312 cells (8.5%)
2026-02-13 12:58:42,991 - root - INFO -     CAFs: 525 cells (14.2%)
2026-02-13 12:58:42,991 - root - INFO -     Cancer Epithelial: 609 cells (16.5%)
2026-02-13 12:58:42,992 - root - INFO -     Endothelial: 363 cells (9.9%)
2026-02-13 12:58:42,992 - root - INFO -     Myeloid: 360 cells (9.8%)
2026-02-13 12:58:42,992 - root - INFO -     Normal Epithelial: 352 cells (9.6%)
2026-02-13 12:58:42,992 - root - INFO -     PVL: 407 cells (11.0%)
2026-02-13 12:58:42,992 - root - INFO -     Plasmablasts: 402 cells (10.9%)
2026-02-13 12:58:42,992 - root - INFO -     T-cells: 355 cells (9.6%)
2026-02-13 12:58:42,992 - root - INFO - 
=== EM Iteration 2/20 ===
2026-02-13 13:00:34,585 - root - INFO -   Loss: 1164.5057 (change: 0.133549)
2026-02-13 13:00:34,585 - root - INFO -   Beta range: [0.297, 0.488]
2026-02-13 13:00:34,585 - root - INFO -   Max beta change: 0.057740
2026-02-13 13:00:34,585 - root - INFO -   Cell count range: [0, 11]
2026-02-13 13:00:34,585 - root - INFO -     B-cells: 316 cells (8.6%)
2026-02-13 13:00:34,585 - root - INFO -     CAFs: 522 cells (14.2%)
2026-02-13 13:00:34,585 - root - INFO -     Cancer Epithelial: 596 cells (16.2%)
2026-02-13 13:00:34,585 - root - INFO -     Endothelial: 392 cells (10.6%)
2026-02-13 13:00:34,585 - root - INFO -     Myeloid: 340 cells (9.2%)
2026-02-13 13:00:34,585 - root - INFO -     Normal Epithelial: 352 cells (9.6%)
2026-02-13 13:00:34,585 - root - INFO -     PVL: 409 cells (11.1%)
2026-02-13 13:00:34,585 - root - INFO -     Plasmablasts: 424 cells (11.5%)
2026-02-13 13:00:34,585 - root - INFO -     T-cells: 334 cells (9.1%)
2026-02-13 13:00:34,586 - root - INFO - 
=== EM Iteration 3/20 ===
2026-02-13 13:02:21,196 - root - INFO -   Loss: 1139.8484 (change: 0.021174)
2026-02-13 13:02:21,196 - root - INFO -   Beta range: [0.284, 0.473]
2026-02-13 13:02:21,196 - root - INFO -   Max beta change: 0.044020
2026-02-13 13:02:21,196 - root - INFO -   Cell count range: [0, 11]
2026-02-13 13:02:21,196 - root - INFO -     B-cells: 303 cells (8.2%)
2026-02-13 13:02:21,196 - root - INFO -     CAFs: 527 cells (14.3%)
2026-02-13 13:02:21,196 - root - INFO -     Cancer Epithelial: 620 cells (16.8%)
2026-02-13 13:02:21,196 - root - INFO -     Endothelial: 404 cells (11.0%)
2026-02-13 13:02:21,197 - root - INFO -     Myeloid: 320 cells (8.7%)
2026-02-13 13:02:21,197 - root - INFO -     Normal Epithelial: 355 cells (9.6%)
2026-02-13 13:02:21,197 - root - INFO -     PVL: 406 cells (11.0%)
2026-02-13 13:02:21,197 - root - INFO -     Plasmablasts: 429 cells (11.6%)
2026-02-13 13:02:21,197 - root - INFO -     T-cells: 321 cells (8.7%)
2026-02-13 13:02:21,197 - root - INFO - 
=== EM Iteration 4/20 ===
2026-02-13 13:04:05,597 - root - INFO -   Loss: 1124.9955 (change: 0.013031)
2026-02-13 13:04:05,598 - root - INFO -   Beta range: [0.277, 0.455]
2026-02-13 13:04:05,598 - root - INFO -   Max beta change: 0.024718
2026-02-13 13:04:05,598 - root - INFO -   Cell count range: [0, 11]
2026-02-13 13:04:05,598 - root - INFO -     B-cells: 296 cells (8.0%)
2026-02-13 13:04:05,598 - root - INFO -     CAFs: 528 cells (14.3%)
2026-02-13 13:04:05,598 - root - INFO -     Cancer Epithelial: 643 cells (17.4%)
2026-02-13 13:04:05,598 - root - INFO -     Endothelial: 416 cells (11.3%)
2026-02-13 13:04:05,598 - root - INFO -     Myeloid: 289 cells (7.8%)
2026-02-13 13:04:05,598 - root - INFO -     Normal Epithelial: 369 cells (10.0%)
2026-02-13 13:04:05,598 - root - INFO -     PVL: 409 cells (11.1%)
2026-02-13 13:04:05,598 - root - INFO -     Plasmablasts: 441 cells (12.0%)
2026-02-13 13:04:05,598 - root - INFO -     T-cells: 294 cells (8.0%)
2026-02-13 13:04:05,598 - root - INFO - 
=== EM Iteration 5/20 ===
2026-02-13 13:05:44,836 - root - INFO -   Loss: 1119.5161 (change: 0.004871)
2026-02-13 13:05:44,846 - root - INFO -   Beta range: [0.267, 0.451]
2026-02-13 13:05:44,847 - root - INFO -   Max beta change: 0.018212
2026-02-13 13:05:44,847 - root - INFO -   Cell count range: [0, 11]
2026-02-13 13:05:44,847 - root - INFO -     B-cells: 280 cells (7.6%)
2026-02-13 13:05:44,847 - root - INFO -     CAFs: 524 cells (14.2%)
2026-02-13 13:05:44,847 - root - INFO -     Cancer Epithelial: 650 cells (17.6%)
2026-02-13 13:05:44,847 - root - INFO -     Endothelial: 433 cells (11.8%)
2026-02-13 13:05:44,847 - root - INFO -     Myeloid: 258 cells (7.0%)
2026-02-13 13:05:44,847 - root - INFO -     Normal Epithelial: 386 cells (10.5%)
2026-02-13 13:05:44,847 - root - INFO -     PVL: 417 cells (11.3%)
2026-02-13 13:05:44,847 - root - INFO -     Plasmablasts: 452 cells (12.3%)
2026-02-13 13:05:44,847 - root - INFO -     T-cells: 285 cells (7.7%)
2026-02-13 13:05:44,847 - root - INFO - 
=== EM Iteration 6/20 ===
2026-02-13 13:07:25,257 - root - INFO -   Loss: 1122.4322 (change: 0.002605)
2026-02-13 13:07:25,260 - root - INFO -   Beta range: [0.262, 0.450]
2026-02-13 13:07:25,260 - root - INFO -   Max beta change: 0.050095
2026-02-13 13:07:25,260 - root - INFO -   Cell count range: [0, 11]
2026-02-13 13:07:25,260 - root - INFO -     B-cells: 273 cells (7.4%)
2026-02-13 13:07:25,260 - root - INFO -     CAFs: 516 cells (14.0%)
2026-02-13 13:07:25,260 - root - INFO -     Cancer Epithelial: 659 cells (17.9%)
2026-02-13 13:07:25,260 - root - INFO -     Endothelial: 445 cells (12.1%)
2026-02-13 13:07:25,260 - root - INFO -     Myeloid: 236 cells (6.4%)
2026-02-13 13:07:25,260 - root - INFO -     Normal Epithelial: 399 cells (10.8%)
2026-02-13 13:07:25,260 - root - INFO -     PVL: 429 cells (11.6%)
2026-02-13 13:07:25,260 - root - INFO -     Plasmablasts: 453 cells (12.3%)
2026-02-13 13:07:25,260 - root - INFO -     T-cells: 275 cells (7.5%)
2026-02-13 13:07:25,260 - root - WARNING - Loss increased from 1119.5161 to 1122.4322
2026-02-13 13:07:25,260 - root - INFO - 
=== EM Iteration 7/20 ===
2026-02-13 13:09:02,916 - root - INFO -   Loss: 1131.0554 (change: 0.007683)
2026-02-13 13:09:02,916 - root - INFO -   Beta range: [0.259, 0.460]
2026-02-13 13:09:02,916 - root - INFO -   Max beta change: 0.027830
2026-02-13 13:09:02,916 - root - INFO -   Cell count range: [0, 11]
2026-02-13 13:09:02,916 - root - INFO -     B-cells: 276 cells (7.5%)
2026-02-13 13:09:02,916 - root - INFO -     CAFs: 515 cells (14.0%)
2026-02-13 13:09:02,916 - root - INFO -     Cancer Epithelial: 661 cells (17.9%)
2026-02-13 13:09:02,916 - root - INFO -     Endothelial: 455 cells (12.3%)
2026-02-13 13:09:02,916 - root - INFO -     Myeloid: 226 cells (6.1%)
2026-02-13 13:09:02,916 - root - INFO -     Normal Epithelial: 422 cells (11.5%)
2026-02-13 13:09:02,916 - root - INFO -     PVL: 436 cells (11.8%)
2026-02-13 13:09:02,916 - root - INFO -     Plasmablasts: 453 cells (12.3%)
2026-02-13 13:09:02,916 - root - INFO -     T-cells: 241 cells (6.5%)
2026-02-13 13:09:02,916 - root - WARNING - Loss increased from 1122.4322 to 1131.0554
2026-02-13 13:09:02,916 - root - INFO - 
=== EM Iteration 8/20 ===
2026-02-13 13:10:41,337 - root - INFO -   Loss: 1151.2839 (change: 0.017885)
2026-02-13 13:10:41,554 - root - INFO -   Beta range: [0.251, 0.484]
2026-02-13 13:10:41,554 - root - INFO -   Max beta change: 0.030283
2026-02-13 13:10:41,555 - root - INFO -   Cell count range: [0, 11]
2026-02-13 13:10:41,555 - root - INFO -     B-cells: 275 cells (7.5%)
2026-02-13 13:10:41,555 - root - INFO -     CAFs: 512 cells (13.9%)
2026-02-13 13:10:41,555 - root - INFO -     Cancer Epithelial: 658 cells (17.9%)
2026-02-13 13:10:41,555 - root - INFO -     Endothelial: 471 cells (12.8%)
2026-02-13 13:10:41,555 - root - INFO -     Myeloid: 219 cells (5.9%)
2026-02-13 13:10:41,555 - root - INFO -     Normal Epithelial: 428 cells (11.6%)
2026-02-13 13:10:41,555 - root - INFO -     PVL: 442 cells (12.0%)
2026-02-13 13:10:41,555 - root - INFO -     Plasmablasts: 465 cells (12.6%)
2026-02-13 13:10:41,555 - root - INFO -     T-cells: 215 cells (5.8%)
2026-02-13 13:10:41,555 - root - WARNING - Loss increased from 1131.0554 to 1151.2839
2026-02-13 13:10:41,555 - root - INFO - 
=== EM Iteration 9/20 ===
2026-02-13 13:12:18,221 - root - INFO -   Loss: 1184.6550 (change: 0.028986)
2026-02-13 13:12:18,223 - root - INFO -   Beta range: [0.244, 0.511]
2026-02-13 13:12:18,223 - root - INFO -   Max beta change: 0.052278
2026-02-13 13:12:18,223 - root - INFO -   Cell count range: [0, 11]
2026-02-13 13:12:18,223 - root - INFO -     B-cells: 281 cells (7.6%)
2026-02-13 13:12:18,223 - root - INFO -     CAFs: 513 cells (13.9%)
2026-02-13 13:12:18,223 - root - INFO -     Cancer Epithelial: 654 cells (17.7%)
2026-02-13 13:12:18,223 - root - INFO -     Endothelial: 484 cells (13.1%)
2026-02-13 13:12:18,223 - root - INFO -     Myeloid: 217 cells (5.9%)
2026-02-13 13:12:18,223 - root - INFO -     Normal Epithelial: 434 cells (11.8%)
2026-02-13 13:12:18,223 - root - INFO -     PVL: 443 cells (12.0%)
2026-02-13 13:12:18,223 - root - INFO -     Plasmablasts: 469 cells (12.7%)
2026-02-13 13:12:18,223 - root - INFO -     T-cells: 190 cells (5.2%)
2026-02-13 13:12:18,223 - root - WARNING - Loss increased from 1151.2839 to 1184.6550
2026-02-13 13:12:18,223 - root - INFO - 
=== EM Iteration 10/20 ===
2026-02-13 13:13:56,411 - root - INFO -   Loss: 1216.9613 (change: 0.027271)
2026-02-13 13:13:56,421 - root - INFO -   Beta range: [0.222, 0.538]
2026-02-13 13:13:56,421 - root - INFO -   Max beta change: 0.037618
2026-02-13 13:13:56,421 - root - INFO -   Cell count range: [0, 11]
2026-02-13 13:13:56,421 - root - INFO -     B-cells: 281 cells (7.6%)
2026-02-13 13:13:56,421 - root - INFO -     CAFs: 518 cells (14.1%)
2026-02-13 13:13:56,421 - root - INFO -     Cancer Epithelial: 652 cells (17.7%)
2026-02-13 13:13:56,421 - root - INFO -     Endothelial: 498 cells (13.5%)
2026-02-13 13:13:56,421 - root - INFO -     Myeloid: 218 cells (5.9%)
2026-02-13 13:13:56,421 - root - INFO -     Normal Epithelial: 438 cells (11.9%)
2026-02-13 13:13:56,421 - root - INFO -     PVL: 442 cells (12.0%)
2026-02-13 13:13:56,421 - root - INFO -     Plasmablasts: 471 cells (12.8%)
2026-02-13 13:13:56,421 - root - INFO -     T-cells: 167 cells (4.5%)
2026-02-13 13:13:56,421 - root - WARNING - Loss increased from 1184.6550 to 1216.9613
2026-02-13 13:13:56,421 - root - INFO - 
=== EM Iteration 11/20 ===
2026-02-13 13:15:35,859 - root - INFO -   Loss: 1252.2360 (change: 0.028986)
2026-02-13 13:15:35,860 - root - INFO -   Beta range: [0.214, 0.559]
2026-02-13 13:15:35,860 - root - INFO -   Max beta change: 0.030507
2026-02-13 13:15:35,860 - root - INFO -   Cell count range: [0, 11]
2026-02-13 13:15:35,860 - root - INFO -     B-cells: 280 cells (7.6%)
2026-02-13 13:15:35,860 - root - INFO -     CAFs: 520 cells (14.1%)
2026-02-13 13:15:35,860 - root - INFO -     Cancer Epithelial: 648 cells (17.6%)
2026-02-13 13:15:35,860 - root - INFO -     Endothelial: 506 cells (13.7%)
2026-02-13 13:15:35,860 - root - INFO -     Myeloid: 222 cells (6.0%)
2026-02-13 13:15:35,860 - root - INFO -     Normal Epithelial: 446 cells (12.1%)
2026-02-13 13:15:35,860 - root - INFO -     PVL: 442 cells (12.0%)
2026-02-13 13:15:35,860 - root - INFO -     Plasmablasts: 469 cells (12.7%)
2026-02-13 13:15:35,860 - root - INFO -     T-cells: 152 cells (4.1%)
2026-02-13 13:15:35,860 - root - WARNING - Loss increased from 1216.9613 to 1252.2360
2026-02-13 13:15:35,860 - root - INFO - 
=== EM Iteration 12/20 ===
2026-02-13 13:17:18,927 - root - INFO -   Loss: 1282.5725 (change: 0.024226)
2026-02-13 13:17:18,936 - root - INFO -   Beta range: [0.172, 0.581]
2026-02-13 13:17:18,936 - root - INFO -   Max beta change: 0.049909
2026-02-13 13:17:18,936 - root - INFO -   Cell count range: [0, 11]
2026-02-13 13:17:18,936 - root - INFO -     B-cells: 275 cells (7.5%)
2026-02-13 13:17:18,936 - root - INFO -     CAFs: 519 cells (14.1%)
2026-02-13 13:17:18,936 - root - INFO -     Cancer Epithelial: 643 cells (17.4%)
2026-02-13 13:17:18,936 - root - INFO -     Endothelial: 519 cells (14.1%)
2026-02-13 13:17:18,936 - root - INFO -     Myeloid: 227 cells (6.2%)
2026-02-13 13:17:18,936 - root - INFO -     Normal Epithelial: 450 cells (12.2%)
2026-02-13 13:17:18,936 - root - INFO -     PVL: 439 cells (11.9%)
2026-02-13 13:17:18,936 - root - INFO -     Plasmablasts: 471 cells (12.8%)
2026-02-13 13:17:18,936 - root - INFO -     T-cells: 142 cells (3.9%)
2026-02-13 13:17:18,936 - root - WARNING - Loss increased from 1252.2360 to 1282.5725
2026-02-13 13:17:18,936 - root - INFO - 
=== EM Iteration 13/20 ===
2026-02-13 13:18:57,479 - root - INFO -   Loss: 1283.6707 (change: 0.000856)
2026-02-13 13:18:57,625 - root - INFO -   Beta range: [0.137, 0.587]
2026-02-13 13:18:57,625 - root - INFO -   Max beta change: 0.035216
2026-02-13 13:18:57,625 - root - INFO -   Cell count range: [0, 11]
2026-02-13 13:18:57,625 - root - INFO -     B-cells: 270 cells (7.3%)
2026-02-13 13:18:57,625 - root - INFO -     CAFs: 519 cells (14.1%)
2026-02-13 13:18:57,625 - root - INFO -     Cancer Epithelial: 621 cells (16.9%)
2026-02-13 13:18:57,625 - root - INFO -     Endothelial: 526 cells (14.3%)
2026-02-13 13:18:57,625 - root - INFO -     Myeloid: 234 cells (6.4%)
2026-02-13 13:18:57,625 - root - INFO -     Normal Epithelial: 457 cells (12.4%)
2026-02-13 13:18:57,625 - root - INFO -     PVL: 439 cells (11.9%)
2026-02-13 13:18:57,625 - root - INFO -     Plasmablasts: 478 cells (13.0%)
2026-02-13 13:18:57,625 - root - INFO -     T-cells: 141 cells (3.8%)
2026-02-13 13:18:57,625 - root - WARNING - Loss increased from 1282.5725 to 1283.6707
2026-02-13 13:18:57,625 - root - INFO - 
=== EM Iteration 14/20 ===
2026-02-13 13:20:38,306 - root - INFO -   Loss: 1288.1950 (change: 0.003524)
2026-02-13 13:20:38,308 - root - INFO -   Beta range: [0.107, 0.579]
2026-02-13 13:20:38,308 - root - INFO -   Max beta change: 0.029661
2026-02-13 13:20:38,308 - root - INFO -   Cell count range: [0, 11]
2026-02-13 13:20:38,308 - root - INFO -     B-cells: 268 cells (7.3%)
2026-02-13 13:20:38,308 - root - INFO -     CAFs: 520 cells (14.1%)
2026-02-13 13:20:38,308 - root - INFO -     Cancer Epithelial: 605 cells (16.4%)
2026-02-13 13:20:38,308 - root - INFO -     Endothelial: 528 cells (14.3%)
2026-02-13 13:20:38,308 - root - INFO -     Myeloid: 241 cells (6.5%)
2026-02-13 13:20:38,308 - root - INFO -     Normal Epithelial: 467 cells (12.7%)
2026-02-13 13:20:38,308 - root - INFO -     PVL: 432 cells (11.7%)
2026-02-13 13:20:38,308 - root - INFO -     Plasmablasts: 476 cells (12.9%)
2026-02-13 13:20:38,308 - root - INFO -     T-cells: 148 cells (4.0%)
2026-02-13 13:20:38,308 - root - WARNING - Loss increased from 1283.6707 to 1288.1950
2026-02-13 13:20:38,308 - root - INFO - 
=== EM Iteration 15/20 ===
2026-02-13 13:22:18,376 - root - INFO -   Loss: 1263.3493 (change: 0.019287)
2026-02-13 13:22:18,463 - root - INFO -   Beta range: [0.112, 0.573]
2026-02-13 13:22:18,463 - root - INFO -   Max beta change: 0.049486
2026-02-13 13:22:18,463 - root - INFO -   Cell count range: [0, 11]
2026-02-13 13:22:18,463 - root - INFO -     B-cells: 268 cells (7.3%)
2026-02-13 13:22:18,463 - root - INFO -     CAFs: 519 cells (14.1%)
2026-02-13 13:22:18,463 - root - INFO -     Cancer Epithelial: 591 cells (16.0%)
2026-02-13 13:22:18,463 - root - INFO -     Endothelial: 524 cells (14.2%)
2026-02-13 13:22:18,463 - root - INFO -     Myeloid: 245 cells (6.6%)
2026-02-13 13:22:18,463 - root - INFO -     Normal Epithelial: 468 cells (12.7%)
2026-02-13 13:22:18,463 - root - INFO -     PVL: 425 cells (11.5%)
2026-02-13 13:22:18,463 - root - INFO -     Plasmablasts: 480 cells (13.0%)
2026-02-13 13:22:18,463 - root - INFO -     T-cells: 165 cells (4.5%)
2026-02-13 13:22:18,463 - root - INFO - 
=== EM Iteration 16/20 ===
2026-02-13 13:23:56,288 - root - INFO -   Loss: 1190.1788 (change: 0.057918)
2026-02-13 13:23:56,289 - root - INFO -   Beta range: [0.100, 0.570]
2026-02-13 13:23:56,289 - root - INFO -   Max beta change: 0.013774
2026-02-13 13:23:56,289 - root - INFO -   Cell count range: [0, 11]
2026-02-13 13:23:56,289 - root - INFO -     B-cells: 266 cells (7.2%)
2026-02-13 13:23:56,289 - root - INFO -     CAFs: 511 cells (13.9%)
2026-02-13 13:23:56,289 - root - INFO -     Cancer Epithelial: 579 cells (15.7%)
2026-02-13 13:23:56,289 - root - INFO -     Endothelial: 517 cells (14.0%)
2026-02-13 13:23:56,289 - root - INFO -     Myeloid: 248 cells (6.7%)
2026-02-13 13:23:56,289 - root - INFO -     Normal Epithelial: 457 cells (12.4%)
2026-02-13 13:23:56,289 - root - INFO -     PVL: 416 cells (11.3%)
2026-02-13 13:23:56,289 - root - INFO -     Plasmablasts: 476 cells (12.9%)
2026-02-13 13:23:56,289 - root - INFO -     T-cells: 215 cells (5.8%)
2026-02-13 13:23:56,289 - root - INFO - 
=== EM Iteration 17/20 ===
2026-02-13 13:25:33,393 - root - INFO -   Loss: 1147.7003 (change: 0.035691)
2026-02-13 13:25:33,394 - root - INFO -   Beta range: [0.100, 0.567]
2026-02-13 13:25:33,394 - root - INFO -   Max beta change: 0.030119
2026-02-13 13:25:33,394 - root - INFO -   Cell count range: [0, 11]
2026-02-13 13:25:33,394 - root - INFO -     B-cells: 263 cells (7.1%)
2026-02-13 13:25:33,394 - root - INFO -     CAFs: 505 cells (13.7%)
2026-02-13 13:25:33,394 - root - INFO -     Cancer Epithelial: 558 cells (15.1%)
2026-02-13 13:25:33,394 - root - INFO -     Endothelial: 505 cells (13.7%)
2026-02-13 13:25:33,394 - root - INFO -     Myeloid: 247 cells (6.7%)
2026-02-13 13:25:33,394 - root - INFO -     Normal Epithelial: 446 cells (12.1%)
2026-02-13 13:25:33,394 - root - INFO -     PVL: 408 cells (11.1%)
2026-02-13 13:25:33,394 - root - INFO -     Plasmablasts: 465 cells (12.6%)
2026-02-13 13:25:33,394 - root - INFO -     T-cells: 288 cells (7.8%)
2026-02-13 13:25:33,394 - root - INFO - 
=== EM Iteration 18/20 ===
2026-02-13 13:27:10,620 - root - INFO -   Loss: 1129.8893 (change: 0.015519)
2026-02-13 13:27:10,621 - root - INFO -   Beta range: [0.105, 0.559]
2026-02-13 13:27:10,621 - root - INFO -   Max beta change: 0.019717
2026-02-13 13:27:10,621 - root - INFO -   Cell count range: [0, 11]
2026-02-13 13:27:10,621 - root - INFO -     B-cells: 260 cells (7.1%)
2026-02-13 13:27:10,621 - root - INFO -     CAFs: 492 cells (13.4%)
2026-02-13 13:27:10,621 - root - INFO -     Cancer Epithelial: 531 cells (14.4%)
2026-02-13 13:27:10,621 - root - INFO -     Endothelial: 494 cells (13.4%)
2026-02-13 13:27:10,621 - root - INFO -     Myeloid: 251 cells (6.8%)
2026-02-13 13:27:10,621 - root - INFO -     Normal Epithelial: 442 cells (12.0%)
2026-02-13 13:27:10,621 - root - INFO -     PVL: 402 cells (10.9%)
2026-02-13 13:27:10,621 - root - INFO -     Plasmablasts: 457 cells (12.4%)
2026-02-13 13:27:10,621 - root - INFO -     T-cells: 356 cells (9.7%)
2026-02-13 13:27:10,621 - root - INFO - 
=== EM Iteration 19/20 ===
2026-02-13 13:28:48,173 - root - INFO -   Loss: 1115.6914 (change: 0.012566)
2026-02-13 13:28:48,184 - root - INFO -   Beta range: [0.116, 0.544]
2026-02-13 13:28:48,184 - root - INFO -   Max beta change: 0.015216
2026-02-13 13:28:48,184 - root - INFO -   Cell count range: [0, 11]
2026-02-13 13:28:48,184 - root - INFO -     B-cells: 262 cells (7.1%)
2026-02-13 13:28:48,184 - root - INFO -     CAFs: 487 cells (13.2%)
2026-02-13 13:28:48,184 - root - INFO -     Cancer Epithelial: 509 cells (13.8%)
2026-02-13 13:28:48,184 - root - INFO -     Endothelial: 495 cells (13.4%)
2026-02-13 13:28:48,184 - root - INFO -     Myeloid: 255 cells (6.9%)
2026-02-13 13:28:48,184 - root - INFO -     Normal Epithelial: 439 cells (11.9%)
2026-02-13 13:28:48,184 - root - INFO -     PVL: 394 cells (10.7%)
2026-02-13 13:28:48,184 - root - INFO -     Plasmablasts: 455 cells (12.3%)
2026-02-13 13:28:48,184 - root - INFO -     T-cells: 389 cells (10.6%)
2026-02-13 13:28:48,184 - root - INFO - 
=== EM Iteration 20/20 ===
2026-02-13 13:30:28,385 - root - INFO -   Loss: 1102.1910 (change: 0.012100)
2026-02-13 13:30:28,386 - root - INFO -   Beta range: [0.123, 0.534]
2026-02-13 13:30:28,386 - root - INFO -   Max beta change: 0.067332
2026-02-13 13:30:28,386 - root - INFO -   Cell count range: [0, 11]
2026-02-13 13:30:28,386 - root - INFO -     B-cells: 263 cells (7.1%)
2026-02-13 13:30:28,386 - root - INFO -     CAFs: 478 cells (13.0%)
2026-02-13 13:30:28,386 - root - INFO -     Cancer Epithelial: 497 cells (13.5%)
2026-02-13 13:30:28,386 - root - INFO -     Endothelial: 499 cells (13.5%)
2026-02-13 13:30:28,386 - root - INFO -     Myeloid: 252 cells (6.8%)
2026-02-13 13:30:28,386 - root - INFO -     Normal Epithelial: 441 cells (12.0%)
2026-02-13 13:30:28,386 - root - INFO -     PVL: 389 cells (10.6%)
2026-02-13 13:30:28,386 - root - INFO -     Plasmablasts: 455 cells (12.3%)
2026-02-13 13:30:28,386 - root - INFO -     T-cells: 411 cells (11.2%)
2026-02-13 13:30:28,386 - root - INFO - 
Final beta values:
2026-02-13 13:30:28,386 - root - INFO -   B-cells_Protein_1: β=0.452, α=0.000
2026-02-13 13:30:28,386 - root - INFO -   B-cells_Protein_2: β=0.436, α=0.000
2026-02-13 13:30:28,386 - root - INFO -   CAFs_Protein_1: β=0.397, α=0.117
2026-02-13 13:30:28,386 - root - INFO -   CAFs_Protein_2: β=0.450, α=0.045
2026-02-13 13:30:28,386 - root - INFO -   Cancer Epithelial_Protein_1: β=0.337, α=0.186
2026-02-13 13:30:28,386 - root - INFO -   Cancer Epithelial_Protein_2: β=0.341, α=0.194
2026-02-13 13:30:28,386 - root - INFO -   Endothelial_Protein_1: β=0.328, α=0.000
2026-02-13 13:30:28,386 - root - INFO -   Endothelial_Protein_2: β=0.248, α=0.000
2026-02-13 13:30:28,386 - root - INFO -   Myeloid_Protein_1: β=0.534, α=0.028
2026-02-13 13:30:28,386 - root - INFO -   Myeloid_Protein_2: β=0.272, α=0.316
2026-02-13 13:30:28,386 - root - INFO -   Normal Epithelial_Protein_1: β=0.332, α=0.000
2026-02-13 13:30:28,386 - root - INFO -   Normal Epithelial_Protein_2: β=0.299, α=0.000
2026-02-13 13:30:28,386 - root - INFO -   PVL_Protein_1: β=0.387, α=0.000
2026-02-13 13:30:28,386 - root - INFO -   PVL_Protein_2: β=0.348, α=0.085
2026-02-13 13:30:28,386 - root - INFO -   Plasmablasts_Protein_1: β=0.342, α=0.000
2026-02-13 13:30:28,386 - root - INFO -   Plasmablasts_Protein_2: β=0.340, α=0.000
2026-02-13 13:30:28,386 - root - INFO -   T-cells_Protein_1: β=0.207, α=0.111
2026-02-13 13:30:28,386 - root - INFO -   T-cells_Protein_2: β=0.123, α=0.284
2026-02-13 13:30:28,409 - root - INFO - Saved discrete cell counts to Benchmarking/simulation_benchmarking/CITEgeist/output_discrete/mixed/h_and_e/Wu_rep_2/Wu_rep_2_discrete_cell_counts.csv
2026-02-13 13:30:28,413 - root - INFO - Saved derived proportions to Benchmarking/simulation_benchmarking/CITEgeist/output_discrete/mixed/h_and_e/Wu_rep_2/Wu_rep_2_cell_prop_discrete.csv
2026-02-13 13:30:28,413 - root - INFO - Cell type distribution:
2026-02-13 13:30:28,413 - root - INFO -   B-cells: 263 cells (7.1%)
2026-02-13 13:30:28,413 - root - INFO -   CAFs: 478 cells (13.0%)
2026-02-13 13:30:28,413 - root - INFO -   Cancer Epithelial: 497 cells (13.5%)
2026-02-13 13:30:28,413 - root - INFO -   Endothelial: 499 cells (13.5%)
2026-02-13 13:30:28,413 - root - INFO -   Myeloid: 252 cells (6.8%)
2026-02-13 13:30:28,413 - root - INFO -   Normal Epithelial: 441 cells (12.0%)
2026-02-13 13:30:28,413 - root - INFO -   PVL: 389 cells (10.6%)
2026-02-13 13:30:28,413 - root - INFO -   Plasmablasts: 455 cells (12.3%)
2026-02-13 13:30:28,413 - root - INFO -   T-cells: 411 cells (11.2%)
2026-02-13 13:30:28,470 - __main__ - INFO - Loaded ground truth proportions: 957 spots, 9 cell types
2026-02-13 13:30:28,472 - __main__ - INFO - Proportion correlation: 0.399
2026-02-13 13:30:28,472 - __main__ - INFO - Proportion RMSE: 0.2156
2026-02-13 13:30:28,479 - __main__ - INFO - Results saved to Benchmarking/simulation_benchmarking/CITEgeist/output_discrete/mixed/h_and_e/Wu_rep_2
