2026-02-13 12:54:14,898 - __main__ - INFO - ============================================================
2026-02-13 12:54:14,898 - __main__ - INFO - BENCHMARK: replicate=1, condition=mixed, mode=h_and_e
2026-02-13 12:54:14,898 - __main__ - INFO - ============================================================
2026-02-13 12:54:14,900 - __main__ - INFO - Loading image: /ix1/alee/LO_LAB/Personal/Alexander_Chang/alc376/CITEgeist/Benchmarking/simulation_benchmarking/CITEgeist/mixed/images/h_and_e/Wu_rep_1_cellpose.png
2026-02-13 12:54:15,508 - __main__ - INFO - Image shape: (8000, 8000, 3)
2026-02-13 12:54:15,509 - __main__ - INFO - Running Cellpose with model_type=cyto2
2026-02-13 12:54:18,267 - cellpose.models - WARNING - model_type argument is not used in v4.0.1+. Ignoring this argument...
2026-02-13 12:54:18,471 - cellpose.core - INFO - ** TORCH CUDA version installed and working. **
2026-02-13 12:54:18,471 - cellpose.core - INFO - >>>> using GPU (CUDA)
2026-02-13 12:54:19,607 - cellpose.models - INFO - >>>> loading model /ihome/alee/alc376/.cellpose/models/cpsam
2026-02-13 12:54:20,013 - cellpose.models - WARNING - channels deprecated in v4.0.1+. If data contain more than 3 channels, only the first 3 channels will be used
2026-02-13 12:54:20,039 - cellpose.transforms - INFO - processing image with (8000, 8000) HW, and 3 channels
2026-02-13 12:54:58,459 - __main__ - INFO - Detected 4951 nuclei in 42.9s
2026-02-13 12:54:58,528 - __main__ - INFO - Loaded ground truth counts: 952 spots, total 5000 cells
2026-02-13 12:54:58,529 - __main__ - INFO - Nuclei count correlation: 0.093
2026-02-13 12:54:58,530 - __main__ - INFO - Nuclei count RMSE: 3.19
2026-02-13 12:54:58,562 - __main__ - INFO - Loading h5ad files...
2026-02-13 12:55:00,176 - root - INFO - Logging initialized.
2026-02-13 12:55:00,187 - root - INFO - Discrete antibody preprocessing complete: Row sums range [33.31, 50.86], mean=40.23, std=2.75
2026-02-13 12:55:00,503 - root - INFO - Normalization stats:
2026-02-13 12:55:00,503 - root - INFO - Original median total: 62868220197.00
2026-02-13 12:55:00,518 - root - INFO - Mean scaled total: 9979.39
2026-02-13 12:55:00,528 - root - INFO - Max scaled value: 10000.00
2026-02-13 12:55:00,655 - root - INFO - Gene expression data normalized to 10000 counts per spot and validated for discrete count analysis.
2026-02-13 12:55:00,656 - root - INFO - Mapped 18 markers to 9 cell types (preserving marker-level data)
2026-02-13 12:55:00,656 - root - INFO - Running discrete cell assignment: 952 spots, 18 markers, 9 cell types
2026-02-13 12:55:00,656 - root - INFO - Total nuclei: 3625, mean per spot: 3.81
2026-02-13 12:55:00,656 - root - INFO - Discrete cell assignment EM: 952 spots, 18 markers, 9 cell types
2026-02-13 12:55:00,656 - root - INFO - Total nuclei: 3625, mean per spot: 3.81
2026-02-13 12:55:00,657 - root - INFO - 
=== EM Iteration 1/20 ===
2026-02-13 12:55:00,662 - gurobipy - INFO - Set parameter LicenseID to value 276015
2026-02-13 12:55:00,662 - gurobipy - INFO - Set parameter GURO_PAR_SPECIAL
2026-02-13 12:55:00,662 - gurobipy - INFO - Set parameter TokenServer to value "license.crc.pitt.edu"
/ix1/alee/LO_LAB/Personal/Alexander_Chang/alc376/CITEgeist/CITEgeist/model/gurobi_impl.py:3365: RuntimeWarning: invalid value encountered in scalar divide
  loss_change = abs(prev_loss - loss) / max(abs(prev_loss), 1e-10)
2026-02-13 12:57:39,585 - root - INFO -   Loss: 1280.6786 (change: nan)
2026-02-13 12:57:39,585 - root - INFO -   Beta range: [0.346, 0.525]
2026-02-13 12:57:39,585 - root - INFO -   Max beta change: 0.653506
2026-02-13 12:57:39,585 - root - INFO -   Cell count range: [0, 11]
2026-02-13 12:57:39,585 - root - INFO -     B-cells: 295 cells (8.1%)
2026-02-13 12:57:39,585 - root - INFO -     CAFs: 489 cells (13.5%)
2026-02-13 12:57:39,585 - root - INFO -     Cancer Epithelial: 600 cells (16.6%)
2026-02-13 12:57:39,585 - root - INFO -     Endothelial: 381 cells (10.5%)
2026-02-13 12:57:39,585 - root - INFO -     Myeloid: 369 cells (10.2%)
2026-02-13 12:57:39,585 - root - INFO -     Normal Epithelial: 379 cells (10.5%)
2026-02-13 12:57:39,585 - root - INFO -     PVL: 389 cells (10.7%)
2026-02-13 12:57:39,585 - root - INFO -     Plasmablasts: 385 cells (10.6%)
2026-02-13 12:57:39,585 - root - INFO -     T-cells: 338 cells (9.3%)
2026-02-13 12:57:39,585 - root - INFO - 
=== EM Iteration 2/20 ===
2026-02-13 12:59:28,354 - root - INFO -   Loss: 1101.5068 (change: 0.139904)
2026-02-13 12:59:28,356 - root - INFO -   Beta range: [0.295, 0.495]
2026-02-13 12:59:28,356 - root - INFO -   Max beta change: 0.051798
2026-02-13 12:59:28,356 - root - INFO -   Cell count range: [0, 11]
2026-02-13 12:59:28,356 - root - INFO -     B-cells: 299 cells (8.2%)
2026-02-13 12:59:28,356 - root - INFO -     CAFs: 494 cells (13.6%)
2026-02-13 12:59:28,356 - root - INFO -     Cancer Epithelial: 582 cells (16.1%)
2026-02-13 12:59:28,356 - root - INFO -     Endothelial: 386 cells (10.6%)
2026-02-13 12:59:28,356 - root - INFO -     Myeloid: 352 cells (9.7%)
2026-02-13 12:59:28,356 - root - INFO -     Normal Epithelial: 399 cells (11.0%)
2026-02-13 12:59:28,356 - root - INFO -     PVL: 404 cells (11.1%)
2026-02-13 12:59:28,356 - root - INFO -     Plasmablasts: 401 cells (11.1%)
2026-02-13 12:59:28,356 - root - INFO -     T-cells: 308 cells (8.5%)
2026-02-13 12:59:28,356 - root - INFO - 
=== EM Iteration 3/20 ===
2026-02-13 13:01:11,591 - root - INFO -   Loss: 1088.3287 (change: 0.011964)
2026-02-13 13:01:11,591 - root - INFO -   Beta range: [0.276, 0.479]
2026-02-13 13:01:11,591 - root - INFO -   Max beta change: 0.020206
2026-02-13 13:01:11,591 - root - INFO -   Cell count range: [0, 11]
2026-02-13 13:01:11,591 - root - INFO -     B-cells: 289 cells (8.0%)
2026-02-13 13:01:11,591 - root - INFO -     CAFs: 507 cells (14.0%)
2026-02-13 13:01:11,591 - root - INFO -     Cancer Epithelial: 593 cells (16.4%)
2026-02-13 13:01:11,591 - root - INFO -     Endothelial: 386 cells (10.6%)
2026-02-13 13:01:11,591 - root - INFO -     Myeloid: 336 cells (9.3%)
2026-02-13 13:01:11,591 - root - INFO -     Normal Epithelial: 410 cells (11.3%)
2026-02-13 13:01:11,591 - root - INFO -     PVL: 400 cells (11.0%)
2026-02-13 13:01:11,591 - root - INFO -     Plasmablasts: 419 cells (11.6%)
2026-02-13 13:01:11,591 - root - INFO -     T-cells: 285 cells (7.9%)
2026-02-13 13:01:11,591 - root - INFO - 
=== EM Iteration 4/20 ===
2026-02-13 13:02:53,496 - root - INFO -   Loss: 1060.2147 (change: 0.025832)
2026-02-13 13:02:53,497 - root - INFO -   Beta range: [0.272, 0.463]
2026-02-13 13:02:53,497 - root - INFO -   Max beta change: 0.030352
2026-02-13 13:02:53,498 - root - INFO -   Cell count range: [0, 11]
2026-02-13 13:02:53,498 - root - INFO -     B-cells: 281 cells (7.8%)
2026-02-13 13:02:53,498 - root - INFO -     CAFs: 522 cells (14.4%)
2026-02-13 13:02:53,498 - root - INFO -     Cancer Epithelial: 597 cells (16.5%)
2026-02-13 13:02:53,498 - root - INFO -     Endothelial: 392 cells (10.8%)
2026-02-13 13:02:53,498 - root - INFO -     Myeloid: 312 cells (8.6%)
2026-02-13 13:02:53,498 - root - INFO -     Normal Epithelial: 418 cells (11.5%)
2026-02-13 13:02:53,498 - root - INFO -     PVL: 417 cells (11.5%)
2026-02-13 13:02:53,498 - root - INFO -     Plasmablasts: 426 cells (11.8%)
2026-02-13 13:02:53,498 - root - INFO -     T-cells: 260 cells (7.2%)
2026-02-13 13:02:53,498 - root - INFO - 
=== EM Iteration 5/20 ===
2026-02-13 13:04:34,849 - root - INFO -   Loss: 1046.9598 (change: 0.012502)
2026-02-13 13:04:34,857 - root - INFO -   Beta range: [0.267, 0.456]
2026-02-13 13:04:34,857 - root - INFO -   Max beta change: 0.026245
2026-02-13 13:04:34,857 - root - INFO -   Cell count range: [0, 11]
2026-02-13 13:04:34,858 - root - INFO -     B-cells: 264 cells (7.3%)
2026-02-13 13:04:34,858 - root - INFO -     CAFs: 550 cells (15.2%)
2026-02-13 13:04:34,858 - root - INFO -     Cancer Epithelial: 593 cells (16.4%)
2026-02-13 13:04:34,858 - root - INFO -     Endothelial: 397 cells (11.0%)
2026-02-13 13:04:34,858 - root - INFO -     Myeloid: 273 cells (7.5%)
2026-02-13 13:04:34,858 - root - INFO -     Normal Epithelial: 431 cells (11.9%)
2026-02-13 13:04:34,858 - root - INFO -     PVL: 445 cells (12.3%)
2026-02-13 13:04:34,858 - root - INFO -     Plasmablasts: 443 cells (12.2%)
2026-02-13 13:04:34,858 - root - INFO -     T-cells: 229 cells (6.3%)
2026-02-13 13:04:34,858 - root - INFO - 
=== EM Iteration 6/20 ===
2026-02-13 13:06:09,679 - root - INFO -   Loss: 1038.6500 (change: 0.007937)
2026-02-13 13:06:09,681 - root - INFO -   Beta range: [0.262, 0.454]
2026-02-13 13:06:09,681 - root - INFO -   Max beta change: 0.019413
2026-02-13 13:06:09,681 - root - INFO -   Cell count range: [0, 11]
2026-02-13 13:06:09,681 - root - INFO -     B-cells: 252 cells (7.0%)
2026-02-13 13:06:09,681 - root - INFO -     CAFs: 561 cells (15.5%)
2026-02-13 13:06:09,681 - root - INFO -     Cancer Epithelial: 587 cells (16.2%)
2026-02-13 13:06:09,681 - root - INFO -     Endothelial: 400 cells (11.0%)
2026-02-13 13:06:09,681 - root - INFO -     Myeloid: 240 cells (6.6%)
2026-02-13 13:06:09,681 - root - INFO -     Normal Epithelial: 449 cells (12.4%)
2026-02-13 13:06:09,682 - root - INFO -     PVL: 470 cells (13.0%)
2026-02-13 13:06:09,682 - root - INFO -     Plasmablasts: 461 cells (12.7%)
2026-02-13 13:06:09,682 - root - INFO -     T-cells: 205 cells (5.7%)
2026-02-13 13:06:09,682 - root - INFO - 
=== EM Iteration 7/20 ===
2026-02-13 13:07:41,437 - root - INFO -   Loss: 1043.6486 (change: 0.004813)
2026-02-13 13:07:41,447 - root - INFO -   Beta range: [0.256, 0.481]
2026-02-13 13:07:41,447 - root - INFO -   Max beta change: 0.039881
2026-02-13 13:07:41,447 - root - INFO -   Cell count range: [0, 11]
2026-02-13 13:07:41,447 - root - INFO -     B-cells: 241 cells (6.6%)
2026-02-13 13:07:41,447 - root - INFO -     CAFs: 566 cells (15.6%)
2026-02-13 13:07:41,447 - root - INFO -     Cancer Epithelial: 586 cells (16.2%)
2026-02-13 13:07:41,447 - root - INFO -     Endothelial: 405 cells (11.2%)
2026-02-13 13:07:41,447 - root - INFO -     Myeloid: 219 cells (6.0%)
2026-02-13 13:07:41,447 - root - INFO -     Normal Epithelial: 452 cells (12.5%)
2026-02-13 13:07:41,447 - root - INFO -     PVL: 484 cells (13.4%)
2026-02-13 13:07:41,447 - root - INFO -     Plasmablasts: 477 cells (13.2%)
2026-02-13 13:07:41,447 - root - INFO -     T-cells: 195 cells (5.4%)
2026-02-13 13:07:41,447 - root - WARNING - Loss increased from 1038.6500 to 1043.6486
2026-02-13 13:07:41,447 - root - INFO - 
=== EM Iteration 8/20 ===
2026-02-13 13:09:14,174 - root - INFO -   Loss: 1053.2327 (change: 0.009183)
2026-02-13 13:09:14,175 - root - INFO -   Beta range: [0.251, 0.515]
2026-02-13 13:09:14,175 - root - INFO -   Max beta change: 0.041093
2026-02-13 13:09:14,175 - root - INFO -   Cell count range: [0, 11]
2026-02-13 13:09:14,175 - root - INFO -     B-cells: 218 cells (6.0%)
2026-02-13 13:09:14,175 - root - INFO -     CAFs: 574 cells (15.8%)
2026-02-13 13:09:14,175 - root - INFO -     Cancer Epithelial: 584 cells (16.1%)
2026-02-13 13:09:14,175 - root - INFO -     Endothelial: 413 cells (11.4%)
2026-02-13 13:09:14,175 - root - INFO -     Myeloid: 192 cells (5.3%)
2026-02-13 13:09:14,175 - root - INFO -     Normal Epithelial: 464 cells (12.8%)
2026-02-13 13:09:14,175 - root - INFO -     PVL: 497 cells (13.7%)
2026-02-13 13:09:14,175 - root - INFO -     Plasmablasts: 490 cells (13.5%)
2026-02-13 13:09:14,175 - root - INFO -     T-cells: 193 cells (5.3%)
2026-02-13 13:09:14,175 - root - WARNING - Loss increased from 1043.6486 to 1053.2327
2026-02-13 13:09:14,175 - root - INFO - 
=== EM Iteration 9/20 ===
2026-02-13 13:10:44,991 - root - INFO -   Loss: 1086.1306 (change: 0.031235)
2026-02-13 13:10:45,070 - root - INFO -   Beta range: [0.246, 0.546]
2026-02-13 13:10:45,070 - root - INFO -   Max beta change: 0.064932
2026-02-13 13:10:45,070 - root - INFO -   Cell count range: [0, 11]
2026-02-13 13:10:45,070 - root - INFO -     B-cells: 188 cells (5.2%)
2026-02-13 13:10:45,070 - root - INFO -     CAFs: 581 cells (16.0%)
2026-02-13 13:10:45,070 - root - INFO -     Cancer Epithelial: 578 cells (15.9%)
2026-02-13 13:10:45,070 - root - INFO -     Endothelial: 416 cells (11.5%)
2026-02-13 13:10:45,070 - root - INFO -     Myeloid: 186 cells (5.1%)
2026-02-13 13:10:45,070 - root - INFO -     Normal Epithelial: 478 cells (13.2%)
2026-02-13 13:10:45,070 - root - INFO -     PVL: 503 cells (13.9%)
2026-02-13 13:10:45,070 - root - INFO -     Plasmablasts: 500 cells (13.8%)
2026-02-13 13:10:45,070 - root - INFO -     T-cells: 195 cells (5.4%)
2026-02-13 13:10:45,070 - root - WARNING - Loss increased from 1053.2327 to 1086.1306
2026-02-13 13:10:45,070 - root - INFO - 
=== EM Iteration 10/20 ===
2026-02-13 13:12:20,591 - root - INFO -   Loss: 1130.6738 (change: 0.041011)
2026-02-13 13:12:20,593 - root - INFO -   Beta range: [0.218, 0.578]
2026-02-13 13:12:20,593 - root - INFO -   Max beta change: 0.036956
2026-02-13 13:12:20,593 - root - INFO -   Cell count range: [0, 11]
2026-02-13 13:12:20,593 - root - INFO -     B-cells: 156 cells (4.3%)
2026-02-13 13:12:20,593 - root - INFO -     CAFs: 589 cells (16.2%)
2026-02-13 13:12:20,593 - root - INFO -     Cancer Epithelial: 565 cells (15.6%)
2026-02-13 13:12:20,593 - root - INFO -     Endothelial: 422 cells (11.6%)
2026-02-13 13:12:20,593 - root - INFO -     Myeloid: 198 cells (5.5%)
2026-02-13 13:12:20,593 - root - INFO -     Normal Epithelial: 486 cells (13.4%)
2026-02-13 13:12:20,593 - root - INFO -     PVL: 504 cells (13.9%)
2026-02-13 13:12:20,593 - root - INFO -     Plasmablasts: 501 cells (13.8%)
2026-02-13 13:12:20,593 - root - INFO -     T-cells: 204 cells (5.6%)
2026-02-13 13:12:20,593 - root - WARNING - Loss increased from 1086.1306 to 1130.6738
2026-02-13 13:12:20,593 - root - INFO - 
=== EM Iteration 11/20 ===
2026-02-13 13:13:56,688 - root - INFO -   Loss: 1176.9986 (change: 0.040971)
2026-02-13 13:13:56,689 - root - INFO -   Beta range: [0.215, 0.588]
2026-02-13 13:13:56,689 - root - INFO -   Max beta change: 0.054392
2026-02-13 13:13:56,689 - root - INFO -   Cell count range: [0, 11]
2026-02-13 13:13:56,689 - root - INFO -     B-cells: 126 cells (3.5%)
2026-02-13 13:13:56,689 - root - INFO -     CAFs: 596 cells (16.4%)
2026-02-13 13:13:56,689 - root - INFO -     Cancer Epithelial: 545 cells (15.0%)
2026-02-13 13:13:56,689 - root - INFO -     Endothelial: 429 cells (11.8%)
2026-02-13 13:13:56,689 - root - INFO -     Myeloid: 204 cells (5.6%)
2026-02-13 13:13:56,689 - root - INFO -     Normal Epithelial: 514 cells (14.2%)
2026-02-13 13:13:56,689 - root - INFO -     PVL: 493 cells (13.6%)
2026-02-13 13:13:56,689 - root - INFO -     Plasmablasts: 509 cells (14.0%)
2026-02-13 13:13:56,689 - root - INFO -     T-cells: 209 cells (5.8%)
2026-02-13 13:13:56,689 - root - WARNING - Loss increased from 1130.6738 to 1176.9986
2026-02-13 13:13:56,689 - root - INFO - 
=== EM Iteration 12/20 ===
2026-02-13 13:15:28,694 - root - INFO -   Loss: 1225.2952 (change: 0.041034)
2026-02-13 13:15:28,703 - root - INFO -   Beta range: [0.197, 0.582]
2026-02-13 13:15:28,703 - root - INFO -   Max beta change: 0.038370
2026-02-13 13:15:28,703 - root - INFO -   Cell count range: [0, 11]
2026-02-13 13:15:28,703 - root - INFO -     B-cells: 106 cells (2.9%)
2026-02-13 13:15:28,703 - root - INFO -     CAFs: 599 cells (16.5%)
2026-02-13 13:15:28,703 - root - INFO -     Cancer Epithelial: 523 cells (14.4%)
2026-02-13 13:15:28,703 - root - INFO -     Endothelial: 433 cells (11.9%)
2026-02-13 13:15:28,703 - root - INFO -     Myeloid: 224 cells (6.2%)
2026-02-13 13:15:28,703 - root - INFO -     Normal Epithelial: 519 cells (14.3%)
2026-02-13 13:15:28,704 - root - INFO -     PVL: 487 cells (13.4%)
2026-02-13 13:15:28,704 - root - INFO -     Plasmablasts: 511 cells (14.1%)
2026-02-13 13:15:28,704 - root - INFO -     T-cells: 223 cells (6.2%)
2026-02-13 13:15:28,704 - root - WARNING - Loss increased from 1176.9986 to 1225.2952
2026-02-13 13:15:28,704 - root - INFO - 
=== EM Iteration 13/20 ===
2026-02-13 13:17:00,922 - root - INFO -   Loss: 1258.5121 (change: 0.027109)
2026-02-13 13:17:00,923 - root - INFO -   Beta range: [0.192, 0.578]
2026-02-13 13:17:00,923 - root - INFO -   Max beta change: 0.027912
2026-02-13 13:17:00,923 - root - INFO -   Cell count range: [0, 11]
2026-02-13 13:17:00,923 - root - INFO -     B-cells: 98 cells (2.7%)
2026-02-13 13:17:00,923 - root - INFO -     CAFs: 600 cells (16.6%)
2026-02-13 13:17:00,923 - root - INFO -     Cancer Epithelial: 508 cells (14.0%)
2026-02-13 13:17:00,923 - root - INFO -     Endothelial: 437 cells (12.1%)
2026-02-13 13:17:00,923 - root - INFO -     Myeloid: 241 cells (6.6%)
2026-02-13 13:17:00,923 - root - INFO -     Normal Epithelial: 520 cells (14.3%)
2026-02-13 13:17:00,923 - root - INFO -     PVL: 490 cells (13.5%)
2026-02-13 13:17:00,923 - root - INFO -     Plasmablasts: 507 cells (14.0%)
2026-02-13 13:17:00,923 - root - INFO -     T-cells: 224 cells (6.2%)
2026-02-13 13:17:00,923 - root - WARNING - Loss increased from 1225.2952 to 1258.5121
2026-02-13 13:17:00,923 - root - INFO - 
=== EM Iteration 14/20 ===
2026-02-13 13:18:34,335 - root - INFO -   Loss: 1262.6968 (change: 0.003325)
2026-02-13 13:18:34,336 - root - INFO -   Beta range: [0.186, 0.567]
2026-02-13 13:18:34,336 - root - INFO -   Max beta change: 0.029998
2026-02-13 13:18:34,336 - root - INFO -   Cell count range: [0, 11]
2026-02-13 13:18:34,336 - root - INFO -     B-cells: 85 cells (2.3%)
2026-02-13 13:18:34,336 - root - INFO -     CAFs: 600 cells (16.6%)
2026-02-13 13:18:34,336 - root - INFO -     Cancer Epithelial: 494 cells (13.6%)
2026-02-13 13:18:34,336 - root - INFO -     Endothelial: 440 cells (12.1%)
2026-02-13 13:18:34,336 - root - INFO -     Myeloid: 250 cells (6.9%)
2026-02-13 13:18:34,336 - root - INFO -     Normal Epithelial: 530 cells (14.6%)
2026-02-13 13:18:34,336 - root - INFO -     PVL: 492 cells (13.6%)
2026-02-13 13:18:34,336 - root - INFO -     Plasmablasts: 502 cells (13.8%)
2026-02-13 13:18:34,336 - root - INFO -     T-cells: 232 cells (6.4%)
2026-02-13 13:18:34,336 - root - WARNING - Loss increased from 1258.5121 to 1262.6968
2026-02-13 13:18:34,336 - root - INFO - 
=== EM Iteration 15/20 ===
2026-02-13 13:20:11,070 - root - INFO -   Loss: 1256.8091 (change: 0.004663)
2026-02-13 13:20:11,070 - root - INFO -   Beta range: [0.185, 0.562]
2026-02-13 13:20:11,070 - root - INFO -   Max beta change: 0.018250
2026-02-13 13:20:11,070 - root - INFO -   Cell count range: [0, 11]
2026-02-13 13:20:11,070 - root - INFO -     B-cells: 86 cells (2.4%)
2026-02-13 13:20:11,070 - root - INFO -     CAFs: 602 cells (16.6%)
2026-02-13 13:20:11,070 - root - INFO -     Cancer Epithelial: 479 cells (13.2%)
2026-02-13 13:20:11,070 - root - INFO -     Endothelial: 441 cells (12.2%)
2026-02-13 13:20:11,070 - root - INFO -     Myeloid: 262 cells (7.2%)
2026-02-13 13:20:11,070 - root - INFO -     Normal Epithelial: 531 cells (14.6%)
2026-02-13 13:20:11,070 - root - INFO -     PVL: 490 cells (13.5%)
2026-02-13 13:20:11,070 - root - INFO -     Plasmablasts: 500 cells (13.8%)
2026-02-13 13:20:11,070 - root - INFO -     T-cells: 234 cells (6.5%)
2026-02-13 13:20:11,070 - root - INFO - 
=== EM Iteration 16/20 ===
2026-02-13 13:21:45,932 - root - INFO -   Loss: 1253.3667 (change: 0.002739)
2026-02-13 13:21:45,984 - root - INFO -   Beta range: [0.188, 0.558]
2026-02-13 13:21:45,984 - root - INFO -   Max beta change: 0.013131
2026-02-13 13:21:45,984 - root - INFO -   Cell count range: [0, 11]
2026-02-13 13:21:45,984 - root - INFO -     B-cells: 85 cells (2.3%)
2026-02-13 13:21:45,984 - root - INFO -     CAFs: 604 cells (16.7%)
2026-02-13 13:21:45,984 - root - INFO -     Cancer Epithelial: 465 cells (12.8%)
2026-02-13 13:21:45,984 - root - INFO -     Endothelial: 444 cells (12.2%)
2026-02-13 13:21:45,984 - root - INFO -     Myeloid: 267 cells (7.4%)
2026-02-13 13:21:45,984 - root - INFO -     Normal Epithelial: 532 cells (14.7%)
2026-02-13 13:21:45,984 - root - INFO -     PVL: 490 cells (13.5%)
2026-02-13 13:21:45,984 - root - INFO -     Plasmablasts: 501 cells (13.8%)
2026-02-13 13:21:45,984 - root - INFO -     T-cells: 237 cells (6.5%)
2026-02-13 13:21:45,984 - root - INFO - 
=== EM Iteration 17/20 ===
2026-02-13 13:23:19,857 - root - INFO -   Loss: 1250.8260 (change: 0.002027)
2026-02-13 13:23:19,857 - root - INFO -   Beta range: [0.188, 0.556]
2026-02-13 13:23:19,857 - root - INFO -   Max beta change: 0.012567
2026-02-13 13:23:19,858 - root - INFO -   Cell count range: [0, 11]
2026-02-13 13:23:19,858 - root - INFO -     B-cells: 85 cells (2.3%)
2026-02-13 13:23:19,858 - root - INFO -     CAFs: 603 cells (16.6%)
2026-02-13 13:23:19,858 - root - INFO -     Cancer Epithelial: 461 cells (12.7%)
2026-02-13 13:23:19,858 - root - INFO -     Endothelial: 443 cells (12.2%)
2026-02-13 13:23:19,858 - root - INFO -     Myeloid: 268 cells (7.4%)
2026-02-13 13:23:19,858 - root - INFO -     Normal Epithelial: 536 cells (14.8%)
2026-02-13 13:23:19,858 - root - INFO -     PVL: 490 cells (13.5%)
2026-02-13 13:23:19,858 - root - INFO -     Plasmablasts: 500 cells (13.8%)
2026-02-13 13:23:19,858 - root - INFO -     T-cells: 239 cells (6.6%)
2026-02-13 13:23:19,858 - root - INFO - 
=== EM Iteration 18/20 ===
2026-02-13 13:24:55,166 - root - INFO -   Loss: 1248.0429 (change: 0.002225)
2026-02-13 13:24:55,166 - root - INFO -   Beta range: [0.188, 0.553]
2026-02-13 13:24:55,166 - root - INFO -   Max beta change: 0.019734
2026-02-13 13:24:55,166 - root - INFO -   Cell count range: [0, 11]
2026-02-13 13:24:55,166 - root - INFO -     B-cells: 85 cells (2.3%)
2026-02-13 13:24:55,166 - root - INFO -     CAFs: 604 cells (16.7%)
2026-02-13 13:24:55,166 - root - INFO -     Cancer Epithelial: 455 cells (12.6%)
2026-02-13 13:24:55,166 - root - INFO -     Endothelial: 442 cells (12.2%)
2026-02-13 13:24:55,166 - root - INFO -     Myeloid: 270 cells (7.4%)
2026-02-13 13:24:55,166 - root - INFO -     Normal Epithelial: 535 cells (14.8%)
2026-02-13 13:24:55,166 - root - INFO -     PVL: 491 cells (13.5%)
2026-02-13 13:24:55,166 - root - INFO -     Plasmablasts: 502 cells (13.8%)
2026-02-13 13:24:55,166 - root - INFO -     T-cells: 241 cells (6.6%)
2026-02-13 13:24:55,166 - root - INFO - 
=== EM Iteration 19/20 ===
2026-02-13 13:26:31,953 - root - INFO -   Loss: 1246.4513 (change: 0.001275)
2026-02-13 13:26:31,962 - root - INFO -   Beta range: [0.189, 0.552]
2026-02-13 13:26:31,962 - root - INFO -   Max beta change: 0.017875
2026-02-13 13:26:31,962 - root - INFO -   Cell count range: [0, 11]
2026-02-13 13:26:31,962 - root - INFO -     B-cells: 86 cells (2.4%)
2026-02-13 13:26:31,962 - root - INFO -     CAFs: 605 cells (16.7%)
2026-02-13 13:26:31,962 - root - INFO -     Cancer Epithelial: 445 cells (12.3%)
2026-02-13 13:26:31,962 - root - INFO -     Endothelial: 442 cells (12.2%)
2026-02-13 13:26:31,962 - root - INFO -     Myeloid: 270 cells (7.4%)
2026-02-13 13:26:31,962 - root - INFO -     Normal Epithelial: 539 cells (14.9%)
2026-02-13 13:26:31,962 - root - INFO -     PVL: 492 cells (13.6%)
2026-02-13 13:26:31,962 - root - INFO -     Plasmablasts: 504 cells (13.9%)
2026-02-13 13:26:31,962 - root - INFO -     T-cells: 242 cells (6.7%)
2026-02-13 13:26:31,962 - root - INFO - 
=== EM Iteration 20/20 ===
2026-02-13 13:28:03,738 - root - INFO -   Loss: 1245.8699 (change: 0.000466)
2026-02-13 13:28:03,738 - root - INFO -   Beta range: [0.189, 0.551]
2026-02-13 13:28:03,738 - root - INFO -   Max beta change: 0.011145
2026-02-13 13:28:03,738 - root - INFO -   Cell count range: [0, 11]
2026-02-13 13:28:03,738 - root - INFO -     B-cells: 86 cells (2.4%)
2026-02-13 13:28:03,738 - root - INFO -     CAFs: 604 cells (16.7%)
2026-02-13 13:28:03,738 - root - INFO -     Cancer Epithelial: 433 cells (11.9%)
2026-02-13 13:28:03,738 - root - INFO -     Endothelial: 442 cells (12.2%)
2026-02-13 13:28:03,738 - root - INFO -     Myeloid: 271 cells (7.5%)
2026-02-13 13:28:03,738 - root - INFO -     Normal Epithelial: 542 cells (15.0%)
2026-02-13 13:28:03,738 - root - INFO -     PVL: 497 cells (13.7%)
2026-02-13 13:28:03,738 - root - INFO -     Plasmablasts: 506 cells (14.0%)
2026-02-13 13:28:03,738 - root - INFO -     T-cells: 244 cells (6.7%)
2026-02-13 13:28:03,738 - root - INFO - 
Final beta values:
2026-02-13 13:28:03,738 - root - INFO -   B-cells_Protein_1: β=0.205, α=0.500
2026-02-13 13:28:03,738 - root - INFO -   B-cells_Protein_2: β=0.189, α=0.500
2026-02-13 13:28:03,738 - root - INFO -   CAFs_Protein_1: β=0.395, α=0.000
2026-02-13 13:28:03,738 - root - INFO -   CAFs_Protein_2: β=0.377, α=0.022
2026-02-13 13:28:03,738 - root - INFO -   Cancer Epithelial_Protein_1: β=0.269, α=0.299
2026-02-13 13:28:03,738 - root - INFO -   Cancer Epithelial_Protein_2: β=0.292, α=0.252
2026-02-13 13:28:03,738 - root - INFO -   Endothelial_Protein_1: β=0.353, α=0.000
2026-02-13 13:28:03,738 - root - INFO -   Endothelial_Protein_2: β=0.314, α=0.000
2026-02-13 13:28:03,738 - root - INFO -   Myeloid_Protein_1: β=0.531, α=0.000
2026-02-13 13:28:03,738 - root - INFO -   Myeloid_Protein_2: β=0.543, α=0.000
2026-02-13 13:28:03,738 - root - INFO -   Normal Epithelial_Protein_1: β=0.277, α=0.000
2026-02-13 13:28:03,738 - root - INFO -   Normal Epithelial_Protein_2: β=0.286, α=0.000
2026-02-13 13:28:03,738 - root - INFO -   PVL_Protein_1: β=0.317, α=0.000
2026-02-13 13:28:03,738 - root - INFO -   PVL_Protein_2: β=0.298, α=0.000
2026-02-13 13:28:03,738 - root - INFO -   Plasmablasts_Protein_1: β=0.244, α=0.000
2026-02-13 13:28:03,738 - root - INFO -   Plasmablasts_Protein_2: β=0.341, α=0.000
2026-02-13 13:28:03,738 - root - INFO -   T-cells_Protein_1: β=0.551, α=0.000
2026-02-13 13:28:03,738 - root - INFO -   T-cells_Protein_2: β=0.363, α=0.198
2026-02-13 13:28:03,757 - root - INFO - Saved discrete cell counts to Benchmarking/simulation_benchmarking/CITEgeist/output_discrete/mixed/h_and_e/Wu_rep_1/Wu_rep_1_discrete_cell_counts.csv
2026-02-13 13:28:03,761 - root - INFO - Saved derived proportions to Benchmarking/simulation_benchmarking/CITEgeist/output_discrete/mixed/h_and_e/Wu_rep_1/Wu_rep_1_cell_prop_discrete.csv
2026-02-13 13:28:03,761 - root - INFO - Cell type distribution:
2026-02-13 13:28:03,761 - root - INFO -   B-cells: 86 cells (2.4%)
2026-02-13 13:28:03,761 - root - INFO -   CAFs: 604 cells (16.7%)
2026-02-13 13:28:03,761 - root - INFO -   Cancer Epithelial: 433 cells (11.9%)
2026-02-13 13:28:03,761 - root - INFO -   Endothelial: 442 cells (12.2%)
2026-02-13 13:28:03,761 - root - INFO -   Myeloid: 271 cells (7.5%)
2026-02-13 13:28:03,761 - root - INFO -   Normal Epithelial: 542 cells (15.0%)
2026-02-13 13:28:03,761 - root - INFO -   PVL: 497 cells (13.7%)
2026-02-13 13:28:03,761 - root - INFO -   Plasmablasts: 506 cells (14.0%)
2026-02-13 13:28:03,761 - root - INFO -   T-cells: 244 cells (6.7%)
2026-02-13 13:28:03,787 - __main__ - INFO - Loaded ground truth proportions: 952 spots, 9 cell types
2026-02-13 13:28:03,788 - __main__ - INFO - Proportion correlation: 0.394
2026-02-13 13:28:03,788 - __main__ - INFO - Proportion RMSE: 0.2163
2026-02-13 13:28:03,795 - __main__ - INFO - Results saved to Benchmarking/simulation_benchmarking/CITEgeist/output_discrete/mixed/h_and_e/Wu_rep_1
