2026-02-12 17:35:18,849 - __main__ - INFO - ============================================================
2026-02-12 17:35:18,850 - __main__ - INFO - BENCHMARK: replicate=2, condition=high_seg, mode=dapi
2026-02-12 17:35:18,850 - __main__ - INFO - ============================================================
2026-02-12 17:35:18,860 - __main__ - INFO - Loading image: /ix1/alee/LO_LAB/Personal/Alexander_Chang/alc376/CITEgeist/Benchmarking/simulation_benchmarking/CITEgeist/high_seg/images/dapi/Wu_rep_2_cellpose.png
2026-02-12 17:35:19,911 - __main__ - INFO - Image shape: (8000, 8000, 3)
2026-02-12 17:35:19,913 - __main__ - INFO - Running Cellpose with model_type=nuclei
2026-02-12 17:36:09,782 - cellpose.models - WARNING - model_type argument is not used in v4.0.1+. Ignoring this argument...
2026-02-12 17:36:10,509 - cellpose.core - INFO - ** TORCH CUDA version installed and working. **
2026-02-12 17:36:10,509 - cellpose.core - INFO - >>>> using GPU (CUDA)
2026-02-12 17:36:12,204 - cellpose.models - INFO - >>>> loading model /ihome/alee/alc376/.cellpose/models/cpsam
2026-02-12 17:36:13,049 - cellpose.models - WARNING - channels deprecated in v4.0.1+. If data contain more than 3 channels, only the first 3 channels will be used
2026-02-12 17:36:13,089 - cellpose.transforms - INFO - processing image with (8000, 8000) HW, and 3 channels
2026-02-12 17:36:57,250 - __main__ - INFO - Detected 1 nuclei in 97.3s
2026-02-12 17:36:57,383 - __main__ - INFO - Loaded ground truth counts: 957 spots, total 5000 cells
/ihome/alee/alc376/alc376_bgfs/envs/CITEgeist_env/lib/python3.10/site-packages/numpy/lib/function_base.py:2897: RuntimeWarning: invalid value encountered in divide
  c /= stddev[:, None]
/ihome/alee/alc376/alc376_bgfs/envs/CITEgeist_env/lib/python3.10/site-packages/numpy/lib/function_base.py:2898: RuntimeWarning: invalid value encountered in divide
  c /= stddev[None, :]
2026-02-12 17:36:57,418 - __main__ - INFO - Nuclei count correlation: nan
2026-02-12 17:36:57,419 - __main__ - INFO - Nuclei count RMSE: 5.66
2026-02-12 17:36:57,421 - __main__ - INFO - Loading h5ad files...
2026-02-12 17:37:02,954 - root - INFO - Logging initialized.
2026-02-12 17:37:02,965 - root - INFO - Discrete antibody preprocessing complete: Row sums range [30.48, 47.95], mean=38.46, std=2.66
2026-02-12 17:37:03,279 - root - INFO - Normalization stats:
2026-02-12 17:37:03,279 - root - INFO - Original median total: 23475924785.00
2026-02-12 17:37:03,295 - root - INFO - Mean scaled total: 9977.79
2026-02-12 17:37:03,305 - root - INFO - Max scaled value: 10000.00
2026-02-12 17:37:03,431 - root - INFO - Gene expression data normalized to 10000 counts per spot and validated for discrete count analysis.
Traceback (most recent call last):
  File "/ix1/alee/LO_LAB/Personal/Alexander_Chang/alc376/CITEgeist/Benchmarking/simulation_benchmarking/CITEgeist/src/benchmark_discrete_simulation.py", line 344, in <module>
    main()
  File "/ix1/alee/LO_LAB/Personal/Alexander_Chang/alc376/CITEgeist/Benchmarking/simulation_benchmarking/CITEgeist/src/benchmark_discrete_simulation.py", line 326, in main
    results = run_benchmark(
  File "/ix1/alee/LO_LAB/Personal/Alexander_Chang/alc376/CITEgeist/Benchmarking/simulation_benchmarking/CITEgeist/src/benchmark_discrete_simulation.py", line 257, in run_benchmark
    model.load_cell_profile_dict(SIMULATION_CELL_PROFILE_DICT)
  File "/ix1/alee/LO_LAB/Personal/Alexander_Chang/alc376/CITEgeist/CITEgeist/model/citegeist_model.py", line 271, in load_cell_profile_dict
    raise ValueError("Invalid cell_profile_dict format.")
ValueError: Invalid cell_profile_dict format.
