2026-02-13 12:03:30,842 - __main__ - INFO - ============================================================
2026-02-13 12:03:30,849 - __main__ - INFO - BENCHMARK: replicate=3, condition=high_seg, mode=dapi
2026-02-13 12:03:30,849 - __main__ - INFO - ============================================================
2026-02-13 12:03:30,884 - __main__ - INFO - Loading image: /ix1/alee/LO_LAB/Personal/Alexander_Chang/alc376/CITEgeist/Benchmarking/simulation_benchmarking/CITEgeist/high_seg/images/dapi/Wu_rep_3_cellpose.png
2026-02-13 12:03:31,554 - __main__ - INFO - Image shape: (8000, 8000, 3)
2026-02-13 12:03:31,555 - __main__ - INFO - Running Cellpose with model_type=nuclei
2026-02-13 12:03:42,676 - cellpose.models - WARNING - model_type argument is not used in v4.0.1+. Ignoring this argument...
2026-02-13 12:03:42,973 - cellpose.core - INFO - ** TORCH CUDA version installed and working. **
2026-02-13 12:03:42,973 - cellpose.core - INFO - >>>> using GPU (CUDA)
2026-02-13 12:03:44,189 - cellpose.models - INFO - >>>> loading model /ihome/alee/alc376/.cellpose/models/cpsam
2026-02-13 12:03:45,628 - cellpose.models - WARNING - channels deprecated in v4.0.1+. If data contain more than 3 channels, only the first 3 channels will be used
2026-02-13 12:03:45,654 - cellpose.transforms - INFO - processing image with (8000, 8000) HW, and 3 channels
2026-02-13 12:04:26,567 - __main__ - INFO - Detected 937 nuclei in 55.0s
2026-02-13 12:04:26,763 - __main__ - INFO - Loaded ground truth counts: 956 spots, total 5000 cells
2026-02-13 12:04:26,770 - __main__ - INFO - Nuclei count correlation: -0.009
2026-02-13 12:04:26,770 - __main__ - INFO - Nuclei count RMSE: 5.27
2026-02-13 12:04:26,784 - __main__ - INFO - Loading h5ad files...
2026-02-13 12:04:30,183 - root - INFO - Logging initialized.
2026-02-13 12:04:30,194 - root - INFO - Discrete antibody preprocessing complete: Row sums range [30.91, 45.72], mean=38.17, std=2.69
2026-02-13 12:04:30,512 - root - INFO - Normalization stats:
2026-02-13 12:04:30,512 - root - INFO - Original median total: 18749046221.50
2026-02-13 12:04:30,528 - root - INFO - Mean scaled total: 9978.09
2026-02-13 12:04:30,538 - root - INFO - Max scaled value: 10000.00
2026-02-13 12:04:30,665 - root - INFO - Gene expression data normalized to 10000 counts per spot and validated for discrete count analysis.
Traceback (most recent call last):
  File "/ix1/alee/LO_LAB/Personal/Alexander_Chang/alc376/CITEgeist/Benchmarking/simulation_benchmarking/CITEgeist/src/benchmark_discrete_simulation.py", line 345, in <module>
    main()
  File "/ix1/alee/LO_LAB/Personal/Alexander_Chang/alc376/CITEgeist/Benchmarking/simulation_benchmarking/CITEgeist/src/benchmark_discrete_simulation.py", line 327, in main
    results = run_benchmark(
  File "/ix1/alee/LO_LAB/Personal/Alexander_Chang/alc376/CITEgeist/Benchmarking/simulation_benchmarking/CITEgeist/src/benchmark_discrete_simulation.py", line 262, in run_benchmark
    cell_counts = model.run_discrete_cell_assignment(
TypeError: CitegeistModel.run_discrete_cell_assignment() got an unexpected keyword argument 'max_iterations'
