2026-02-13 12:27:20,352 - __main__ - INFO - ============================================================
2026-02-13 12:27:20,352 - __main__ - INFO - BENCHMARK: replicate=4, condition=high_seg, mode=h_and_e
2026-02-13 12:27:20,352 - __main__ - INFO - ============================================================
2026-02-13 12:27:20,353 - __main__ - INFO - Loading image: /ix1/alee/LO_LAB/Personal/Alexander_Chang/alc376/CITEgeist/Benchmarking/simulation_benchmarking/CITEgeist/high_seg/images/h_and_e/Wu_rep_4_cellpose.png
2026-02-13 12:27:21,148 - __main__ - INFO - Image shape: (8000, 8000, 3)
2026-02-13 12:27:21,149 - __main__ - INFO - Running Cellpose with model_type=cyto2
2026-02-13 12:27:32,011 - cellpose.models - WARNING - model_type argument is not used in v4.0.1+. Ignoring this argument...
2026-02-13 12:27:32,210 - cellpose.core - INFO - ** TORCH CUDA version installed and working. **
2026-02-13 12:27:32,210 - cellpose.core - INFO - >>>> using GPU (CUDA)
2026-02-13 12:27:33,335 - cellpose.models - INFO - >>>> loading model /ihome/alee/alc376/.cellpose/models/cpsam
2026-02-13 12:27:33,684 - cellpose.models - WARNING - channels deprecated in v4.0.1+. If data contain more than 3 channels, only the first 3 channels will be used
2026-02-13 12:27:33,710 - cellpose.transforms - INFO - processing image with (8000, 8000) HW, and 3 channels
2026-02-13 12:28:12,292 - __main__ - INFO - Detected 4947 nuclei in 51.1s
2026-02-13 12:28:12,459 - __main__ - INFO - Loaded ground truth counts: 956 spots, total 5000 cells
2026-02-13 12:28:12,460 - __main__ - INFO - Nuclei count correlation: 0.061
2026-02-13 12:28:12,460 - __main__ - INFO - Nuclei count RMSE: 3.24
2026-02-13 12:28:12,470 - __main__ - INFO - Loading h5ad files...
2026-02-13 12:28:18,323 - root - INFO - Logging initialized.
2026-02-13 12:28:18,334 - root - INFO - Discrete antibody preprocessing complete: Row sums range [28.70, 47.42], mean=38.33, std=2.62
2026-02-13 12:28:18,642 - root - INFO - Normalization stats:
2026-02-13 12:28:18,642 - root - INFO - Original median total: 40055403524.50
2026-02-13 12:28:18,658 - root - INFO - Mean scaled total: 9977.98
2026-02-13 12:28:18,668 - root - INFO - Max scaled value: 10000.00
2026-02-13 12:28:18,792 - root - INFO - Gene expression data normalized to 10000 counts per spot and validated for discrete count analysis.
2026-02-13 12:28:18,794 - root - INFO - Mapped 18 markers to 9 cell types (preserving marker-level data)
2026-02-13 12:28:18,794 - root - INFO - Running discrete cell assignment: 956 spots, 18 markers, 9 cell types
2026-02-13 12:28:18,794 - root - INFO - Total nuclei: 3639, mean per spot: 3.81
2026-02-13 12:28:18,794 - root - INFO - Discrete cell assignment EM: 956 spots, 18 markers, 9 cell types
2026-02-13 12:28:18,794 - root - INFO - Total nuclei: 3639, mean per spot: 3.81
2026-02-13 12:28:18,795 - root - INFO - 
=== EM Iteration 1/20 ===
2026-02-13 12:28:18,800 - gurobipy - INFO - Set parameter LicenseID to value 276015
2026-02-13 12:28:18,801 - gurobipy - INFO - Set parameter GURO_PAR_SPECIAL
2026-02-13 12:28:18,801 - gurobipy - INFO - Set parameter TokenServer to value "license.crc.pitt.edu"
/ix1/alee/LO_LAB/Personal/Alexander_Chang/alc376/CITEgeist/CITEgeist/model/gurobi_impl.py:3365: RuntimeWarning: invalid value encountered in scalar divide
  loss_change = abs(prev_loss - loss) / max(abs(prev_loss), 1e-10)
2026-02-13 12:31:14,636 - root - INFO -   Loss: 954.9532 (change: nan)
2026-02-13 12:31:14,636 - root - INFO -   Beta range: [0.236, 0.495]
2026-02-13 12:31:14,637 - root - INFO -   Max beta change: 0.764060
2026-02-13 12:31:14,637 - root - INFO -   Cell count range: [0, 13]
2026-02-13 12:31:14,637 - root - INFO -     B-cells: 406 cells (11.2%)
2026-02-13 12:31:14,637 - root - INFO -     CAFs: 536 cells (14.7%)
2026-02-13 12:31:14,637 - root - INFO -     Cancer Epithelial: 353 cells (9.7%)
2026-02-13 12:31:14,637 - root - INFO -     Endothelial: 341 cells (9.4%)
2026-02-13 12:31:14,637 - root - INFO -     Myeloid: 388 cells (10.7%)
2026-02-13 12:31:14,637 - root - INFO -     Normal Epithelial: 406 cells (11.2%)
2026-02-13 12:31:14,637 - root - INFO -     PVL: 411 cells (11.3%)
2026-02-13 12:31:14,637 - root - INFO -     Plasmablasts: 403 cells (11.1%)
2026-02-13 12:31:14,637 - root - INFO -     T-cells: 395 cells (10.9%)
2026-02-13 12:31:14,637 - root - INFO - 
=== EM Iteration 2/20 ===
2026-02-13 12:32:43,843 - root - INFO -   Loss: 491.6447 (change: 0.485164)
2026-02-13 12:32:43,852 - root - INFO -   Beta range: [0.222, 0.460]
2026-02-13 12:32:43,852 - root - INFO -   Max beta change: 0.034775
2026-02-13 12:32:43,853 - root - INFO -   Cell count range: [0, 13]
2026-02-13 12:32:43,853 - root - INFO -     B-cells: 433 cells (11.9%)
2026-02-13 12:32:43,853 - root - INFO -     CAFs: 510 cells (14.0%)
2026-02-13 12:32:43,853 - root - INFO -     Cancer Epithelial: 319 cells (8.8%)
2026-02-13 12:32:43,853 - root - INFO -     Endothelial: 332 cells (9.1%)
2026-02-13 12:32:43,853 - root - INFO -     Myeloid: 379 cells (10.4%)
2026-02-13 12:32:43,853 - root - INFO -     Normal Epithelial: 443 cells (12.2%)
2026-02-13 12:32:43,853 - root - INFO -     PVL: 406 cells (11.2%)
2026-02-13 12:32:43,853 - root - INFO -     Plasmablasts: 459 cells (12.6%)
2026-02-13 12:32:43,853 - root - INFO -     T-cells: 358 cells (9.8%)
2026-02-13 12:32:43,853 - root - INFO - 
=== EM Iteration 3/20 ===
2026-02-13 12:34:09,520 - root - INFO -   Loss: 488.1844 (change: 0.007038)
2026-02-13 12:34:09,531 - root - INFO -   Beta range: [0.214, 0.439]
2026-02-13 12:34:09,531 - root - INFO -   Max beta change: 0.023560
2026-02-13 12:34:09,531 - root - INFO -   Cell count range: [0, 13]
2026-02-13 12:34:09,531 - root - INFO -     B-cells: 435 cells (12.0%)
2026-02-13 12:34:09,531 - root - INFO -     CAFs: 502 cells (13.8%)
2026-02-13 12:34:09,531 - root - INFO -     Cancer Epithelial: 318 cells (8.7%)
2026-02-13 12:34:09,531 - root - INFO -     Endothelial: 342 cells (9.4%)
2026-02-13 12:34:09,531 - root - INFO -     Myeloid: 366 cells (10.1%)
2026-02-13 12:34:09,531 - root - INFO -     Normal Epithelial: 425 cells (11.7%)
2026-02-13 12:34:09,531 - root - INFO -     PVL: 422 cells (11.6%)
2026-02-13 12:34:09,531 - root - INFO -     Plasmablasts: 473 cells (13.0%)
2026-02-13 12:34:09,531 - root - INFO -     T-cells: 356 cells (9.8%)
2026-02-13 12:34:09,531 - root - INFO - 
=== EM Iteration 4/20 ===
2026-02-13 12:35:32,321 - root - INFO -   Loss: 485.5930 (change: 0.005308)
2026-02-13 12:35:32,326 - root - INFO -   Beta range: [0.206, 0.418]
2026-02-13 12:35:32,326 - root - INFO -   Max beta change: 0.022181
2026-02-13 12:35:32,326 - root - INFO -   Cell count range: [0, 13]
2026-02-13 12:35:32,326 - root - INFO -     B-cells: 460 cells (12.6%)
2026-02-13 12:35:32,326 - root - INFO -     CAFs: 495 cells (13.6%)
2026-02-13 12:35:32,326 - root - INFO -     Cancer Epithelial: 315 cells (8.7%)
2026-02-13 12:35:32,326 - root - INFO -     Endothelial: 349 cells (9.6%)
2026-02-13 12:35:32,326 - root - INFO -     Myeloid: 336 cells (9.2%)
2026-02-13 12:35:32,326 - root - INFO -     Normal Epithelial: 410 cells (11.3%)
2026-02-13 12:35:32,326 - root - INFO -     PVL: 429 cells (11.8%)
2026-02-13 12:35:32,326 - root - INFO -     Plasmablasts: 492 cells (13.5%)
2026-02-13 12:35:32,326 - root - INFO -     T-cells: 353 cells (9.7%)
2026-02-13 12:35:32,326 - root - INFO - 
=== EM Iteration 5/20 ===
2026-02-13 12:36:54,037 - root - INFO -   Loss: 484.6507 (change: 0.001941)
2026-02-13 12:36:54,060 - root - INFO -   Beta range: [0.199, 0.395]
2026-02-13 12:36:54,060 - root - INFO -   Max beta change: 0.022981
2026-02-13 12:36:54,060 - root - INFO -   Cell count range: [0, 13]
2026-02-13 12:36:54,060 - root - INFO -     B-cells: 479 cells (13.2%)
2026-02-13 12:36:54,060 - root - INFO -     CAFs: 487 cells (13.4%)
2026-02-13 12:36:54,060 - root - INFO -     Cancer Epithelial: 315 cells (8.7%)
2026-02-13 12:36:54,060 - root - INFO -     Endothelial: 351 cells (9.6%)
2026-02-13 12:36:54,060 - root - INFO -     Myeloid: 313 cells (8.6%)
2026-02-13 12:36:54,060 - root - INFO -     Normal Epithelial: 404 cells (11.1%)
2026-02-13 12:36:54,060 - root - INFO -     PVL: 428 cells (11.8%)
2026-02-13 12:36:54,060 - root - INFO -     Plasmablasts: 511 cells (14.0%)
2026-02-13 12:36:54,060 - root - INFO -     T-cells: 351 cells (9.6%)
2026-02-13 12:36:54,060 - root - INFO - 
=== EM Iteration 6/20 ===
2026-02-13 12:38:16,624 - root - INFO -   Loss: 483.6437 (change: 0.002078)
2026-02-13 12:38:16,625 - root - INFO -   Beta range: [0.191, 0.381]
2026-02-13 12:38:16,625 - root - INFO -   Max beta change: 0.016679
2026-02-13 12:38:16,625 - root - INFO -   Cell count range: [0, 13]
2026-02-13 12:38:16,625 - root - INFO -     B-cells: 491 cells (13.5%)
2026-02-13 12:38:16,625 - root - INFO -     CAFs: 482 cells (13.2%)
2026-02-13 12:38:16,625 - root - INFO -     Cancer Epithelial: 316 cells (8.7%)
2026-02-13 12:38:16,625 - root - INFO -     Endothelial: 352 cells (9.7%)
2026-02-13 12:38:16,625 - root - INFO -     Myeloid: 295 cells (8.1%)
2026-02-13 12:38:16,625 - root - INFO -     Normal Epithelial: 394 cells (10.8%)
2026-02-13 12:38:16,625 - root - INFO -     PVL: 432 cells (11.9%)
2026-02-13 12:38:16,625 - root - INFO -     Plasmablasts: 530 cells (14.6%)
2026-02-13 12:38:16,625 - root - INFO -     T-cells: 347 cells (9.5%)
2026-02-13 12:38:16,625 - root - INFO - 
=== EM Iteration 7/20 ===
2026-02-13 12:39:40,149 - root - INFO -   Loss: 483.5848 (change: 0.000122)
2026-02-13 12:39:40,149 - root - INFO -   Beta range: [0.188, 0.366]
2026-02-13 12:39:40,149 - root - INFO -   Max beta change: 0.020966
2026-02-13 12:39:40,149 - root - INFO -   Cell count range: [0, 13]
2026-02-13 12:39:40,149 - root - INFO -     B-cells: 500 cells (13.7%)
2026-02-13 12:39:40,149 - root - INFO -     CAFs: 480 cells (13.2%)
2026-02-13 12:39:40,149 - root - INFO -     Cancer Epithelial: 318 cells (8.7%)
2026-02-13 12:39:40,149 - root - INFO -     Endothelial: 357 cells (9.8%)
2026-02-13 12:39:40,149 - root - INFO -     Myeloid: 272 cells (7.5%)
2026-02-13 12:39:40,149 - root - INFO -     Normal Epithelial: 390 cells (10.7%)
2026-02-13 12:39:40,149 - root - INFO -     PVL: 435 cells (12.0%)
2026-02-13 12:39:40,149 - root - INFO -     Plasmablasts: 541 cells (14.9%)
2026-02-13 12:39:40,149 - root - INFO -     T-cells: 346 cells (9.5%)
2026-02-13 12:39:40,149 - root - INFO - 
=== EM Iteration 8/20 ===
2026-02-13 12:41:01,525 - root - INFO -   Loss: 484.4987 (change: 0.001890)
2026-02-13 12:41:01,528 - root - INFO -   Beta range: [0.186, 0.373]
2026-02-13 12:41:01,528 - root - INFO -   Max beta change: 0.023203
2026-02-13 12:41:01,529 - root - INFO -   Cell count range: [0, 13]
2026-02-13 12:41:01,529 - root - INFO -     B-cells: 511 cells (14.0%)
2026-02-13 12:41:01,529 - root - INFO -     CAFs: 470 cells (12.9%)
2026-02-13 12:41:01,529 - root - INFO -     Cancer Epithelial: 324 cells (8.9%)
2026-02-13 12:41:01,529 - root - INFO -     Endothelial: 359 cells (9.9%)
2026-02-13 12:41:01,529 - root - INFO -     Myeloid: 252 cells (6.9%)
2026-02-13 12:41:01,529 - root - INFO -     Normal Epithelial: 383 cells (10.5%)
2026-02-13 12:41:01,529 - root - INFO -     PVL: 440 cells (12.1%)
2026-02-13 12:41:01,529 - root - INFO -     Plasmablasts: 555 cells (15.3%)
2026-02-13 12:41:01,529 - root - INFO -     T-cells: 345 cells (9.5%)
2026-02-13 12:41:01,529 - root - WARNING - Loss increased from 483.5848 to 484.4987
2026-02-13 12:41:01,529 - root - INFO - 
=== EM Iteration 9/20 ===
2026-02-13 12:42:22,446 - root - INFO -   Loss: 483.4232 (change: 0.002220)
2026-02-13 12:42:22,447 - root - INFO -   Beta range: [0.184, 0.386]
2026-02-13 12:42:22,447 - root - INFO -   Max beta change: 0.019655
2026-02-13 12:42:22,447 - root - INFO -   Cell count range: [0, 13]
2026-02-13 12:42:22,447 - root - INFO -     B-cells: 517 cells (14.2%)
2026-02-13 12:42:22,447 - root - INFO -     CAFs: 462 cells (12.7%)
2026-02-13 12:42:22,447 - root - INFO -     Cancer Epithelial: 324 cells (8.9%)
2026-02-13 12:42:22,447 - root - INFO -     Endothelial: 356 cells (9.8%)
2026-02-13 12:42:22,447 - root - INFO -     Myeloid: 244 cells (6.7%)
2026-02-13 12:42:22,447 - root - INFO -     Normal Epithelial: 380 cells (10.4%)
2026-02-13 12:42:22,447 - root - INFO -     PVL: 454 cells (12.5%)
2026-02-13 12:42:22,447 - root - INFO -     Plasmablasts: 558 cells (15.3%)
2026-02-13 12:42:22,447 - root - INFO -     T-cells: 344 cells (9.5%)
2026-02-13 12:42:22,447 - root - INFO - 
=== EM Iteration 10/20 ===
2026-02-13 12:43:40,773 - root - INFO -   Loss: 480.6322 (change: 0.005773)
2026-02-13 12:43:40,775 - root - INFO -   Beta range: [0.183, 0.392]
2026-02-13 12:43:40,775 - root - INFO -   Max beta change: 0.006983
2026-02-13 12:43:40,775 - root - INFO -   Cell count range: [0, 13]
2026-02-13 12:43:40,775 - root - INFO -     B-cells: 518 cells (14.2%)
2026-02-13 12:43:40,775 - root - INFO -     CAFs: 455 cells (12.5%)
2026-02-13 12:43:40,775 - root - INFO -     Cancer Epithelial: 324 cells (8.9%)
2026-02-13 12:43:40,775 - root - INFO -     Endothelial: 351 cells (9.6%)
2026-02-13 12:43:40,775 - root - INFO -     Myeloid: 240 cells (6.6%)
2026-02-13 12:43:40,775 - root - INFO -     Normal Epithelial: 375 cells (10.3%)
2026-02-13 12:43:40,775 - root - INFO -     PVL: 471 cells (12.9%)
2026-02-13 12:43:40,776 - root - INFO -     Plasmablasts: 561 cells (15.4%)
2026-02-13 12:43:40,776 - root - INFO -     T-cells: 344 cells (9.5%)
2026-02-13 12:43:40,776 - root - INFO - 
=== EM Iteration 11/20 ===
2026-02-13 12:45:00,529 - root - INFO -   Loss: 478.4764 (change: 0.004485)
2026-02-13 12:45:00,546 - root - INFO -   Beta range: [0.183, 0.400]
2026-02-13 12:45:00,546 - root - INFO -   Max beta change: 0.008736
2026-02-13 12:45:00,546 - root - INFO -   Cell count range: [0, 13]
2026-02-13 12:45:00,546 - root - INFO -     B-cells: 514 cells (14.1%)
2026-02-13 12:45:00,546 - root - INFO -     CAFs: 452 cells (12.4%)
2026-02-13 12:45:00,546 - root - INFO -     Cancer Epithelial: 325 cells (8.9%)
2026-02-13 12:45:00,546 - root - INFO -     Endothelial: 349 cells (9.6%)
2026-02-13 12:45:00,546 - root - INFO -     Myeloid: 235 cells (6.5%)
2026-02-13 12:45:00,546 - root - INFO -     Normal Epithelial: 369 cells (10.1%)
2026-02-13 12:45:00,546 - root - INFO -     PVL: 493 cells (13.5%)
2026-02-13 12:45:00,546 - root - INFO -     Plasmablasts: 558 cells (15.3%)
2026-02-13 12:45:00,546 - root - INFO -     T-cells: 344 cells (9.5%)
2026-02-13 12:45:00,546 - root - INFO - 
=== EM Iteration 12/20 ===
2026-02-13 12:46:19,449 - root - INFO -   Loss: 479.8092 (change: 0.002785)
2026-02-13 12:46:19,453 - root - INFO -   Beta range: [0.183, 0.408]
2026-02-13 12:46:19,453 - root - INFO -   Max beta change: 0.010818
2026-02-13 12:46:19,453 - root - INFO -   Cell count range: [0, 13]
2026-02-13 12:46:19,453 - root - INFO -     B-cells: 515 cells (14.2%)
2026-02-13 12:46:19,453 - root - INFO -     CAFs: 446 cells (12.3%)
2026-02-13 12:46:19,453 - root - INFO -     Cancer Epithelial: 326 cells (9.0%)
2026-02-13 12:46:19,453 - root - INFO -     Endothelial: 343 cells (9.4%)
2026-02-13 12:46:19,453 - root - INFO -     Myeloid: 229 cells (6.3%)
2026-02-13 12:46:19,453 - root - INFO -     Normal Epithelial: 362 cells (9.9%)
2026-02-13 12:46:19,453 - root - INFO -     PVL: 514 cells (14.1%)
2026-02-13 12:46:19,453 - root - INFO -     Plasmablasts: 560 cells (15.4%)
2026-02-13 12:46:19,453 - root - INFO -     T-cells: 344 cells (9.5%)
2026-02-13 12:46:19,453 - root - WARNING - Loss increased from 478.4764 to 479.8092
2026-02-13 12:46:19,453 - root - INFO - 
=== EM Iteration 13/20 ===
2026-02-13 12:47:37,789 - root - INFO -   Loss: 483.3239 (change: 0.007325)
2026-02-13 12:47:37,795 - root - INFO -   Beta range: [0.184, 0.409]
2026-02-13 12:47:37,795 - root - INFO -   Max beta change: 0.015292
2026-02-13 12:47:37,795 - root - INFO -   Cell count range: [0, 13]
2026-02-13 12:47:37,795 - root - INFO -     B-cells: 524 cells (14.4%)
2026-02-13 12:47:37,795 - root - INFO -     CAFs: 440 cells (12.1%)
2026-02-13 12:47:37,795 - root - INFO -     Cancer Epithelial: 325 cells (8.9%)
2026-02-13 12:47:37,795 - root - INFO -     Endothelial: 342 cells (9.4%)
2026-02-13 12:47:37,795 - root - INFO -     Myeloid: 222 cells (6.1%)
2026-02-13 12:47:37,795 - root - INFO -     Normal Epithelial: 358 cells (9.8%)
2026-02-13 12:47:37,795 - root - INFO -     PVL: 527 cells (14.5%)
2026-02-13 12:47:37,795 - root - INFO -     Plasmablasts: 557 cells (15.3%)
2026-02-13 12:47:37,795 - root - INFO -     T-cells: 344 cells (9.5%)
2026-02-13 12:47:37,795 - root - WARNING - Loss increased from 479.8092 to 483.3239
2026-02-13 12:47:37,795 - root - INFO - 
=== EM Iteration 14/20 ===
2026-02-13 12:48:56,018 - root - INFO -   Loss: 487.1805 (change: 0.007979)
2026-02-13 12:48:56,023 - root - INFO -   Beta range: [0.185, 0.415]
2026-02-13 12:48:56,023 - root - INFO -   Max beta change: 0.012113
2026-02-13 12:48:56,023 - root - INFO -   Cell count range: [0, 13]
2026-02-13 12:48:56,023 - root - INFO -     B-cells: 524 cells (14.4%)
2026-02-13 12:48:56,023 - root - INFO -     CAFs: 440 cells (12.1%)
2026-02-13 12:48:56,023 - root - INFO -     Cancer Epithelial: 327 cells (9.0%)
2026-02-13 12:48:56,023 - root - INFO -     Endothelial: 337 cells (9.3%)
2026-02-13 12:48:56,023 - root - INFO -     Myeloid: 216 cells (5.9%)
2026-02-13 12:48:56,023 - root - INFO -     Normal Epithelial: 357 cells (9.8%)
2026-02-13 12:48:56,023 - root - INFO -     PVL: 541 cells (14.9%)
2026-02-13 12:48:56,023 - root - INFO -     Plasmablasts: 554 cells (15.2%)
2026-02-13 12:48:56,023 - root - INFO -     T-cells: 343 cells (9.4%)
2026-02-13 12:48:56,023 - root - WARNING - Loss increased from 483.3239 to 487.1805
2026-02-13 12:48:56,023 - root - INFO - 
=== EM Iteration 15/20 ===
2026-02-13 12:50:14,255 - root - INFO -   Loss: 491.2601 (change: 0.008374)
2026-02-13 12:50:14,260 - root - INFO -   Beta range: [0.182, 0.400]
2026-02-13 12:50:14,260 - root - INFO -   Max beta change: 0.015499
2026-02-13 12:50:14,260 - root - INFO -   Cell count range: [0, 13]
2026-02-13 12:50:14,260 - root - INFO -     B-cells: 530 cells (14.6%)
2026-02-13 12:50:14,260 - root - INFO -     CAFs: 441 cells (12.1%)
2026-02-13 12:50:14,260 - root - INFO -     Cancer Epithelial: 326 cells (9.0%)
2026-02-13 12:50:14,260 - root - INFO -     Endothelial: 328 cells (9.0%)
2026-02-13 12:50:14,260 - root - INFO -     Myeloid: 202 cells (5.6%)
2026-02-13 12:50:14,260 - root - INFO -     Normal Epithelial: 354 cells (9.7%)
2026-02-13 12:50:14,260 - root - INFO -     PVL: 555 cells (15.3%)
2026-02-13 12:50:14,260 - root - INFO -     Plasmablasts: 560 cells (15.4%)
2026-02-13 12:50:14,260 - root - INFO -     T-cells: 343 cells (9.4%)
2026-02-13 12:50:14,260 - root - WARNING - Loss increased from 487.1805 to 491.2601
2026-02-13 12:50:14,260 - root - INFO - 
=== EM Iteration 16/20 ===
2026-02-13 12:51:32,686 - root - INFO -   Loss: 523.3140 (change: 0.065248)
2026-02-13 12:51:32,686 - root - INFO -   Beta range: [0.181, 0.362]
2026-02-13 12:51:32,686 - root - INFO -   Max beta change: 0.041556
2026-02-13 12:51:32,687 - root - INFO -   Cell count range: [0, 13]
2026-02-13 12:51:32,687 - root - INFO -     B-cells: 538 cells (14.8%)
2026-02-13 12:51:32,687 - root - INFO -     CAFs: 444 cells (12.2%)
2026-02-13 12:51:32,687 - root - INFO -     Cancer Epithelial: 329 cells (9.0%)
2026-02-13 12:51:32,687 - root - INFO -     Endothelial: 323 cells (8.9%)
2026-02-13 12:51:32,687 - root - INFO -     Myeloid: 170 cells (4.7%)
2026-02-13 12:51:32,687 - root - INFO -     Normal Epithelial: 357 cells (9.8%)
2026-02-13 12:51:32,687 - root - INFO -     PVL: 568 cells (15.6%)
2026-02-13 12:51:32,687 - root - INFO -     Plasmablasts: 565 cells (15.5%)
2026-02-13 12:51:32,687 - root - INFO -     T-cells: 345 cells (9.5%)
2026-02-13 12:51:32,687 - root - WARNING - Loss increased from 491.2601 to 523.3140
2026-02-13 12:51:32,687 - root - INFO - 
=== EM Iteration 17/20 ===
2026-02-13 12:52:50,945 - root - INFO -   Loss: 577.5396 (change: 0.103620)
2026-02-13 12:52:50,949 - root - INFO -   Beta range: [0.180, 0.362]
2026-02-13 12:52:50,949 - root - INFO -   Max beta change: 0.028233
2026-02-13 12:52:50,949 - root - INFO -   Cell count range: [0, 13]
2026-02-13 12:52:50,949 - root - INFO -     B-cells: 548 cells (15.1%)
2026-02-13 12:52:50,949 - root - INFO -     CAFs: 448 cells (12.3%)
2026-02-13 12:52:50,949 - root - INFO -     Cancer Epithelial: 336 cells (9.2%)
2026-02-13 12:52:50,949 - root - INFO -     Endothelial: 323 cells (8.9%)
2026-02-13 12:52:50,949 - root - INFO -     Myeloid: 139 cells (3.8%)
2026-02-13 12:52:50,949 - root - INFO -     Normal Epithelial: 357 cells (9.8%)
2026-02-13 12:52:50,949 - root - INFO -     PVL: 577 cells (15.9%)
2026-02-13 12:52:50,949 - root - INFO -     Plasmablasts: 566 cells (15.6%)
2026-02-13 12:52:50,949 - root - INFO -     T-cells: 345 cells (9.5%)
2026-02-13 12:52:50,949 - root - WARNING - Loss increased from 523.3140 to 577.5396
2026-02-13 12:52:50,949 - root - INFO - 
=== EM Iteration 18/20 ===
2026-02-13 12:54:09,005 - root - INFO -   Loss: 618.2023 (change: 0.070407)
2026-02-13 12:54:09,042 - root - INFO -   Beta range: [0.178, 0.363]
2026-02-13 12:54:09,042 - root - INFO -   Max beta change: 0.017229
2026-02-13 12:54:09,042 - root - INFO -   Cell count range: [0, 13]
2026-02-13 12:54:09,042 - root - INFO -     B-cells: 566 cells (15.6%)
2026-02-13 12:54:09,042 - root - INFO -     CAFs: 447 cells (12.3%)
2026-02-13 12:54:09,042 - root - INFO -     Cancer Epithelial: 339 cells (9.3%)
2026-02-13 12:54:09,042 - root - INFO -     Endothelial: 320 cells (8.8%)
2026-02-13 12:54:09,042 - root - INFO -     Myeloid: 128 cells (3.5%)
2026-02-13 12:54:09,042 - root - INFO -     Normal Epithelial: 348 cells (9.6%)
2026-02-13 12:54:09,042 - root - INFO -     PVL: 585 cells (16.1%)
2026-02-13 12:54:09,042 - root - INFO -     Plasmablasts: 561 cells (15.4%)
2026-02-13 12:54:09,042 - root - INFO -     T-cells: 345 cells (9.5%)
2026-02-13 12:54:09,042 - root - WARNING - Loss increased from 577.5396 to 618.2023
2026-02-13 12:54:09,042 - root - INFO - 
=== EM Iteration 19/20 ===
2026-02-13 12:55:27,883 - root - INFO -   Loss: 640.3181 (change: 0.035774)
2026-02-13 12:55:27,896 - root - INFO -   Beta range: [0.176, 0.362]
2026-02-13 12:55:27,896 - root - INFO -   Max beta change: 0.012844
2026-02-13 12:55:27,896 - root - INFO -   Cell count range: [0, 13]
2026-02-13 12:55:27,896 - root - INFO -     B-cells: 574 cells (15.8%)
2026-02-13 12:55:27,897 - root - INFO -     CAFs: 445 cells (12.2%)
2026-02-13 12:55:27,897 - root - INFO -     Cancer Epithelial: 340 cells (9.3%)
2026-02-13 12:55:27,897 - root - INFO -     Endothelial: 320 cells (8.8%)
2026-02-13 12:55:27,897 - root - INFO -     Myeloid: 123 cells (3.4%)
2026-02-13 12:55:27,897 - root - INFO -     Normal Epithelial: 346 cells (9.5%)
2026-02-13 12:55:27,897 - root - INFO -     PVL: 588 cells (16.2%)
2026-02-13 12:55:27,897 - root - INFO -     Plasmablasts: 555 cells (15.3%)
2026-02-13 12:55:27,897 - root - INFO -     T-cells: 348 cells (9.6%)
2026-02-13 12:55:27,897 - root - WARNING - Loss increased from 618.2023 to 640.3181
2026-02-13 12:55:27,897 - root - INFO - 
=== EM Iteration 20/20 ===
2026-02-13 12:56:46,272 - root - INFO -   Loss: 652.7358 (change: 0.019393)
2026-02-13 12:56:46,276 - root - INFO -   Beta range: [0.174, 0.362]
2026-02-13 12:56:46,277 - root - INFO -   Max beta change: 0.016097
2026-02-13 12:56:46,277 - root - INFO -   Cell count range: [0, 13]
2026-02-13 12:56:46,277 - root - INFO -     B-cells: 583 cells (16.0%)
2026-02-13 12:56:46,277 - root - INFO -     CAFs: 442 cells (12.1%)
2026-02-13 12:56:46,277 - root - INFO -     Cancer Epithelial: 339 cells (9.3%)
2026-02-13 12:56:46,277 - root - INFO -     Endothelial: 318 cells (8.7%)
2026-02-13 12:56:46,277 - root - INFO -     Myeloid: 118 cells (3.2%)
2026-02-13 12:56:46,277 - root - INFO -     Normal Epithelial: 345 cells (9.5%)
2026-02-13 12:56:46,277 - root - INFO -     PVL: 593 cells (16.3%)
2026-02-13 12:56:46,277 - root - INFO -     Plasmablasts: 552 cells (15.2%)
2026-02-13 12:56:46,277 - root - INFO -     T-cells: 349 cells (9.6%)
2026-02-13 12:56:46,277 - root - WARNING - Loss increased from 640.3181 to 652.7358
2026-02-13 12:56:46,277 - root - INFO - 
Final beta values:
2026-02-13 12:56:46,277 - root - INFO -   B-cells_Protein_1: β=0.174, α=0.000
2026-02-13 12:56:46,277 - root - INFO -   B-cells_Protein_2: β=0.177, α=0.000
2026-02-13 12:56:46,277 - root - INFO -   CAFs_Protein_1: β=0.260, α=0.000
2026-02-13 12:56:46,277 - root - INFO -   CAFs_Protein_2: β=0.290, α=0.000
2026-02-13 12:56:46,277 - root - INFO -   Cancer Epithelial_Protein_1: β=0.327, α=0.006
2026-02-13 12:56:46,277 - root - INFO -   Cancer Epithelial_Protein_2: β=0.355, α=0.000
2026-02-13 12:56:46,277 - root - INFO -   Endothelial_Protein_1: β=0.348, α=0.000
2026-02-13 12:56:46,277 - root - INFO -   Endothelial_Protein_2: β=0.218, α=0.266
2026-02-13 12:56:46,277 - root - INFO -   Myeloid_Protein_1: β=0.349, α=0.334
2026-02-13 12:56:46,277 - root - INFO -   Myeloid_Protein_2: β=0.290, α=0.394
2026-02-13 12:56:46,277 - root - INFO -   Normal Epithelial_Protein_1: β=0.275, α=0.000
2026-02-13 12:56:46,277 - root - INFO -   Normal Epithelial_Protein_2: β=0.268, α=0.000
2026-02-13 12:56:46,277 - root - INFO -   PVL_Protein_1: β=0.297, α=0.052
2026-02-13 12:56:46,277 - root - INFO -   PVL_Protein_2: β=0.289, α=0.046
2026-02-13 12:56:46,277 - root - INFO -   Plasmablasts_Protein_1: β=0.182, α=0.000
2026-02-13 12:56:46,277 - root - INFO -   Plasmablasts_Protein_2: β=0.195, α=0.000
2026-02-13 12:56:46,277 - root - INFO -   T-cells_Protein_1: β=0.362, α=0.000
2026-02-13 12:56:46,277 - root - INFO -   T-cells_Protein_2: β=0.349, α=0.000
2026-02-13 12:56:46,431 - root - INFO - Saved discrete cell counts to Benchmarking/simulation_benchmarking/CITEgeist/output_discrete/high_seg/h_and_e/Wu_rep_4/Wu_rep_4_discrete_cell_counts.csv
2026-02-13 12:56:46,485 - root - INFO - Saved derived proportions to Benchmarking/simulation_benchmarking/CITEgeist/output_discrete/high_seg/h_and_e/Wu_rep_4/Wu_rep_4_cell_prop_discrete.csv
2026-02-13 12:56:46,485 - root - INFO - Cell type distribution:
2026-02-13 12:56:46,485 - root - INFO -   B-cells: 583 cells (16.0%)
2026-02-13 12:56:46,485 - root - INFO -   CAFs: 442 cells (12.1%)
2026-02-13 12:56:46,485 - root - INFO -   Cancer Epithelial: 339 cells (9.3%)
2026-02-13 12:56:46,485 - root - INFO -   Endothelial: 318 cells (8.7%)
2026-02-13 12:56:46,485 - root - INFO -   Myeloid: 118 cells (3.2%)
2026-02-13 12:56:46,485 - root - INFO -   Normal Epithelial: 345 cells (9.5%)
2026-02-13 12:56:46,485 - root - INFO -   PVL: 593 cells (16.3%)
2026-02-13 12:56:46,485 - root - INFO -   Plasmablasts: 552 cells (15.2%)
2026-02-13 12:56:46,485 - root - INFO -   T-cells: 349 cells (9.6%)
2026-02-13 12:56:46,573 - __main__ - INFO - Loaded ground truth proportions: 956 spots, 9 cell types
2026-02-13 12:56:46,574 - __main__ - INFO - Proportion correlation: 0.782
2026-02-13 12:56:46,574 - __main__ - INFO - Proportion RMSE: 0.1691
2026-02-13 12:56:46,669 - __main__ - INFO - Results saved to Benchmarking/simulation_benchmarking/CITEgeist/output_discrete/high_seg/h_and_e/Wu_rep_4
