2026-02-13 14:12:01,720 - __main__ - INFO - ============================================================
2026-02-13 14:12:01,720 - __main__ - INFO - BENCHMARK: replicate=3, condition=high_seg, mode=dapi
2026-02-13 14:12:01,720 - __main__ - INFO - ============================================================
2026-02-13 14:12:01,735 - __main__ - INFO - Loading image: /ix1/alee/LO_LAB/Personal/Alexander_Chang/alc376/CITEgeist/Benchmarking/simulation_benchmarking/CITEgeist/high_seg/images/dapi/Wu_rep_3_cellpose.png
2026-02-13 14:12:02,403 - __main__ - INFO - Image shape: (8000, 8000, 3)
2026-02-13 14:12:02,404 - __main__ - INFO - Running Cellpose with model_type=nuclei
2026-02-13 14:12:07,856 - cellpose.models - WARNING - model_type argument is not used in v4.0.1+. Ignoring this argument...
2026-02-13 14:12:08,139 - cellpose.core - INFO - ** TORCH CUDA version installed and working. **
2026-02-13 14:12:08,140 - cellpose.core - INFO - >>>> using GPU (CUDA)
2026-02-13 14:12:09,449 - cellpose.models - INFO - >>>> loading model /ihome/alee/alc376/.cellpose/models/cpsam
2026-02-13 14:12:11,119 - cellpose.models - WARNING - channels deprecated in v4.0.1+. If data contain more than 3 channels, only the first 3 channels will be used
2026-02-13 14:12:11,156 - cellpose.transforms - INFO - processing image with (8000, 8000) HW, and 3 channels
2026-02-13 14:12:51,316 - __main__ - INFO - Detected 4974 nuclei in 48.9s
2026-02-13 14:12:51,467 - __main__ - INFO - Loaded ground truth counts: 956 spots, total 5000 cells
2026-02-13 14:12:51,476 - __main__ - INFO - Nuclei count correlation: 0.073
2026-02-13 14:12:51,476 - __main__ - INFO - Nuclei count RMSE: 3.31
2026-02-13 14:12:51,495 - __main__ - INFO - Loading h5ad files...
2026-02-13 14:12:52,987 - root - INFO - Logging initialized.
2026-02-13 14:12:52,999 - root - INFO - Discrete antibody preprocessing complete: Row sums range [30.91, 45.72], mean=38.17, std=2.69
2026-02-13 14:12:53,308 - root - INFO - Normalization stats:
2026-02-13 14:12:53,308 - root - INFO - Original median total: 18749046221.50
2026-02-13 14:12:53,324 - root - INFO - Mean scaled total: 9978.09
2026-02-13 14:12:53,334 - root - INFO - Max scaled value: 10000.00
2026-02-13 14:12:53,459 - root - INFO - Gene expression data normalized to 10000 counts per spot and validated for discrete count analysis.
2026-02-13 14:12:53,460 - root - INFO - Mapped 18 markers to 9 cell types (preserving marker-level data)
2026-02-13 14:12:53,460 - root - INFO - Running discrete cell assignment: 956 spots, 18 markers, 9 cell types
2026-02-13 14:12:53,460 - root - INFO - Total nuclei: 3677, mean per spot: 3.85
2026-02-13 14:12:53,460 - root - INFO - Discrete cell assignment EM: 956 spots, 18 markers, 9 cell types
2026-02-13 14:12:53,460 - root - INFO - Total nuclei: 3677, mean per spot: 3.85
2026-02-13 14:12:53,461 - root - INFO - 
=== EM Iteration 1/20 ===
2026-02-13 14:12:53,584 - gurobipy - INFO - Set parameter LicenseID to value 276015
2026-02-13 14:12:53,584 - gurobipy - INFO - Set parameter GURO_PAR_SPECIAL
2026-02-13 14:12:53,584 - gurobipy - INFO - Set parameter TokenServer to value "license.crc.pitt.edu"
/ix1/alee/LO_LAB/Personal/Alexander_Chang/alc376/CITEgeist/CITEgeist/model/gurobi_impl.py:3365: RuntimeWarning: invalid value encountered in scalar divide
  loss_change = abs(prev_loss - loss) / max(abs(prev_loss), 1e-10)
2026-02-13 14:15:48,740 - root - INFO -   Loss: 1040.9219 (change: nan)
2026-02-13 14:15:48,741 - root - INFO -   Beta range: [0.244, 0.483]
2026-02-13 14:15:48,741 - root - INFO -   Max beta change: 0.756365
2026-02-13 14:15:48,741 - root - INFO -   Cell count range: [0, 11]
2026-02-13 14:15:48,741 - root - INFO -     B-cells: 461 cells (12.5%)
2026-02-13 14:15:48,741 - root - INFO -     CAFs: 423 cells (11.5%)
2026-02-13 14:15:48,741 - root - INFO -     Cancer Epithelial: 364 cells (9.9%)
2026-02-13 14:15:48,741 - root - INFO -     Endothelial: 347 cells (9.4%)
2026-02-13 14:15:48,741 - root - INFO -     Myeloid: 404 cells (11.0%)
2026-02-13 14:15:48,741 - root - INFO -     Normal Epithelial: 381 cells (10.4%)
2026-02-13 14:15:48,741 - root - INFO -     PVL: 389 cells (10.6%)
2026-02-13 14:15:48,741 - root - INFO -     Plasmablasts: 552 cells (15.0%)
2026-02-13 14:15:48,741 - root - INFO -     T-cells: 356 cells (9.7%)
2026-02-13 14:15:48,741 - root - INFO - 
=== EM Iteration 2/20 ===
2026-02-13 14:17:20,563 - root - INFO -   Loss: 579.0045 (change: 0.443758)
2026-02-13 14:17:20,563 - root - INFO -   Beta range: [0.212, 0.463]
2026-02-13 14:17:20,563 - root - INFO -   Max beta change: 0.043096
2026-02-13 14:17:20,563 - root - INFO -   Cell count range: [0, 11]
2026-02-13 14:17:20,563 - root - INFO -     B-cells: 492 cells (13.4%)
2026-02-13 14:17:20,563 - root - INFO -     CAFs: 415 cells (11.3%)
2026-02-13 14:17:20,563 - root - INFO -     Cancer Epithelial: 319 cells (8.7%)
2026-02-13 14:17:20,563 - root - INFO -     Endothelial: 341 cells (9.3%)
2026-02-13 14:17:20,563 - root - INFO -     Myeloid: 472 cells (12.8%)
2026-02-13 14:17:20,563 - root - INFO -     Normal Epithelial: 330 cells (9.0%)
2026-02-13 14:17:20,563 - root - INFO -     PVL: 377 cells (10.3%)
2026-02-13 14:17:20,563 - root - INFO -     Plasmablasts: 543 cells (14.8%)
2026-02-13 14:17:20,563 - root - INFO -     T-cells: 388 cells (10.6%)
2026-02-13 14:17:20,563 - root - INFO - 
=== EM Iteration 3/20 ===
2026-02-13 14:18:44,618 - root - INFO -   Loss: 581.8577 (change: 0.004928)
2026-02-13 14:18:44,618 - root - INFO -   Beta range: [0.198, 0.444]
2026-02-13 14:18:44,618 - root - INFO -   Max beta change: 0.042171
2026-02-13 14:18:44,618 - root - INFO -   Cell count range: [0, 11]
2026-02-13 14:18:44,618 - root - INFO -     B-cells: 493 cells (13.4%)
2026-02-13 14:18:44,618 - root - INFO -     CAFs: 408 cells (11.1%)
2026-02-13 14:18:44,618 - root - INFO -     Cancer Epithelial: 293 cells (8.0%)
2026-02-13 14:18:44,618 - root - INFO -     Endothelial: 343 cells (9.3%)
2026-02-13 14:18:44,618 - root - INFO -     Myeloid: 491 cells (13.4%)
2026-02-13 14:18:44,618 - root - INFO -     Normal Epithelial: 316 cells (8.6%)
2026-02-13 14:18:44,618 - root - INFO -     PVL: 383 cells (10.4%)
2026-02-13 14:18:44,618 - root - INFO -     Plasmablasts: 555 cells (15.1%)
2026-02-13 14:18:44,618 - root - INFO -     T-cells: 395 cells (10.7%)
2026-02-13 14:18:44,618 - root - WARNING - Loss increased from 579.0045 to 581.8577
2026-02-13 14:18:44,618 - root - INFO - 
=== EM Iteration 4/20 ===
2026-02-13 14:20:07,037 - root - INFO -   Loss: 604.2127 (change: 0.038420)
2026-02-13 14:20:07,037 - root - INFO -   Beta range: [0.191, 0.433]
2026-02-13 14:20:07,037 - root - INFO -   Max beta change: 0.031312
2026-02-13 14:20:07,037 - root - INFO -   Cell count range: [0, 11]
2026-02-13 14:20:07,037 - root - INFO -     B-cells: 499 cells (13.6%)
2026-02-13 14:20:07,037 - root - INFO -     CAFs: 399 cells (10.9%)
2026-02-13 14:20:07,037 - root - INFO -     Cancer Epithelial: 263 cells (7.2%)
2026-02-13 14:20:07,037 - root - INFO -     Endothelial: 343 cells (9.3%)
2026-02-13 14:20:07,037 - root - INFO -     Myeloid: 512 cells (13.9%)
2026-02-13 14:20:07,037 - root - INFO -     Normal Epithelial: 309 cells (8.4%)
2026-02-13 14:20:07,037 - root - INFO -     PVL: 378 cells (10.3%)
2026-02-13 14:20:07,037 - root - INFO -     Plasmablasts: 577 cells (15.7%)
2026-02-13 14:20:07,037 - root - INFO -     T-cells: 397 cells (10.8%)
2026-02-13 14:20:07,037 - root - WARNING - Loss increased from 581.8577 to 604.2127
2026-02-13 14:20:07,037 - root - INFO - 
=== EM Iteration 5/20 ===
2026-02-13 14:21:29,216 - root - INFO -   Loss: 637.8367 (change: 0.055649)
2026-02-13 14:21:29,231 - root - INFO -   Beta range: [0.188, 0.416]
2026-02-13 14:21:29,231 - root - INFO -   Max beta change: 0.023408
2026-02-13 14:21:29,231 - root - INFO -   Cell count range: [0, 11]
2026-02-13 14:21:29,231 - root - INFO -     B-cells: 511 cells (13.9%)
2026-02-13 14:21:29,231 - root - INFO -     CAFs: 390 cells (10.6%)
2026-02-13 14:21:29,231 - root - INFO -     Cancer Epithelial: 248 cells (6.7%)
2026-02-13 14:21:29,231 - root - INFO -     Endothelial: 342 cells (9.3%)
2026-02-13 14:21:29,231 - root - INFO -     Myeloid: 521 cells (14.2%)
2026-02-13 14:21:29,231 - root - INFO -     Normal Epithelial: 306 cells (8.3%)
2026-02-13 14:21:29,231 - root - INFO -     PVL: 373 cells (10.1%)
2026-02-13 14:21:29,231 - root - INFO -     Plasmablasts: 583 cells (15.9%)
2026-02-13 14:21:29,231 - root - INFO -     T-cells: 403 cells (11.0%)
2026-02-13 14:21:29,231 - root - WARNING - Loss increased from 604.2127 to 637.8367
2026-02-13 14:21:29,231 - root - INFO - 
=== EM Iteration 6/20 ===
2026-02-13 14:22:48,732 - root - INFO -   Loss: 681.2909 (change: 0.068127)
2026-02-13 14:22:48,735 - root - INFO -   Beta range: [0.183, 0.406]
2026-02-13 14:22:48,735 - root - INFO -   Max beta change: 0.032015
2026-02-13 14:22:48,735 - root - INFO -   Cell count range: [0, 11]
2026-02-13 14:22:48,735 - root - INFO -     B-cells: 517 cells (14.1%)
2026-02-13 14:22:48,735 - root - INFO -     CAFs: 381 cells (10.4%)
2026-02-13 14:22:48,735 - root - INFO -     Cancer Epithelial: 220 cells (6.0%)
2026-02-13 14:22:48,735 - root - INFO -     Endothelial: 342 cells (9.3%)
2026-02-13 14:22:48,735 - root - INFO -     Myeloid: 542 cells (14.7%)
2026-02-13 14:22:48,735 - root - INFO -     Normal Epithelial: 304 cells (8.3%)
2026-02-13 14:22:48,735 - root - INFO -     PVL: 371 cells (10.1%)
2026-02-13 14:22:48,735 - root - INFO -     Plasmablasts: 589 cells (16.0%)
2026-02-13 14:22:48,735 - root - INFO -     T-cells: 411 cells (11.2%)
2026-02-13 14:22:48,735 - root - WARNING - Loss increased from 637.8367 to 681.2909
2026-02-13 14:22:48,736 - root - INFO - 
=== EM Iteration 7/20 ===
2026-02-13 14:24:03,767 - root - INFO -   Loss: 741.0938 (change: 0.087779)
2026-02-13 14:24:03,771 - root - INFO -   Beta range: [0.180, 0.391]
2026-02-13 14:24:03,771 - root - INFO -   Max beta change: 0.037352
2026-02-13 14:24:03,771 - root - INFO -   Cell count range: [0, 11]
2026-02-13 14:24:03,771 - root - INFO -     B-cells: 519 cells (14.1%)
2026-02-13 14:24:03,771 - root - INFO -     CAFs: 372 cells (10.1%)
2026-02-13 14:24:03,771 - root - INFO -     Cancer Epithelial: 207 cells (5.6%)
2026-02-13 14:24:03,771 - root - INFO -     Endothelial: 344 cells (9.4%)
2026-02-13 14:24:03,771 - root - INFO -     Myeloid: 553 cells (15.0%)
2026-02-13 14:24:03,771 - root - INFO -     Normal Epithelial: 304 cells (8.3%)
2026-02-13 14:24:03,771 - root - INFO -     PVL: 369 cells (10.0%)
2026-02-13 14:24:03,771 - root - INFO -     Plasmablasts: 594 cells (16.2%)
2026-02-13 14:24:03,771 - root - INFO -     T-cells: 415 cells (11.3%)
2026-02-13 14:24:03,771 - root - WARNING - Loss increased from 681.2909 to 741.0938
2026-02-13 14:24:03,771 - root - INFO - 
=== EM Iteration 8/20 ===
2026-02-13 14:25:25,554 - root - INFO -   Loss: 812.4121 (change: 0.096234)
2026-02-13 14:25:25,555 - root - INFO -   Beta range: [0.177, 0.374]
2026-02-13 14:25:25,555 - root - INFO -   Max beta change: 0.047275
2026-02-13 14:25:25,555 - root - INFO -   Cell count range: [0, 11]
2026-02-13 14:25:25,555 - root - INFO -     B-cells: 519 cells (14.1%)
2026-02-13 14:25:25,555 - root - INFO -     CAFs: 368 cells (10.0%)
2026-02-13 14:25:25,556 - root - INFO -     Cancer Epithelial: 198 cells (5.4%)
2026-02-13 14:25:25,556 - root - INFO -     Endothelial: 345 cells (9.4%)
2026-02-13 14:25:25,556 - root - INFO -     Myeloid: 563 cells (15.3%)
2026-02-13 14:25:25,556 - root - INFO -     Normal Epithelial: 301 cells (8.2%)
2026-02-13 14:25:25,556 - root - INFO -     PVL: 369 cells (10.0%)
2026-02-13 14:25:25,556 - root - INFO -     Plasmablasts: 598 cells (16.3%)
2026-02-13 14:25:25,556 - root - INFO -     T-cells: 416 cells (11.3%)
2026-02-13 14:25:25,556 - root - WARNING - Loss increased from 741.0938 to 812.4121
2026-02-13 14:25:25,556 - root - INFO - 
=== EM Iteration 9/20 ===
2026-02-13 14:26:42,727 - root - INFO -   Loss: 862.5300 (change: 0.061690)
2026-02-13 14:26:42,734 - root - INFO -   Beta range: [0.173, 0.349]
2026-02-13 14:26:42,734 - root - INFO -   Max beta change: 0.029945
2026-02-13 14:26:42,734 - root - INFO -   Cell count range: [0, 11]
2026-02-13 14:26:42,734 - root - INFO -     B-cells: 528 cells (14.4%)
2026-02-13 14:26:42,734 - root - INFO -     CAFs: 358 cells (9.7%)
2026-02-13 14:26:42,734 - root - INFO -     Cancer Epithelial: 181 cells (4.9%)
2026-02-13 14:26:42,734 - root - INFO -     Endothelial: 343 cells (9.3%)
2026-02-13 14:26:42,734 - root - INFO -     Myeloid: 575 cells (15.6%)
2026-02-13 14:26:42,734 - root - INFO -     Normal Epithelial: 299 cells (8.1%)
2026-02-13 14:26:42,734 - root - INFO -     PVL: 371 cells (10.1%)
2026-02-13 14:26:42,734 - root - INFO -     Plasmablasts: 605 cells (16.5%)
2026-02-13 14:26:42,734 - root - INFO -     T-cells: 417 cells (11.3%)
2026-02-13 14:26:42,734 - root - WARNING - Loss increased from 812.4121 to 862.5300
2026-02-13 14:26:42,734 - root - INFO - 
=== EM Iteration 10/20 ===
2026-02-13 14:28:01,000 - root - INFO -   Loss: 874.8480 (change: 0.014281)
2026-02-13 14:28:01,006 - root - INFO -   Beta range: [0.170, 0.347]
2026-02-13 14:28:01,006 - root - INFO -   Max beta change: 0.026898
2026-02-13 14:28:01,006 - root - INFO -   Cell count range: [0, 11]
2026-02-13 14:28:01,006 - root - INFO -     B-cells: 527 cells (14.3%)
2026-02-13 14:28:01,006 - root - INFO -     CAFs: 352 cells (9.6%)
2026-02-13 14:28:01,006 - root - INFO -     Cancer Epithelial: 177 cells (4.8%)
2026-02-13 14:28:01,006 - root - INFO -     Endothelial: 343 cells (9.3%)
2026-02-13 14:28:01,006 - root - INFO -     Myeloid: 593 cells (16.1%)
2026-02-13 14:28:01,006 - root - INFO -     Normal Epithelial: 299 cells (8.1%)
2026-02-13 14:28:01,006 - root - INFO -     PVL: 380 cells (10.3%)
2026-02-13 14:28:01,006 - root - INFO -     Plasmablasts: 604 cells (16.4%)
2026-02-13 14:28:01,006 - root - INFO -     T-cells: 402 cells (10.9%)
2026-02-13 14:28:01,006 - root - WARNING - Loss increased from 862.5300 to 874.8480
2026-02-13 14:28:01,006 - root - INFO - 
=== EM Iteration 11/20 ===
2026-02-13 14:29:17,105 - root - INFO -   Loss: 895.4404 (change: 0.023538)
2026-02-13 14:29:17,107 - root - INFO -   Beta range: [0.168, 0.351]
2026-02-13 14:29:17,107 - root - INFO -   Max beta change: 0.025118
2026-02-13 14:29:17,107 - root - INFO -   Cell count range: [0, 11]
2026-02-13 14:29:17,107 - root - INFO -     B-cells: 525 cells (14.3%)
2026-02-13 14:29:17,107 - root - INFO -     CAFs: 347 cells (9.4%)
2026-02-13 14:29:17,107 - root - INFO -     Cancer Epithelial: 176 cells (4.8%)
2026-02-13 14:29:17,107 - root - INFO -     Endothelial: 341 cells (9.3%)
2026-02-13 14:29:17,107 - root - INFO -     Myeloid: 603 cells (16.4%)
2026-02-13 14:29:17,107 - root - INFO -     Normal Epithelial: 300 cells (8.2%)
2026-02-13 14:29:17,107 - root - INFO -     PVL: 393 cells (10.7%)
2026-02-13 14:29:17,107 - root - INFO -     Plasmablasts: 599 cells (16.3%)
2026-02-13 14:29:17,107 - root - INFO -     T-cells: 393 cells (10.7%)
2026-02-13 14:29:17,107 - root - WARNING - Loss increased from 874.8480 to 895.4404
2026-02-13 14:29:17,107 - root - INFO - 
=== EM Iteration 12/20 ===
2026-02-13 14:30:31,603 - root - INFO -   Loss: 906.1292 (change: 0.011937)
2026-02-13 14:30:31,604 - root - INFO -   Beta range: [0.167, 0.355]
2026-02-13 14:30:31,605 - root - INFO -   Max beta change: 0.021516
2026-02-13 14:30:31,605 - root - INFO -   Cell count range: [0, 11]
2026-02-13 14:30:31,605 - root - INFO -     B-cells: 521 cells (14.2%)
2026-02-13 14:30:31,605 - root - INFO -     CAFs: 341 cells (9.3%)
2026-02-13 14:30:31,605 - root - INFO -     Cancer Epithelial: 173 cells (4.7%)
2026-02-13 14:30:31,605 - root - INFO -     Endothelial: 337 cells (9.2%)
2026-02-13 14:30:31,605 - root - INFO -     Myeloid: 608 cells (16.5%)
2026-02-13 14:30:31,605 - root - INFO -     Normal Epithelial: 301 cells (8.2%)
2026-02-13 14:30:31,605 - root - INFO -     PVL: 407 cells (11.1%)
2026-02-13 14:30:31,605 - root - INFO -     Plasmablasts: 597 cells (16.2%)
2026-02-13 14:30:31,605 - root - INFO -     T-cells: 392 cells (10.7%)
2026-02-13 14:30:31,605 - root - WARNING - Loss increased from 895.4404 to 906.1292
2026-02-13 14:30:31,605 - root - INFO - 
=== EM Iteration 13/20 ===
2026-02-13 14:31:45,735 - root - INFO -   Loss: 902.7514 (change: 0.003728)
2026-02-13 14:31:45,747 - root - INFO -   Beta range: [0.164, 0.356]
2026-02-13 14:31:45,747 - root - INFO -   Max beta change: 0.018550
2026-02-13 14:31:45,747 - root - INFO -   Cell count range: [0, 11]
2026-02-13 14:31:45,747 - root - INFO -     B-cells: 516 cells (14.0%)
2026-02-13 14:31:45,747 - root - INFO -     CAFs: 339 cells (9.2%)
2026-02-13 14:31:45,747 - root - INFO -     Cancer Epithelial: 181 cells (4.9%)
2026-02-13 14:31:45,747 - root - INFO -     Endothelial: 319 cells (8.7%)
2026-02-13 14:31:45,747 - root - INFO -     Myeloid: 617 cells (16.8%)
2026-02-13 14:31:45,747 - root - INFO -     Normal Epithelial: 301 cells (8.2%)
2026-02-13 14:31:45,747 - root - INFO -     PVL: 420 cells (11.4%)
2026-02-13 14:31:45,747 - root - INFO -     Plasmablasts: 595 cells (16.2%)
2026-02-13 14:31:45,747 - root - INFO -     T-cells: 389 cells (10.6%)
2026-02-13 14:31:45,747 - root - INFO - 
=== EM Iteration 14/20 ===
2026-02-13 14:33:00,292 - root - INFO -   Loss: 902.5505 (change: 0.000223)
2026-02-13 14:33:00,292 - root - INFO -   Beta range: [0.160, 0.355]
2026-02-13 14:33:00,292 - root - INFO -   Max beta change: 0.010255
2026-02-13 14:33:00,292 - root - INFO -   Cell count range: [0, 11]
2026-02-13 14:33:00,292 - root - INFO -     B-cells: 511 cells (13.9%)
2026-02-13 14:33:00,292 - root - INFO -     CAFs: 338 cells (9.2%)
2026-02-13 14:33:00,292 - root - INFO -     Cancer Epithelial: 187 cells (5.1%)
2026-02-13 14:33:00,292 - root - INFO -     Endothelial: 301 cells (8.2%)
2026-02-13 14:33:00,292 - root - INFO -     Myeloid: 631 cells (17.2%)
2026-02-13 14:33:00,292 - root - INFO -     Normal Epithelial: 303 cells (8.2%)
2026-02-13 14:33:00,292 - root - INFO -     PVL: 429 cells (11.7%)
2026-02-13 14:33:00,292 - root - INFO -     Plasmablasts: 591 cells (16.1%)
2026-02-13 14:33:00,292 - root - INFO -     T-cells: 386 cells (10.5%)
2026-02-13 14:33:00,292 - root - INFO - 
=== EM Iteration 15/20 ===
2026-02-13 14:34:12,151 - root - INFO -   Loss: 894.8901 (change: 0.008487)
2026-02-13 14:34:12,152 - root - INFO -   Beta range: [0.156, 0.356]
2026-02-13 14:34:12,152 - root - INFO -   Max beta change: 0.012468
2026-02-13 14:34:12,152 - root - INFO -   Cell count range: [0, 11]
2026-02-13 14:34:12,152 - root - INFO -     B-cells: 511 cells (13.9%)
2026-02-13 14:34:12,152 - root - INFO -     CAFs: 335 cells (9.1%)
2026-02-13 14:34:12,152 - root - INFO -     Cancer Epithelial: 196 cells (5.3%)
2026-02-13 14:34:12,152 - root - INFO -     Endothelial: 288 cells (7.8%)
2026-02-13 14:34:12,152 - root - INFO -     Myeloid: 644 cells (17.5%)
2026-02-13 14:34:12,152 - root - INFO -     Normal Epithelial: 301 cells (8.2%)
2026-02-13 14:34:12,152 - root - INFO -     PVL: 437 cells (11.9%)
2026-02-13 14:34:12,152 - root - INFO -     Plasmablasts: 582 cells (15.8%)
2026-02-13 14:34:12,152 - root - INFO -     T-cells: 383 cells (10.4%)
2026-02-13 14:34:12,152 - root - INFO - 
=== EM Iteration 16/20 ===
2026-02-13 14:35:22,795 - root - INFO -   Loss: 883.6620 (change: 0.012547)
2026-02-13 14:35:22,801 - root - INFO -   Beta range: [0.152, 0.357]
2026-02-13 14:35:22,801 - root - INFO -   Max beta change: 0.016238
2026-02-13 14:35:22,801 - root - INFO -   Cell count range: [0, 11]
2026-02-13 14:35:22,801 - root - INFO -     B-cells: 504 cells (13.7%)
2026-02-13 14:35:22,801 - root - INFO -     CAFs: 332 cells (9.0%)
2026-02-13 14:35:22,801 - root - INFO -     Cancer Epithelial: 207 cells (5.6%)
2026-02-13 14:35:22,801 - root - INFO -     Endothelial: 270 cells (7.3%)
2026-02-13 14:35:22,801 - root - INFO -     Myeloid: 659 cells (17.9%)
2026-02-13 14:35:22,801 - root - INFO -     Normal Epithelial: 300 cells (8.2%)
2026-02-13 14:35:22,801 - root - INFO -     PVL: 441 cells (12.0%)
2026-02-13 14:35:22,801 - root - INFO -     Plasmablasts: 580 cells (15.8%)
2026-02-13 14:35:22,801 - root - INFO -     T-cells: 384 cells (10.4%)
2026-02-13 14:35:22,801 - root - INFO - 
=== EM Iteration 17/20 ===
2026-02-13 14:36:33,914 - root - INFO -   Loss: 893.9379 (change: 0.011629)
2026-02-13 14:36:33,914 - root - INFO -   Beta range: [0.148, 0.362]
2026-02-13 14:36:33,914 - root - INFO -   Max beta change: 0.013733
2026-02-13 14:36:33,914 - root - INFO -   Cell count range: [0, 11]
2026-02-13 14:36:33,914 - root - INFO -     B-cells: 504 cells (13.7%)
2026-02-13 14:36:33,914 - root - INFO -     CAFs: 326 cells (8.9%)
2026-02-13 14:36:33,914 - root - INFO -     Cancer Epithelial: 218 cells (5.9%)
2026-02-13 14:36:33,914 - root - INFO -     Endothelial: 257 cells (7.0%)
2026-02-13 14:36:33,914 - root - INFO -     Myeloid: 671 cells (18.2%)
2026-02-13 14:36:33,914 - root - INFO -     Normal Epithelial: 300 cells (8.2%)
2026-02-13 14:36:33,914 - root - INFO -     PVL: 442 cells (12.0%)
2026-02-13 14:36:33,914 - root - INFO -     Plasmablasts: 580 cells (15.8%)
2026-02-13 14:36:33,914 - root - INFO -     T-cells: 379 cells (10.3%)
2026-02-13 14:36:33,914 - root - WARNING - Loss increased from 883.6620 to 893.9379
2026-02-13 14:36:33,914 - root - INFO - 
=== EM Iteration 18/20 ===
2026-02-13 14:37:44,060 - root - INFO -   Loss: 928.5467 (change: 0.038715)
2026-02-13 14:37:44,061 - root - INFO -   Beta range: [0.144, 0.367]
2026-02-13 14:37:44,061 - root - INFO -   Max beta change: 0.020055
2026-02-13 14:37:44,061 - root - INFO -   Cell count range: [0, 11]
2026-02-13 14:37:44,061 - root - INFO -     B-cells: 501 cells (13.6%)
2026-02-13 14:37:44,061 - root - INFO -     CAFs: 322 cells (8.8%)
2026-02-13 14:37:44,061 - root - INFO -     Cancer Epithelial: 222 cells (6.0%)
2026-02-13 14:37:44,061 - root - INFO -     Endothelial: 249 cells (6.8%)
2026-02-13 14:37:44,061 - root - INFO -     Myeloid: 695 cells (18.9%)
2026-02-13 14:37:44,061 - root - INFO -     Normal Epithelial: 302 cells (8.2%)
2026-02-13 14:37:44,061 - root - INFO -     PVL: 441 cells (12.0%)
2026-02-13 14:37:44,061 - root - INFO -     Plasmablasts: 573 cells (15.6%)
2026-02-13 14:37:44,061 - root - INFO -     T-cells: 372 cells (10.1%)
2026-02-13 14:37:44,061 - root - WARNING - Loss increased from 893.9379 to 928.5467
2026-02-13 14:37:44,061 - root - INFO - 
=== EM Iteration 19/20 ===
2026-02-13 14:38:51,258 - root - INFO -   Loss: 955.0773 (change: 0.028572)
2026-02-13 14:38:51,264 - root - INFO -   Beta range: [0.140, 0.370]
2026-02-13 14:38:51,264 - root - INFO -   Max beta change: 0.017048
2026-02-13 14:38:51,264 - root - INFO -   Cell count range: [0, 11]
2026-02-13 14:38:51,264 - root - INFO -     B-cells: 499 cells (13.6%)
2026-02-13 14:38:51,264 - root - INFO -     CAFs: 320 cells (8.7%)
2026-02-13 14:38:51,264 - root - INFO -     Cancer Epithelial: 225 cells (6.1%)
2026-02-13 14:38:51,264 - root - INFO -     Endothelial: 246 cells (6.7%)
2026-02-13 14:38:51,264 - root - INFO -     Myeloid: 713 cells (19.4%)
2026-02-13 14:38:51,264 - root - INFO -     Normal Epithelial: 301 cells (8.2%)
2026-02-13 14:38:51,264 - root - INFO -     PVL: 441 cells (12.0%)
2026-02-13 14:38:51,264 - root - INFO -     Plasmablasts: 570 cells (15.5%)
2026-02-13 14:38:51,264 - root - INFO -     T-cells: 362 cells (9.8%)
2026-02-13 14:38:51,264 - root - WARNING - Loss increased from 928.5467 to 955.0773
2026-02-13 14:38:51,264 - root - INFO - 
=== EM Iteration 20/20 ===
2026-02-13 14:39:59,383 - root - INFO -   Loss: 988.3336 (change: 0.034821)
2026-02-13 14:39:59,389 - root - INFO -   Beta range: [0.133, 0.373]
2026-02-13 14:39:59,389 - root - INFO -   Max beta change: 0.015801
2026-02-13 14:39:59,389 - root - INFO -   Cell count range: [0, 11]
2026-02-13 14:39:59,389 - root - INFO -     B-cells: 495 cells (13.5%)
2026-02-13 14:39:59,389 - root - INFO -     CAFs: 315 cells (8.6%)
2026-02-13 14:39:59,389 - root - INFO -     Cancer Epithelial: 228 cells (6.2%)
2026-02-13 14:39:59,389 - root - INFO -     Endothelial: 245 cells (6.7%)
2026-02-13 14:39:59,389 - root - INFO -     Myeloid: 742 cells (20.2%)
2026-02-13 14:39:59,389 - root - INFO -     Normal Epithelial: 301 cells (8.2%)
2026-02-13 14:39:59,389 - root - INFO -     PVL: 442 cells (12.0%)
2026-02-13 14:39:59,389 - root - INFO -     Plasmablasts: 564 cells (15.3%)
2026-02-13 14:39:59,389 - root - INFO -     T-cells: 345 cells (9.4%)
2026-02-13 14:39:59,389 - root - WARNING - Loss increased from 955.0773 to 988.3336
2026-02-13 14:39:59,389 - root - INFO - 
Final beta values:
2026-02-13 14:39:59,389 - root - INFO -   B-cells_Protein_1: β=0.241, α=0.000
2026-02-13 14:39:59,389 - root - INFO -   B-cells_Protein_2: β=0.245, α=0.000
2026-02-13 14:39:59,389 - root - INFO -   CAFs_Protein_1: β=0.373, α=0.000
2026-02-13 14:39:59,389 - root - INFO -   CAFs_Protein_2: β=0.351, α=0.000
2026-02-13 14:39:59,390 - root - INFO -   Cancer Epithelial_Protein_1: β=0.141, α=0.500
2026-02-13 14:39:59,390 - root - INFO -   Cancer Epithelial_Protein_2: β=0.149, α=0.500
2026-02-13 14:39:59,390 - root - INFO -   Endothelial_Protein_1: β=0.177, α=0.379
2026-02-13 14:39:59,390 - root - INFO -   Endothelial_Protein_2: β=0.306, α=0.143
2026-02-13 14:39:59,390 - root - INFO -   Myeloid_Protein_1: β=0.139, α=0.000
2026-02-13 14:39:59,390 - root - INFO -   Myeloid_Protein_2: β=0.133, α=0.000
2026-02-13 14:39:59,390 - root - INFO -   Normal Epithelial_Protein_1: β=0.285, α=0.210
2026-02-13 14:39:59,390 - root - INFO -   Normal Epithelial_Protein_2: β=0.310, α=0.175
2026-02-13 14:39:59,390 - root - INFO -   PVL_Protein_1: β=0.273, α=0.214
2026-02-13 14:39:59,390 - root - INFO -   PVL_Protein_2: β=0.291, α=0.151
2026-02-13 14:39:59,390 - root - INFO -   Plasmablasts_Protein_1: β=0.259, α=0.000
2026-02-13 14:39:59,390 - root - INFO -   Plasmablasts_Protein_2: β=0.286, α=0.000
2026-02-13 14:39:59,390 - root - INFO -   T-cells_Protein_1: β=0.259, α=0.000
2026-02-13 14:39:59,390 - root - INFO -   T-cells_Protein_2: β=0.272, α=0.000
2026-02-13 14:39:59,666 - root - INFO - Saved discrete cell counts to Benchmarking/simulation_benchmarking/CITEgeist/output_discrete/high_seg/dapi/Wu_rep_3/Wu_rep_3_discrete_cell_counts.csv
2026-02-13 14:39:59,699 - root - INFO - Saved derived proportions to Benchmarking/simulation_benchmarking/CITEgeist/output_discrete/high_seg/dapi/Wu_rep_3/Wu_rep_3_cell_prop_discrete.csv
2026-02-13 14:39:59,699 - root - INFO - Cell type distribution:
2026-02-13 14:39:59,699 - root - INFO -   B-cells: 495 cells (13.5%)
2026-02-13 14:39:59,699 - root - INFO -   CAFs: 315 cells (8.6%)
2026-02-13 14:39:59,699 - root - INFO -   Cancer Epithelial: 228 cells (6.2%)
2026-02-13 14:39:59,699 - root - INFO -   Endothelial: 245 cells (6.7%)
2026-02-13 14:39:59,699 - root - INFO -   Myeloid: 742 cells (20.2%)
2026-02-13 14:39:59,699 - root - INFO -   Normal Epithelial: 301 cells (8.2%)
2026-02-13 14:39:59,699 - root - INFO -   PVL: 442 cells (12.0%)
2026-02-13 14:39:59,699 - root - INFO -   Plasmablasts: 564 cells (15.3%)
2026-02-13 14:39:59,699 - root - INFO -   T-cells: 345 cells (9.4%)
2026-02-13 14:39:59,781 - __main__ - INFO - Loaded ground truth proportions: 956 spots, 9 cell types
2026-02-13 14:39:59,782 - __main__ - INFO - Proportion correlation: 0.652
2026-02-13 14:39:59,782 - __main__ - INFO - Proportion RMSE: 0.2086
2026-02-13 14:39:59,850 - __main__ - INFO - Results saved to Benchmarking/simulation_benchmarking/CITEgeist/output_discrete/high_seg/dapi/Wu_rep_3
