2026-02-13 12:15:09,738 - __main__ - INFO - ============================================================
2026-02-13 12:15:09,738 - __main__ - INFO - BENCHMARK: replicate=2, condition=mixed, mode=dapi
2026-02-13 12:15:09,738 - __main__ - INFO - ============================================================
2026-02-13 12:15:09,760 - __main__ - INFO - Loading image: /ix1/alee/LO_LAB/Personal/Alexander_Chang/alc376/CITEgeist/Benchmarking/simulation_benchmarking/CITEgeist/mixed/images/dapi/Wu_rep_2_cellpose.png
2026-02-13 12:15:10,584 - __main__ - INFO - Image shape: (8000, 8000, 3)
2026-02-13 12:15:10,585 - __main__ - INFO - Running Cellpose with model_type=nuclei
2026-02-13 12:15:15,942 - cellpose.models - WARNING - model_type argument is not used in v4.0.1+. Ignoring this argument...
2026-02-13 12:15:16,196 - cellpose.core - INFO - ** TORCH CUDA version installed and working. **
2026-02-13 12:15:16,196 - cellpose.core - INFO - >>>> using GPU (CUDA)
2026-02-13 12:15:17,685 - cellpose.models - INFO - >>>> loading model /ihome/alee/alc376/.cellpose/models/cpsam
2026-02-13 12:15:18,294 - cellpose.models - WARNING - channels deprecated in v4.0.1+. If data contain more than 3 channels, only the first 3 channels will be used
2026-02-13 12:15:18,322 - cellpose.transforms - INFO - processing image with (8000, 8000) HW, and 3 channels
2026-02-13 12:15:54,843 - __main__ - INFO - Detected 913 nuclei in 44.2s
2026-02-13 12:15:54,905 - __main__ - INFO - Loaded ground truth counts: 957 spots, total 5000 cells
2026-02-13 12:15:54,906 - __main__ - INFO - Nuclei count correlation: 0.056
2026-02-13 12:15:54,907 - __main__ - INFO - Nuclei count RMSE: 5.20
2026-02-13 12:15:54,937 - __main__ - INFO - Loading h5ad files...
2026-02-13 12:15:57,321 - root - INFO - Logging initialized.
2026-02-13 12:15:57,336 - root - INFO - Discrete antibody preprocessing complete: Row sums range [31.71, 51.95], mean=40.06, std=2.86
2026-02-13 12:15:57,673 - root - INFO - Normalization stats:
2026-02-13 12:15:57,673 - root - INFO - Original median total: 46399322355.00
2026-02-13 12:15:57,690 - root - INFO - Mean scaled total: 9978.28
2026-02-13 12:15:57,702 - root - INFO - Max scaled value: 10000.00
2026-02-13 12:15:57,854 - root - INFO - Gene expression data normalized to 10000 counts per spot and validated for discrete count analysis.
Traceback (most recent call last):
  File "/ix1/alee/LO_LAB/Personal/Alexander_Chang/alc376/CITEgeist/Benchmarking/simulation_benchmarking/CITEgeist/src/benchmark_discrete_simulation.py", line 345, in <module>
    main()
  File "/ix1/alee/LO_LAB/Personal/Alexander_Chang/alc376/CITEgeist/Benchmarking/simulation_benchmarking/CITEgeist/src/benchmark_discrete_simulation.py", line 327, in main
    results = run_benchmark(
  File "/ix1/alee/LO_LAB/Personal/Alexander_Chang/alc376/CITEgeist/Benchmarking/simulation_benchmarking/CITEgeist/src/benchmark_discrete_simulation.py", line 262, in run_benchmark
    cell_counts = model.run_discrete_cell_assignment(
TypeError: CitegeistModel.run_discrete_cell_assignment() got an unexpected keyword argument 'convergence_threshold'
