2026-02-13 12:15:07,142 - __main__ - INFO - ============================================================
2026-02-13 12:15:07,142 - __main__ - INFO - BENCHMARK: replicate=4, condition=high_seg, mode=h_and_e
2026-02-13 12:15:07,142 - __main__ - INFO - ============================================================
2026-02-13 12:15:07,148 - __main__ - INFO - Loading image: /ix1/alee/LO_LAB/Personal/Alexander_Chang/alc376/CITEgeist/Benchmarking/simulation_benchmarking/CITEgeist/high_seg/images/h_and_e/Wu_rep_4_cellpose.png
2026-02-13 12:15:08,366 - __main__ - INFO - Image shape: (8000, 8000, 3)
2026-02-13 12:15:08,368 - __main__ - INFO - Running Cellpose with model_type=cyto2
2026-02-13 12:15:13,648 - cellpose.models - WARNING - model_type argument is not used in v4.0.1+. Ignoring this argument...
2026-02-13 12:15:13,846 - cellpose.core - INFO - ** TORCH CUDA version installed and working. **
2026-02-13 12:15:13,846 - cellpose.core - INFO - >>>> using GPU (CUDA)
2026-02-13 12:15:14,981 - cellpose.models - INFO - >>>> loading model /ihome/alee/alc376/.cellpose/models/cpsam
2026-02-13 12:15:15,386 - cellpose.models - WARNING - channels deprecated in v4.0.1+. If data contain more than 3 channels, only the first 3 channels will be used
2026-02-13 12:15:15,413 - cellpose.transforms - INFO - processing image with (8000, 8000) HW, and 3 channels
2026-02-13 12:15:54,314 - __main__ - INFO - Detected 4947 nuclei in 45.9s
2026-02-13 12:15:54,459 - __main__ - INFO - Loaded ground truth counts: 956 spots, total 5000 cells
2026-02-13 12:15:54,460 - __main__ - INFO - Nuclei count correlation: 0.061
2026-02-13 12:15:54,461 - __main__ - INFO - Nuclei count RMSE: 3.24
2026-02-13 12:15:54,474 - __main__ - INFO - Loading h5ad files...
2026-02-13 12:15:57,838 - root - INFO - Logging initialized.
2026-02-13 12:15:57,850 - root - INFO - Discrete antibody preprocessing complete: Row sums range [28.70, 47.42], mean=38.33, std=2.62
2026-02-13 12:15:58,159 - root - INFO - Normalization stats:
2026-02-13 12:15:58,159 - root - INFO - Original median total: 40055403524.50
2026-02-13 12:15:58,174 - root - INFO - Mean scaled total: 9977.98
2026-02-13 12:15:58,185 - root - INFO - Max scaled value: 10000.00
2026-02-13 12:15:58,310 - root - INFO - Gene expression data normalized to 10000 counts per spot and validated for discrete count analysis.
Traceback (most recent call last):
  File "/ix1/alee/LO_LAB/Personal/Alexander_Chang/alc376/CITEgeist/Benchmarking/simulation_benchmarking/CITEgeist/src/benchmark_discrete_simulation.py", line 345, in <module>
    main()
  File "/ix1/alee/LO_LAB/Personal/Alexander_Chang/alc376/CITEgeist/Benchmarking/simulation_benchmarking/CITEgeist/src/benchmark_discrete_simulation.py", line 327, in main
    results = run_benchmark(
  File "/ix1/alee/LO_LAB/Personal/Alexander_Chang/alc376/CITEgeist/Benchmarking/simulation_benchmarking/CITEgeist/src/benchmark_discrete_simulation.py", line 262, in run_benchmark
    cell_counts = model.run_discrete_cell_assignment(
TypeError: CitegeistModel.run_discrete_cell_assignment() got an unexpected keyword argument 'convergence_threshold'
