2026-02-13 12:50:45,163 - __main__ - INFO - ============================================================
2026-02-13 12:50:45,164 - __main__ - INFO - BENCHMARK: replicate=3, condition=mixed, mode=dapi
2026-02-13 12:50:45,164 - __main__ - INFO - ============================================================
2026-02-13 12:50:45,173 - __main__ - INFO - Loading image: /ix1/alee/LO_LAB/Personal/Alexander_Chang/alc376/CITEgeist/Benchmarking/simulation_benchmarking/CITEgeist/mixed/images/dapi/Wu_rep_3_cellpose.png
2026-02-13 12:50:45,948 - __main__ - INFO - Image shape: (8000, 8000, 3)
2026-02-13 12:50:45,950 - __main__ - INFO - Running Cellpose with model_type=nuclei
2026-02-13 12:50:49,602 - cellpose.models - WARNING - model_type argument is not used in v4.0.1+. Ignoring this argument...
2026-02-13 12:50:49,836 - cellpose.core - INFO - ** TORCH CUDA version installed and working. **
2026-02-13 12:50:49,836 - cellpose.core - INFO - >>>> using GPU (CUDA)
2026-02-13 12:50:51,688 - cellpose.models - INFO - >>>> loading model /ihome/alee/alc376/.cellpose/models/cpsam
2026-02-13 12:50:52,354 - cellpose.models - WARNING - channels deprecated in v4.0.1+. If data contain more than 3 channels, only the first 3 channels will be used
2026-02-13 12:50:52,388 - cellpose.transforms - INFO - processing image with (8000, 8000) HW, and 3 channels
2026-02-13 12:51:33,533 - __main__ - INFO - Detected 937 nuclei in 47.6s
2026-02-13 12:51:33,586 - __main__ - INFO - Loaded ground truth counts: 956 spots, total 5000 cells
2026-02-13 12:51:33,588 - __main__ - INFO - Nuclei count correlation: -0.009
2026-02-13 12:51:33,588 - __main__ - INFO - Nuclei count RMSE: 5.27
2026-02-13 12:51:33,623 - __main__ - INFO - Loading h5ad files...
2026-02-13 12:51:35,757 - root - INFO - Logging initialized.
2026-02-13 12:51:35,767 - root - INFO - Discrete antibody preprocessing complete: Row sums range [30.81, 48.52], mean=39.75, std=2.82
2026-02-13 12:51:36,211 - root - INFO - Normalization stats:
2026-02-13 12:51:36,211 - root - INFO - Original median total: 52549287164.00
2026-02-13 12:51:36,232 - root - INFO - Mean scaled total: 9979.76
2026-02-13 12:51:36,247 - root - INFO - Max scaled value: 10000.00
2026-02-13 12:51:36,380 - root - INFO - Gene expression data normalized to 10000 counts per spot and validated for discrete count analysis.
2026-02-13 12:51:36,382 - root - INFO - Mapped 18 markers to 9 cell types (preserving marker-level data)
2026-02-13 12:51:36,382 - root - INFO - Running discrete cell assignment: 956 spots, 18 markers, 9 cell types
2026-02-13 12:51:36,382 - root - INFO - Total nuclei: 697, mean per spot: 0.73
2026-02-13 12:51:36,382 - root - INFO - Discrete cell assignment EM: 956 spots, 18 markers, 9 cell types
2026-02-13 12:51:36,382 - root - INFO - Total nuclei: 697, mean per spot: 0.73
2026-02-13 12:51:36,382 - root - INFO - 
=== EM Iteration 1/20 ===
2026-02-13 12:51:36,388 - gurobipy - INFO - Set parameter LicenseID to value 276015
2026-02-13 12:51:36,388 - gurobipy - INFO - Set parameter GURO_PAR_SPECIAL
2026-02-13 12:51:36,388 - gurobipy - INFO - Set parameter TokenServer to value "license.crc.pitt.edu"
/ix1/alee/LO_LAB/Personal/Alexander_Chang/alc376/CITEgeist/CITEgeist/model/gurobi_impl.py:3365: RuntimeWarning: invalid value encountered in scalar divide
  loss_change = abs(prev_loss - loss) / max(abs(prev_loss), 1e-10)
2026-02-13 12:52:03,713 - root - INFO -   Loss: 2313.9013 (change: nan)
2026-02-13 12:52:03,713 - root - INFO -   Beta range: [0.362, 0.614]
2026-02-13 12:52:03,713 - root - INFO -   Max beta change: 0.637500
2026-02-13 12:52:03,713 - root - INFO -   Cell count range: [0, 9]
2026-02-13 12:52:03,713 - root - INFO -     B-cells: 54 cells (7.7%)
2026-02-13 12:52:03,713 - root - INFO -     CAFs: 106 cells (15.2%)
2026-02-13 12:52:03,713 - root - INFO -     Cancer Epithelial: 126 cells (18.1%)
2026-02-13 12:52:03,713 - root - INFO -     Endothelial: 70 cells (10.0%)
2026-02-13 12:52:03,713 - root - INFO -     Myeloid: 53 cells (7.6%)
2026-02-13 12:52:03,713 - root - INFO -     Normal Epithelial: 78 cells (11.2%)
2026-02-13 12:52:03,713 - root - INFO -     PVL: 64 cells (9.2%)
2026-02-13 12:52:03,713 - root - INFO -     Plasmablasts: 75 cells (10.8%)
2026-02-13 12:52:03,713 - root - INFO -     T-cells: 71 cells (10.2%)
2026-02-13 12:52:03,713 - root - INFO - 
=== EM Iteration 2/20 ===
2026-02-13 12:52:24,055 - root - INFO -   Loss: 2229.6654 (change: 0.036404)
2026-02-13 12:52:24,055 - root - INFO -   Beta range: [0.317, 0.608]
2026-02-13 12:52:24,055 - root - INFO -   Max beta change: 0.072796
2026-02-13 12:52:24,055 - root - INFO -   Cell count range: [0, 9]
2026-02-13 12:52:24,055 - root - INFO -     B-cells: 47 cells (6.7%)
2026-02-13 12:52:24,055 - root - INFO -     CAFs: 106 cells (15.2%)
2026-02-13 12:52:24,055 - root - INFO -     Cancer Epithelial: 117 cells (16.8%)
2026-02-13 12:52:24,055 - root - INFO -     Endothelial: 70 cells (10.0%)
2026-02-13 12:52:24,055 - root - INFO -     Myeloid: 51 cells (7.3%)
2026-02-13 12:52:24,055 - root - INFO -     Normal Epithelial: 79 cells (11.3%)
2026-02-13 12:52:24,055 - root - INFO -     PVL: 71 cells (10.2%)
2026-02-13 12:52:24,055 - root - INFO -     Plasmablasts: 85 cells (12.2%)
2026-02-13 12:52:24,055 - root - INFO -     T-cells: 71 cells (10.2%)
2026-02-13 12:52:24,055 - root - INFO - 
=== EM Iteration 3/20 ===
2026-02-13 12:52:45,120 - root - INFO -   Loss: 2172.8268 (change: 0.025492)
2026-02-13 12:52:45,121 - root - INFO -   Beta range: [0.289, 0.600]
2026-02-13 12:52:45,121 - root - INFO -   Max beta change: 0.090975
2026-02-13 12:52:45,121 - root - INFO -   Cell count range: [0, 9]
2026-02-13 12:52:45,121 - root - INFO -     B-cells: 43 cells (6.2%)
2026-02-13 12:52:45,121 - root - INFO -     CAFs: 107 cells (15.4%)
2026-02-13 12:52:45,121 - root - INFO -     Cancer Epithelial: 119 cells (17.1%)
2026-02-13 12:52:45,121 - root - INFO -     Endothelial: 70 cells (10.0%)
2026-02-13 12:52:45,121 - root - INFO -     Myeloid: 45 cells (6.5%)
2026-02-13 12:52:45,121 - root - INFO -     Normal Epithelial: 80 cells (11.5%)
2026-02-13 12:52:45,121 - root - INFO -     PVL: 68 cells (9.8%)
2026-02-13 12:52:45,121 - root - INFO -     Plasmablasts: 90 cells (12.9%)
2026-02-13 12:52:45,121 - root - INFO -     T-cells: 75 cells (10.8%)
2026-02-13 12:52:45,121 - root - INFO - 
=== EM Iteration 4/20 ===
2026-02-13 12:53:04,083 - root - INFO -   Loss: 2197.3100 (change: 0.011268)
2026-02-13 12:53:04,083 - root - INFO -   Beta range: [0.260, 0.593]
2026-02-13 12:53:04,083 - root - INFO -   Max beta change: 0.135290
2026-02-13 12:53:04,083 - root - INFO -   Cell count range: [0, 9]
2026-02-13 12:53:04,083 - root - INFO -     B-cells: 32 cells (4.6%)
2026-02-13 12:53:04,083 - root - INFO -     CAFs: 111 cells (15.9%)
2026-02-13 12:53:04,083 - root - INFO -     Cancer Epithelial: 119 cells (17.1%)
2026-02-13 12:53:04,083 - root - INFO -     Endothelial: 75 cells (10.8%)
2026-02-13 12:53:04,083 - root - INFO -     Myeloid: 42 cells (6.0%)
2026-02-13 12:53:04,083 - root - INFO -     Normal Epithelial: 78 cells (11.2%)
2026-02-13 12:53:04,083 - root - INFO -     PVL: 63 cells (9.0%)
2026-02-13 12:53:04,083 - root - INFO -     Plasmablasts: 99 cells (14.2%)
2026-02-13 12:53:04,083 - root - INFO -     T-cells: 78 cells (11.2%)
2026-02-13 12:53:04,083 - root - WARNING - Loss increased from 2172.8268 to 2197.3100
2026-02-13 12:53:04,083 - root - INFO - 
=== EM Iteration 5/20 ===
2026-02-13 12:53:23,434 - root - INFO -   Loss: 2346.6798 (change: 0.067979)
2026-02-13 12:53:23,434 - root - INFO -   Beta range: [0.244, 0.600]
2026-02-13 12:53:23,434 - root - INFO -   Max beta change: 0.089833
2026-02-13 12:53:23,434 - root - INFO -   Cell count range: [0, 9]
2026-02-13 12:53:23,434 - root - INFO -     B-cells: 22 cells (3.2%)
2026-02-13 12:53:23,434 - root - INFO -     CAFs: 113 cells (16.2%)
2026-02-13 12:53:23,434 - root - INFO -     Cancer Epithelial: 119 cells (17.1%)
2026-02-13 12:53:23,434 - root - INFO -     Endothelial: 78 cells (11.2%)
2026-02-13 12:53:23,434 - root - INFO -     Myeloid: 41 cells (5.9%)
2026-02-13 12:53:23,434 - root - INFO -     Normal Epithelial: 75 cells (10.8%)
2026-02-13 12:53:23,434 - root - INFO -     PVL: 76 cells (10.9%)
2026-02-13 12:53:23,434 - root - INFO -     Plasmablasts: 94 cells (13.5%)
2026-02-13 12:53:23,434 - root - INFO -     T-cells: 79 cells (11.3%)
2026-02-13 12:53:23,434 - root - WARNING - Loss increased from 2197.3100 to 2346.6798
2026-02-13 12:53:23,434 - root - INFO - 
=== EM Iteration 6/20 ===
2026-02-13 12:53:44,787 - root - INFO -   Loss: 2339.8001 (change: 0.002932)
2026-02-13 12:53:44,787 - root - INFO -   Beta range: [0.229, 0.617]
2026-02-13 12:53:44,787 - root - INFO -   Max beta change: 0.059504
2026-02-13 12:53:44,787 - root - INFO -   Cell count range: [0, 9]
2026-02-13 12:53:44,787 - root - INFO -     B-cells: 15 cells (2.2%)
2026-02-13 12:53:44,787 - root - INFO -     CAFs: 113 cells (16.2%)
2026-02-13 12:53:44,787 - root - INFO -     Cancer Epithelial: 116 cells (16.6%)
2026-02-13 12:53:44,787 - root - INFO -     Endothelial: 80 cells (11.5%)
2026-02-13 12:53:44,787 - root - INFO -     Myeloid: 41 cells (5.9%)
2026-02-13 12:53:44,787 - root - INFO -     Normal Epithelial: 81 cells (11.6%)
2026-02-13 12:53:44,787 - root - INFO -     PVL: 78 cells (11.2%)
2026-02-13 12:53:44,787 - root - INFO -     Plasmablasts: 95 cells (13.6%)
2026-02-13 12:53:44,787 - root - INFO -     T-cells: 78 cells (11.2%)
2026-02-13 12:53:44,787 - root - INFO - 
=== EM Iteration 7/20 ===
2026-02-13 12:54:05,365 - root - INFO -   Loss: 2292.8974 (change: 0.020046)
2026-02-13 12:54:05,365 - root - INFO -   Beta range: [0.205, 0.618]
2026-02-13 12:54:05,365 - root - INFO -   Max beta change: 0.044239
2026-02-13 12:54:05,365 - root - INFO -   Cell count range: [0, 9]
2026-02-13 12:54:05,365 - root - INFO -     B-cells: 14 cells (2.0%)
2026-02-13 12:54:05,365 - root - INFO -     CAFs: 113 cells (16.2%)
2026-02-13 12:54:05,365 - root - INFO -     Cancer Epithelial: 115 cells (16.5%)
2026-02-13 12:54:05,365 - root - INFO -     Endothelial: 79 cells (11.3%)
2026-02-13 12:54:05,365 - root - INFO -     Myeloid: 41 cells (5.9%)
2026-02-13 12:54:05,365 - root - INFO -     Normal Epithelial: 82 cells (11.8%)
2026-02-13 12:54:05,365 - root - INFO -     PVL: 80 cells (11.5%)
2026-02-13 12:54:05,366 - root - INFO -     Plasmablasts: 96 cells (13.8%)
2026-02-13 12:54:05,366 - root - INFO -     T-cells: 77 cells (11.0%)
2026-02-13 12:54:05,366 - root - INFO - 
=== EM Iteration 8/20 ===
2026-02-13 12:54:25,457 - root - INFO -   Loss: 2296.2162 (change: 0.001447)
2026-02-13 12:54:25,457 - root - INFO -   Beta range: [0.179, 0.618]
2026-02-13 12:54:25,457 - root - INFO -   Max beta change: 0.031863
2026-02-13 12:54:25,457 - root - INFO -   Cell count range: [0, 9]
2026-02-13 12:54:25,457 - root - INFO -     B-cells: 14 cells (2.0%)
2026-02-13 12:54:25,457 - root - INFO -     CAFs: 113 cells (16.2%)
2026-02-13 12:54:25,457 - root - INFO -     Cancer Epithelial: 115 cells (16.5%)
2026-02-13 12:54:25,457 - root - INFO -     Endothelial: 77 cells (11.0%)
2026-02-13 12:54:25,457 - root - INFO -     Myeloid: 41 cells (5.9%)
2026-02-13 12:54:25,457 - root - INFO -     Normal Epithelial: 79 cells (11.3%)
2026-02-13 12:54:25,457 - root - INFO -     PVL: 81 cells (11.6%)
2026-02-13 12:54:25,457 - root - INFO -     Plasmablasts: 99 cells (14.2%)
2026-02-13 12:54:25,457 - root - INFO -     T-cells: 78 cells (11.2%)
2026-02-13 12:54:25,457 - root - WARNING - Loss increased from 2292.8974 to 2296.2162
2026-02-13 12:54:25,457 - root - INFO - 
=== EM Iteration 9/20 ===
2026-02-13 12:54:44,233 - root - INFO -   Loss: 2212.0887 (change: 0.036637)
2026-02-13 12:54:44,233 - root - INFO -   Beta range: [0.147, 0.618]
2026-02-13 12:54:44,233 - root - INFO -   Max beta change: 0.070622
2026-02-13 12:54:44,234 - root - INFO -   Cell count range: [0, 9]
2026-02-13 12:54:44,234 - root - INFO -     B-cells: 14 cells (2.0%)
2026-02-13 12:54:44,234 - root - INFO -     CAFs: 114 cells (16.4%)
2026-02-13 12:54:44,234 - root - INFO -     Cancer Epithelial: 113 cells (16.2%)
2026-02-13 12:54:44,234 - root - INFO -     Endothelial: 72 cells (10.3%)
2026-02-13 12:54:44,234 - root - INFO -     Myeloid: 41 cells (5.9%)
2026-02-13 12:54:44,234 - root - INFO -     Normal Epithelial: 84 cells (12.1%)
2026-02-13 12:54:44,234 - root - INFO -     PVL: 83 cells (11.9%)
2026-02-13 12:54:44,234 - root - INFO -     Plasmablasts: 99 cells (14.2%)
2026-02-13 12:54:44,234 - root - INFO -     T-cells: 77 cells (11.0%)
2026-02-13 12:54:44,234 - root - INFO - 
=== EM Iteration 10/20 ===
2026-02-13 12:55:02,869 - root - INFO -   Loss: 2209.1588 (change: 0.001324)
2026-02-13 12:55:02,869 - root - INFO -   Beta range: [0.115, 0.620]
2026-02-13 12:55:02,869 - root - INFO -   Max beta change: 0.071995
2026-02-13 12:55:02,869 - root - INFO -   Cell count range: [0, 9]
2026-02-13 12:55:02,869 - root - INFO -     B-cells: 14 cells (2.0%)
2026-02-13 12:55:02,869 - root - INFO -     CAFs: 115 cells (16.5%)
2026-02-13 12:55:02,869 - root - INFO -     Cancer Epithelial: 113 cells (16.2%)
2026-02-13 12:55:02,869 - root - INFO -     Endothelial: 63 cells (9.0%)
2026-02-13 12:55:02,869 - root - INFO -     Myeloid: 43 cells (6.2%)
2026-02-13 12:55:02,869 - root - INFO -     Normal Epithelial: 81 cells (11.6%)
2026-02-13 12:55:02,869 - root - INFO -     PVL: 85 cells (12.2%)
2026-02-13 12:55:02,869 - root - INFO -     Plasmablasts: 105 cells (15.1%)
2026-02-13 12:55:02,869 - root - INFO -     T-cells: 78 cells (11.2%)
2026-02-13 12:55:02,869 - root - INFO - 
=== EM Iteration 11/20 ===
2026-02-13 12:55:19,885 - root - INFO -   Loss: 2172.9874 (change: 0.016373)
2026-02-13 12:55:19,885 - root - INFO -   Beta range: [0.100, 0.625]
2026-02-13 12:55:19,885 - root - INFO -   Max beta change: 0.073261
2026-02-13 12:55:19,885 - root - INFO -   Cell count range: [0, 9]
2026-02-13 12:55:19,885 - root - INFO -     B-cells: 14 cells (2.0%)
2026-02-13 12:55:19,885 - root - INFO -     CAFs: 112 cells (16.1%)
2026-02-13 12:55:19,885 - root - INFO -     Cancer Epithelial: 113 cells (16.2%)
2026-02-13 12:55:19,885 - root - INFO -     Endothelial: 75 cells (10.8%)
2026-02-13 12:55:19,885 - root - INFO -     Myeloid: 44 cells (6.3%)
2026-02-13 12:55:19,885 - root - INFO -     Normal Epithelial: 88 cells (12.6%)
2026-02-13 12:55:19,885 - root - INFO -     PVL: 69 cells (9.9%)
2026-02-13 12:55:19,885 - root - INFO -     Plasmablasts: 104 cells (14.9%)
2026-02-13 12:55:19,885 - root - INFO -     T-cells: 78 cells (11.2%)
2026-02-13 12:55:19,885 - root - INFO - 
=== EM Iteration 12/20 ===
2026-02-13 12:55:36,775 - root - INFO -   Loss: 2102.0140 (change: 0.032662)
2026-02-13 12:55:36,775 - root - INFO -   Beta range: [0.100, 0.622]
2026-02-13 12:55:36,775 - root - INFO -   Max beta change: 0.073462
2026-02-13 12:55:36,775 - root - INFO -   Cell count range: [0, 9]
2026-02-13 12:55:36,775 - root - INFO -     B-cells: 14 cells (2.0%)
2026-02-13 12:55:36,775 - root - INFO -     CAFs: 114 cells (16.4%)
2026-02-13 12:55:36,775 - root - INFO -     Cancer Epithelial: 111 cells (15.9%)
2026-02-13 12:55:36,775 - root - INFO -     Endothelial: 59 cells (8.5%)
2026-02-13 12:55:36,775 - root - INFO -     Myeloid: 45 cells (6.5%)
2026-02-13 12:55:36,775 - root - INFO -     Normal Epithelial: 79 cells (11.3%)
2026-02-13 12:55:36,775 - root - INFO -     PVL: 88 cells (12.6%)
2026-02-13 12:55:36,775 - root - INFO -     Plasmablasts: 109 cells (15.6%)
2026-02-13 12:55:36,775 - root - INFO -     T-cells: 78 cells (11.2%)
2026-02-13 12:55:36,775 - root - INFO - 
=== EM Iteration 13/20 ===
2026-02-13 12:55:53,419 - root - INFO -   Loss: 2096.1411 (change: 0.002794)
2026-02-13 12:55:53,419 - root - INFO -   Beta range: [0.100, 0.614]
2026-02-13 12:55:53,419 - root - INFO -   Max beta change: 0.078501
2026-02-13 12:55:53,419 - root - INFO -   Cell count range: [0, 9]
2026-02-13 12:55:53,420 - root - INFO -     B-cells: 14 cells (2.0%)
2026-02-13 12:55:53,420 - root - INFO -     CAFs: 117 cells (16.8%)
2026-02-13 12:55:53,420 - root - INFO -     Cancer Epithelial: 116 cells (16.6%)
2026-02-13 12:55:53,420 - root - INFO -     Endothelial: 60 cells (8.6%)
2026-02-13 12:55:53,420 - root - INFO -     Myeloid: 45 cells (6.5%)
2026-02-13 12:55:53,420 - root - INFO -     Normal Epithelial: 79 cells (11.3%)
2026-02-13 12:55:53,420 - root - INFO -     PVL: 74 cells (10.6%)
2026-02-13 12:55:53,420 - root - INFO -     Plasmablasts: 115 cells (16.5%)
2026-02-13 12:55:53,420 - root - INFO -     T-cells: 77 cells (11.0%)
2026-02-13 12:55:53,420 - root - INFO - 
=== EM Iteration 14/20 ===
2026-02-13 12:56:10,978 - root - INFO -   Loss: 2106.4704 (change: 0.004928)
2026-02-13 12:56:10,979 - root - INFO -   Beta range: [0.100, 0.614]
2026-02-13 12:56:10,979 - root - INFO -   Max beta change: 0.066335
2026-02-13 12:56:10,979 - root - INFO -   Cell count range: [0, 9]
2026-02-13 12:56:10,979 - root - INFO -     B-cells: 14 cells (2.0%)
2026-02-13 12:56:10,979 - root - INFO -     CAFs: 120 cells (17.2%)
2026-02-13 12:56:10,979 - root - INFO -     Cancer Epithelial: 119 cells (17.1%)
2026-02-13 12:56:10,979 - root - INFO -     Endothelial: 65 cells (9.3%)
2026-02-13 12:56:10,979 - root - INFO -     Myeloid: 45 cells (6.5%)
2026-02-13 12:56:10,979 - root - INFO -     Normal Epithelial: 77 cells (11.0%)
2026-02-13 12:56:10,979 - root - INFO -     PVL: 70 cells (10.0%)
2026-02-13 12:56:10,979 - root - INFO -     Plasmablasts: 111 cells (15.9%)
2026-02-13 12:56:10,979 - root - INFO -     T-cells: 76 cells (10.9%)
2026-02-13 12:56:10,979 - root - WARNING - Loss increased from 2096.1411 to 2106.4704
2026-02-13 12:56:10,979 - root - INFO - 
=== EM Iteration 15/20 ===
2026-02-13 12:56:27,987 - root - INFO -   Loss: 2073.9812 (change: 0.015423)
2026-02-13 12:56:27,987 - root - INFO -   Beta range: [0.100, 0.614]
2026-02-13 12:56:27,987 - root - INFO -   Max beta change: 0.095877
2026-02-13 12:56:27,987 - root - INFO -   Cell count range: [0, 9]
2026-02-13 12:56:27,987 - root - INFO -     B-cells: 13 cells (1.9%)
2026-02-13 12:56:27,987 - root - INFO -     CAFs: 119 cells (17.1%)
2026-02-13 12:56:27,987 - root - INFO -     Cancer Epithelial: 117 cells (16.8%)
2026-02-13 12:56:27,987 - root - INFO -     Endothelial: 87 cells (12.5%)
2026-02-13 12:56:27,987 - root - INFO -     Myeloid: 45 cells (6.5%)
2026-02-13 12:56:27,987 - root - INFO -     Normal Epithelial: 72 cells (10.3%)
2026-02-13 12:56:27,987 - root - INFO -     PVL: 72 cells (10.3%)
2026-02-13 12:56:27,987 - root - INFO -     Plasmablasts: 99 cells (14.2%)
2026-02-13 12:56:27,987 - root - INFO -     T-cells: 73 cells (10.5%)
2026-02-13 12:56:27,987 - root - INFO - 
=== EM Iteration 16/20 ===
2026-02-13 12:56:44,580 - root - INFO -   Loss: 2013.8533 (change: 0.028992)
2026-02-13 12:56:44,580 - root - INFO -   Beta range: [0.100, 0.614]
2026-02-13 12:56:44,580 - root - INFO -   Max beta change: 0.076087
2026-02-13 12:56:44,580 - root - INFO -   Cell count range: [0, 9]
2026-02-13 12:56:44,581 - root - INFO -     B-cells: 14 cells (2.0%)
2026-02-13 12:56:44,581 - root - INFO -     CAFs: 121 cells (17.4%)
2026-02-13 12:56:44,581 - root - INFO -     Cancer Epithelial: 115 cells (16.5%)
2026-02-13 12:56:44,581 - root - INFO -     Endothelial: 96 cells (13.8%)
2026-02-13 12:56:44,581 - root - INFO -     Myeloid: 45 cells (6.5%)
2026-02-13 12:56:44,581 - root - INFO -     Normal Epithelial: 60 cells (8.6%)
2026-02-13 12:56:44,581 - root - INFO -     PVL: 80 cells (11.5%)
2026-02-13 12:56:44,581 - root - INFO -     Plasmablasts: 94 cells (13.5%)
2026-02-13 12:56:44,581 - root - INFO -     T-cells: 72 cells (10.3%)
2026-02-13 12:56:44,581 - root - INFO - 
=== EM Iteration 17/20 ===
2026-02-13 12:57:03,104 - root - INFO -   Loss: 1980.0935 (change: 0.016764)
2026-02-13 12:57:03,104 - root - INFO -   Beta range: [0.100, 0.616]
2026-02-13 12:57:03,104 - root - INFO -   Max beta change: 0.053577
2026-02-13 12:57:03,104 - root - INFO -   Cell count range: [0, 9]
2026-02-13 12:57:03,105 - root - INFO -     B-cells: 15 cells (2.2%)
2026-02-13 12:57:03,105 - root - INFO -     CAFs: 124 cells (17.8%)
2026-02-13 12:57:03,105 - root - INFO -     Cancer Epithelial: 116 cells (16.6%)
2026-02-13 12:57:03,105 - root - INFO -     Endothelial: 119 cells (17.1%)
2026-02-13 12:57:03,105 - root - INFO -     Myeloid: 47 cells (6.7%)
2026-02-13 12:57:03,105 - root - INFO -     Normal Epithelial: 51 cells (7.3%)
2026-02-13 12:57:03,105 - root - INFO -     PVL: 71 cells (10.2%)
2026-02-13 12:57:03,105 - root - INFO -     Plasmablasts: 83 cells (11.9%)
2026-02-13 12:57:03,105 - root - INFO -     T-cells: 71 cells (10.2%)
2026-02-13 12:57:03,105 - root - INFO - 
=== EM Iteration 18/20 ===
2026-02-13 12:57:18,392 - root - INFO -   Loss: 2004.6189 (change: 0.012386)
2026-02-13 12:57:18,392 - root - INFO -   Beta range: [0.100, 0.606]
2026-02-13 12:57:18,392 - root - INFO -   Max beta change: 0.058819
2026-02-13 12:57:18,392 - root - INFO -   Cell count range: [0, 9]
2026-02-13 12:57:18,392 - root - INFO -     B-cells: 15 cells (2.2%)
2026-02-13 12:57:18,392 - root - INFO -     CAFs: 131 cells (18.8%)
2026-02-13 12:57:18,392 - root - INFO -     Cancer Epithelial: 117 cells (16.8%)
2026-02-13 12:57:18,392 - root - INFO -     Endothelial: 136 cells (19.5%)
2026-02-13 12:57:18,392 - root - INFO -     Myeloid: 49 cells (7.0%)
2026-02-13 12:57:18,392 - root - INFO -     Normal Epithelial: 41 cells (5.9%)
2026-02-13 12:57:18,392 - root - INFO -     PVL: 52 cells (7.5%)
2026-02-13 12:57:18,392 - root - INFO -     Plasmablasts: 87 cells (12.5%)
2026-02-13 12:57:18,392 - root - INFO -     T-cells: 69 cells (9.9%)
2026-02-13 12:57:18,392 - root - WARNING - Loss increased from 1980.0935 to 2004.6189
2026-02-13 12:57:18,392 - root - INFO - 
=== EM Iteration 19/20 ===
2026-02-13 12:57:33,217 - root - INFO -   Loss: 2093.4023 (change: 0.044289)
2026-02-13 12:57:33,217 - root - INFO -   Beta range: [0.100, 0.595]
2026-02-13 12:57:33,217 - root - INFO -   Max beta change: 0.098550
2026-02-13 12:57:33,217 - root - INFO -   Cell count range: [0, 9]
2026-02-13 12:57:33,218 - root - INFO -     B-cells: 16 cells (2.3%)
2026-02-13 12:57:33,218 - root - INFO -     CAFs: 134 cells (19.2%)
2026-02-13 12:57:33,218 - root - INFO -     Cancer Epithelial: 121 cells (17.4%)
2026-02-13 12:57:33,218 - root - INFO -     Endothelial: 135 cells (19.4%)
2026-02-13 12:57:33,218 - root - INFO -     Myeloid: 49 cells (7.0%)
2026-02-13 12:57:33,218 - root - INFO -     Normal Epithelial: 37 cells (5.3%)
2026-02-13 12:57:33,218 - root - INFO -     PVL: 49 cells (7.0%)
2026-02-13 12:57:33,218 - root - INFO -     Plasmablasts: 89 cells (12.8%)
2026-02-13 12:57:33,218 - root - INFO -     T-cells: 67 cells (9.6%)
2026-02-13 12:57:33,218 - root - WARNING - Loss increased from 2004.6189 to 2093.4023
2026-02-13 12:57:33,218 - root - INFO - 
=== EM Iteration 20/20 ===
2026-02-13 12:57:49,003 - root - INFO -   Loss: 2158.3059 (change: 0.031004)
2026-02-13 12:57:49,003 - root - INFO -   Beta range: [0.100, 0.595]
2026-02-13 12:57:49,003 - root - INFO -   Max beta change: 0.064127
2026-02-13 12:57:49,003 - root - INFO -   Cell count range: [0, 9]
2026-02-13 12:57:49,003 - root - INFO -     B-cells: 17 cells (2.4%)
2026-02-13 12:57:49,003 - root - INFO -     CAFs: 131 cells (18.8%)
2026-02-13 12:57:49,003 - root - INFO -     Cancer Epithelial: 126 cells (18.1%)
2026-02-13 12:57:49,003 - root - INFO -     Endothelial: 124 cells (17.8%)
2026-02-13 12:57:49,003 - root - INFO -     Myeloid: 49 cells (7.0%)
2026-02-13 12:57:49,003 - root - INFO -     Normal Epithelial: 31 cells (4.4%)
2026-02-13 12:57:49,003 - root - INFO -     PVL: 43 cells (6.2%)
2026-02-13 12:57:49,003 - root - INFO -     Plasmablasts: 110 cells (15.8%)
2026-02-13 12:57:49,003 - root - INFO -     T-cells: 66 cells (9.5%)
2026-02-13 12:57:49,003 - root - WARNING - Loss increased from 2093.4023 to 2158.3059
2026-02-13 12:57:49,003 - root - INFO - 
Final beta values:
2026-02-13 12:57:49,003 - root - INFO -   B-cells_Protein_1: β=0.291, α=0.500
2026-02-13 12:57:49,003 - root - INFO -   B-cells_Protein_2: β=0.452, α=0.500
2026-02-13 12:57:49,003 - root - INFO -   CAFs_Protein_1: β=0.522, α=0.000
2026-02-13 12:57:49,003 - root - INFO -   CAFs_Protein_2: β=0.498, α=0.001
2026-02-13 12:57:49,003 - root - INFO -   Cancer Epithelial_Protein_1: β=0.566, α=0.007
2026-02-13 12:57:49,003 - root - INFO -   Cancer Epithelial_Protein_2: β=0.535, α=0.061
2026-02-13 12:57:49,003 - root - INFO -   Endothelial_Protein_1: β=0.199, α=0.000
2026-02-13 12:57:49,003 - root - INFO -   Endothelial_Protein_2: β=0.190, α=0.067
2026-02-13 12:57:49,003 - root - INFO -   Myeloid_Protein_1: β=0.495, α=0.135
2026-02-13 12:57:49,003 - root - INFO -   Myeloid_Protein_2: β=0.595, α=0.000
2026-02-13 12:57:49,003 - root - INFO -   Normal Epithelial_Protein_1: β=0.180, α=0.325
2026-02-13 12:57:49,003 - root - INFO -   Normal Epithelial_Protein_2: β=0.113, α=0.500
2026-02-13 12:57:49,003 - root - INFO -   PVL_Protein_1: β=0.342, α=0.188
2026-02-13 12:57:49,003 - root - INFO -   PVL_Protein_2: β=0.177, α=0.299
2026-02-13 12:57:49,003 - root - INFO -   Plasmablasts_Protein_1: β=0.100, α=0.150
2026-02-13 12:57:49,003 - root - INFO -   Plasmablasts_Protein_2: β=0.302, α=0.000
2026-02-13 12:57:49,003 - root - INFO -   T-cells_Protein_1: β=0.276, α=0.302
2026-02-13 12:57:49,003 - root - INFO -   T-cells_Protein_2: β=0.544, α=0.017
2026-02-13 12:57:49,012 - root - INFO - Saved discrete cell counts to Benchmarking/simulation_benchmarking/CITEgeist/output_discrete/mixed/dapi/Wu_rep_3/Wu_rep_3_discrete_cell_counts.csv
2026-02-13 12:57:49,016 - root - INFO - Saved derived proportions to Benchmarking/simulation_benchmarking/CITEgeist/output_discrete/mixed/dapi/Wu_rep_3/Wu_rep_3_cell_prop_discrete.csv
2026-02-13 12:57:49,016 - root - INFO - Cell type distribution:
2026-02-13 12:57:49,016 - root - INFO -   B-cells: 17 cells (2.4%)
2026-02-13 12:57:49,016 - root - INFO -   CAFs: 131 cells (18.8%)
2026-02-13 12:57:49,016 - root - INFO -   Cancer Epithelial: 126 cells (18.1%)
2026-02-13 12:57:49,016 - root - INFO -   Endothelial: 124 cells (17.8%)
2026-02-13 12:57:49,016 - root - INFO -   Myeloid: 49 cells (7.0%)
2026-02-13 12:57:49,016 - root - INFO -   Normal Epithelial: 31 cells (4.4%)
2026-02-13 12:57:49,016 - root - INFO -   PVL: 43 cells (6.2%)
2026-02-13 12:57:49,016 - root - INFO -   Plasmablasts: 110 cells (15.8%)
2026-02-13 12:57:49,016 - root - INFO -   T-cells: 66 cells (9.5%)
2026-02-13 12:57:49,054 - __main__ - INFO - Loaded ground truth proportions: 956 spots, 9 cell types
2026-02-13 12:57:49,056 - __main__ - INFO - Proportion correlation: 0.290
2026-02-13 12:57:49,056 - __main__ - INFO - Proportion RMSE: 0.2282
2026-02-13 12:57:49,065 - __main__ - INFO - Results saved to Benchmarking/simulation_benchmarking/CITEgeist/output_discrete/mixed/dapi/Wu_rep_3
