CitegeistModel initialized successfully.
Antibody capture data preprocessing completed for discrete mode: Winsorized [5%, 95%], scale_per_marker=True, no per-spot normalization.
Set parameter LicenseID to value 276015
Set parameter GURO_PAR_SPECIAL
Set parameter TokenServer to value "license.crc.pitt.edu"
Parquet file for pass 1 loaded successfully.
Spot and CellType successfully split (using ::: delimiter).

Spot name formats:
AnnData spot names format: Index(['spot_1', 'spot_2', 'spot_3', 'spot_4', 'spot_5'], dtype='object')
Parquet spot names format: ['spot_1' 'spot_2' 'spot_3' 'spot_4' 'spot_5']
Added layer: Cancer_Epithelial_genes_pass1 (Shape: (956, 29733))
Added layer: PVL_genes_pass1 (Shape: (956, 29733))
Added layer: Endothelial_genes_pass1 (Shape: (956, 29733))
Added layer: B-cells_genes_pass1 (Shape: (956, 29733))
Added layer: Myeloid_genes_pass1 (Shape: (956, 29733))
Added layer: Plasmablasts_genes_pass1 (Shape: (956, 29733))
Added layer: T-cells_genes_pass1 (Shape: (956, 29733))
Added layer: Normal_Epithelial_genes_pass1 (Shape: (956, 29733))
Added layer: CAFs_genes_pass1 (Shape: (956, 29733))
RMSE, NRMSE, and MAE per cell type:
	B-cells: RMSE: 0.1257, NRMSE: 0.0174, MAE: 0.0077
	Plasmablasts: RMSE: 0.0688, NRMSE: 0.0076, MAE: 0.0020
	Normal Epithelial: RMSE: 0.0648, NRMSE: nan, MAE: 0.0018
	CAFs: RMSE: 0.2802, NRMSE: 0.0417, MAE: 0.0473
	Cancer Epithelial: RMSE: 0.3182, NRMSE: 0.0362, MAE: 0.0596
	Myeloid: RMSE: 0.1665, NRMSE: 0.0227, MAE: 0.0161
	PVL: RMSE: 0.0760, NRMSE: 0.0114, MAE: 0.0025
	Endothelial: RMSE: 0.0604, NRMSE: nan, MAE: 0.0014
	T-cells: RMSE: 0.1712, NRMSE: 0.0244, MAE: 0.0157

Overall RMSE statistics:
	Average RMSE: 0.1480
	Median RMSE:  0.1257

Overall NRMSE statistics:
	Average NRMSE: 0.0231
	Median NRMSE:  0.0227

Overall MAE statistics:
	Average MAE: 0.0171
	Median MAE:  0.0077
Per-cell type metrics saved to per_celltype_metrics.csv

=== RESULTS ===
Nuclei count correlation: 0.084
Proportion correlation: 0.474
Completed replicate 4, condition mixed, mode dapi
