CitegeistModel initialized successfully.
Antibody capture data preprocessing completed for discrete mode: Winsorized [5%, 95%], scale_per_marker=True, no per-spot normalization.
Set parameter LicenseID to value 276015
Set parameter GURO_PAR_SPECIAL
Set parameter TokenServer to value "license.crc.pitt.edu"
Parquet file for pass 1 loaded successfully.
Spot and CellType successfully split (using ::: delimiter).

Spot name formats:
AnnData spot names format: Index(['spot_1', 'spot_2', 'spot_3', 'spot_4', 'spot_5'], dtype='object')
Parquet spot names format: ['spot_1' 'spot_2' 'spot_3' 'spot_4' 'spot_5']
Added layer: Myeloid_genes_pass1 (Shape: (951, 29733))
Added layer: PVL_genes_pass1 (Shape: (951, 29733))
Added layer: B-cells_genes_pass1 (Shape: (951, 29733))
Added layer: Endothelial_genes_pass1 (Shape: (951, 29733))
Added layer: Normal_Epithelial_genes_pass1 (Shape: (951, 29733))
Added layer: CAFs_genes_pass1 (Shape: (951, 29733))
Added layer: Plasmablasts_genes_pass1 (Shape: (951, 29733))
Added layer: Cancer_Epithelial_genes_pass1 (Shape: (951, 29733))
Added layer: T-cells_genes_pass1 (Shape: (951, 29733))
RMSE, NRMSE, and MAE per cell type:
	B-cells: RMSE: 0.1134, NRMSE: 0.0147, MAE: 0.0058
	PVL: RMSE: 0.2732, NRMSE: 0.0349, MAE: 0.0385
	Endothelial: RMSE: 0.1428, NRMSE: 0.0216, MAE: 0.0110
	Myeloid: RMSE: 0.1750, NRMSE: 0.0239, MAE: 0.0159
	CAFs: RMSE: 0.1278, NRMSE: 0.0197, MAE: 0.0092
	Plasmablasts: RMSE: 0.0681, NRMSE: 0.0085, MAE: 0.0019
	Cancer Epithelial: RMSE: 0.2327, NRMSE: 0.0266, MAE: 0.0289
	Normal Epithelial: RMSE: 0.1279, NRMSE: 0.0201, MAE: 0.0090
	T-cells: RMSE: 0.1522, NRMSE: 0.0201, MAE: 0.0112

Overall RMSE statistics:
	Average RMSE: 0.1570
	Median RMSE:  0.1428

Overall NRMSE statistics:
	Average NRMSE: 0.0211
	Median NRMSE:  0.0201

Overall MAE statistics:
	Average MAE: 0.0146
	Median MAE:  0.0110
Per-cell type metrics saved to per_celltype_metrics.csv

=== RESULTS ===
Nuclei count correlation: 0.145
Proportion correlation: 0.739
Completed replicate 0, condition high_seg, mode h_and_e
