2026-02-13 14:08:47,719 - __main__ - INFO - ============================================================
2026-02-13 14:08:47,719 - __main__ - INFO - BENCHMARK: replicate=0, condition=high_seg, mode=dapi
2026-02-13 14:08:47,719 - __main__ - INFO - ============================================================
2026-02-13 14:08:47,721 - __main__ - INFO - Loading image: /ix1/alee/LO_LAB/Personal/Alexander_Chang/alc376/CITEgeist/Benchmarking/simulation_benchmarking/CITEgeist/high_seg/images/dapi/Wu_rep_0_cellpose.png
2026-02-13 14:08:48,395 - __main__ - INFO - Image shape: (8000, 8000, 3)
2026-02-13 14:08:48,397 - __main__ - INFO - Running Cellpose with model_type=nuclei
2026-02-13 14:08:59,161 - cellpose.models - WARNING - model_type argument is not used in v4.0.1+. Ignoring this argument...
2026-02-13 14:08:59,420 - cellpose.core - INFO - ** TORCH CUDA version installed and working. **
2026-02-13 14:08:59,420 - cellpose.core - INFO - >>>> using GPU (CUDA)
2026-02-13 14:09:00,613 - cellpose.models - INFO - >>>> loading model /ihome/alee/alc376/.cellpose/models/cpsam
2026-02-13 14:09:01,064 - cellpose.models - WARNING - channels deprecated in v4.0.1+. If data contain more than 3 channels, only the first 3 channels will be used
2026-02-13 14:09:01,091 - cellpose.transforms - INFO - processing image with (8000, 8000) HW, and 3 channels
2026-02-13 14:09:43,169 - __main__ - INFO - Detected 4970 nuclei in 54.8s
2026-02-13 14:09:43,262 - __main__ - INFO - Loaded ground truth counts: 951 spots, total 5000 cells
2026-02-13 14:09:43,267 - __main__ - INFO - Nuclei count correlation: 0.134
2026-02-13 14:09:43,267 - __main__ - INFO - Nuclei count RMSE: 3.19
2026-02-13 14:09:43,283 - __main__ - INFO - Loading h5ad files...
2026-02-13 14:09:44,488 - root - INFO - Logging initialized.
2026-02-13 14:09:44,500 - root - INFO - Discrete antibody preprocessing complete: Row sums range [29.89, 45.99], mean=38.73, std=2.75
2026-02-13 14:09:44,805 - root - INFO - Normalization stats:
2026-02-13 14:09:44,806 - root - INFO - Original median total: 71475446724.00
2026-02-13 14:09:44,821 - root - INFO - Mean scaled total: 9979.95
2026-02-13 14:09:44,831 - root - INFO - Max scaled value: 10000.00
2026-02-13 14:09:44,954 - root - INFO - Gene expression data normalized to 10000 counts per spot and validated for discrete count analysis.
2026-02-13 14:09:44,955 - root - INFO - Mapped 18 markers to 9 cell types (preserving marker-level data)
2026-02-13 14:09:44,955 - root - INFO - Running discrete cell assignment: 951 spots, 18 markers, 9 cell types
2026-02-13 14:09:44,956 - root - INFO - Total nuclei: 3631, mean per spot: 3.82
2026-02-13 14:09:44,956 - root - INFO - Discrete cell assignment EM: 951 spots, 18 markers, 9 cell types
2026-02-13 14:09:44,956 - root - INFO - Total nuclei: 3631, mean per spot: 3.82
2026-02-13 14:09:44,957 - root - INFO - 
=== EM Iteration 1/20 ===
2026-02-13 14:09:45,012 - gurobipy - INFO - Set parameter LicenseID to value 276015
2026-02-13 14:09:45,012 - gurobipy - INFO - Set parameter GURO_PAR_SPECIAL
2026-02-13 14:09:45,012 - gurobipy - INFO - Set parameter TokenServer to value "license.crc.pitt.edu"
/ix1/alee/LO_LAB/Personal/Alexander_Chang/alc376/CITEgeist/CITEgeist/model/gurobi_impl.py:3365: RuntimeWarning: invalid value encountered in scalar divide
  loss_change = abs(prev_loss - loss) / max(abs(prev_loss), 1e-10)
2026-02-13 14:12:33,376 - root - INFO -   Loss: 1060.9522 (change: nan)
2026-02-13 14:12:33,376 - root - INFO -   Beta range: [0.246, 0.504]
2026-02-13 14:12:33,376 - root - INFO -   Max beta change: 0.753856
2026-02-13 14:12:33,376 - root - INFO -   Cell count range: [0, 12]
2026-02-13 14:12:33,376 - root - INFO -     B-cells: 448 cells (12.3%)
2026-02-13 14:12:33,376 - root - INFO -     CAFs: 415 cells (11.4%)
2026-02-13 14:12:33,376 - root - INFO -     Cancer Epithelial: 429 cells (11.8%)
2026-02-13 14:12:33,376 - root - INFO -     Endothelial: 339 cells (9.3%)
2026-02-13 14:12:33,376 - root - INFO -     Myeloid: 355 cells (9.8%)
2026-02-13 14:12:33,376 - root - INFO -     Normal Epithelial: 353 cells (9.7%)
2026-02-13 14:12:33,376 - root - INFO -     PVL: 400 cells (11.0%)
2026-02-13 14:12:33,376 - root - INFO -     Plasmablasts: 572 cells (15.8%)
2026-02-13 14:12:33,376 - root - INFO -     T-cells: 320 cells (8.8%)
2026-02-13 14:12:33,376 - root - INFO - 
=== EM Iteration 2/20 ===
2026-02-13 14:14:00,709 - root - INFO -   Loss: 661.2762 (change: 0.376714)
2026-02-13 14:14:00,709 - root - INFO -   Beta range: [0.224, 0.464]
2026-02-13 14:14:00,709 - root - INFO -   Max beta change: 0.045559
2026-02-13 14:14:00,709 - root - INFO -   Cell count range: [0, 12]
2026-02-13 14:14:00,709 - root - INFO -     B-cells: 443 cells (12.2%)
2026-02-13 14:14:00,709 - root - INFO -     CAFs: 417 cells (11.5%)
2026-02-13 14:14:00,709 - root - INFO -     Cancer Epithelial: 388 cells (10.7%)
2026-02-13 14:14:00,709 - root - INFO -     Endothelial: 331 cells (9.1%)
2026-02-13 14:14:00,709 - root - INFO -     Myeloid: 326 cells (9.0%)
2026-02-13 14:14:00,709 - root - INFO -     Normal Epithelial: 430 cells (11.8%)
2026-02-13 14:14:00,709 - root - INFO -     PVL: 405 cells (11.2%)
2026-02-13 14:14:00,709 - root - INFO -     Plasmablasts: 540 cells (14.9%)
2026-02-13 14:14:00,709 - root - INFO -     T-cells: 351 cells (9.7%)
2026-02-13 14:14:00,709 - root - INFO - 
=== EM Iteration 3/20 ===
2026-02-13 14:15:22,700 - root - INFO -   Loss: 655.8288 (change: 0.008238)
2026-02-13 14:15:22,700 - root - INFO -   Beta range: [0.212, 0.441]
2026-02-13 14:15:22,700 - root - INFO -   Max beta change: 0.029948
2026-02-13 14:15:22,700 - root - INFO -   Cell count range: [0, 12]
2026-02-13 14:15:22,700 - root - INFO -     B-cells: 447 cells (12.3%)
2026-02-13 14:15:22,700 - root - INFO -     CAFs: 412 cells (11.3%)
2026-02-13 14:15:22,700 - root - INFO -     Cancer Epithelial: 369 cells (10.2%)
2026-02-13 14:15:22,700 - root - INFO -     Endothelial: 323 cells (8.9%)
2026-02-13 14:15:22,700 - root - INFO -     Myeloid: 319 cells (8.8%)
2026-02-13 14:15:22,700 - root - INFO -     Normal Epithelial: 439 cells (12.1%)
2026-02-13 14:15:22,700 - root - INFO -     PVL: 426 cells (11.7%)
2026-02-13 14:15:22,700 - root - INFO -     Plasmablasts: 552 cells (15.2%)
2026-02-13 14:15:22,700 - root - INFO -     T-cells: 344 cells (9.5%)
2026-02-13 14:15:22,700 - root - INFO - 
=== EM Iteration 4/20 ===
2026-02-13 14:16:44,226 - root - INFO -   Loss: 660.4672 (change: 0.007073)
2026-02-13 14:16:44,228 - root - INFO -   Beta range: [0.203, 0.423]
2026-02-13 14:16:44,228 - root - INFO -   Max beta change: 0.025183
2026-02-13 14:16:44,228 - root - INFO -   Cell count range: [0, 12]
2026-02-13 14:16:44,228 - root - INFO -     B-cells: 449 cells (12.4%)
2026-02-13 14:16:44,228 - root - INFO -     CAFs: 407 cells (11.2%)
2026-02-13 14:16:44,228 - root - INFO -     Cancer Epithelial: 345 cells (9.5%)
2026-02-13 14:16:44,228 - root - INFO -     Endothelial: 318 cells (8.8%)
2026-02-13 14:16:44,228 - root - INFO -     Myeloid: 316 cells (8.7%)
2026-02-13 14:16:44,228 - root - INFO -     Normal Epithelial: 462 cells (12.7%)
2026-02-13 14:16:44,228 - root - INFO -     PVL: 442 cells (12.2%)
2026-02-13 14:16:44,228 - root - INFO -     Plasmablasts: 560 cells (15.4%)
2026-02-13 14:16:44,228 - root - INFO -     T-cells: 332 cells (9.1%)
2026-02-13 14:16:44,228 - root - WARNING - Loss increased from 655.8288 to 660.4672
2026-02-13 14:16:44,228 - root - INFO - 
=== EM Iteration 5/20 ===
2026-02-13 14:18:03,394 - root - INFO -   Loss: 675.8449 (change: 0.023283)
2026-02-13 14:18:03,396 - root - INFO -   Beta range: [0.197, 0.409]
2026-02-13 14:18:03,396 - root - INFO -   Max beta change: 0.033764
2026-02-13 14:18:03,396 - root - INFO -   Cell count range: [0, 12]
2026-02-13 14:18:03,396 - root - INFO -     B-cells: 451 cells (12.4%)
2026-02-13 14:18:03,396 - root - INFO -     CAFs: 405 cells (11.2%)
2026-02-13 14:18:03,396 - root - INFO -     Cancer Epithelial: 327 cells (9.0%)
2026-02-13 14:18:03,396 - root - INFO -     Endothelial: 317 cells (8.7%)
2026-02-13 14:18:03,396 - root - INFO -     Myeloid: 309 cells (8.5%)
2026-02-13 14:18:03,396 - root - INFO -     Normal Epithelial: 476 cells (13.1%)
2026-02-13 14:18:03,396 - root - INFO -     PVL: 453 cells (12.5%)
2026-02-13 14:18:03,396 - root - INFO -     Plasmablasts: 571 cells (15.7%)
2026-02-13 14:18:03,396 - root - INFO -     T-cells: 322 cells (8.9%)
2026-02-13 14:18:03,396 - root - WARNING - Loss increased from 660.4672 to 675.8449
2026-02-13 14:18:03,396 - root - INFO - 
=== EM Iteration 6/20 ===
2026-02-13 14:19:22,274 - root - INFO -   Loss: 689.1759 (change: 0.019725)
2026-02-13 14:19:22,303 - root - INFO -   Beta range: [0.194, 0.391]
2026-02-13 14:19:22,303 - root - INFO -   Max beta change: 0.030371
2026-02-13 14:19:22,303 - root - INFO -   Cell count range: [0, 12]
2026-02-13 14:19:22,303 - root - INFO -     B-cells: 458 cells (12.6%)
2026-02-13 14:19:22,303 - root - INFO -     CAFs: 407 cells (11.2%)
2026-02-13 14:19:22,303 - root - INFO -     Cancer Epithelial: 313 cells (8.6%)
2026-02-13 14:19:22,303 - root - INFO -     Endothelial: 317 cells (8.7%)
2026-02-13 14:19:22,303 - root - INFO -     Myeloid: 302 cells (8.3%)
2026-02-13 14:19:22,303 - root - INFO -     Normal Epithelial: 482 cells (13.3%)
2026-02-13 14:19:22,303 - root - INFO -     PVL: 456 cells (12.6%)
2026-02-13 14:19:22,303 - root - INFO -     Plasmablasts: 583 cells (16.1%)
2026-02-13 14:19:22,303 - root - INFO -     T-cells: 313 cells (8.6%)
2026-02-13 14:19:22,303 - root - WARNING - Loss increased from 675.8449 to 689.1759
2026-02-13 14:19:22,303 - root - INFO - 
=== EM Iteration 7/20 ===
2026-02-13 14:20:39,158 - root - INFO -   Loss: 702.8895 (change: 0.019899)
2026-02-13 14:20:39,158 - root - INFO -   Beta range: [0.192, 0.381]
2026-02-13 14:20:39,158 - root - INFO -   Max beta change: 0.019998
2026-02-13 14:20:39,158 - root - INFO -   Cell count range: [0, 12]
2026-02-13 14:20:39,158 - root - INFO -     B-cells: 461 cells (12.7%)
2026-02-13 14:20:39,158 - root - INFO -     CAFs: 405 cells (11.2%)
2026-02-13 14:20:39,158 - root - INFO -     Cancer Epithelial: 309 cells (8.5%)
2026-02-13 14:20:39,158 - root - INFO -     Endothelial: 317 cells (8.7%)
2026-02-13 14:20:39,158 - root - INFO -     Myeloid: 298 cells (8.2%)
2026-02-13 14:20:39,158 - root - INFO -     Normal Epithelial: 489 cells (13.5%)
2026-02-13 14:20:39,158 - root - INFO -     PVL: 456 cells (12.6%)
2026-02-13 14:20:39,158 - root - INFO -     Plasmablasts: 589 cells (16.2%)
2026-02-13 14:20:39,158 - root - INFO -     T-cells: 307 cells (8.5%)
2026-02-13 14:20:39,158 - root - WARNING - Loss increased from 689.1759 to 702.8895
2026-02-13 14:20:39,159 - root - INFO - 
=== EM Iteration 8/20 ===
2026-02-13 14:21:56,828 - root - INFO -   Loss: 721.2927 (change: 0.026182)
2026-02-13 14:21:56,828 - root - INFO -   Beta range: [0.190, 0.373]
2026-02-13 14:21:56,828 - root - INFO -   Max beta change: 0.032180
2026-02-13 14:21:56,828 - root - INFO -   Cell count range: [0, 12]
2026-02-13 14:21:56,828 - root - INFO -     B-cells: 466 cells (12.8%)
2026-02-13 14:21:56,828 - root - INFO -     CAFs: 404 cells (11.1%)
2026-02-13 14:21:56,828 - root - INFO -     Cancer Epithelial: 303 cells (8.3%)
2026-02-13 14:21:56,829 - root - INFO -     Endothelial: 314 cells (8.6%)
2026-02-13 14:21:56,829 - root - INFO -     Myeloid: 295 cells (8.1%)
2026-02-13 14:21:56,829 - root - INFO -     Normal Epithelial: 494 cells (13.6%)
2026-02-13 14:21:56,829 - root - INFO -     PVL: 457 cells (12.6%)
2026-02-13 14:21:56,829 - root - INFO -     Plasmablasts: 594 cells (16.4%)
2026-02-13 14:21:56,829 - root - INFO -     T-cells: 304 cells (8.4%)
2026-02-13 14:21:56,829 - root - WARNING - Loss increased from 702.8895 to 721.2927
2026-02-13 14:21:56,829 - root - INFO - 
=== EM Iteration 9/20 ===
2026-02-13 14:23:12,249 - root - INFO -   Loss: 729.1648 (change: 0.010914)
2026-02-13 14:23:12,250 - root - INFO -   Beta range: [0.187, 0.378]
2026-02-13 14:23:12,250 - root - INFO -   Max beta change: 0.019121
2026-02-13 14:23:12,250 - root - INFO -   Cell count range: [0, 12]
2026-02-13 14:23:12,251 - root - INFO -     B-cells: 474 cells (13.1%)
2026-02-13 14:23:12,251 - root - INFO -     CAFs: 400 cells (11.0%)
2026-02-13 14:23:12,251 - root - INFO -     Cancer Epithelial: 301 cells (8.3%)
2026-02-13 14:23:12,251 - root - INFO -     Endothelial: 315 cells (8.7%)
2026-02-13 14:23:12,251 - root - INFO -     Myeloid: 289 cells (8.0%)
2026-02-13 14:23:12,251 - root - INFO -     Normal Epithelial: 503 cells (13.9%)
2026-02-13 14:23:12,251 - root - INFO -     PVL: 458 cells (12.6%)
2026-02-13 14:23:12,251 - root - INFO -     Plasmablasts: 593 cells (16.3%)
2026-02-13 14:23:12,251 - root - INFO -     T-cells: 298 cells (8.2%)
2026-02-13 14:23:12,251 - root - WARNING - Loss increased from 721.2927 to 729.1648
2026-02-13 14:23:12,251 - root - INFO - 
=== EM Iteration 10/20 ===
2026-02-13 14:24:27,809 - root - INFO -   Loss: 727.5613 (change: 0.002199)
2026-02-13 14:24:27,812 - root - INFO -   Beta range: [0.184, 0.382]
2026-02-13 14:24:27,812 - root - INFO -   Max beta change: 0.012325
2026-02-13 14:24:27,812 - root - INFO -   Cell count range: [0, 12]
2026-02-13 14:24:27,812 - root - INFO -     B-cells: 482 cells (13.3%)
2026-02-13 14:24:27,812 - root - INFO -     CAFs: 396 cells (10.9%)
2026-02-13 14:24:27,812 - root - INFO -     Cancer Epithelial: 310 cells (8.5%)
2026-02-13 14:24:27,812 - root - INFO -     Endothelial: 315 cells (8.7%)
2026-02-13 14:24:27,812 - root - INFO -     Myeloid: 285 cells (7.8%)
2026-02-13 14:24:27,812 - root - INFO -     Normal Epithelial: 509 cells (14.0%)
2026-02-13 14:24:27,812 - root - INFO -     PVL: 457 cells (12.6%)
2026-02-13 14:24:27,812 - root - INFO -     Plasmablasts: 590 cells (16.2%)
2026-02-13 14:24:27,812 - root - INFO -     T-cells: 287 cells (7.9%)
2026-02-13 14:24:27,812 - root - INFO - 
=== EM Iteration 11/20 ===
2026-02-13 14:25:42,600 - root - INFO -   Loss: 733.2726 (change: 0.007850)
2026-02-13 14:25:42,602 - root - INFO -   Beta range: [0.181, 0.383]
2026-02-13 14:25:42,602 - root - INFO -   Max beta change: 0.012895
2026-02-13 14:25:42,602 - root - INFO -   Cell count range: [0, 12]
2026-02-13 14:25:42,602 - root - INFO -     B-cells: 488 cells (13.4%)
2026-02-13 14:25:42,602 - root - INFO -     CAFs: 389 cells (10.7%)
2026-02-13 14:25:42,602 - root - INFO -     Cancer Epithelial: 317 cells (8.7%)
2026-02-13 14:25:42,602 - root - INFO -     Endothelial: 313 cells (8.6%)
2026-02-13 14:25:42,602 - root - INFO -     Myeloid: 283 cells (7.8%)
2026-02-13 14:25:42,603 - root - INFO -     Normal Epithelial: 516 cells (14.2%)
2026-02-13 14:25:42,603 - root - INFO -     PVL: 458 cells (12.6%)
2026-02-13 14:25:42,603 - root - INFO -     Plasmablasts: 589 cells (16.2%)
2026-02-13 14:25:42,603 - root - INFO -     T-cells: 278 cells (7.7%)
2026-02-13 14:25:42,603 - root - WARNING - Loss increased from 727.5613 to 733.2726
2026-02-13 14:25:42,603 - root - INFO - 
=== EM Iteration 12/20 ===
2026-02-13 14:26:56,863 - root - INFO -   Loss: 739.0084 (change: 0.007822)
2026-02-13 14:26:56,865 - root - INFO -   Beta range: [0.178, 0.387]
2026-02-13 14:26:56,865 - root - INFO -   Max beta change: 0.009413
2026-02-13 14:26:56,865 - root - INFO -   Cell count range: [0, 12]
2026-02-13 14:26:56,865 - root - INFO -     B-cells: 493 cells (13.6%)
2026-02-13 14:26:56,865 - root - INFO -     CAFs: 385 cells (10.6%)
2026-02-13 14:26:56,865 - root - INFO -     Cancer Epithelial: 321 cells (8.8%)
2026-02-13 14:26:56,865 - root - INFO -     Endothelial: 314 cells (8.6%)
2026-02-13 14:26:56,865 - root - INFO -     Myeloid: 279 cells (7.7%)
2026-02-13 14:26:56,865 - root - INFO -     Normal Epithelial: 521 cells (14.3%)
2026-02-13 14:26:56,865 - root - INFO -     PVL: 461 cells (12.7%)
2026-02-13 14:26:56,865 - root - INFO -     Plasmablasts: 589 cells (16.2%)
2026-02-13 14:26:56,865 - root - INFO -     T-cells: 268 cells (7.4%)
2026-02-13 14:26:56,865 - root - WARNING - Loss increased from 733.2726 to 739.0084
2026-02-13 14:26:56,865 - root - INFO - 
=== EM Iteration 13/20 ===
2026-02-13 14:28:13,423 - root - INFO -   Loss: 738.3231 (change: 0.000927)
2026-02-13 14:28:13,426 - root - INFO -   Beta range: [0.172, 0.389]
2026-02-13 14:28:13,426 - root - INFO -   Max beta change: 0.015177
2026-02-13 14:28:13,426 - root - INFO -   Cell count range: [0, 12]
2026-02-13 14:28:13,426 - root - INFO -     B-cells: 495 cells (13.6%)
2026-02-13 14:28:13,426 - root - INFO -     CAFs: 379 cells (10.4%)
2026-02-13 14:28:13,426 - root - INFO -     Cancer Epithelial: 327 cells (9.0%)
2026-02-13 14:28:13,426 - root - INFO -     Endothelial: 314 cells (8.6%)
2026-02-13 14:28:13,426 - root - INFO -     Myeloid: 274 cells (7.5%)
2026-02-13 14:28:13,426 - root - INFO -     Normal Epithelial: 535 cells (14.7%)
2026-02-13 14:28:13,426 - root - INFO -     PVL: 463 cells (12.8%)
2026-02-13 14:28:13,426 - root - INFO -     Plasmablasts: 586 cells (16.1%)
2026-02-13 14:28:13,426 - root - INFO -     T-cells: 258 cells (7.1%)
2026-02-13 14:28:13,426 - root - INFO - 
=== EM Iteration 14/20 ===
2026-02-13 14:29:29,604 - root - INFO -   Loss: 739.6796 (change: 0.001837)
2026-02-13 14:29:29,616 - root - INFO -   Beta range: [0.166, 0.393]
2026-02-13 14:29:29,616 - root - INFO -   Max beta change: 0.017433
2026-02-13 14:29:29,616 - root - INFO -   Cell count range: [0, 12]
2026-02-13 14:29:29,616 - root - INFO -     B-cells: 496 cells (13.7%)
2026-02-13 14:29:29,616 - root - INFO -     CAFs: 370 cells (10.2%)
2026-02-13 14:29:29,616 - root - INFO -     Cancer Epithelial: 332 cells (9.1%)
2026-02-13 14:29:29,616 - root - INFO -     Endothelial: 315 cells (8.7%)
2026-02-13 14:29:29,616 - root - INFO -     Myeloid: 262 cells (7.2%)
2026-02-13 14:29:29,616 - root - INFO -     Normal Epithelial: 558 cells (15.4%)
2026-02-13 14:29:29,616 - root - INFO -     PVL: 459 cells (12.6%)
2026-02-13 14:29:29,616 - root - INFO -     Plasmablasts: 586 cells (16.1%)
2026-02-13 14:29:29,616 - root - INFO -     T-cells: 253 cells (7.0%)
2026-02-13 14:29:29,616 - root - WARNING - Loss increased from 738.3231 to 739.6796
2026-02-13 14:29:29,616 - root - INFO - 
=== EM Iteration 15/20 ===
2026-02-13 14:30:44,919 - root - INFO -   Loss: 752.6486 (change: 0.017533)
2026-02-13 14:30:44,919 - root - INFO -   Beta range: [0.159, 0.388]
2026-02-13 14:30:44,919 - root - INFO -   Max beta change: 0.018328
2026-02-13 14:30:44,919 - root - INFO -   Cell count range: [0, 12]
2026-02-13 14:30:44,919 - root - INFO -     B-cells: 501 cells (13.8%)
2026-02-13 14:30:44,919 - root - INFO -     CAFs: 364 cells (10.0%)
2026-02-13 14:30:44,919 - root - INFO -     Cancer Epithelial: 337 cells (9.3%)
2026-02-13 14:30:44,919 - root - INFO -     Endothelial: 315 cells (8.7%)
2026-02-13 14:30:44,919 - root - INFO -     Myeloid: 245 cells (6.7%)
2026-02-13 14:30:44,919 - root - INFO -     Normal Epithelial: 584 cells (16.1%)
2026-02-13 14:30:44,920 - root - INFO -     PVL: 456 cells (12.6%)
2026-02-13 14:30:44,920 - root - INFO -     Plasmablasts: 584 cells (16.1%)
2026-02-13 14:30:44,920 - root - INFO -     T-cells: 245 cells (6.7%)
2026-02-13 14:30:44,920 - root - WARNING - Loss increased from 739.6796 to 752.6486
2026-02-13 14:30:44,920 - root - INFO - 
=== EM Iteration 16/20 ===
2026-02-13 14:31:59,982 - root - INFO -   Loss: 782.6256 (change: 0.039829)
2026-02-13 14:31:59,983 - root - INFO -   Beta range: [0.153, 0.363]
2026-02-13 14:31:59,983 - root - INFO -   Max beta change: 0.024756
2026-02-13 14:31:59,983 - root - INFO -   Cell count range: [0, 12]
2026-02-13 14:31:59,983 - root - INFO -     B-cells: 502 cells (13.8%)
2026-02-13 14:31:59,983 - root - INFO -     CAFs: 357 cells (9.8%)
2026-02-13 14:31:59,983 - root - INFO -     Cancer Epithelial: 339 cells (9.3%)
2026-02-13 14:31:59,983 - root - INFO -     Endothelial: 313 cells (8.6%)
2026-02-13 14:31:59,983 - root - INFO -     Myeloid: 234 cells (6.4%)
2026-02-13 14:31:59,983 - root - INFO -     Normal Epithelial: 608 cells (16.7%)
2026-02-13 14:31:59,983 - root - INFO -     PVL: 458 cells (12.6%)
2026-02-13 14:31:59,983 - root - INFO -     Plasmablasts: 582 cells (16.0%)
2026-02-13 14:31:59,983 - root - INFO -     T-cells: 238 cells (6.6%)
2026-02-13 14:31:59,983 - root - WARNING - Loss increased from 752.6486 to 782.6256
2026-02-13 14:31:59,983 - root - INFO - 
=== EM Iteration 17/20 ===
2026-02-13 14:33:15,477 - root - INFO -   Loss: 828.9030 (change: 0.059131)
2026-02-13 14:33:15,478 - root - INFO -   Beta range: [0.147, 0.345]
2026-02-13 14:33:15,478 - root - INFO -   Max beta change: 0.024402
2026-02-13 14:33:15,478 - root - INFO -   Cell count range: [0, 12]
2026-02-13 14:33:15,478 - root - INFO -     B-cells: 499 cells (13.7%)
2026-02-13 14:33:15,478 - root - INFO -     CAFs: 355 cells (9.8%)
2026-02-13 14:33:15,478 - root - INFO -     Cancer Epithelial: 339 cells (9.3%)
2026-02-13 14:33:15,478 - root - INFO -     Endothelial: 311 cells (8.6%)
2026-02-13 14:33:15,478 - root - INFO -     Myeloid: 221 cells (6.1%)
2026-02-13 14:33:15,478 - root - INFO -     Normal Epithelial: 633 cells (17.4%)
2026-02-13 14:33:15,478 - root - INFO -     PVL: 457 cells (12.6%)
2026-02-13 14:33:15,478 - root - INFO -     Plasmablasts: 580 cells (16.0%)
2026-02-13 14:33:15,478 - root - INFO -     T-cells: 236 cells (6.5%)
2026-02-13 14:33:15,478 - root - WARNING - Loss increased from 782.6256 to 828.9030
2026-02-13 14:33:15,478 - root - INFO - 
=== EM Iteration 18/20 ===
2026-02-13 14:34:31,287 - root - INFO -   Loss: 858.2513 (change: 0.035406)
2026-02-13 14:34:31,288 - root - INFO -   Beta range: [0.136, 0.346]
2026-02-13 14:34:31,288 - root - INFO -   Max beta change: 0.020390
2026-02-13 14:34:31,288 - root - INFO -   Cell count range: [0, 12]
2026-02-13 14:34:31,288 - root - INFO -     B-cells: 492 cells (13.5%)
2026-02-13 14:34:31,288 - root - INFO -     CAFs: 357 cells (9.8%)
2026-02-13 14:34:31,288 - root - INFO -     Cancer Epithelial: 337 cells (9.3%)
2026-02-13 14:34:31,288 - root - INFO -     Endothelial: 311 cells (8.6%)
2026-02-13 14:34:31,288 - root - INFO -     Myeloid: 207 cells (5.7%)
2026-02-13 14:34:31,288 - root - INFO -     Normal Epithelial: 658 cells (18.1%)
2026-02-13 14:34:31,288 - root - INFO -     PVL: 458 cells (12.6%)
2026-02-13 14:34:31,288 - root - INFO -     Plasmablasts: 578 cells (15.9%)
2026-02-13 14:34:31,288 - root - INFO -     T-cells: 233 cells (6.4%)
2026-02-13 14:34:31,288 - root - WARNING - Loss increased from 828.9030 to 858.2513
2026-02-13 14:34:31,288 - root - INFO - 
=== EM Iteration 19/20 ===
2026-02-13 14:35:44,504 - root - INFO -   Loss: 894.7012 (change: 0.042470)
2026-02-13 14:35:44,506 - root - INFO -   Beta range: [0.130, 0.349]
2026-02-13 14:35:44,506 - root - INFO -   Max beta change: 0.022320
2026-02-13 14:35:44,506 - root - INFO -   Cell count range: [0, 12]
2026-02-13 14:35:44,506 - root - INFO -     B-cells: 485 cells (13.4%)
2026-02-13 14:35:44,506 - root - INFO -     CAFs: 349 cells (9.6%)
2026-02-13 14:35:44,506 - root - INFO -     Cancer Epithelial: 337 cells (9.3%)
2026-02-13 14:35:44,506 - root - INFO -     Endothelial: 303 cells (8.3%)
2026-02-13 14:35:44,506 - root - INFO -     Myeloid: 197 cells (5.4%)
2026-02-13 14:35:44,506 - root - INFO -     Normal Epithelial: 700 cells (19.3%)
2026-02-13 14:35:44,506 - root - INFO -     PVL: 459 cells (12.6%)
2026-02-13 14:35:44,506 - root - INFO -     Plasmablasts: 574 cells (15.8%)
2026-02-13 14:35:44,506 - root - INFO -     T-cells: 227 cells (6.3%)
2026-02-13 14:35:44,506 - root - WARNING - Loss increased from 858.2513 to 894.7012
2026-02-13 14:35:44,506 - root - INFO - 
=== EM Iteration 20/20 ===
2026-02-13 14:36:58,238 - root - INFO -   Loss: 920.7574 (change: 0.029123)
2026-02-13 14:36:58,243 - root - INFO -   Beta range: [0.116, 0.359]
2026-02-13 14:36:58,243 - root - INFO -   Max beta change: 0.023143
2026-02-13 14:36:58,243 - root - INFO -   Cell count range: [0, 12]
2026-02-13 14:36:58,243 - root - INFO -     B-cells: 470 cells (12.9%)
2026-02-13 14:36:58,243 - root - INFO -     CAFs: 342 cells (9.4%)
2026-02-13 14:36:58,243 - root - INFO -     Cancer Epithelial: 339 cells (9.3%)
2026-02-13 14:36:58,243 - root - INFO -     Endothelial: 290 cells (8.0%)
2026-02-13 14:36:58,243 - root - INFO -     Myeloid: 189 cells (5.2%)
2026-02-13 14:36:58,244 - root - INFO -     Normal Epithelial: 763 cells (21.0%)
2026-02-13 14:36:58,244 - root - INFO -     PVL: 461 cells (12.7%)
2026-02-13 14:36:58,244 - root - INFO -     Plasmablasts: 561 cells (15.5%)
2026-02-13 14:36:58,244 - root - INFO -     T-cells: 216 cells (5.9%)
2026-02-13 14:36:58,244 - root - WARNING - Loss increased from 894.7012 to 920.7574
2026-02-13 14:36:58,244 - root - INFO - 
Final beta values:
2026-02-13 14:36:58,244 - root - INFO -   B-cells_Protein_1: β=0.260, α=0.000
2026-02-13 14:36:58,244 - root - INFO -   B-cells_Protein_2: β=0.250, α=0.000
2026-02-13 14:36:58,244 - root - INFO -   CAFs_Protein_1: β=0.342, α=0.000
2026-02-13 14:36:58,244 - root - INFO -   CAFs_Protein_2: β=0.348, α=0.000
2026-02-13 14:36:58,244 - root - INFO -   Cancer Epithelial_Protein_1: β=0.131, α=0.500
2026-02-13 14:36:58,244 - root - INFO -   Cancer Epithelial_Protein_2: β=0.286, α=0.228
2026-02-13 14:36:58,244 - root - INFO -   Endothelial_Protein_1: β=0.329, α=0.011
2026-02-13 14:36:58,244 - root - INFO -   Endothelial_Protein_2: β=0.321, α=0.031
2026-02-13 14:36:58,244 - root - INFO -   Myeloid_Protein_1: β=0.280, α=0.321
2026-02-13 14:36:58,244 - root - INFO -   Myeloid_Protein_2: β=0.247, α=0.373
2026-02-13 14:36:58,244 - root - INFO -   Normal Epithelial_Protein_1: β=0.116, α=0.000
2026-02-13 14:36:58,244 - root - INFO -   Normal Epithelial_Protein_2: β=0.116, α=0.000
2026-02-13 14:36:58,244 - root - INFO -   PVL_Protein_1: β=0.307, α=0.159
2026-02-13 14:36:58,244 - root - INFO -   PVL_Protein_2: β=0.274, α=0.210
2026-02-13 14:36:58,244 - root - INFO -   Plasmablasts_Protein_1: β=0.293, α=0.000
2026-02-13 14:36:58,244 - root - INFO -   Plasmablasts_Protein_2: β=0.312, α=0.000
2026-02-13 14:36:58,244 - root - INFO -   T-cells_Protein_1: β=0.359, α=0.000
2026-02-13 14:36:58,244 - root - INFO -   T-cells_Protein_2: β=0.356, α=0.000
2026-02-13 14:36:58,282 - root - INFO - Saved discrete cell counts to Benchmarking/simulation_benchmarking/CITEgeist/output_discrete/high_seg/dapi/Wu_rep_0/Wu_rep_0_discrete_cell_counts.csv
2026-02-13 14:36:58,289 - root - INFO - Saved derived proportions to Benchmarking/simulation_benchmarking/CITEgeist/output_discrete/high_seg/dapi/Wu_rep_0/Wu_rep_0_cell_prop_discrete.csv
2026-02-13 14:36:58,289 - root - INFO - Cell type distribution:
2026-02-13 14:36:58,289 - root - INFO -   B-cells: 470 cells (12.9%)
2026-02-13 14:36:58,289 - root - INFO -   CAFs: 342 cells (9.4%)
2026-02-13 14:36:58,289 - root - INFO -   Cancer Epithelial: 339 cells (9.3%)
2026-02-13 14:36:58,289 - root - INFO -   Endothelial: 290 cells (8.0%)
2026-02-13 14:36:58,289 - root - INFO -   Myeloid: 189 cells (5.2%)
2026-02-13 14:36:58,289 - root - INFO -   Normal Epithelial: 763 cells (21.0%)
2026-02-13 14:36:58,289 - root - INFO -   PVL: 461 cells (12.7%)
2026-02-13 14:36:58,289 - root - INFO -   Plasmablasts: 561 cells (15.5%)
2026-02-13 14:36:58,289 - root - INFO -   T-cells: 216 cells (5.9%)
2026-02-13 14:36:58,305 - __main__ - INFO - Loaded ground truth proportions: 951 spots, 9 cell types
2026-02-13 14:36:58,306 - __main__ - INFO - Proportion correlation: 0.628
2026-02-13 14:36:58,306 - __main__ - INFO - Proportion RMSE: 0.2135
2026-02-13 14:36:58,326 - __main__ - INFO - Results saved to Benchmarking/simulation_benchmarking/CITEgeist/output_discrete/high_seg/dapi/Wu_rep_0
