CitegeistModel initialized successfully.
Antibody capture data preprocessing completed for discrete mode: Winsorized [5%, 95%], scale_per_marker=True, no per-spot normalization.
Set parameter LicenseID to value 276015
Set parameter GURO_PAR_SPECIAL
Set parameter TokenServer to value "license.crc.pitt.edu"
Parquet file for pass 1 loaded successfully.
Spot and CellType successfully split (using ::: delimiter).

Spot name formats:
AnnData spot names format: Index(['spot_1', 'spot_2', 'spot_3', 'spot_4', 'spot_5'], dtype='object')
Parquet spot names format: ['spot_1' 'spot_2' 'spot_3' 'spot_4' 'spot_5']
Added layer: Endothelial_genes_pass1 (Shape: (957, 29733))
Added layer: Cancer_Epithelial_genes_pass1 (Shape: (957, 29733))
Added layer: B-cells_genes_pass1 (Shape: (957, 29733))
Added layer: Normal_Epithelial_genes_pass1 (Shape: (957, 29733))
Added layer: Plasmablasts_genes_pass1 (Shape: (957, 29733))
Added layer: Myeloid_genes_pass1 (Shape: (957, 29733))
Added layer: CAFs_genes_pass1 (Shape: (957, 29733))
Added layer: PVL_genes_pass1 (Shape: (957, 29733))
Added layer: T-cells_genes_pass1 (Shape: (957, 29733))
RMSE, NRMSE, and MAE per cell type:
	CAFs: RMSE: 0.2789, NRMSE: 0.0398, MAE: 0.0466
	Endothelial: RMSE: 0.0783, NRMSE: 0.0112, MAE: 0.0024
	Normal Epithelial: RMSE: 0.0647, NRMSE: nan, MAE: 0.0018
	Cancer Epithelial: RMSE: 0.3181, NRMSE: 0.0373, MAE: 0.0598
	B-cells: RMSE: 0.1285, NRMSE: 0.0176, MAE: 0.0080
	T-cells: RMSE: 0.1729, NRMSE: 0.0231, MAE: 0.0158
	Plasmablasts: RMSE: 0.0673, NRMSE: 0.0077, MAE: 0.0019
	PVL: RMSE: 0.0627, NRMSE: nan, MAE: 0.0016
	Myeloid: RMSE: 0.1623, NRMSE: 0.0229, MAE: 0.0152

Overall RMSE statistics:
	Average RMSE: 0.1482
	Median RMSE:  0.1285

Overall NRMSE statistics:
	Average NRMSE: 0.0228
	Median NRMSE:  0.0229

Overall MAE statistics:
	Average MAE: 0.0170
	Median MAE:  0.0080
Per-cell type metrics saved to per_celltype_metrics.csv

=== RESULTS ===
Nuclei count correlation: 0.115
Proportion correlation: 0.441
Completed replicate 2, condition mixed, mode h_and_e
