CitegeistModel initialized successfully.
Antibody capture data preprocessing completed for discrete mode: Winsorized [5%, 95%], scale_per_marker=True, no per-spot normalization.
Set parameter LicenseID to value 276015
Set parameter GURO_PAR_SPECIAL
Set parameter TokenServer to value "license.crc.pitt.edu"
Parquet file for pass 1 loaded successfully.
Spot and CellType successfully split (using ::: delimiter).

Spot name formats:
AnnData spot names format: Index(['spot_1', 'spot_2', 'spot_3', 'spot_4', 'spot_5'], dtype='object')
Parquet spot names format: ['spot_1' 'spot_2' 'spot_3' 'spot_4' 'spot_5']
Added layer: Endothelial_genes_pass1 (Shape: (952, 29733))
Added layer: T-cells_genes_pass1 (Shape: (952, 29733))
Added layer: Plasmablasts_genes_pass1 (Shape: (952, 29733))
Added layer: CAFs_genes_pass1 (Shape: (952, 29733))
Added layer: PVL_genes_pass1 (Shape: (952, 29733))
Added layer: Normal_Epithelial_genes_pass1 (Shape: (952, 29733))
Added layer: B-cells_genes_pass1 (Shape: (952, 29733))
Added layer: Cancer_Epithelial_genes_pass1 (Shape: (952, 29733))
Added layer: Myeloid_genes_pass1 (Shape: (952, 29733))
RMSE, NRMSE, and MAE per cell type:
	Endothelial: RMSE: 0.0809, NRMSE: 0.0120, MAE: 0.0028
	T-cells: RMSE: 0.1707, NRMSE: 0.0242, MAE: 0.0156
	Plasmablasts: RMSE: 0.0689, NRMSE: 0.0079, MAE: 0.0021
	Normal Epithelial: RMSE: 0.0794, NRMSE: 0.0116, MAE: 0.0031
	Myeloid: RMSE: 0.1642, NRMSE: 0.0234, MAE: 0.0155
	Cancer Epithelial: RMSE: 0.3158, NRMSE: 0.0374, MAE: 0.0588
	PVL: RMSE: 0.0770, NRMSE: 0.0113, MAE: 0.0026
	B-cells: RMSE: 0.1233, NRMSE: 0.0171, MAE: 0.0075
	CAFs: RMSE: 0.2795, NRMSE: 0.0393, MAE: 0.0466

Overall RMSE statistics:
	Average RMSE: 0.1511
	Median RMSE:  0.1233

Overall NRMSE statistics:
	Average NRMSE: 0.0205
	Median NRMSE:  0.0171

Overall MAE statistics:
	Average MAE: 0.0172
	Median MAE:  0.0075
Per-cell type metrics saved to per_celltype_metrics.csv

=== RESULTS ===
Nuclei count correlation: 0.987
Proportion correlation: 0.456
