2026-02-13 12:03:30,995 - __main__ - INFO - ============================================================
2026-02-13 12:03:30,997 - __main__ - INFO - BENCHMARK: replicate=4, condition=high_seg, mode=dapi
2026-02-13 12:03:30,997 - __main__ - INFO - ============================================================
2026-02-13 12:03:31,021 - __main__ - INFO - Loading image: /ix1/alee/LO_LAB/Personal/Alexander_Chang/alc376/CITEgeist/Benchmarking/simulation_benchmarking/CITEgeist/high_seg/images/dapi/Wu_rep_4_cellpose.png
2026-02-13 12:03:31,859 - __main__ - INFO - Image shape: (8000, 8000, 3)
2026-02-13 12:03:31,860 - __main__ - INFO - Running Cellpose with model_type=nuclei
2026-02-13 12:03:45,532 - cellpose.models - WARNING - model_type argument is not used in v4.0.1+. Ignoring this argument...
2026-02-13 12:03:45,766 - cellpose.core - INFO - ** TORCH CUDA version installed and working. **
2026-02-13 12:03:45,766 - cellpose.core - INFO - >>>> using GPU (CUDA)
2026-02-13 12:03:46,926 - cellpose.models - INFO - >>>> loading model /ihome/alee/alc376/.cellpose/models/cpsam
2026-02-13 12:03:49,106 - cellpose.models - WARNING - channels deprecated in v4.0.1+. If data contain more than 3 channels, only the first 3 channels will be used
2026-02-13 12:03:49,132 - cellpose.transforms - INFO - processing image with (8000, 8000) HW, and 3 channels
2026-02-13 12:04:30,529 - __main__ - INFO - Detected 1096 nuclei in 58.7s
2026-02-13 12:04:30,764 - __main__ - INFO - Loaded ground truth counts: 956 spots, total 5000 cells
2026-02-13 12:04:30,767 - __main__ - INFO - Nuclei count correlation: -0.005
2026-02-13 12:04:30,768 - __main__ - INFO - Nuclei count RMSE: 5.15
2026-02-13 12:04:30,770 - __main__ - INFO - Loading h5ad files...
2026-02-13 12:04:32,606 - root - INFO - Logging initialized.
2026-02-13 12:04:32,617 - root - INFO - Discrete antibody preprocessing complete: Row sums range [28.70, 47.42], mean=38.33, std=2.62
2026-02-13 12:04:32,926 - root - INFO - Normalization stats:
2026-02-13 12:04:32,926 - root - INFO - Original median total: 40055403524.50
2026-02-13 12:04:32,941 - root - INFO - Mean scaled total: 9977.98
2026-02-13 12:04:32,952 - root - INFO - Max scaled value: 10000.00
2026-02-13 12:04:33,077 - root - INFO - Gene expression data normalized to 10000 counts per spot and validated for discrete count analysis.
Traceback (most recent call last):
  File "/ix1/alee/LO_LAB/Personal/Alexander_Chang/alc376/CITEgeist/Benchmarking/simulation_benchmarking/CITEgeist/src/benchmark_discrete_simulation.py", line 345, in <module>
    main()
  File "/ix1/alee/LO_LAB/Personal/Alexander_Chang/alc376/CITEgeist/Benchmarking/simulation_benchmarking/CITEgeist/src/benchmark_discrete_simulation.py", line 327, in main
    results = run_benchmark(
  File "/ix1/alee/LO_LAB/Personal/Alexander_Chang/alc376/CITEgeist/Benchmarking/simulation_benchmarking/CITEgeist/src/benchmark_discrete_simulation.py", line 262, in run_benchmark
    cell_counts = model.run_discrete_cell_assignment(
TypeError: CitegeistModel.run_discrete_cell_assignment() got an unexpected keyword argument 'max_iterations'
