2026-02-13 12:26:37,725 - __main__ - INFO - ============================================================
2026-02-13 12:26:37,728 - __main__ - INFO - BENCHMARK: replicate=2, condition=high_seg, mode=h_and_e
2026-02-13 12:26:37,728 - __main__ - INFO - ============================================================
2026-02-13 12:26:37,747 - __main__ - INFO - Loading image: /ix1/alee/LO_LAB/Personal/Alexander_Chang/alc376/CITEgeist/Benchmarking/simulation_benchmarking/CITEgeist/high_seg/images/h_and_e/Wu_rep_2_cellpose.png
2026-02-13 12:26:38,397 - __main__ - INFO - Image shape: (8000, 8000, 3)
2026-02-13 12:26:38,398 - __main__ - INFO - Running Cellpose with model_type=cyto2
2026-02-13 12:26:43,544 - cellpose.models - WARNING - model_type argument is not used in v4.0.1+. Ignoring this argument...
2026-02-13 12:26:43,748 - cellpose.core - INFO - ** TORCH CUDA version installed and working. **
2026-02-13 12:26:43,749 - cellpose.core - INFO - >>>> using GPU (CUDA)
2026-02-13 12:26:44,885 - cellpose.models - INFO - >>>> loading model /ihome/alee/alc376/.cellpose/models/cpsam
2026-02-13 12:26:45,215 - cellpose.models - WARNING - channels deprecated in v4.0.1+. If data contain more than 3 channels, only the first 3 channels will be used
2026-02-13 12:26:45,252 - cellpose.transforms - INFO - processing image with (8000, 8000) HW, and 3 channels
2026-02-13 12:27:23,693 - __main__ - INFO - Detected 4941 nuclei in 45.3s
2026-02-13 12:27:23,720 - __main__ - INFO - Loaded ground truth counts: 957 spots, total 5000 cells
2026-02-13 12:27:23,721 - __main__ - INFO - Nuclei count correlation: 0.115
2026-02-13 12:27:23,721 - __main__ - INFO - Nuclei count RMSE: 3.13
2026-02-13 12:27:23,722 - __main__ - INFO - Loading h5ad files...
2026-02-13 12:27:25,003 - root - INFO - Logging initialized.
2026-02-13 12:27:25,015 - root - INFO - Discrete antibody preprocessing complete: Row sums range [30.48, 47.95], mean=38.46, std=2.66
2026-02-13 12:27:25,338 - root - INFO - Normalization stats:
2026-02-13 12:27:25,338 - root - INFO - Original median total: 23475924785.00
2026-02-13 12:27:25,354 - root - INFO - Mean scaled total: 9977.79
2026-02-13 12:27:25,365 - root - INFO - Max scaled value: 10000.00
2026-02-13 12:27:25,490 - root - INFO - Gene expression data normalized to 10000 counts per spot and validated for discrete count analysis.
2026-02-13 12:27:25,491 - root - INFO - Mapped 18 markers to 9 cell types (preserving marker-level data)
2026-02-13 12:27:25,491 - root - INFO - Running discrete cell assignment: 957 spots, 18 markers, 9 cell types
2026-02-13 12:27:25,491 - root - INFO - Total nuclei: 3684, mean per spot: 3.85
2026-02-13 12:27:25,491 - root - INFO - Discrete cell assignment EM: 957 spots, 18 markers, 9 cell types
2026-02-13 12:27:25,491 - root - INFO - Total nuclei: 3684, mean per spot: 3.85
2026-02-13 12:27:25,492 - root - INFO - 
=== EM Iteration 1/20 ===
2026-02-13 12:27:25,497 - gurobipy - INFO - Set parameter LicenseID to value 276015
2026-02-13 12:27:25,497 - gurobipy - INFO - Set parameter GURO_PAR_SPECIAL
2026-02-13 12:27:25,497 - gurobipy - INFO - Set parameter TokenServer to value "license.crc.pitt.edu"
/ix1/alee/LO_LAB/Personal/Alexander_Chang/alc376/CITEgeist/CITEgeist/model/gurobi_impl.py:3365: RuntimeWarning: invalid value encountered in scalar divide
  loss_change = abs(prev_loss - loss) / max(abs(prev_loss), 1e-10)
2026-02-13 12:30:18,882 - root - INFO -   Loss: 1021.4089 (change: nan)
2026-02-13 12:30:18,882 - root - INFO -   Beta range: [0.241, 0.498]
2026-02-13 12:30:18,882 - root - INFO -   Max beta change: 0.759354
2026-02-13 12:30:18,882 - root - INFO -   Cell count range: [0, 11]
2026-02-13 12:30:18,882 - root - INFO -     B-cells: 347 cells (9.4%)
2026-02-13 12:30:18,882 - root - INFO -     CAFs: 379 cells (10.3%)
2026-02-13 12:30:18,882 - root - INFO -     Cancer Epithelial: 341 cells (9.3%)
2026-02-13 12:30:18,882 - root - INFO -     Endothelial: 426 cells (11.6%)
2026-02-13 12:30:18,882 - root - INFO -     Myeloid: 392 cells (10.6%)
2026-02-13 12:30:18,882 - root - INFO -     Normal Epithelial: 315 cells (8.6%)
2026-02-13 12:30:18,882 - root - INFO -     PVL: 493 cells (13.4%)
2026-02-13 12:30:18,883 - root - INFO -     Plasmablasts: 584 cells (15.9%)
2026-02-13 12:30:18,883 - root - INFO -     T-cells: 407 cells (11.0%)
2026-02-13 12:30:18,883 - root - INFO - 
=== EM Iteration 2/20 ===
2026-02-13 12:31:42,656 - root - INFO -   Loss: 539.1086 (change: 0.472191)
2026-02-13 12:31:42,805 - root - INFO -   Beta range: [0.224, 0.457]
2026-02-13 12:31:42,805 - root - INFO -   Max beta change: 0.040914
2026-02-13 12:31:42,805 - root - INFO -   Cell count range: [0, 11]
2026-02-13 12:31:42,805 - root - INFO -     B-cells: 344 cells (9.3%)
2026-02-13 12:31:42,805 - root - INFO -     CAFs: 410 cells (11.1%)
2026-02-13 12:31:42,805 - root - INFO -     Cancer Epithelial: 333 cells (9.0%)
2026-02-13 12:31:42,805 - root - INFO -     Endothelial: 388 cells (10.5%)
2026-02-13 12:31:42,805 - root - INFO -     Myeloid: 463 cells (12.6%)
2026-02-13 12:31:42,805 - root - INFO -     Normal Epithelial: 285 cells (7.7%)
2026-02-13 12:31:42,805 - root - INFO -     PVL: 497 cells (13.5%)
2026-02-13 12:31:42,805 - root - INFO -     Plasmablasts: 555 cells (15.1%)
2026-02-13 12:31:42,805 - root - INFO -     T-cells: 409 cells (11.1%)
2026-02-13 12:31:42,805 - root - INFO - 
=== EM Iteration 3/20 ===
2026-02-13 12:33:03,872 - root - INFO -   Loss: 533.1803 (change: 0.010997)
2026-02-13 12:33:03,892 - root - INFO -   Beta range: [0.218, 0.438]
2026-02-13 12:33:03,892 - root - INFO -   Max beta change: 0.019418
2026-02-13 12:33:03,892 - root - INFO -   Cell count range: [0, 11]
2026-02-13 12:33:03,892 - root - INFO -     B-cells: 348 cells (9.4%)
2026-02-13 12:33:03,892 - root - INFO -     CAFs: 421 cells (11.4%)
2026-02-13 12:33:03,892 - root - INFO -     Cancer Epithelial: 316 cells (8.6%)
2026-02-13 12:33:03,892 - root - INFO -     Endothelial: 376 cells (10.2%)
2026-02-13 12:33:03,892 - root - INFO -     Myeloid: 474 cells (12.9%)
2026-02-13 12:33:03,892 - root - INFO -     Normal Epithelial: 264 cells (7.2%)
2026-02-13 12:33:03,892 - root - INFO -     PVL: 519 cells (14.1%)
2026-02-13 12:33:03,892 - root - INFO -     Plasmablasts: 568 cells (15.4%)
2026-02-13 12:33:03,892 - root - INFO -     T-cells: 398 cells (10.8%)
2026-02-13 12:33:03,892 - root - INFO - 
=== EM Iteration 4/20 ===
2026-02-13 12:34:24,662 - root - INFO -   Loss: 526.4754 (change: 0.012575)
2026-02-13 12:34:24,663 - root - INFO -   Beta range: [0.212, 0.422]
2026-02-13 12:34:24,663 - root - INFO -   Max beta change: 0.023210
2026-02-13 12:34:24,663 - root - INFO -   Cell count range: [0, 11]
2026-02-13 12:34:24,663 - root - INFO -     B-cells: 359 cells (9.7%)
2026-02-13 12:34:24,663 - root - INFO -     CAFs: 436 cells (11.8%)
2026-02-13 12:34:24,663 - root - INFO -     Cancer Epithelial: 303 cells (8.2%)
2026-02-13 12:34:24,663 - root - INFO -     Endothelial: 360 cells (9.8%)
2026-02-13 12:34:24,663 - root - INFO -     Myeloid: 489 cells (13.3%)
2026-02-13 12:34:24,663 - root - INFO -     Normal Epithelial: 235 cells (6.4%)
2026-02-13 12:34:24,663 - root - INFO -     PVL: 531 cells (14.4%)
2026-02-13 12:34:24,663 - root - INFO -     Plasmablasts: 580 cells (15.7%)
2026-02-13 12:34:24,663 - root - INFO -     T-cells: 391 cells (10.6%)
2026-02-13 12:34:24,663 - root - INFO - 
=== EM Iteration 5/20 ===
2026-02-13 12:35:41,566 - root - INFO -   Loss: 519.9219 (change: 0.012448)
2026-02-13 12:35:41,567 - root - INFO -   Beta range: [0.209, 0.401]
2026-02-13 12:35:41,567 - root - INFO -   Max beta change: 0.026795
2026-02-13 12:35:41,567 - root - INFO -   Cell count range: [0, 11]
2026-02-13 12:35:41,567 - root - INFO -     B-cells: 373 cells (10.1%)
2026-02-13 12:35:41,567 - root - INFO -     CAFs: 453 cells (12.3%)
2026-02-13 12:35:41,567 - root - INFO -     Cancer Epithelial: 284 cells (7.7%)
2026-02-13 12:35:41,567 - root - INFO -     Endothelial: 333 cells (9.0%)
2026-02-13 12:35:41,567 - root - INFO -     Myeloid: 497 cells (13.5%)
2026-02-13 12:35:41,567 - root - INFO -     Normal Epithelial: 220 cells (6.0%)
2026-02-13 12:35:41,567 - root - INFO -     PVL: 540 cells (14.7%)
2026-02-13 12:35:41,567 - root - INFO -     Plasmablasts: 595 cells (16.2%)
2026-02-13 12:35:41,567 - root - INFO -     T-cells: 389 cells (10.6%)
2026-02-13 12:35:41,567 - root - INFO - 
=== EM Iteration 6/20 ===
2026-02-13 12:36:55,784 - root - INFO -   Loss: 519.9566 (change: 0.000067)
2026-02-13 12:36:55,784 - root - INFO -   Beta range: [0.206, 0.389]
2026-02-13 12:36:55,784 - root - INFO -   Max beta change: 0.020620
2026-02-13 12:36:55,784 - root - INFO -   Cell count range: [0, 11]
2026-02-13 12:36:55,784 - root - INFO -     B-cells: 388 cells (10.5%)
2026-02-13 12:36:55,784 - root - INFO -     CAFs: 473 cells (12.8%)
2026-02-13 12:36:55,784 - root - INFO -     Cancer Epithelial: 259 cells (7.0%)
2026-02-13 12:36:55,784 - root - INFO -     Endothelial: 318 cells (8.6%)
2026-02-13 12:36:55,784 - root - INFO -     Myeloid: 496 cells (13.5%)
2026-02-13 12:36:55,784 - root - INFO -     Normal Epithelial: 207 cells (5.6%)
2026-02-13 12:36:55,784 - root - INFO -     PVL: 547 cells (14.8%)
2026-02-13 12:36:55,784 - root - INFO -     Plasmablasts: 612 cells (16.6%)
2026-02-13 12:36:55,784 - root - INFO -     T-cells: 384 cells (10.4%)
2026-02-13 12:36:55,784 - root - WARNING - Loss increased from 519.9219 to 519.9566
2026-02-13 12:36:55,784 - root - INFO - 
=== EM Iteration 7/20 ===
2026-02-13 12:38:12,080 - root - INFO -   Loss: 520.0124 (change: 0.000107)
2026-02-13 12:38:12,080 - root - INFO -   Beta range: [0.203, 0.378]
2026-02-13 12:38:12,080 - root - INFO -   Max beta change: 0.020933
2026-02-13 12:38:12,080 - root - INFO -   Cell count range: [0, 11]
2026-02-13 12:38:12,080 - root - INFO -     B-cells: 402 cells (10.9%)
2026-02-13 12:38:12,080 - root - INFO -     CAFs: 477 cells (12.9%)
2026-02-13 12:38:12,081 - root - INFO -     Cancer Epithelial: 248 cells (6.7%)
2026-02-13 12:38:12,081 - root - INFO -     Endothelial: 314 cells (8.5%)
2026-02-13 12:38:12,081 - root - INFO -     Myeloid: 503 cells (13.7%)
2026-02-13 12:38:12,081 - root - INFO -     Normal Epithelial: 199 cells (5.4%)
2026-02-13 12:38:12,081 - root - INFO -     PVL: 559 cells (15.2%)
2026-02-13 12:38:12,081 - root - INFO -     Plasmablasts: 606 cells (16.4%)
2026-02-13 12:38:12,081 - root - INFO -     T-cells: 376 cells (10.2%)
2026-02-13 12:38:12,081 - root - WARNING - Loss increased from 519.9566 to 520.0124
2026-02-13 12:38:12,081 - root - INFO - 
=== EM Iteration 8/20 ===
2026-02-13 12:39:25,690 - root - INFO -   Loss: 527.7164 (change: 0.014815)
2026-02-13 12:39:25,691 - root - INFO -   Beta range: [0.201, 0.374]
2026-02-13 12:39:25,691 - root - INFO -   Max beta change: 0.021092
2026-02-13 12:39:25,691 - root - INFO -   Cell count range: [0, 11]
2026-02-13 12:39:25,691 - root - INFO -     B-cells: 409 cells (11.1%)
2026-02-13 12:39:25,691 - root - INFO -     CAFs: 482 cells (13.1%)
2026-02-13 12:39:25,691 - root - INFO -     Cancer Epithelial: 244 cells (6.6%)
2026-02-13 12:39:25,691 - root - INFO -     Endothelial: 302 cells (8.2%)
2026-02-13 12:39:25,691 - root - INFO -     Myeloid: 508 cells (13.8%)
2026-02-13 12:39:25,691 - root - INFO -     Normal Epithelial: 192 cells (5.2%)
2026-02-13 12:39:25,691 - root - INFO -     PVL: 574 cells (15.6%)
2026-02-13 12:39:25,691 - root - INFO -     Plasmablasts: 604 cells (16.4%)
2026-02-13 12:39:25,691 - root - INFO -     T-cells: 369 cells (10.0%)
2026-02-13 12:39:25,691 - root - WARNING - Loss increased from 520.0124 to 527.7164
2026-02-13 12:39:25,691 - root - INFO - 
=== EM Iteration 9/20 ===
2026-02-13 12:40:37,188 - root - INFO -   Loss: 559.5911 (change: 0.060401)
2026-02-13 12:40:37,188 - root - INFO -   Beta range: [0.200, 0.369]
2026-02-13 12:40:37,188 - root - INFO -   Max beta change: 0.041791
2026-02-13 12:40:37,188 - root - INFO -   Cell count range: [0, 11]
2026-02-13 12:40:37,188 - root - INFO -     B-cells: 417 cells (11.3%)
2026-02-13 12:40:37,188 - root - INFO -     CAFs: 491 cells (13.3%)
2026-02-13 12:40:37,188 - root - INFO -     Cancer Epithelial: 247 cells (6.7%)
2026-02-13 12:40:37,188 - root - INFO -     Endothelial: 284 cells (7.7%)
2026-02-13 12:40:37,188 - root - INFO -     Myeloid: 507 cells (13.8%)
2026-02-13 12:40:37,188 - root - INFO -     Normal Epithelial: 181 cells (4.9%)
2026-02-13 12:40:37,188 - root - INFO -     PVL: 590 cells (16.0%)
2026-02-13 12:40:37,188 - root - INFO -     Plasmablasts: 597 cells (16.2%)
2026-02-13 12:40:37,188 - root - INFO -     T-cells: 370 cells (10.0%)
2026-02-13 12:40:37,188 - root - WARNING - Loss increased from 527.7164 to 559.5911
2026-02-13 12:40:37,188 - root - INFO - 
=== EM Iteration 10/20 ===
2026-02-13 12:41:48,622 - root - INFO -   Loss: 654.1054 (change: 0.168899)
2026-02-13 12:41:48,623 - root - INFO -   Beta range: [0.201, 0.370]
2026-02-13 12:41:48,623 - root - INFO -   Max beta change: 0.051295
2026-02-13 12:41:48,623 - root - INFO -   Cell count range: [0, 11]
2026-02-13 12:41:48,623 - root - INFO -     B-cells: 420 cells (11.4%)
2026-02-13 12:41:48,623 - root - INFO -     CAFs: 497 cells (13.5%)
2026-02-13 12:41:48,623 - root - INFO -     Cancer Epithelial: 252 cells (6.8%)
2026-02-13 12:41:48,623 - root - INFO -     Endothelial: 264 cells (7.2%)
2026-02-13 12:41:48,623 - root - INFO -     Myeloid: 505 cells (13.7%)
2026-02-13 12:41:48,623 - root - INFO -     Normal Epithelial: 169 cells (4.6%)
2026-02-13 12:41:48,623 - root - INFO -     PVL: 605 cells (16.4%)
2026-02-13 12:41:48,623 - root - INFO -     Plasmablasts: 599 cells (16.3%)
2026-02-13 12:41:48,623 - root - INFO -     T-cells: 373 cells (10.1%)
2026-02-13 12:41:48,624 - root - WARNING - Loss increased from 559.5911 to 654.1054
2026-02-13 12:41:48,624 - root - INFO - 
=== EM Iteration 11/20 ===
2026-02-13 12:42:57,546 - root - INFO -   Loss: 749.6493 (change: 0.146068)
2026-02-13 12:42:57,549 - root - INFO -   Beta range: [0.202, 0.368]
2026-02-13 12:42:57,549 - root - INFO -   Max beta change: 0.048443
2026-02-13 12:42:57,549 - root - INFO -   Cell count range: [0, 11]
2026-02-13 12:42:57,549 - root - INFO -     B-cells: 426 cells (11.6%)
2026-02-13 12:42:57,549 - root - INFO -     CAFs: 495 cells (13.4%)
2026-02-13 12:42:57,549 - root - INFO -     Cancer Epithelial: 257 cells (7.0%)
2026-02-13 12:42:57,549 - root - INFO -     Endothelial: 252 cells (6.8%)
2026-02-13 12:42:57,549 - root - INFO -     Myeloid: 499 cells (13.5%)
2026-02-13 12:42:57,549 - root - INFO -     Normal Epithelial: 158 cells (4.3%)
2026-02-13 12:42:57,549 - root - INFO -     PVL: 620 cells (16.8%)
2026-02-13 12:42:57,549 - root - INFO -     Plasmablasts: 605 cells (16.4%)
2026-02-13 12:42:57,549 - root - INFO -     T-cells: 372 cells (10.1%)
2026-02-13 12:42:57,549 - root - WARNING - Loss increased from 654.1054 to 749.6493
2026-02-13 12:42:57,549 - root - INFO - 
=== EM Iteration 12/20 ===
2026-02-13 12:44:10,922 - root - INFO -   Loss: 804.9171 (change: 0.073725)
2026-02-13 12:44:10,931 - root - INFO -   Beta range: [0.200, 0.365]
2026-02-13 12:44:10,931 - root - INFO -   Max beta change: 0.024722
2026-02-13 12:44:10,931 - root - INFO -   Cell count range: [0, 11]
2026-02-13 12:44:10,931 - root - INFO -     B-cells: 434 cells (11.8%)
2026-02-13 12:44:10,931 - root - INFO -     CAFs: 497 cells (13.5%)
2026-02-13 12:44:10,931 - root - INFO -     Cancer Epithelial: 260 cells (7.1%)
2026-02-13 12:44:10,931 - root - INFO -     Endothelial: 245 cells (6.7%)
2026-02-13 12:44:10,931 - root - INFO -     Myeloid: 490 cells (13.3%)
2026-02-13 12:44:10,931 - root - INFO -     Normal Epithelial: 152 cells (4.1%)
2026-02-13 12:44:10,931 - root - INFO -     PVL: 627 cells (17.0%)
2026-02-13 12:44:10,931 - root - INFO -     Plasmablasts: 607 cells (16.5%)
2026-02-13 12:44:10,931 - root - INFO -     T-cells: 372 cells (10.1%)
2026-02-13 12:44:10,931 - root - WARNING - Loss increased from 749.6493 to 804.9171
2026-02-13 12:44:10,931 - root - INFO - 
=== EM Iteration 13/20 ===
2026-02-13 12:45:25,051 - root - INFO -   Loss: 836.7941 (change: 0.039603)
2026-02-13 12:45:25,051 - root - INFO -   Beta range: [0.190, 0.361]
2026-02-13 12:45:25,051 - root - INFO -   Max beta change: 0.016505
2026-02-13 12:45:25,051 - root - INFO -   Cell count range: [0, 11]
2026-02-13 12:45:25,051 - root - INFO -     B-cells: 436 cells (11.8%)
2026-02-13 12:45:25,052 - root - INFO -     CAFs: 496 cells (13.5%)
2026-02-13 12:45:25,052 - root - INFO -     Cancer Epithelial: 261 cells (7.1%)
2026-02-13 12:45:25,052 - root - INFO -     Endothelial: 235 cells (6.4%)
2026-02-13 12:45:25,052 - root - INFO -     Myeloid: 488 cells (13.2%)
2026-02-13 12:45:25,052 - root - INFO -     Normal Epithelial: 149 cells (4.0%)
2026-02-13 12:45:25,052 - root - INFO -     PVL: 637 cells (17.3%)
2026-02-13 12:45:25,052 - root - INFO -     Plasmablasts: 608 cells (16.5%)
2026-02-13 12:45:25,052 - root - INFO -     T-cells: 374 cells (10.2%)
2026-02-13 12:45:25,052 - root - WARNING - Loss increased from 804.9171 to 836.7941
2026-02-13 12:45:25,052 - root - INFO - 
=== EM Iteration 14/20 ===
2026-02-13 12:46:35,938 - root - INFO -   Loss: 855.1231 (change: 0.021904)
2026-02-13 12:46:35,938 - root - INFO -   Beta range: [0.185, 0.360]
2026-02-13 12:46:35,938 - root - INFO -   Max beta change: 0.012454
2026-02-13 12:46:35,938 - root - INFO -   Cell count range: [0, 11]
2026-02-13 12:46:35,938 - root - INFO -     B-cells: 439 cells (11.9%)
2026-02-13 12:46:35,938 - root - INFO -     CAFs: 499 cells (13.5%)
2026-02-13 12:46:35,938 - root - INFO -     Cancer Epithelial: 261 cells (7.1%)
2026-02-13 12:46:35,938 - root - INFO -     Endothelial: 224 cells (6.1%)
2026-02-13 12:46:35,938 - root - INFO -     Myeloid: 484 cells (13.1%)
2026-02-13 12:46:35,938 - root - INFO -     Normal Epithelial: 147 cells (4.0%)
2026-02-13 12:46:35,939 - root - INFO -     PVL: 650 cells (17.6%)
2026-02-13 12:46:35,939 - root - INFO -     Plasmablasts: 606 cells (16.4%)
2026-02-13 12:46:35,939 - root - INFO -     T-cells: 374 cells (10.2%)
2026-02-13 12:46:35,939 - root - WARNING - Loss increased from 836.7941 to 855.1231
2026-02-13 12:46:35,939 - root - INFO - 
=== EM Iteration 15/20 ===
2026-02-13 12:47:48,436 - root - INFO -   Loss: 871.3283 (change: 0.018951)
2026-02-13 12:47:48,437 - root - INFO -   Beta range: [0.180, 0.361]
2026-02-13 12:47:48,437 - root - INFO -   Max beta change: 0.038076
2026-02-13 12:47:48,437 - root - INFO -   Cell count range: [0, 11]
2026-02-13 12:47:48,437 - root - INFO -     B-cells: 438 cells (11.9%)
2026-02-13 12:47:48,437 - root - INFO -     CAFs: 499 cells (13.5%)
2026-02-13 12:47:48,437 - root - INFO -     Cancer Epithelial: 262 cells (7.1%)
2026-02-13 12:47:48,437 - root - INFO -     Endothelial: 217 cells (5.9%)
2026-02-13 12:47:48,437 - root - INFO -     Myeloid: 480 cells (13.0%)
2026-02-13 12:47:48,437 - root - INFO -     Normal Epithelial: 149 cells (4.0%)
2026-02-13 12:47:48,437 - root - INFO -     PVL: 663 cells (18.0%)
2026-02-13 12:47:48,437 - root - INFO -     Plasmablasts: 600 cells (16.3%)
2026-02-13 12:47:48,437 - root - INFO -     T-cells: 376 cells (10.2%)
2026-02-13 12:47:48,437 - root - WARNING - Loss increased from 855.1231 to 871.3283
2026-02-13 12:47:48,437 - root - INFO - 
=== EM Iteration 16/20 ===
2026-02-13 12:49:01,501 - root - INFO -   Loss: 883.1036 (change: 0.013514)
2026-02-13 12:49:01,502 - root - INFO -   Beta range: [0.180, 0.360]
2026-02-13 12:49:01,502 - root - INFO -   Max beta change: 0.014897
2026-02-13 12:49:01,502 - root - INFO -   Cell count range: [0, 11]
2026-02-13 12:49:01,502 - root - INFO -     B-cells: 439 cells (11.9%)
2026-02-13 12:49:01,502 - root - INFO -     CAFs: 500 cells (13.6%)
2026-02-13 12:49:01,502 - root - INFO -     Cancer Epithelial: 263 cells (7.1%)
2026-02-13 12:49:01,502 - root - INFO -     Endothelial: 207 cells (5.6%)
2026-02-13 12:49:01,502 - root - INFO -     Myeloid: 481 cells (13.1%)
2026-02-13 12:49:01,502 - root - INFO -     Normal Epithelial: 149 cells (4.0%)
2026-02-13 12:49:01,502 - root - INFO -     PVL: 675 cells (18.3%)
2026-02-13 12:49:01,502 - root - INFO -     Plasmablasts: 595 cells (16.2%)
2026-02-13 12:49:01,502 - root - INFO -     T-cells: 375 cells (10.2%)
2026-02-13 12:49:01,502 - root - WARNING - Loss increased from 871.3283 to 883.1036
2026-02-13 12:49:01,502 - root - INFO - 
=== EM Iteration 17/20 ===
2026-02-13 12:50:14,135 - root - INFO -   Loss: 881.5156 (change: 0.001798)
2026-02-13 12:50:14,136 - root - INFO -   Beta range: [0.180, 0.360]
2026-02-13 12:50:14,136 - root - INFO -   Max beta change: 0.005777
2026-02-13 12:50:14,136 - root - INFO -   Cell count range: [0, 11]
2026-02-13 12:50:14,136 - root - INFO -     B-cells: 433 cells (11.8%)
2026-02-13 12:50:14,136 - root - INFO -     CAFs: 498 cells (13.5%)
2026-02-13 12:50:14,136 - root - INFO -     Cancer Epithelial: 264 cells (7.2%)
2026-02-13 12:50:14,136 - root - INFO -     Endothelial: 207 cells (5.6%)
2026-02-13 12:50:14,136 - root - INFO -     Myeloid: 480 cells (13.0%)
2026-02-13 12:50:14,136 - root - INFO -     Normal Epithelial: 149 cells (4.0%)
2026-02-13 12:50:14,136 - root - INFO -     PVL: 688 cells (18.7%)
2026-02-13 12:50:14,136 - root - INFO -     Plasmablasts: 590 cells (16.0%)
2026-02-13 12:50:14,136 - root - INFO -     T-cells: 375 cells (10.2%)
2026-02-13 12:50:14,136 - root - INFO - 
=== EM Iteration 18/20 ===
2026-02-13 12:51:26,062 - root - INFO -   Loss: 882.9740 (change: 0.001654)
2026-02-13 12:51:26,063 - root - INFO -   Beta range: [0.180, 0.358]
2026-02-13 12:51:26,063 - root - INFO -   Max beta change: 0.006862
2026-02-13 12:51:26,064 - root - INFO -   Cell count range: [0, 11]
2026-02-13 12:51:26,064 - root - INFO -     B-cells: 431 cells (11.7%)
2026-02-13 12:51:26,064 - root - INFO -     CAFs: 496 cells (13.5%)
2026-02-13 12:51:26,064 - root - INFO -     Cancer Epithelial: 265 cells (7.2%)
2026-02-13 12:51:26,064 - root - INFO -     Endothelial: 210 cells (5.7%)
2026-02-13 12:51:26,064 - root - INFO -     Myeloid: 476 cells (12.9%)
2026-02-13 12:51:26,064 - root - INFO -     Normal Epithelial: 149 cells (4.0%)
2026-02-13 12:51:26,064 - root - INFO -     PVL: 698 cells (18.9%)
2026-02-13 12:51:26,064 - root - INFO -     Plasmablasts: 585 cells (15.9%)
2026-02-13 12:51:26,064 - root - INFO -     T-cells: 374 cells (10.2%)
2026-02-13 12:51:26,064 - root - WARNING - Loss increased from 881.5156 to 882.9740
2026-02-13 12:51:26,064 - root - INFO - 
=== EM Iteration 19/20 ===
2026-02-13 12:52:37,688 - root - INFO -   Loss: 886.3868 (change: 0.003865)
2026-02-13 12:52:37,688 - root - INFO -   Beta range: [0.180, 0.357]
2026-02-13 12:52:37,688 - root - INFO -   Max beta change: 0.009483
2026-02-13 12:52:37,688 - root - INFO -   Cell count range: [0, 11]
2026-02-13 12:52:37,688 - root - INFO -     B-cells: 431 cells (11.7%)
2026-02-13 12:52:37,688 - root - INFO -     CAFs: 497 cells (13.5%)
2026-02-13 12:52:37,688 - root - INFO -     Cancer Epithelial: 266 cells (7.2%)
2026-02-13 12:52:37,688 - root - INFO -     Endothelial: 209 cells (5.7%)
2026-02-13 12:52:37,688 - root - INFO -     Myeloid: 471 cells (12.8%)
2026-02-13 12:52:37,688 - root - INFO -     Normal Epithelial: 149 cells (4.0%)
2026-02-13 12:52:37,688 - root - INFO -     PVL: 706 cells (19.2%)
2026-02-13 12:52:37,688 - root - INFO -     Plasmablasts: 581 cells (15.8%)
2026-02-13 12:52:37,688 - root - INFO -     T-cells: 374 cells (10.2%)
2026-02-13 12:52:37,688 - root - WARNING - Loss increased from 882.9740 to 886.3868
2026-02-13 12:52:37,688 - root - INFO - 
=== EM Iteration 20/20 ===
2026-02-13 12:53:47,561 - root - INFO -   Loss: 887.5293 (change: 0.001289)
2026-02-13 12:53:47,563 - root - INFO -   Beta range: [0.180, 0.357]
2026-02-13 12:53:47,563 - root - INFO -   Max beta change: 0.010631
2026-02-13 12:53:47,563 - root - INFO -   Cell count range: [0, 11]
2026-02-13 12:53:47,563 - root - INFO -     B-cells: 430 cells (11.7%)
2026-02-13 12:53:47,563 - root - INFO -     CAFs: 497 cells (13.5%)
2026-02-13 12:53:47,563 - root - INFO -     Cancer Epithelial: 266 cells (7.2%)
2026-02-13 12:53:47,563 - root - INFO -     Endothelial: 209 cells (5.7%)
2026-02-13 12:53:47,563 - root - INFO -     Myeloid: 466 cells (12.6%)
2026-02-13 12:53:47,563 - root - INFO -     Normal Epithelial: 149 cells (4.0%)
2026-02-13 12:53:47,563 - root - INFO -     PVL: 716 cells (19.4%)
2026-02-13 12:53:47,563 - root - INFO -     Plasmablasts: 578 cells (15.7%)
2026-02-13 12:53:47,563 - root - INFO -     T-cells: 373 cells (10.1%)
2026-02-13 12:53:47,563 - root - WARNING - Loss increased from 886.3868 to 887.5293
2026-02-13 12:53:47,563 - root - INFO - 
Final beta values:
2026-02-13 12:53:47,563 - root - INFO -   B-cells_Protein_1: β=0.245, α=0.000
2026-02-13 12:53:47,563 - root - INFO -   B-cells_Protein_2: β=0.251, α=0.000
2026-02-13 12:53:47,563 - root - INFO -   CAFs_Protein_1: β=0.225, α=0.000
2026-02-13 12:53:47,563 - root - INFO -   CAFs_Protein_2: β=0.224, α=0.000
2026-02-13 12:53:47,563 - root - INFO -   Cancer Epithelial_Protein_1: β=0.357, α=0.000
2026-02-13 12:53:47,563 - root - INFO -   Cancer Epithelial_Protein_2: β=0.347, α=0.000
2026-02-13 12:53:47,563 - root - INFO -   Endothelial_Protein_1: β=0.291, α=0.219
2026-02-13 12:53:47,563 - root - INFO -   Endothelial_Protein_2: β=0.251, α=0.328
2026-02-13 12:53:47,563 - root - INFO -   Myeloid_Protein_1: β=0.214, α=0.000
2026-02-13 12:53:47,563 - root - INFO -   Myeloid_Protein_2: β=0.228, α=0.000
2026-02-13 12:53:47,563 - root - INFO -   Normal Epithelial_Protein_1: β=0.187, α=0.471
2026-02-13 12:53:47,563 - root - INFO -   Normal Epithelial_Protein_2: β=0.180, α=0.500
2026-02-13 12:53:47,563 - root - INFO -   PVL_Protein_1: β=0.305, α=0.030
2026-02-13 12:53:47,563 - root - INFO -   PVL_Protein_2: β=0.298, α=0.020
2026-02-13 12:53:47,563 - root - INFO -   Plasmablasts_Protein_1: β=0.275, α=0.000
2026-02-13 12:53:47,563 - root - INFO -   Plasmablasts_Protein_2: β=0.245, α=0.000
2026-02-13 12:53:47,563 - root - INFO -   T-cells_Protein_1: β=0.287, α=0.000
2026-02-13 12:53:47,563 - root - INFO -   T-cells_Protein_2: β=0.306, α=0.000
2026-02-13 12:53:47,612 - root - INFO - Saved discrete cell counts to Benchmarking/simulation_benchmarking/CITEgeist/output_discrete/high_seg/h_and_e/Wu_rep_2/Wu_rep_2_discrete_cell_counts.csv
2026-02-13 12:53:47,621 - root - INFO - Saved derived proportions to Benchmarking/simulation_benchmarking/CITEgeist/output_discrete/high_seg/h_and_e/Wu_rep_2/Wu_rep_2_cell_prop_discrete.csv
2026-02-13 12:53:47,621 - root - INFO - Cell type distribution:
2026-02-13 12:53:47,621 - root - INFO -   B-cells: 430 cells (11.7%)
2026-02-13 12:53:47,621 - root - INFO -   CAFs: 497 cells (13.5%)
2026-02-13 12:53:47,621 - root - INFO -   Cancer Epithelial: 266 cells (7.2%)
2026-02-13 12:53:47,621 - root - INFO -   Endothelial: 209 cells (5.7%)
2026-02-13 12:53:47,621 - root - INFO -   Myeloid: 466 cells (12.6%)
2026-02-13 12:53:47,621 - root - INFO -   Normal Epithelial: 149 cells (4.0%)
2026-02-13 12:53:47,621 - root - INFO -   PVL: 716 cells (19.4%)
2026-02-13 12:53:47,621 - root - INFO -   Plasmablasts: 578 cells (15.7%)
2026-02-13 12:53:47,621 - root - INFO -   T-cells: 373 cells (10.1%)
2026-02-13 12:53:47,692 - __main__ - INFO - Loaded ground truth proportions: 957 spots, 9 cell types
2026-02-13 12:53:47,693 - __main__ - INFO - Proportion correlation: 0.774
2026-02-13 12:53:47,693 - __main__ - INFO - Proportion RMSE: 0.1738
2026-02-13 12:53:47,713 - __main__ - INFO - Results saved to Benchmarking/simulation_benchmarking/CITEgeist/output_discrete/high_seg/h_and_e/Wu_rep_2
