2026-02-12 17:40:07,670 - __main__ - INFO - ============================================================
2026-02-12 17:40:07,674 - __main__ - INFO - BENCHMARK: replicate=4, condition=high_seg, mode=h_and_e
2026-02-12 17:40:07,674 - __main__ - INFO - ============================================================
2026-02-12 17:40:07,701 - __main__ - INFO - Loading image: /ix1/alee/LO_LAB/Personal/Alexander_Chang/alc376/CITEgeist/Benchmarking/simulation_benchmarking/CITEgeist/high_seg/images/h_and_e/Wu_rep_4_cellpose.png
2026-02-12 17:40:08,339 - __main__ - INFO - Image shape: (8000, 8000, 3)
2026-02-12 17:40:08,340 - __main__ - INFO - Running Cellpose with model_type=cyto2
2026-02-12 17:40:19,662 - cellpose.models - WARNING - model_type argument is not used in v4.0.1+. Ignoring this argument...
2026-02-12 17:40:19,864 - cellpose.core - INFO - ** TORCH CUDA version installed and working. **
2026-02-12 17:40:19,864 - cellpose.core - INFO - >>>> using GPU (CUDA)
2026-02-12 17:40:20,984 - cellpose.models - INFO - >>>> loading model /ihome/alee/alc376/.cellpose/models/cpsam
2026-02-12 17:40:21,402 - cellpose.models - WARNING - channels deprecated in v4.0.1+. If data contain more than 3 channels, only the first 3 channels will be used
2026-02-12 17:40:21,439 - cellpose.transforms - INFO - processing image with (8000, 8000) HW, and 3 channels
2026-02-12 17:40:59,397 - __main__ - INFO - Detected 4963 nuclei in 51.0s
2026-02-12 17:40:59,447 - __main__ - INFO - Loaded ground truth counts: 956 spots, total 5000 cells
2026-02-12 17:40:59,449 - __main__ - INFO - Nuclei count correlation: 0.055
2026-02-12 17:40:59,449 - __main__ - INFO - Nuclei count RMSE: 3.26
2026-02-12 17:40:59,449 - __main__ - INFO - Loading h5ad files...
2026-02-12 17:41:00,674 - root - INFO - Logging initialized.
2026-02-12 17:41:00,686 - root - INFO - Discrete antibody preprocessing complete: Row sums range [28.70, 47.42], mean=38.33, std=2.62
2026-02-12 17:41:00,996 - root - INFO - Normalization stats:
2026-02-12 17:41:00,996 - root - INFO - Original median total: 40055403524.50
2026-02-12 17:41:01,012 - root - INFO - Mean scaled total: 9977.98
2026-02-12 17:41:01,022 - root - INFO - Max scaled value: 10000.00
2026-02-12 17:41:01,148 - root - INFO - Gene expression data normalized to 10000 counts per spot and validated for discrete count analysis.
Traceback (most recent call last):
  File "/ix1/alee/LO_LAB/Personal/Alexander_Chang/alc376/CITEgeist/Benchmarking/simulation_benchmarking/CITEgeist/src/benchmark_discrete_simulation.py", line 344, in <module>
    main()
  File "/ix1/alee/LO_LAB/Personal/Alexander_Chang/alc376/CITEgeist/Benchmarking/simulation_benchmarking/CITEgeist/src/benchmark_discrete_simulation.py", line 326, in main
    results = run_benchmark(
  File "/ix1/alee/LO_LAB/Personal/Alexander_Chang/alc376/CITEgeist/Benchmarking/simulation_benchmarking/CITEgeist/src/benchmark_discrete_simulation.py", line 257, in run_benchmark
    model.load_cell_profile_dict(SIMULATION_CELL_PROFILE_DICT)
  File "/ix1/alee/LO_LAB/Personal/Alexander_Chang/alc376/CITEgeist/CITEgeist/model/citegeist_model.py", line 271, in load_cell_profile_dict
    raise ValueError("Invalid cell_profile_dict format.")
ValueError: Invalid cell_profile_dict format.
