2026-02-13 12:57:48,722 - __main__ - INFO - ============================================================
2026-02-13 12:57:48,722 - __main__ - INFO - BENCHMARK: replicate=3, condition=mixed, mode=h_and_e
2026-02-13 12:57:48,722 - __main__ - INFO - ============================================================
2026-02-13 12:57:48,735 - __main__ - INFO - Loading image: /ix1/alee/LO_LAB/Personal/Alexander_Chang/alc376/CITEgeist/Benchmarking/simulation_benchmarking/CITEgeist/mixed/images/h_and_e/Wu_rep_3_cellpose.png
2026-02-13 12:57:49,420 - __main__ - INFO - Image shape: (8000, 8000, 3)
2026-02-13 12:57:49,421 - __main__ - INFO - Running Cellpose with model_type=cyto2
2026-02-13 12:57:52,877 - cellpose.models - WARNING - model_type argument is not used in v4.0.1+. Ignoring this argument...
2026-02-13 12:57:53,072 - cellpose.core - INFO - ** TORCH CUDA version installed and working. **
2026-02-13 12:57:53,072 - cellpose.core - INFO - >>>> using GPU (CUDA)
2026-02-13 12:57:54,211 - cellpose.models - INFO - >>>> loading model /ihome/alee/alc376/.cellpose/models/cpsam
2026-02-13 12:57:54,504 - cellpose.models - WARNING - channels deprecated in v4.0.1+. If data contain more than 3 channels, only the first 3 channels will be used
2026-02-13 12:57:54,541 - cellpose.transforms - INFO - processing image with (8000, 8000) HW, and 3 channels
2026-02-13 12:58:32,692 - __main__ - INFO - Detected 4955 nuclei in 43.3s
2026-02-13 12:58:32,900 - __main__ - INFO - Loaded ground truth counts: 956 spots, total 5000 cells
2026-02-13 12:58:32,901 - __main__ - INFO - Nuclei count correlation: 0.073
2026-02-13 12:58:32,902 - __main__ - INFO - Nuclei count RMSE: 3.31
2026-02-13 12:58:32,920 - __main__ - INFO - Loading h5ad files...
2026-02-13 12:58:35,689 - root - INFO - Logging initialized.
2026-02-13 12:58:35,700 - root - INFO - Discrete antibody preprocessing complete: Row sums range [30.81, 48.52], mean=39.75, std=2.82
2026-02-13 12:58:36,013 - root - INFO - Normalization stats:
2026-02-13 12:58:36,013 - root - INFO - Original median total: 52549287164.00
2026-02-13 12:58:36,029 - root - INFO - Mean scaled total: 9979.76
2026-02-13 12:58:36,040 - root - INFO - Max scaled value: 10000.00
2026-02-13 12:58:36,166 - root - INFO - Gene expression data normalized to 10000 counts per spot and validated for discrete count analysis.
2026-02-13 12:58:36,168 - root - INFO - Mapped 18 markers to 9 cell types (preserving marker-level data)
2026-02-13 12:58:36,168 - root - INFO - Running discrete cell assignment: 956 spots, 18 markers, 9 cell types
2026-02-13 12:58:36,168 - root - INFO - Total nuclei: 3667, mean per spot: 3.84
2026-02-13 12:58:36,168 - root - INFO - Discrete cell assignment EM: 956 spots, 18 markers, 9 cell types
2026-02-13 12:58:36,168 - root - INFO - Total nuclei: 3667, mean per spot: 3.84
2026-02-13 12:58:36,169 - root - INFO - 
=== EM Iteration 1/20 ===
2026-02-13 12:58:36,179 - gurobipy - INFO - Set parameter LicenseID to value 276015
2026-02-13 12:58:36,179 - gurobipy - INFO - Set parameter GURO_PAR_SPECIAL
2026-02-13 12:58:36,179 - gurobipy - INFO - Set parameter TokenServer to value "license.crc.pitt.edu"
/ix1/alee/LO_LAB/Personal/Alexander_Chang/alc376/CITEgeist/CITEgeist/model/gurobi_impl.py:3365: RuntimeWarning: invalid value encountered in scalar divide
  loss_change = abs(prev_loss - loss) / max(abs(prev_loss), 1e-10)
2026-02-13 13:01:18,687 - root - INFO -   Loss: 1311.9257 (change: nan)
2026-02-13 13:01:18,687 - root - INFO -   Beta range: [0.329, 0.513]
2026-02-13 13:01:18,687 - root - INFO -   Max beta change: 0.671285
2026-02-13 13:01:18,687 - root - INFO -   Cell count range: [0, 11]
2026-02-13 13:01:18,687 - root - INFO -     B-cells: 316 cells (8.6%)
2026-02-13 13:01:18,687 - root - INFO -     CAFs: 513 cells (14.0%)
2026-02-13 13:01:18,687 - root - INFO -     Cancer Epithelial: 584 cells (15.9%)
2026-02-13 13:01:18,687 - root - INFO -     Endothelial: 389 cells (10.6%)
2026-02-13 13:01:18,687 - root - INFO -     Myeloid: 359 cells (9.8%)
2026-02-13 13:01:18,687 - root - INFO -     Normal Epithelial: 392 cells (10.7%)
2026-02-13 13:01:18,687 - root - INFO -     PVL: 373 cells (10.2%)
2026-02-13 13:01:18,687 - root - INFO -     Plasmablasts: 397 cells (10.8%)
2026-02-13 13:01:18,687 - root - INFO -     T-cells: 344 cells (9.4%)
2026-02-13 13:01:18,688 - root - INFO - 
=== EM Iteration 2/20 ===
2026-02-13 13:03:06,186 - root - INFO -   Loss: 1121.7733 (change: 0.144941)
2026-02-13 13:03:06,187 - root - INFO -   Beta range: [0.284, 0.489]
2026-02-13 13:03:06,187 - root - INFO -   Max beta change: 0.045505
2026-02-13 13:03:06,187 - root - INFO -   Cell count range: [0, 11]
2026-02-13 13:03:06,187 - root - INFO -     B-cells: 321 cells (8.8%)
2026-02-13 13:03:06,187 - root - INFO -     CAFs: 503 cells (13.7%)
2026-02-13 13:03:06,187 - root - INFO -     Cancer Epithelial: 568 cells (15.5%)
2026-02-13 13:03:06,187 - root - INFO -     Endothelial: 382 cells (10.4%)
2026-02-13 13:03:06,187 - root - INFO -     Myeloid: 331 cells (9.0%)
2026-02-13 13:03:06,187 - root - INFO -     Normal Epithelial: 392 cells (10.7%)
2026-02-13 13:03:06,187 - root - INFO -     PVL: 395 cells (10.8%)
2026-02-13 13:03:06,187 - root - INFO -     Plasmablasts: 426 cells (11.6%)
2026-02-13 13:03:06,187 - root - INFO -     T-cells: 349 cells (9.5%)
2026-02-13 13:03:06,187 - root - INFO - 
=== EM Iteration 3/20 ===
2026-02-13 13:04:46,085 - root - INFO -   Loss: 1107.8748 (change: 0.012390)
2026-02-13 13:04:46,150 - root - INFO -   Beta range: [0.267, 0.474]
2026-02-13 13:04:46,150 - root - INFO -   Max beta change: 0.018464
2026-02-13 13:04:46,150 - root - INFO -   Cell count range: [0, 11]
2026-02-13 13:04:46,150 - root - INFO -     B-cells: 312 cells (8.5%)
2026-02-13 13:04:46,150 - root - INFO -     CAFs: 511 cells (13.9%)
2026-02-13 13:04:46,150 - root - INFO -     Cancer Epithelial: 574 cells (15.7%)
2026-02-13 13:04:46,150 - root - INFO -     Endothelial: 384 cells (10.5%)
2026-02-13 13:04:46,150 - root - INFO -     Myeloid: 309 cells (8.4%)
2026-02-13 13:04:46,150 - root - INFO -     Normal Epithelial: 392 cells (10.7%)
2026-02-13 13:04:46,150 - root - INFO -     PVL: 405 cells (11.0%)
2026-02-13 13:04:46,150 - root - INFO -     Plasmablasts: 434 cells (11.8%)
2026-02-13 13:04:46,150 - root - INFO -     T-cells: 346 cells (9.4%)
2026-02-13 13:04:46,150 - root - INFO - 
=== EM Iteration 4/20 ===
2026-02-13 13:06:29,242 - root - INFO -   Loss: 1098.0755 (change: 0.008845)
2026-02-13 13:06:29,256 - root - INFO -   Beta range: [0.256, 0.465]
2026-02-13 13:06:29,256 - root - INFO -   Max beta change: 0.026768
2026-02-13 13:06:29,256 - root - INFO -   Cell count range: [0, 11]
2026-02-13 13:06:29,256 - root - INFO -     B-cells: 305 cells (8.3%)
2026-02-13 13:06:29,256 - root - INFO -     CAFs: 513 cells (14.0%)
2026-02-13 13:06:29,256 - root - INFO -     Cancer Epithelial: 574 cells (15.7%)
2026-02-13 13:06:29,256 - root - INFO -     Endothelial: 387 cells (10.6%)
2026-02-13 13:06:29,256 - root - INFO -     Myeloid: 290 cells (7.9%)
2026-02-13 13:06:29,256 - root - INFO -     Normal Epithelial: 393 cells (10.7%)
2026-02-13 13:06:29,256 - root - INFO -     PVL: 407 cells (11.1%)
2026-02-13 13:06:29,256 - root - INFO -     Plasmablasts: 454 cells (12.4%)
2026-02-13 13:06:29,256 - root - INFO -     T-cells: 344 cells (9.4%)
2026-02-13 13:06:29,256 - root - INFO - 
=== EM Iteration 5/20 ===
2026-02-13 13:08:11,132 - root - INFO -   Loss: 1089.0948 (change: 0.008179)
2026-02-13 13:08:11,142 - root - INFO -   Beta range: [0.252, 0.459]
2026-02-13 13:08:11,142 - root - INFO -   Max beta change: 0.011257
2026-02-13 13:08:11,142 - root - INFO -   Cell count range: [0, 11]
2026-02-13 13:08:11,142 - root - INFO -     B-cells: 300 cells (8.2%)
2026-02-13 13:08:11,142 - root - INFO -     CAFs: 514 cells (14.0%)
2026-02-13 13:08:11,142 - root - INFO -     Cancer Epithelial: 570 cells (15.5%)
2026-02-13 13:08:11,142 - root - INFO -     Endothelial: 391 cells (10.7%)
2026-02-13 13:08:11,142 - root - INFO -     Myeloid: 270 cells (7.4%)
2026-02-13 13:08:11,142 - root - INFO -     Normal Epithelial: 396 cells (10.8%)
2026-02-13 13:08:11,142 - root - INFO -     PVL: 414 cells (11.3%)
2026-02-13 13:08:11,142 - root - INFO -     Plasmablasts: 467 cells (12.7%)
2026-02-13 13:08:11,142 - root - INFO -     T-cells: 345 cells (9.4%)
2026-02-13 13:08:11,142 - root - INFO - 
=== EM Iteration 6/20 ===
2026-02-13 13:09:49,557 - root - INFO -   Loss: 1083.7220 (change: 0.004933)
2026-02-13 13:09:49,558 - root - INFO -   Beta range: [0.247, 0.456]
2026-02-13 13:09:49,558 - root - INFO -   Max beta change: 0.011317
2026-02-13 13:09:49,558 - root - INFO -   Cell count range: [0, 11]
2026-02-13 13:09:49,558 - root - INFO -     B-cells: 295 cells (8.0%)
2026-02-13 13:09:49,558 - root - INFO -     CAFs: 508 cells (13.9%)
2026-02-13 13:09:49,558 - root - INFO -     Cancer Epithelial: 567 cells (15.5%)
2026-02-13 13:09:49,558 - root - INFO -     Endothelial: 395 cells (10.8%)
2026-02-13 13:09:49,558 - root - INFO -     Myeloid: 250 cells (6.8%)
2026-02-13 13:09:49,558 - root - INFO -     Normal Epithelial: 401 cells (10.9%)
2026-02-13 13:09:49,558 - root - INFO -     PVL: 427 cells (11.6%)
2026-02-13 13:09:49,558 - root - INFO -     Plasmablasts: 478 cells (13.0%)
2026-02-13 13:09:49,558 - root - INFO -     T-cells: 346 cells (9.4%)
2026-02-13 13:09:49,558 - root - INFO - 
=== EM Iteration 7/20 ===
2026-02-13 13:11:27,492 - root - INFO -   Loss: 1083.2411 (change: 0.000444)
2026-02-13 13:11:27,495 - root - INFO -   Beta range: [0.242, 0.453]
2026-02-13 13:11:27,495 - root - INFO -   Max beta change: 0.021512
2026-02-13 13:11:27,495 - root - INFO -   Cell count range: [0, 11]
2026-02-13 13:11:27,495 - root - INFO -     B-cells: 295 cells (8.0%)
2026-02-13 13:11:27,495 - root - INFO -     CAFs: 503 cells (13.7%)
2026-02-13 13:11:27,495 - root - INFO -     Cancer Epithelial: 566 cells (15.4%)
2026-02-13 13:11:27,495 - root - INFO -     Endothelial: 401 cells (10.9%)
2026-02-13 13:11:27,495 - root - INFO -     Myeloid: 230 cells (6.3%)
2026-02-13 13:11:27,495 - root - INFO -     Normal Epithelial: 406 cells (11.1%)
2026-02-13 13:11:27,495 - root - INFO -     PVL: 437 cells (11.9%)
2026-02-13 13:11:27,495 - root - INFO -     Plasmablasts: 483 cells (13.2%)
2026-02-13 13:11:27,495 - root - INFO -     T-cells: 346 cells (9.4%)
2026-02-13 13:11:27,495 - root - INFO - 
=== EM Iteration 8/20 ===
2026-02-13 13:13:07,746 - root - INFO -   Loss: 1085.7850 (change: 0.002348)
2026-02-13 13:13:07,747 - root - INFO -   Beta range: [0.236, 0.467]
2026-02-13 13:13:07,747 - root - INFO -   Max beta change: 0.026862
2026-02-13 13:13:07,747 - root - INFO -   Cell count range: [0, 11]
2026-02-13 13:13:07,747 - root - INFO -     B-cells: 295 cells (8.0%)
2026-02-13 13:13:07,747 - root - INFO -     CAFs: 500 cells (13.6%)
2026-02-13 13:13:07,747 - root - INFO -     Cancer Epithelial: 563 cells (15.4%)
2026-02-13 13:13:07,747 - root - INFO -     Endothelial: 405 cells (11.0%)
2026-02-13 13:13:07,747 - root - INFO -     Myeloid: 215 cells (5.9%)
2026-02-13 13:13:07,747 - root - INFO -     Normal Epithelial: 408 cells (11.1%)
2026-02-13 13:13:07,747 - root - INFO -     PVL: 445 cells (12.1%)
2026-02-13 13:13:07,747 - root - INFO -     Plasmablasts: 487 cells (13.3%)
2026-02-13 13:13:07,747 - root - INFO -     T-cells: 349 cells (9.5%)
2026-02-13 13:13:07,747 - root - WARNING - Loss increased from 1083.2411 to 1085.7850
2026-02-13 13:13:07,747 - root - INFO - 
=== EM Iteration 9/20 ===
2026-02-13 13:14:48,285 - root - INFO -   Loss: 1085.1705 (change: 0.000566)
2026-02-13 13:14:48,294 - root - INFO -   Beta range: [0.231, 0.505]
2026-02-13 13:14:48,295 - root - INFO -   Max beta change: 0.038565
2026-02-13 13:14:48,295 - root - INFO -   Cell count range: [0, 11]
2026-02-13 13:14:48,295 - root - INFO -     B-cells: 295 cells (8.0%)
2026-02-13 13:14:48,295 - root - INFO -     CAFs: 495 cells (13.5%)
2026-02-13 13:14:48,295 - root - INFO -     Cancer Epithelial: 562 cells (15.3%)
2026-02-13 13:14:48,295 - root - INFO -     Endothelial: 408 cells (11.1%)
2026-02-13 13:14:48,295 - root - INFO -     Myeloid: 203 cells (5.5%)
2026-02-13 13:14:48,295 - root - INFO -     Normal Epithelial: 413 cells (11.3%)
2026-02-13 13:14:48,295 - root - INFO -     PVL: 454 cells (12.4%)
2026-02-13 13:14:48,295 - root - INFO -     Plasmablasts: 487 cells (13.3%)
2026-02-13 13:14:48,295 - root - INFO -     T-cells: 350 cells (9.5%)
2026-02-13 13:14:48,295 - root - INFO - 
=== EM Iteration 10/20 ===
2026-02-13 13:16:23,242 - root - INFO -   Loss: 1082.7730 (change: 0.002209)
2026-02-13 13:16:23,244 - root - INFO -   Beta range: [0.226, 0.542]
2026-02-13 13:16:23,244 - root - INFO -   Max beta change: 0.036813
2026-02-13 13:16:23,244 - root - INFO -   Cell count range: [0, 11]
2026-02-13 13:16:23,244 - root - INFO -     B-cells: 294 cells (8.0%)
2026-02-13 13:16:23,244 - root - INFO -     CAFs: 491 cells (13.4%)
2026-02-13 13:16:23,244 - root - INFO -     Cancer Epithelial: 559 cells (15.2%)
2026-02-13 13:16:23,244 - root - INFO -     Endothelial: 411 cells (11.2%)
2026-02-13 13:16:23,244 - root - INFO -     Myeloid: 200 cells (5.5%)
2026-02-13 13:16:23,244 - root - INFO -     Normal Epithelial: 409 cells (11.2%)
2026-02-13 13:16:23,244 - root - INFO -     PVL: 463 cells (12.6%)
2026-02-13 13:16:23,244 - root - INFO -     Plasmablasts: 489 cells (13.3%)
2026-02-13 13:16:23,245 - root - INFO -     T-cells: 351 cells (9.6%)
2026-02-13 13:16:23,245 - root - INFO - 
=== EM Iteration 11/20 ===
2026-02-13 13:18:00,681 - root - INFO -   Loss: 1087.7450 (change: 0.004592)
2026-02-13 13:18:00,690 - root - INFO -   Beta range: [0.216, 0.572]
2026-02-13 13:18:00,690 - root - INFO -   Max beta change: 0.029484
2026-02-13 13:18:00,690 - root - INFO -   Cell count range: [0, 11]
2026-02-13 13:18:00,690 - root - INFO -     B-cells: 292 cells (8.0%)
2026-02-13 13:18:00,690 - root - INFO -     CAFs: 491 cells (13.4%)
2026-02-13 13:18:00,690 - root - INFO -     Cancer Epithelial: 560 cells (15.3%)
2026-02-13 13:18:00,690 - root - INFO -     Endothelial: 415 cells (11.3%)
2026-02-13 13:18:00,690 - root - INFO -     Myeloid: 203 cells (5.5%)
2026-02-13 13:18:00,690 - root - INFO -     Normal Epithelial: 401 cells (10.9%)
2026-02-13 13:18:00,690 - root - INFO -     PVL: 467 cells (12.7%)
2026-02-13 13:18:00,690 - root - INFO -     Plasmablasts: 489 cells (13.3%)
2026-02-13 13:18:00,690 - root - INFO -     T-cells: 349 cells (9.5%)
2026-02-13 13:18:00,690 - root - WARNING - Loss increased from 1082.7730 to 1087.7450
2026-02-13 13:18:00,690 - root - INFO - 
=== EM Iteration 12/20 ===
2026-02-13 13:19:39,346 - root - INFO -   Loss: 1082.3294 (change: 0.004979)
2026-02-13 13:19:39,352 - root - INFO -   Beta range: [0.200, 0.593]
2026-02-13 13:19:39,352 - root - INFO -   Max beta change: 0.021361
2026-02-13 13:19:39,352 - root - INFO -   Cell count range: [0, 11]
2026-02-13 13:19:39,352 - root - INFO -     B-cells: 292 cells (8.0%)
2026-02-13 13:19:39,352 - root - INFO -     CAFs: 487 cells (13.3%)
2026-02-13 13:19:39,352 - root - INFO -     Cancer Epithelial: 555 cells (15.1%)
2026-02-13 13:19:39,352 - root - INFO -     Endothelial: 409 cells (11.2%)
2026-02-13 13:19:39,352 - root - INFO -     Myeloid: 212 cells (5.8%)
2026-02-13 13:19:39,352 - root - INFO -     Normal Epithelial: 402 cells (11.0%)
2026-02-13 13:19:39,352 - root - INFO -     PVL: 472 cells (12.9%)
2026-02-13 13:19:39,352 - root - INFO -     Plasmablasts: 491 cells (13.4%)
2026-02-13 13:19:39,352 - root - INFO -     T-cells: 347 cells (9.5%)
2026-02-13 13:19:39,352 - root - INFO - 
=== EM Iteration 13/20 ===
2026-02-13 13:21:17,008 - root - INFO -   Loss: 1067.1328 (change: 0.014041)
2026-02-13 13:21:17,009 - root - INFO -   Beta range: [0.181, 0.586]
2026-02-13 13:21:17,009 - root - INFO -   Max beta change: 0.020111
2026-02-13 13:21:17,010 - root - INFO -   Cell count range: [0, 11]
2026-02-13 13:21:17,010 - root - INFO -     B-cells: 291 cells (7.9%)
2026-02-13 13:21:17,010 - root - INFO -     CAFs: 483 cells (13.2%)
2026-02-13 13:21:17,010 - root - INFO -     Cancer Epithelial: 544 cells (14.8%)
2026-02-13 13:21:17,010 - root - INFO -     Endothelial: 411 cells (11.2%)
2026-02-13 13:21:17,010 - root - INFO -     Myeloid: 225 cells (6.1%)
2026-02-13 13:21:17,010 - root - INFO -     Normal Epithelial: 390 cells (10.6%)
2026-02-13 13:21:17,010 - root - INFO -     PVL: 476 cells (13.0%)
2026-02-13 13:21:17,010 - root - INFO -     Plasmablasts: 501 cells (13.7%)
2026-02-13 13:21:17,010 - root - INFO -     T-cells: 346 cells (9.4%)
2026-02-13 13:21:17,010 - root - INFO - 
=== EM Iteration 14/20 ===
2026-02-13 13:22:54,986 - root - INFO -   Loss: 1055.4819 (change: 0.010918)
2026-02-13 13:22:55,409 - root - INFO -   Beta range: [0.159, 0.584]
2026-02-13 13:22:55,409 - root - INFO -   Max beta change: 0.021579
2026-02-13 13:22:55,409 - root - INFO -   Cell count range: [0, 11]
2026-02-13 13:22:55,409 - root - INFO -     B-cells: 291 cells (7.9%)
2026-02-13 13:22:55,409 - root - INFO -     CAFs: 471 cells (12.8%)
2026-02-13 13:22:55,409 - root - INFO -     Cancer Epithelial: 528 cells (14.4%)
2026-02-13 13:22:55,409 - root - INFO -     Endothelial: 418 cells (11.4%)
2026-02-13 13:22:55,409 - root - INFO -     Myeloid: 228 cells (6.2%)
2026-02-13 13:22:55,409 - root - INFO -     Normal Epithelial: 389 cells (10.6%)
2026-02-13 13:22:55,409 - root - INFO -     PVL: 480 cells (13.1%)
2026-02-13 13:22:55,409 - root - INFO -     Plasmablasts: 517 cells (14.1%)
2026-02-13 13:22:55,409 - root - INFO -     T-cells: 345 cells (9.4%)
2026-02-13 13:22:55,409 - root - INFO - 
=== EM Iteration 15/20 ===
2026-02-13 13:24:34,622 - root - INFO -   Loss: 1046.8209 (change: 0.008206)
2026-02-13 13:24:34,622 - root - INFO -   Beta range: [0.139, 0.584]
2026-02-13 13:24:34,622 - root - INFO -   Max beta change: 0.025646
2026-02-13 13:24:34,622 - root - INFO -   Cell count range: [0, 11]
2026-02-13 13:24:34,622 - root - INFO -     B-cells: 292 cells (8.0%)
2026-02-13 13:24:34,622 - root - INFO -     CAFs: 461 cells (12.6%)
2026-02-13 13:24:34,622 - root - INFO -     Cancer Epithelial: 507 cells (13.8%)
2026-02-13 13:24:34,622 - root - INFO -     Endothelial: 427 cells (11.6%)
2026-02-13 13:24:34,622 - root - INFO -     Myeloid: 229 cells (6.2%)
2026-02-13 13:24:34,622 - root - INFO -     Normal Epithelial: 387 cells (10.6%)
2026-02-13 13:24:34,622 - root - INFO -     PVL: 490 cells (13.4%)
2026-02-13 13:24:34,622 - root - INFO -     Plasmablasts: 527 cells (14.4%)
2026-02-13 13:24:34,622 - root - INFO -     T-cells: 347 cells (9.5%)
2026-02-13 13:24:34,622 - root - INFO - 
=== EM Iteration 16/20 ===
2026-02-13 13:26:10,906 - root - INFO -   Loss: 1059.0100 (change: 0.011644)
2026-02-13 13:26:10,908 - root - INFO -   Beta range: [0.182, 0.583]
2026-02-13 13:26:10,908 - root - INFO -   Max beta change: 0.042672
2026-02-13 13:26:10,908 - root - INFO -   Cell count range: [0, 11]
2026-02-13 13:26:10,908 - root - INFO -     B-cells: 293 cells (8.0%)
2026-02-13 13:26:10,908 - root - INFO -     CAFs: 457 cells (12.5%)
2026-02-13 13:26:10,908 - root - INFO -     Cancer Epithelial: 497 cells (13.6%)
2026-02-13 13:26:10,908 - root - INFO -     Endothelial: 433 cells (11.8%)
2026-02-13 13:26:10,908 - root - INFO -     Myeloid: 232 cells (6.3%)
2026-02-13 13:26:10,908 - root - INFO -     Normal Epithelial: 380 cells (10.4%)
2026-02-13 13:26:10,908 - root - INFO -     PVL: 494 cells (13.5%)
2026-02-13 13:26:10,908 - root - INFO -     Plasmablasts: 532 cells (14.5%)
2026-02-13 13:26:10,908 - root - INFO -     T-cells: 349 cells (9.5%)
2026-02-13 13:26:10,908 - root - WARNING - Loss increased from 1046.8209 to 1059.0100
2026-02-13 13:26:10,908 - root - INFO - 
=== EM Iteration 17/20 ===
2026-02-13 13:27:49,364 - root - INFO -   Loss: 1051.3396 (change: 0.007243)
2026-02-13 13:27:49,927 - root - INFO -   Beta range: [0.154, 0.574]
2026-02-13 13:27:49,927 - root - INFO -   Max beta change: 0.057534
2026-02-13 13:27:49,927 - root - INFO -   Cell count range: [0, 11]
2026-02-13 13:27:49,927 - root - INFO -     B-cells: 290 cells (7.9%)
2026-02-13 13:27:49,927 - root - INFO -     CAFs: 451 cells (12.3%)
2026-02-13 13:27:49,927 - root - INFO -     Cancer Epithelial: 471 cells (12.8%)
2026-02-13 13:27:49,927 - root - INFO -     Endothelial: 429 cells (11.7%)
2026-02-13 13:27:49,927 - root - INFO -     Myeloid: 233 cells (6.4%)
2026-02-13 13:27:49,927 - root - INFO -     Normal Epithelial: 369 cells (10.1%)
2026-02-13 13:27:49,927 - root - INFO -     PVL: 489 cells (13.3%)
2026-02-13 13:27:49,927 - root - INFO -     Plasmablasts: 584 cells (15.9%)
2026-02-13 13:27:49,927 - root - INFO -     T-cells: 351 cells (9.6%)
2026-02-13 13:27:49,927 - root - INFO - 
=== EM Iteration 18/20 ===
2026-02-13 13:29:25,319 - root - INFO -   Loss: 1045.3740 (change: 0.005674)
2026-02-13 13:29:25,421 - root - INFO -   Beta range: [0.159, 0.568]
2026-02-13 13:29:25,421 - root - INFO -   Max beta change: 0.092633
2026-02-13 13:29:25,421 - root - INFO -   Cell count range: [0, 11]
2026-02-13 13:29:25,421 - root - INFO -     B-cells: 298 cells (8.1%)
2026-02-13 13:29:25,421 - root - INFO -     CAFs: 449 cells (12.2%)
2026-02-13 13:29:25,421 - root - INFO -     Cancer Epithelial: 456 cells (12.4%)
2026-02-13 13:29:25,421 - root - INFO -     Endothelial: 441 cells (12.0%)
2026-02-13 13:29:25,421 - root - INFO -     Myeloid: 237 cells (6.5%)
2026-02-13 13:29:25,421 - root - INFO -     Normal Epithelial: 359 cells (9.8%)
2026-02-13 13:29:25,421 - root - INFO -     PVL: 499 cells (13.6%)
2026-02-13 13:29:25,421 - root - INFO -     Plasmablasts: 577 cells (15.7%)
2026-02-13 13:29:25,421 - root - INFO -     T-cells: 351 cells (9.6%)
2026-02-13 13:29:25,421 - root - INFO - 
=== EM Iteration 19/20 ===
2026-02-13 13:30:59,436 - root - INFO -   Loss: 1029.3810 (change: 0.015299)
2026-02-13 13:30:59,436 - root - INFO -   Beta range: [0.183, 0.572]
2026-02-13 13:30:59,436 - root - INFO -   Max beta change: 0.025579
2026-02-13 13:30:59,437 - root - INFO -   Cell count range: [0, 11]
2026-02-13 13:30:59,437 - root - INFO -     B-cells: 291 cells (7.9%)
2026-02-13 13:30:59,437 - root - INFO -     CAFs: 445 cells (12.1%)
2026-02-13 13:30:59,437 - root - INFO -     Cancer Epithelial: 437 cells (11.9%)
2026-02-13 13:30:59,437 - root - INFO -     Endothelial: 434 cells (11.8%)
2026-02-13 13:30:59,437 - root - INFO -     Myeloid: 235 cells (6.4%)
2026-02-13 13:30:59,437 - root - INFO -     Normal Epithelial: 392 cells (10.7%)
2026-02-13 13:30:59,437 - root - INFO -     PVL: 486 cells (13.3%)
2026-02-13 13:30:59,437 - root - INFO -     Plasmablasts: 602 cells (16.4%)
2026-02-13 13:30:59,437 - root - INFO -     T-cells: 345 cells (9.4%)
2026-02-13 13:30:59,437 - root - INFO - 
=== EM Iteration 20/20 ===
2026-02-13 13:32:32,727 - root - INFO -   Loss: 1013.9160 (change: 0.015024)
2026-02-13 13:32:32,727 - root - INFO -   Beta range: [0.185, 0.570]
2026-02-13 13:32:32,727 - root - INFO -   Max beta change: 0.045585
2026-02-13 13:32:32,727 - root - INFO -   Cell count range: [0, 11]
2026-02-13 13:32:32,727 - root - INFO -     B-cells: 290 cells (7.9%)
2026-02-13 13:32:32,727 - root - INFO -     CAFs: 445 cells (12.1%)
2026-02-13 13:32:32,727 - root - INFO -     Cancer Epithelial: 416 cells (11.3%)
2026-02-13 13:32:32,727 - root - INFO -     Endothelial: 432 cells (11.8%)
2026-02-13 13:32:32,727 - root - INFO -     Myeloid: 240 cells (6.5%)
2026-02-13 13:32:32,727 - root - INFO -     Normal Epithelial: 384 cells (10.5%)
2026-02-13 13:32:32,727 - root - INFO -     PVL: 490 cells (13.4%)
2026-02-13 13:32:32,727 - root - INFO -     Plasmablasts: 632 cells (17.2%)
2026-02-13 13:32:32,727 - root - INFO -     T-cells: 338 cells (9.2%)
2026-02-13 13:32:32,727 - root - INFO - 
Final beta values:
2026-02-13 13:32:32,727 - root - INFO -   B-cells_Protein_1: β=0.400, α=0.000
2026-02-13 13:32:32,727 - root - INFO -   B-cells_Protein_2: β=0.401, α=0.000
2026-02-13 13:32:32,727 - root - INFO -   CAFs_Protein_1: β=0.324, α=0.171
2026-02-13 13:32:32,727 - root - INFO -   CAFs_Protein_2: β=0.321, α=0.173
2026-02-13 13:32:32,727 - root - INFO -   Cancer Epithelial_Protein_1: β=0.384, α=0.189
2026-02-13 13:32:32,727 - root - INFO -   Cancer Epithelial_Protein_2: β=0.317, α=0.266
2026-02-13 13:32:32,727 - root - INFO -   Endothelial_Protein_1: β=0.312, α=0.000
2026-02-13 13:32:32,727 - root - INFO -   Endothelial_Protein_2: β=0.362, α=0.000
2026-02-13 13:32:32,727 - root - INFO -   Myeloid_Protein_1: β=0.570, α=0.000
2026-02-13 13:32:32,727 - root - INFO -   Myeloid_Protein_2: β=0.306, α=0.249
2026-02-13 13:32:32,727 - root - INFO -   Normal Epithelial_Protein_1: β=0.240, α=0.161
2026-02-13 13:32:32,727 - root - INFO -   Normal Epithelial_Protein_2: β=0.364, α=0.000
2026-02-13 13:32:32,727 - root - INFO -   PVL_Protein_1: β=0.250, α=0.000
2026-02-13 13:32:32,727 - root - INFO -   PVL_Protein_2: β=0.329, α=0.000
2026-02-13 13:32:32,727 - root - INFO -   Plasmablasts_Protein_1: β=0.185, α=0.000
2026-02-13 13:32:32,727 - root - INFO -   Plasmablasts_Protein_2: β=0.218, α=0.017
2026-02-13 13:32:32,727 - root - INFO -   T-cells_Protein_1: β=0.422, α=0.000
2026-02-13 13:32:32,727 - root - INFO -   T-cells_Protein_2: β=0.388, α=0.054
2026-02-13 13:32:32,742 - root - INFO - Saved discrete cell counts to Benchmarking/simulation_benchmarking/CITEgeist/output_discrete/mixed/h_and_e/Wu_rep_3/Wu_rep_3_discrete_cell_counts.csv
2026-02-13 13:32:32,746 - root - INFO - Saved derived proportions to Benchmarking/simulation_benchmarking/CITEgeist/output_discrete/mixed/h_and_e/Wu_rep_3/Wu_rep_3_cell_prop_discrete.csv
2026-02-13 13:32:32,747 - root - INFO - Cell type distribution:
2026-02-13 13:32:32,747 - root - INFO -   B-cells: 290 cells (7.9%)
2026-02-13 13:32:32,747 - root - INFO -   CAFs: 445 cells (12.1%)
2026-02-13 13:32:32,747 - root - INFO -   Cancer Epithelial: 416 cells (11.3%)
2026-02-13 13:32:32,747 - root - INFO -   Endothelial: 432 cells (11.8%)
2026-02-13 13:32:32,747 - root - INFO -   Myeloid: 240 cells (6.5%)
2026-02-13 13:32:32,747 - root - INFO -   Normal Epithelial: 384 cells (10.5%)
2026-02-13 13:32:32,747 - root - INFO -   PVL: 490 cells (13.4%)
2026-02-13 13:32:32,747 - root - INFO -   Plasmablasts: 632 cells (17.2%)
2026-02-13 13:32:32,747 - root - INFO -   T-cells: 338 cells (9.2%)
2026-02-13 13:32:32,800 - __main__ - INFO - Loaded ground truth proportions: 956 spots, 9 cell types
2026-02-13 13:32:32,801 - __main__ - INFO - Proportion correlation: 0.364
2026-02-13 13:32:32,801 - __main__ - INFO - Proportion RMSE: 0.2228
2026-02-13 13:32:32,809 - __main__ - INFO - Results saved to Benchmarking/simulation_benchmarking/CITEgeist/output_discrete/mixed/h_and_e/Wu_rep_3
