2026-02-12 17:38:44,594 - __main__ - INFO - ============================================================
2026-02-12 17:38:44,595 - __main__ - INFO - BENCHMARK: replicate=1, condition=high_seg, mode=h_and_e
2026-02-12 17:38:44,595 - __main__ - INFO - ============================================================
2026-02-12 17:38:44,597 - __main__ - INFO - Loading image: /ix1/alee/LO_LAB/Personal/Alexander_Chang/alc376/CITEgeist/Benchmarking/simulation_benchmarking/CITEgeist/high_seg/images/h_and_e/Wu_rep_1_cellpose.png
2026-02-12 17:38:45,202 - __main__ - INFO - Image shape: (8000, 8000, 3)
2026-02-12 17:38:45,203 - __main__ - INFO - Running Cellpose with model_type=cyto2
2026-02-12 17:38:47,607 - cellpose.models - WARNING - model_type argument is not used in v4.0.1+. Ignoring this argument...
2026-02-12 17:38:47,807 - cellpose.core - INFO - ** TORCH CUDA version installed and working. **
2026-02-12 17:38:47,808 - cellpose.core - INFO - >>>> using GPU (CUDA)
2026-02-12 17:38:48,934 - cellpose.models - INFO - >>>> loading model /ihome/alee/alc376/.cellpose/models/cpsam
2026-02-12 17:38:49,328 - cellpose.models - WARNING - channels deprecated in v4.0.1+. If data contain more than 3 channels, only the first 3 channels will be used
2026-02-12 17:38:49,354 - cellpose.transforms - INFO - processing image with (8000, 8000) HW, and 3 channels
2026-02-12 17:39:27,602 - __main__ - INFO - Detected 4973 nuclei in 42.4s
2026-02-12 17:39:27,675 - __main__ - INFO - Loaded ground truth counts: 952 spots, total 5000 cells
2026-02-12 17:39:27,676 - __main__ - INFO - Nuclei count correlation: 0.094
2026-02-12 17:39:27,676 - __main__ - INFO - Nuclei count RMSE: 3.19
2026-02-12 17:39:27,678 - __main__ - INFO - Loading h5ad files...
2026-02-12 17:39:29,017 - root - INFO - Logging initialized.
2026-02-12 17:39:29,029 - root - INFO - Discrete antibody preprocessing complete: Row sums range [31.06, 48.04], mean=38.56, std=2.66
2026-02-12 17:39:29,337 - root - INFO - Normalization stats:
2026-02-12 17:39:29,337 - root - INFO - Original median total: 29419571958.50
2026-02-12 17:39:29,352 - root - INFO - Mean scaled total: 9976.79
2026-02-12 17:39:29,363 - root - INFO - Max scaled value: 10000.00
2026-02-12 17:39:29,488 - root - INFO - Gene expression data normalized to 10000 counts per spot and validated for discrete count analysis.
Traceback (most recent call last):
  File "/ix1/alee/LO_LAB/Personal/Alexander_Chang/alc376/CITEgeist/Benchmarking/simulation_benchmarking/CITEgeist/src/benchmark_discrete_simulation.py", line 344, in <module>
    main()
  File "/ix1/alee/LO_LAB/Personal/Alexander_Chang/alc376/CITEgeist/Benchmarking/simulation_benchmarking/CITEgeist/src/benchmark_discrete_simulation.py", line 326, in main
    results = run_benchmark(
  File "/ix1/alee/LO_LAB/Personal/Alexander_Chang/alc376/CITEgeist/Benchmarking/simulation_benchmarking/CITEgeist/src/benchmark_discrete_simulation.py", line 257, in run_benchmark
    model.load_cell_profile_dict(SIMULATION_CELL_PROFILE_DICT)
  File "/ix1/alee/LO_LAB/Personal/Alexander_Chang/alc376/CITEgeist/CITEgeist/model/citegeist_model.py", line 271, in load_cell_profile_dict
    raise ValueError("Invalid cell_profile_dict format.")
ValueError: Invalid cell_profile_dict format.
