CitegeistModel initialized successfully.
Antibody capture data preprocessing completed for discrete mode: Winsorized [5%, 95%], scale_per_marker=True, no per-spot normalization.
Set parameter LicenseID to value 276015
Set parameter GURO_PAR_SPECIAL
Set parameter TokenServer to value "license.crc.pitt.edu"
Parquet file for pass 1 loaded successfully.
Spot and CellType successfully split (using ::: delimiter).

Spot name formats:
AnnData spot names format: Index(['spot_1', 'spot_2', 'spot_3', 'spot_4', 'spot_5'], dtype='object')
Parquet spot names format: ['spot_1' 'spot_2' 'spot_3' 'spot_4' 'spot_5']
Added layer: B-cells_genes_pass1 (Shape: (951, 29733))
Added layer: T-cells_genes_pass1 (Shape: (951, 29733))
Added layer: Normal_Epithelial_genes_pass1 (Shape: (951, 29733))
Added layer: Endothelial_genes_pass1 (Shape: (951, 29733))
Added layer: CAFs_genes_pass1 (Shape: (951, 29733))
Added layer: Plasmablasts_genes_pass1 (Shape: (951, 29733))
Added layer: Myeloid_genes_pass1 (Shape: (951, 29733))
Added layer: Cancer_Epithelial_genes_pass1 (Shape: (951, 29733))
Added layer: PVL_genes_pass1 (Shape: (951, 29733))
RMSE, NRMSE, and MAE per cell type:
	Myeloid: RMSE: 0.1628, NRMSE: 0.0230, MAE: 0.0154
	T-cells: RMSE: 0.1729, NRMSE: 0.0249, MAE: 0.0158
	CAFs: RMSE: 0.2781, NRMSE: 0.0404, MAE: 0.0462
	Plasmablasts: RMSE: 0.0675, NRMSE: 0.0081, MAE: 0.0019
	PVL: RMSE: 0.0715, NRMSE: 0.0102, MAE: 0.0021
	Cancer Epithelial: RMSE: 0.3174, NRMSE: 0.0378, MAE: 0.0590
	Normal Epithelial: RMSE: 0.0799, NRMSE: 0.0130, MAE: 0.0031
	B-cells: RMSE: 0.1286, NRMSE: 0.0178, MAE: 0.0081
	Endothelial: RMSE: 0.0767, NRMSE: 0.0111, MAE: 0.0025

Overall RMSE statistics:
	Average RMSE: 0.1506
	Median RMSE:  0.1286

Overall NRMSE statistics:
	Average NRMSE: 0.0207
	Median NRMSE:  0.0178

Overall MAE statistics:
	Average MAE: 0.0171
	Median MAE:  0.0081
Per-cell type metrics saved to per_celltype_metrics.csv

=== RESULTS ===
Nuclei count correlation: 0.153
Proportion correlation: 0.420
Completed replicate 0, condition mixed, mode dapi
