2026-02-12 17:39:35,455 - __main__ - INFO - ============================================================
2026-02-12 17:39:35,456 - __main__ - INFO - BENCHMARK: replicate=3, condition=high_seg, mode=h_and_e
2026-02-12 17:39:35,456 - __main__ - INFO - ============================================================
2026-02-12 17:39:35,461 - __main__ - INFO - Loading image: /ix1/alee/LO_LAB/Personal/Alexander_Chang/alc376/CITEgeist/Benchmarking/simulation_benchmarking/CITEgeist/high_seg/images/h_and_e/Wu_rep_3_cellpose.png
2026-02-12 17:39:36,071 - __main__ - INFO - Image shape: (8000, 8000, 3)
2026-02-12 17:39:36,072 - __main__ - INFO - Running Cellpose with model_type=cyto2
2026-02-12 17:39:42,399 - cellpose.models - WARNING - model_type argument is not used in v4.0.1+. Ignoring this argument...
2026-02-12 17:39:42,604 - cellpose.core - INFO - ** TORCH CUDA version installed and working. **
2026-02-12 17:39:42,604 - cellpose.core - INFO - >>>> using GPU (CUDA)
2026-02-12 17:39:43,741 - cellpose.models - INFO - >>>> loading model /ihome/alee/alc376/.cellpose/models/cpsam
2026-02-12 17:39:44,164 - cellpose.models - WARNING - channels deprecated in v4.0.1+. If data contain more than 3 channels, only the first 3 channels will be used
2026-02-12 17:39:44,189 - cellpose.transforms - INFO - processing image with (8000, 8000) HW, and 3 channels
2026-02-12 17:40:22,535 - __main__ - INFO - Detected 4961 nuclei in 46.5s
2026-02-12 17:40:22,614 - __main__ - INFO - Loaded ground truth counts: 956 spots, total 5000 cells
2026-02-12 17:40:22,615 - __main__ - INFO - Nuclei count correlation: 0.076
2026-02-12 17:40:22,616 - __main__ - INFO - Nuclei count RMSE: 3.32
2026-02-12 17:40:22,620 - __main__ - INFO - Loading h5ad files...
2026-02-12 17:40:25,304 - root - INFO - Logging initialized.
2026-02-12 17:40:25,315 - root - INFO - Discrete antibody preprocessing complete: Row sums range [30.91, 45.72], mean=38.17, std=2.69
2026-02-12 17:40:25,638 - root - INFO - Normalization stats:
2026-02-12 17:40:25,638 - root - INFO - Original median total: 18749046221.50
2026-02-12 17:40:25,654 - root - INFO - Mean scaled total: 9978.09
2026-02-12 17:40:25,665 - root - INFO - Max scaled value: 10000.00
2026-02-12 17:40:25,793 - root - INFO - Gene expression data normalized to 10000 counts per spot and validated for discrete count analysis.
Traceback (most recent call last):
  File "/ix1/alee/LO_LAB/Personal/Alexander_Chang/alc376/CITEgeist/Benchmarking/simulation_benchmarking/CITEgeist/src/benchmark_discrete_simulation.py", line 344, in <module>
    main()
  File "/ix1/alee/LO_LAB/Personal/Alexander_Chang/alc376/CITEgeist/Benchmarking/simulation_benchmarking/CITEgeist/src/benchmark_discrete_simulation.py", line 326, in main
    results = run_benchmark(
  File "/ix1/alee/LO_LAB/Personal/Alexander_Chang/alc376/CITEgeist/Benchmarking/simulation_benchmarking/CITEgeist/src/benchmark_discrete_simulation.py", line 257, in run_benchmark
    model.load_cell_profile_dict(SIMULATION_CELL_PROFILE_DICT)
  File "/ix1/alee/LO_LAB/Personal/Alexander_Chang/alc376/CITEgeist/CITEgeist/model/citegeist_model.py", line 271, in load_cell_profile_dict
    raise ValueError("Invalid cell_profile_dict format.")
ValueError: Invalid cell_profile_dict format.
