CitegeistModel initialized successfully.
Antibody capture data preprocessing completed for discrete mode: Winsorized [5%, 95%], scale_per_marker=True, no per-spot normalization.
Set parameter LicenseID to value 276015
Set parameter GURO_PAR_SPECIAL
Set parameter TokenServer to value "license.crc.pitt.edu"
Parquet file for pass 1 loaded successfully.
Spot and CellType successfully split (using ::: delimiter).

Spot name formats:
AnnData spot names format: Index(['spot_1', 'spot_2', 'spot_3', 'spot_4', 'spot_5'], dtype='object')
Parquet spot names format: ['spot_1' 'spot_2' 'spot_3' 'spot_4' 'spot_5']
Added layer: T-cells_genes_pass1 (Shape: (956, 29733))
Added layer: Endothelial_genes_pass1 (Shape: (956, 29733))
Added layer: Normal_Epithelial_genes_pass1 (Shape: (956, 29733))
Added layer: B-cells_genes_pass1 (Shape: (956, 29733))
Added layer: Myeloid_genes_pass1 (Shape: (956, 29733))
Added layer: CAFs_genes_pass1 (Shape: (956, 29733))
Added layer: PVL_genes_pass1 (Shape: (956, 29733))
Added layer: Cancer_Epithelial_genes_pass1 (Shape: (956, 29733))
Added layer: Plasmablasts_genes_pass1 (Shape: (956, 29733))

=== RESULTS ===
Nuclei count correlation: 0.084
Proportion correlation: 0.835
Completed replicate 4, condition high_seg, mode dapi
