CitegeistModel initialized successfully.
Antibody capture data preprocessing completed for discrete mode: Winsorized [5%, 95%], scale_per_marker=True, no per-spot normalization.
Set parameter LicenseID to value 276015
Set parameter GURO_PAR_SPECIAL
Set parameter TokenServer to value "license.crc.pitt.edu"
Parquet file for pass 1 loaded successfully.
Spot and CellType successfully split (using ::: delimiter).

Spot name formats:
AnnData spot names format: Index(['spot_1', 'spot_2', 'spot_3', 'spot_4', 'spot_5'], dtype='object')
Parquet spot names format: ['spot_1' 'spot_2' 'spot_3' 'spot_4' 'spot_5']
Added layer: Plasmablasts_genes_pass1 (Shape: (952, 29733))
Added layer: T-cells_genes_pass1 (Shape: (952, 29733))
Added layer: PVL_genes_pass1 (Shape: (952, 29733))
Added layer: Cancer_Epithelial_genes_pass1 (Shape: (952, 29733))
Added layer: Myeloid_genes_pass1 (Shape: (952, 29733))
Added layer: Endothelial_genes_pass1 (Shape: (952, 29733))
Added layer: Normal_Epithelial_genes_pass1 (Shape: (952, 29733))
Added layer: B-cells_genes_pass1 (Shape: (952, 29733))
Added layer: CAFs_genes_pass1 (Shape: (952, 29733))
RMSE, NRMSE, and MAE per cell type:
	Endothelial: RMSE: 0.0807, NRMSE: 0.0120, MAE: 0.0028
	T-cells: RMSE: 0.1707, NRMSE: 0.0242, MAE: 0.0155
	Plasmablasts: RMSE: 0.0682, NRMSE: 0.0078, MAE: 0.0020
	Normal Epithelial: RMSE: 0.0796, NRMSE: 0.0117, MAE: 0.0031
	Myeloid: RMSE: 0.1643, NRMSE: 0.0234, MAE: 0.0155
	Cancer Epithelial: RMSE: 0.3157, NRMSE: 0.0373, MAE: 0.0588
	PVL: RMSE: 0.0774, NRMSE: 0.0114, MAE: 0.0026
	B-cells: RMSE: 0.1232, NRMSE: 0.0171, MAE: 0.0074
	CAFs: RMSE: 0.2795, NRMSE: 0.0393, MAE: 0.0466

Overall RMSE statistics:
	Average RMSE: 0.1510
	Median RMSE:  0.1232

Overall NRMSE statistics:
	Average NRMSE: 0.0205
	Median NRMSE:  0.0171

Overall MAE statistics:
	Average MAE: 0.0171
	Median MAE:  0.0074
Per-cell type metrics saved to per_celltype_metrics.csv

=== RESULTS ===
Nuclei count correlation: 0.116
Proportion correlation: 0.442
Completed replicate 1, condition mixed, mode h_and_e
