2026-02-13 14:08:48,104 - __main__ - INFO - ============================================================
2026-02-13 14:08:48,105 - __main__ - INFO - BENCHMARK: replicate=2, condition=high_seg, mode=dapi
2026-02-13 14:08:48,105 - __main__ - INFO - ============================================================
2026-02-13 14:08:48,107 - __main__ - INFO - Loading image: /ix1/alee/LO_LAB/Personal/Alexander_Chang/alc376/CITEgeist/Benchmarking/simulation_benchmarking/CITEgeist/high_seg/images/dapi/Wu_rep_2_cellpose.png
2026-02-13 14:08:49,012 - __main__ - INFO - Image shape: (8000, 8000, 3)
2026-02-13 14:08:49,013 - __main__ - INFO - Running Cellpose with model_type=nuclei
2026-02-13 14:09:01,460 - cellpose.models - WARNING - model_type argument is not used in v4.0.1+. Ignoring this argument...
2026-02-13 14:09:01,772 - cellpose.core - INFO - ** TORCH CUDA version installed and working. **
2026-02-13 14:09:01,772 - cellpose.core - INFO - >>>> using GPU (CUDA)
2026-02-13 14:09:03,443 - cellpose.models - INFO - >>>> loading model /ihome/alee/alc376/.cellpose/models/cpsam
2026-02-13 14:09:04,036 - cellpose.models - WARNING - channels deprecated in v4.0.1+. If data contain more than 3 channels, only the first 3 channels will be used
2026-02-13 14:09:04,078 - cellpose.transforms - INFO - processing image with (8000, 8000) HW, and 3 channels
2026-02-13 14:09:45,607 - __main__ - INFO - Detected 4958 nuclei in 56.6s
2026-02-13 14:09:45,729 - __main__ - INFO - Loaded ground truth counts: 957 spots, total 5000 cells
2026-02-13 14:09:45,734 - __main__ - INFO - Nuclei count correlation: 0.113
2026-02-13 14:09:45,735 - __main__ - INFO - Nuclei count RMSE: 3.14
2026-02-13 14:09:45,752 - __main__ - INFO - Loading h5ad files...
2026-02-13 14:09:48,877 - root - INFO - Logging initialized.
2026-02-13 14:09:48,892 - root - INFO - Discrete antibody preprocessing complete: Row sums range [30.48, 47.95], mean=38.46, std=2.66
2026-02-13 14:09:49,226 - root - INFO - Normalization stats:
2026-02-13 14:09:49,226 - root - INFO - Original median total: 23475924785.00
2026-02-13 14:09:49,242 - root - INFO - Mean scaled total: 9977.79
2026-02-13 14:09:49,254 - root - INFO - Max scaled value: 10000.00
2026-02-13 14:09:49,406 - root - INFO - Gene expression data normalized to 10000 counts per spot and validated for discrete count analysis.
2026-02-13 14:09:49,408 - root - INFO - Mapped 18 markers to 9 cell types (preserving marker-level data)
2026-02-13 14:09:49,408 - root - INFO - Running discrete cell assignment: 957 spots, 18 markers, 9 cell types
2026-02-13 14:09:49,408 - root - INFO - Total nuclei: 3700, mean per spot: 3.87
2026-02-13 14:09:49,408 - root - INFO - Discrete cell assignment EM: 957 spots, 18 markers, 9 cell types
2026-02-13 14:09:49,408 - root - INFO - Total nuclei: 3700, mean per spot: 3.87
2026-02-13 14:09:49,409 - root - INFO - 
=== EM Iteration 1/20 ===
2026-02-13 14:09:49,642 - gurobipy - INFO - Set parameter LicenseID to value 276015
2026-02-13 14:09:49,642 - gurobipy - INFO - Set parameter GURO_PAR_SPECIAL
2026-02-13 14:09:49,642 - gurobipy - INFO - Set parameter TokenServer to value "license.crc.pitt.edu"
/ix1/alee/LO_LAB/Personal/Alexander_Chang/alc376/CITEgeist/CITEgeist/model/gurobi_impl.py:3365: RuntimeWarning: invalid value encountered in scalar divide
  loss_change = abs(prev_loss - loss) / max(abs(prev_loss), 1e-10)
2026-02-13 14:12:45,044 - root - INFO -   Loss: 1022.6095 (change: nan)
2026-02-13 14:12:45,044 - root - INFO -   Beta range: [0.241, 0.497]
2026-02-13 14:12:45,044 - root - INFO -   Max beta change: 0.758880
2026-02-13 14:12:45,044 - root - INFO -   Cell count range: [0, 11]
2026-02-13 14:12:45,044 - root - INFO -     B-cells: 349 cells (9.4%)
2026-02-13 14:12:45,044 - root - INFO -     CAFs: 383 cells (10.4%)
2026-02-13 14:12:45,044 - root - INFO -     Cancer Epithelial: 344 cells (9.3%)
2026-02-13 14:12:45,044 - root - INFO -     Endothelial: 427 cells (11.5%)
2026-02-13 14:12:45,044 - root - INFO -     Myeloid: 391 cells (10.6%)
2026-02-13 14:12:45,044 - root - INFO -     Normal Epithelial: 318 cells (8.6%)
2026-02-13 14:12:45,044 - root - INFO -     PVL: 495 cells (13.4%)
2026-02-13 14:12:45,044 - root - INFO -     Plasmablasts: 584 cells (15.8%)
2026-02-13 14:12:45,044 - root - INFO -     T-cells: 409 cells (11.1%)
2026-02-13 14:12:45,044 - root - INFO - 
=== EM Iteration 2/20 ===
2026-02-13 14:14:14,589 - root - INFO -   Loss: 540.4862 (change: 0.471464)
2026-02-13 14:14:14,590 - root - INFO -   Beta range: [0.225, 0.457]
2026-02-13 14:14:14,590 - root - INFO -   Max beta change: 0.039488
2026-02-13 14:14:14,590 - root - INFO -   Cell count range: [0, 11]
2026-02-13 14:14:14,590 - root - INFO -     B-cells: 345 cells (9.3%)
2026-02-13 14:14:14,590 - root - INFO -     CAFs: 416 cells (11.2%)
2026-02-13 14:14:14,590 - root - INFO -     Cancer Epithelial: 336 cells (9.1%)
2026-02-13 14:14:14,590 - root - INFO -     Endothelial: 387 cells (10.5%)
2026-02-13 14:14:14,590 - root - INFO -     Myeloid: 462 cells (12.5%)
2026-02-13 14:14:14,590 - root - INFO -     Normal Epithelial: 291 cells (7.9%)
2026-02-13 14:14:14,590 - root - INFO -     PVL: 498 cells (13.5%)
2026-02-13 14:14:14,590 - root - INFO -     Plasmablasts: 553 cells (14.9%)
2026-02-13 14:14:14,590 - root - INFO -     T-cells: 412 cells (11.1%)
2026-02-13 14:14:14,590 - root - INFO - 
=== EM Iteration 3/20 ===
2026-02-13 14:15:38,474 - root - INFO -   Loss: 534.1650 (change: 0.011695)
2026-02-13 14:15:38,489 - root - INFO -   Beta range: [0.219, 0.440]
2026-02-13 14:15:38,489 - root - INFO -   Max beta change: 0.019821
2026-02-13 14:15:38,489 - root - INFO -   Cell count range: [0, 11]
2026-02-13 14:15:38,489 - root - INFO -     B-cells: 348 cells (9.4%)
2026-02-13 14:15:38,489 - root - INFO -     CAFs: 434 cells (11.7%)
2026-02-13 14:15:38,489 - root - INFO -     Cancer Epithelial: 323 cells (8.7%)
2026-02-13 14:15:38,489 - root - INFO -     Endothelial: 374 cells (10.1%)
2026-02-13 14:15:38,489 - root - INFO -     Myeloid: 468 cells (12.6%)
2026-02-13 14:15:38,489 - root - INFO -     Normal Epithelial: 268 cells (7.2%)
2026-02-13 14:15:38,489 - root - INFO -     PVL: 520 cells (14.1%)
2026-02-13 14:15:38,489 - root - INFO -     Plasmablasts: 570 cells (15.4%)
2026-02-13 14:15:38,490 - root - INFO -     T-cells: 395 cells (10.7%)
2026-02-13 14:15:38,490 - root - INFO - 
=== EM Iteration 4/20 ===
2026-02-13 14:17:00,632 - root - INFO -   Loss: 528.4313 (change: 0.010734)
2026-02-13 14:17:00,633 - root - INFO -   Beta range: [0.217, 0.425]
2026-02-13 14:17:00,633 - root - INFO -   Max beta change: 0.019824
2026-02-13 14:17:00,633 - root - INFO -   Cell count range: [0, 11]
2026-02-13 14:17:00,633 - root - INFO -     B-cells: 353 cells (9.5%)
2026-02-13 14:17:00,633 - root - INFO -     CAFs: 457 cells (12.4%)
2026-02-13 14:17:00,633 - root - INFO -     Cancer Epithelial: 314 cells (8.5%)
2026-02-13 14:17:00,633 - root - INFO -     Endothelial: 361 cells (9.8%)
2026-02-13 14:17:00,633 - root - INFO -     Myeloid: 475 cells (12.8%)
2026-02-13 14:17:00,633 - root - INFO -     Normal Epithelial: 233 cells (6.3%)
2026-02-13 14:17:00,633 - root - INFO -     PVL: 530 cells (14.3%)
2026-02-13 14:17:00,633 - root - INFO -     Plasmablasts: 583 cells (15.8%)
2026-02-13 14:17:00,633 - root - INFO -     T-cells: 394 cells (10.6%)
2026-02-13 14:17:00,633 - root - INFO - 
=== EM Iteration 5/20 ===
2026-02-13 14:18:22,469 - root - INFO -   Loss: 522.4083 (change: 0.011398)
2026-02-13 14:18:22,485 - root - INFO -   Beta range: [0.216, 0.400]
2026-02-13 14:18:22,486 - root - INFO -   Max beta change: 0.025669
2026-02-13 14:18:22,486 - root - INFO -   Cell count range: [0, 11]
2026-02-13 14:18:22,486 - root - INFO -     B-cells: 360 cells (9.7%)
2026-02-13 14:18:22,486 - root - INFO -     CAFs: 475 cells (12.8%)
2026-02-13 14:18:22,486 - root - INFO -     Cancer Epithelial: 308 cells (8.3%)
2026-02-13 14:18:22,486 - root - INFO -     Endothelial: 335 cells (9.1%)
2026-02-13 14:18:22,486 - root - INFO -     Myeloid: 475 cells (12.8%)
2026-02-13 14:18:22,486 - root - INFO -     Normal Epithelial: 215 cells (5.8%)
2026-02-13 14:18:22,486 - root - INFO -     PVL: 539 cells (14.6%)
2026-02-13 14:18:22,486 - root - INFO -     Plasmablasts: 596 cells (16.1%)
2026-02-13 14:18:22,486 - root - INFO -     T-cells: 397 cells (10.7%)
2026-02-13 14:18:22,486 - root - INFO - 
=== EM Iteration 6/20 ===
2026-02-13 14:19:42,923 - root - INFO -   Loss: 521.6373 (change: 0.001476)
2026-02-13 14:19:42,939 - root - INFO -   Beta range: [0.216, 0.388]
2026-02-13 14:19:42,939 - root - INFO -   Max beta change: 0.014988
2026-02-13 14:19:42,939 - root - INFO -   Cell count range: [0, 11]
2026-02-13 14:19:42,940 - root - INFO -     B-cells: 373 cells (10.1%)
2026-02-13 14:19:42,940 - root - INFO -     CAFs: 489 cells (13.2%)
2026-02-13 14:19:42,940 - root - INFO -     Cancer Epithelial: 296 cells (8.0%)
2026-02-13 14:19:42,940 - root - INFO -     Endothelial: 324 cells (8.8%)
2026-02-13 14:19:42,940 - root - INFO -     Myeloid: 472 cells (12.8%)
2026-02-13 14:19:42,940 - root - INFO -     Normal Epithelial: 201 cells (5.4%)
2026-02-13 14:19:42,940 - root - INFO -     PVL: 545 cells (14.7%)
2026-02-13 14:19:42,940 - root - INFO -     Plasmablasts: 604 cells (16.3%)
2026-02-13 14:19:42,940 - root - INFO -     T-cells: 396 cells (10.7%)
2026-02-13 14:19:42,940 - root - INFO - 
=== EM Iteration 7/20 ===
2026-02-13 14:21:03,220 - root - INFO -   Loss: 535.3843 (change: 0.026354)
2026-02-13 14:21:03,248 - root - INFO -   Beta range: [0.216, 0.379]
2026-02-13 14:21:03,249 - root - INFO -   Max beta change: 0.020396
2026-02-13 14:21:03,249 - root - INFO -   Cell count range: [0, 11]
2026-02-13 14:21:03,249 - root - INFO -     B-cells: 384 cells (10.4%)
2026-02-13 14:21:03,249 - root - INFO -     CAFs: 497 cells (13.4%)
2026-02-13 14:21:03,249 - root - INFO -     Cancer Epithelial: 275 cells (7.4%)
2026-02-13 14:21:03,249 - root - INFO -     Endothelial: 322 cells (8.7%)
2026-02-13 14:21:03,249 - root - INFO -     Myeloid: 471 cells (12.7%)
2026-02-13 14:21:03,249 - root - INFO -     Normal Epithelial: 191 cells (5.2%)
2026-02-13 14:21:03,249 - root - INFO -     PVL: 558 cells (15.1%)
2026-02-13 14:21:03,249 - root - INFO -     Plasmablasts: 609 cells (16.5%)
2026-02-13 14:21:03,250 - root - INFO -     T-cells: 393 cells (10.6%)
2026-02-13 14:21:03,250 - root - WARNING - Loss increased from 521.6373 to 535.3843
2026-02-13 14:21:03,250 - root - INFO - 
=== EM Iteration 8/20 ===
2026-02-13 14:22:19,758 - root - INFO -   Loss: 584.7485 (change: 0.092203)
2026-02-13 14:22:19,758 - root - INFO -   Beta range: [0.213, 0.373]
2026-02-13 14:22:19,758 - root - INFO -   Max beta change: 0.041386
2026-02-13 14:22:19,758 - root - INFO -   Cell count range: [0, 11]
2026-02-13 14:22:19,758 - root - INFO -     B-cells: 393 cells (10.6%)
2026-02-13 14:22:19,758 - root - INFO -     CAFs: 518 cells (14.0%)
2026-02-13 14:22:19,758 - root - INFO -     Cancer Epithelial: 258 cells (7.0%)
2026-02-13 14:22:19,758 - root - INFO -     Endothelial: 320 cells (8.6%)
2026-02-13 14:22:19,758 - root - INFO -     Myeloid: 463 cells (12.5%)
2026-02-13 14:22:19,758 - root - INFO -     Normal Epithelial: 178 cells (4.8%)
2026-02-13 14:22:19,758 - root - INFO -     PVL: 572 cells (15.5%)
2026-02-13 14:22:19,758 - root - INFO -     Plasmablasts: 608 cells (16.4%)
2026-02-13 14:22:19,758 - root - INFO -     T-cells: 390 cells (10.5%)
2026-02-13 14:22:19,758 - root - WARNING - Loss increased from 535.3843 to 584.7485
2026-02-13 14:22:19,758 - root - INFO - 
=== EM Iteration 9/20 ===
2026-02-13 14:23:36,240 - root - INFO -   Loss: 669.4583 (change: 0.144865)
2026-02-13 14:23:36,240 - root - INFO -   Beta range: [0.207, 0.377]
2026-02-13 14:23:36,241 - root - INFO -   Max beta change: 0.054330
2026-02-13 14:23:36,241 - root - INFO -   Cell count range: [0, 11]
2026-02-13 14:23:36,241 - root - INFO -     B-cells: 404 cells (10.9%)
2026-02-13 14:23:36,241 - root - INFO -     CAFs: 540 cells (14.6%)
2026-02-13 14:23:36,241 - root - INFO -     Cancer Epithelial: 246 cells (6.6%)
2026-02-13 14:23:36,241 - root - INFO -     Endothelial: 316 cells (8.5%)
2026-02-13 14:23:36,241 - root - INFO -     Myeloid: 452 cells (12.2%)
2026-02-13 14:23:36,241 - root - INFO -     Normal Epithelial: 167 cells (4.5%)
2026-02-13 14:23:36,241 - root - INFO -     PVL: 590 cells (15.9%)
2026-02-13 14:23:36,241 - root - INFO -     Plasmablasts: 598 cells (16.2%)
2026-02-13 14:23:36,241 - root - INFO -     T-cells: 387 cells (10.5%)
2026-02-13 14:23:36,241 - root - WARNING - Loss increased from 584.7485 to 669.4583
2026-02-13 14:23:36,241 - root - INFO - 
=== EM Iteration 10/20 ===
2026-02-13 14:24:51,811 - root - INFO -   Loss: 769.0470 (change: 0.148760)
2026-02-13 14:24:51,812 - root - INFO -   Beta range: [0.203, 0.370]
2026-02-13 14:24:51,812 - root - INFO -   Max beta change: 0.041079
2026-02-13 14:24:51,812 - root - INFO -   Cell count range: [0, 11]
2026-02-13 14:24:51,812 - root - INFO -     B-cells: 413 cells (11.2%)
2026-02-13 14:24:51,812 - root - INFO -     CAFs: 549 cells (14.8%)
2026-02-13 14:24:51,812 - root - INFO -     Cancer Epithelial: 246 cells (6.6%)
2026-02-13 14:24:51,812 - root - INFO -     Endothelial: 315 cells (8.5%)
2026-02-13 14:24:51,812 - root - INFO -     Myeloid: 438 cells (11.8%)
2026-02-13 14:24:51,812 - root - INFO -     Normal Epithelial: 158 cells (4.3%)
2026-02-13 14:24:51,812 - root - INFO -     PVL: 602 cells (16.3%)
2026-02-13 14:24:51,812 - root - INFO -     Plasmablasts: 600 cells (16.2%)
2026-02-13 14:24:51,812 - root - INFO -     T-cells: 379 cells (10.2%)
2026-02-13 14:24:51,812 - root - WARNING - Loss increased from 669.4583 to 769.0470
2026-02-13 14:24:51,812 - root - INFO - 
=== EM Iteration 11/20 ===
2026-02-13 14:26:08,204 - root - INFO -   Loss: 819.2334 (change: 0.065258)
2026-02-13 14:26:08,205 - root - INFO -   Beta range: [0.194, 0.370]
2026-02-13 14:26:08,205 - root - INFO -   Max beta change: 0.020142
2026-02-13 14:26:08,205 - root - INFO -   Cell count range: [0, 11]
2026-02-13 14:26:08,205 - root - INFO -     B-cells: 412 cells (11.1%)
2026-02-13 14:26:08,205 - root - INFO -     CAFs: 554 cells (15.0%)
2026-02-13 14:26:08,205 - root - INFO -     Cancer Epithelial: 258 cells (7.0%)
2026-02-13 14:26:08,205 - root - INFO -     Endothelial: 306 cells (8.3%)
2026-02-13 14:26:08,205 - root - INFO -     Myeloid: 427 cells (11.5%)
2026-02-13 14:26:08,205 - root - INFO -     Normal Epithelial: 147 cells (4.0%)
2026-02-13 14:26:08,205 - root - INFO -     PVL: 612 cells (16.5%)
2026-02-13 14:26:08,205 - root - INFO -     Plasmablasts: 604 cells (16.3%)
2026-02-13 14:26:08,205 - root - INFO -     T-cells: 380 cells (10.3%)
2026-02-13 14:26:08,205 - root - WARNING - Loss increased from 769.0470 to 819.2334
2026-02-13 14:26:08,205 - root - INFO - 
=== EM Iteration 12/20 ===
2026-02-13 14:27:19,546 - root - INFO -   Loss: 831.3310 (change: 0.014767)
2026-02-13 14:27:19,546 - root - INFO -   Beta range: [0.184, 0.365]
2026-02-13 14:27:19,546 - root - INFO -   Max beta change: 0.013969
2026-02-13 14:27:19,546 - root - INFO -   Cell count range: [0, 11]
2026-02-13 14:27:19,546 - root - INFO -     B-cells: 417 cells (11.3%)
2026-02-13 14:27:19,546 - root - INFO -     CAFs: 556 cells (15.0%)
2026-02-13 14:27:19,546 - root - INFO -     Cancer Epithelial: 258 cells (7.0%)
2026-02-13 14:27:19,546 - root - INFO -     Endothelial: 285 cells (7.7%)
2026-02-13 14:27:19,546 - root - INFO -     Myeloid: 420 cells (11.4%)
2026-02-13 14:27:19,547 - root - INFO -     Normal Epithelial: 148 cells (4.0%)
2026-02-13 14:27:19,547 - root - INFO -     PVL: 629 cells (17.0%)
2026-02-13 14:27:19,547 - root - INFO -     Plasmablasts: 605 cells (16.4%)
2026-02-13 14:27:19,547 - root - INFO -     T-cells: 382 cells (10.3%)
2026-02-13 14:27:19,547 - root - WARNING - Loss increased from 819.2334 to 831.3310
2026-02-13 14:27:19,547 - root - INFO - 
=== EM Iteration 13/20 ===
2026-02-13 14:28:33,656 - root - INFO -   Loss: 838.1305 (change: 0.008179)
2026-02-13 14:28:33,675 - root - INFO -   Beta range: [0.180, 0.365]
2026-02-13 14:28:33,675 - root - INFO -   Max beta change: 0.021053
2026-02-13 14:28:33,676 - root - INFO -   Cell count range: [0, 11]
2026-02-13 14:28:33,676 - root - INFO -     B-cells: 421 cells (11.4%)
2026-02-13 14:28:33,676 - root - INFO -     CAFs: 562 cells (15.2%)
2026-02-13 14:28:33,676 - root - INFO -     Cancer Epithelial: 258 cells (7.0%)
2026-02-13 14:28:33,676 - root - INFO -     Endothelial: 266 cells (7.2%)
2026-02-13 14:28:33,676 - root - INFO -     Myeloid: 413 cells (11.2%)
2026-02-13 14:28:33,676 - root - INFO -     Normal Epithelial: 149 cells (4.0%)
2026-02-13 14:28:33,676 - root - INFO -     PVL: 644 cells (17.4%)
2026-02-13 14:28:33,676 - root - INFO -     Plasmablasts: 603 cells (16.3%)
2026-02-13 14:28:33,676 - root - INFO -     T-cells: 384 cells (10.4%)
2026-02-13 14:28:33,676 - root - WARNING - Loss increased from 831.3310 to 838.1305
2026-02-13 14:28:33,676 - root - INFO - 
=== EM Iteration 14/20 ===
2026-02-13 14:29:46,533 - root - INFO -   Loss: 838.4829 (change: 0.000421)
2026-02-13 14:29:46,536 - root - INFO -   Beta range: [0.180, 0.366]
2026-02-13 14:29:46,536 - root - INFO -   Max beta change: 0.016098
2026-02-13 14:29:46,536 - root - INFO -   Cell count range: [0, 11]
2026-02-13 14:29:46,536 - root - INFO -     B-cells: 426 cells (11.5%)
2026-02-13 14:29:46,536 - root - INFO -     CAFs: 567 cells (15.3%)
2026-02-13 14:29:46,536 - root - INFO -     Cancer Epithelial: 257 cells (6.9%)
2026-02-13 14:29:46,536 - root - INFO -     Endothelial: 253 cells (6.8%)
2026-02-13 14:29:46,536 - root - INFO -     Myeloid: 410 cells (11.1%)
2026-02-13 14:29:46,537 - root - INFO -     Normal Epithelial: 148 cells (4.0%)
2026-02-13 14:29:46,537 - root - INFO -     PVL: 655 cells (17.7%)
2026-02-13 14:29:46,537 - root - INFO -     Plasmablasts: 603 cells (16.3%)
2026-02-13 14:29:46,537 - root - INFO -     T-cells: 381 cells (10.3%)
2026-02-13 14:29:46,537 - root - WARNING - Loss increased from 838.1305 to 838.4829
2026-02-13 14:29:46,537 - root - INFO - 
=== EM Iteration 15/20 ===
2026-02-13 14:31:03,264 - root - INFO -   Loss: 860.3210 (change: 0.026045)
2026-02-13 14:31:03,265 - root - INFO -   Beta range: [0.180, 0.368]
2026-02-13 14:31:03,265 - root - INFO -   Max beta change: 0.027798
2026-02-13 14:31:03,265 - root - INFO -   Cell count range: [0, 11]
2026-02-13 14:31:03,265 - root - INFO -     B-cells: 430 cells (11.6%)
2026-02-13 14:31:03,265 - root - INFO -     CAFs: 569 cells (15.4%)
2026-02-13 14:31:03,265 - root - INFO -     Cancer Epithelial: 259 cells (7.0%)
2026-02-13 14:31:03,265 - root - INFO -     Endothelial: 243 cells (6.6%)
2026-02-13 14:31:03,265 - root - INFO -     Myeloid: 407 cells (11.0%)
2026-02-13 14:31:03,265 - root - INFO -     Normal Epithelial: 149 cells (4.0%)
2026-02-13 14:31:03,265 - root - INFO -     PVL: 665 cells (18.0%)
2026-02-13 14:31:03,265 - root - INFO -     Plasmablasts: 598 cells (16.2%)
2026-02-13 14:31:03,265 - root - INFO -     T-cells: 380 cells (10.3%)
2026-02-13 14:31:03,265 - root - WARNING - Loss increased from 838.4829 to 860.3210
2026-02-13 14:31:03,265 - root - INFO - 
=== EM Iteration 16/20 ===
2026-02-13 14:32:25,674 - root - INFO -   Loss: 870.7978 (change: 0.012178)
2026-02-13 14:32:25,691 - root - INFO -   Beta range: [0.180, 0.363]
2026-02-13 14:32:25,692 - root - INFO -   Max beta change: 0.016458
2026-02-13 14:32:25,692 - root - INFO -   Cell count range: [0, 11]
2026-02-13 14:32:25,692 - root - INFO -     B-cells: 427 cells (11.5%)
2026-02-13 14:32:25,692 - root - INFO -     CAFs: 576 cells (15.6%)
2026-02-13 14:32:25,692 - root - INFO -     Cancer Epithelial: 260 cells (7.0%)
2026-02-13 14:32:25,692 - root - INFO -     Endothelial: 229 cells (6.2%)
2026-02-13 14:32:25,692 - root - INFO -     Myeloid: 406 cells (11.0%)
2026-02-13 14:32:25,692 - root - INFO -     Normal Epithelial: 149 cells (4.0%)
2026-02-13 14:32:25,692 - root - INFO -     PVL: 679 cells (18.4%)
2026-02-13 14:32:25,692 - root - INFO -     Plasmablasts: 597 cells (16.1%)
2026-02-13 14:32:25,692 - root - INFO -     T-cells: 377 cells (10.2%)
2026-02-13 14:32:25,692 - root - WARNING - Loss increased from 860.3210 to 870.7978
2026-02-13 14:32:25,692 - root - INFO - 
=== EM Iteration 17/20 ===
2026-02-13 14:33:50,635 - root - INFO -   Loss: 877.6129 (change: 0.007826)
2026-02-13 14:33:50,635 - root - INFO -   Beta range: [0.180, 0.363]
2026-02-13 14:33:50,635 - root - INFO -   Max beta change: 0.012575
2026-02-13 14:33:50,636 - root - INFO -   Cell count range: [0, 11]
2026-02-13 14:33:50,636 - root - INFO -     B-cells: 428 cells (11.6%)
2026-02-13 14:33:50,636 - root - INFO -     CAFs: 572 cells (15.5%)
2026-02-13 14:33:50,636 - root - INFO -     Cancer Epithelial: 260 cells (7.0%)
2026-02-13 14:33:50,636 - root - INFO -     Endothelial: 221 cells (6.0%)
2026-02-13 14:33:50,636 - root - INFO -     Myeloid: 406 cells (11.0%)
2026-02-13 14:33:50,636 - root - INFO -     Normal Epithelial: 149 cells (4.0%)
2026-02-13 14:33:50,636 - root - INFO -     PVL: 689 cells (18.6%)
2026-02-13 14:33:50,636 - root - INFO -     Plasmablasts: 598 cells (16.2%)
2026-02-13 14:33:50,636 - root - INFO -     T-cells: 377 cells (10.2%)
2026-02-13 14:33:50,636 - root - WARNING - Loss increased from 870.7978 to 877.6129
2026-02-13 14:33:50,636 - root - INFO - 
=== EM Iteration 18/20 ===
2026-02-13 14:35:16,707 - root - INFO -   Loss: 884.8241 (change: 0.008217)
2026-02-13 14:35:16,708 - root - INFO -   Beta range: [0.180, 0.363]
2026-02-13 14:35:16,708 - root - INFO -   Max beta change: 0.023648
2026-02-13 14:35:16,708 - root - INFO -   Cell count range: [0, 11]
2026-02-13 14:35:16,708 - root - INFO -     B-cells: 427 cells (11.5%)
2026-02-13 14:35:16,708 - root - INFO -     CAFs: 570 cells (15.4%)
2026-02-13 14:35:16,708 - root - INFO -     Cancer Epithelial: 261 cells (7.1%)
2026-02-13 14:35:16,708 - root - INFO -     Endothelial: 217 cells (5.9%)
2026-02-13 14:35:16,708 - root - INFO -     Myeloid: 406 cells (11.0%)
2026-02-13 14:35:16,708 - root - INFO -     Normal Epithelial: 149 cells (4.0%)
2026-02-13 14:35:16,708 - root - INFO -     PVL: 699 cells (18.9%)
2026-02-13 14:35:16,708 - root - INFO -     Plasmablasts: 597 cells (16.1%)
2026-02-13 14:35:16,708 - root - INFO -     T-cells: 374 cells (10.1%)
2026-02-13 14:35:16,708 - root - WARNING - Loss increased from 877.6129 to 884.8241
2026-02-13 14:35:16,708 - root - INFO - 
=== EM Iteration 19/20 ===
2026-02-13 14:36:43,478 - root - INFO -   Loss: 923.5433 (change: 0.043759)
2026-02-13 14:36:43,479 - root - INFO -   Beta range: [0.180, 0.363]
2026-02-13 14:36:43,479 - root - INFO -   Max beta change: 0.038510
2026-02-13 14:36:43,479 - root - INFO -   Cell count range: [0, 11]
2026-02-13 14:36:43,479 - root - INFO -     B-cells: 431 cells (11.6%)
2026-02-13 14:36:43,479 - root - INFO -     CAFs: 566 cells (15.3%)
2026-02-13 14:36:43,479 - root - INFO -     Cancer Epithelial: 261 cells (7.1%)
2026-02-13 14:36:43,479 - root - INFO -     Endothelial: 210 cells (5.7%)
2026-02-13 14:36:43,479 - root - INFO -     Myeloid: 407 cells (11.0%)
2026-02-13 14:36:43,479 - root - INFO -     Normal Epithelial: 149 cells (4.0%)
2026-02-13 14:36:43,479 - root - INFO -     PVL: 707 cells (19.1%)
2026-02-13 14:36:43,479 - root - INFO -     Plasmablasts: 593 cells (16.0%)
2026-02-13 14:36:43,479 - root - INFO -     T-cells: 376 cells (10.2%)
2026-02-13 14:36:43,479 - root - WARNING - Loss increased from 884.8241 to 923.5433
2026-02-13 14:36:43,480 - root - INFO - 
=== EM Iteration 20/20 ===
2026-02-13 14:37:57,935 - root - INFO -   Loss: 915.9509 (change: 0.008221)
2026-02-13 14:37:58,025 - root - INFO -   Beta range: [0.180, 0.361]
2026-02-13 14:37:58,025 - root - INFO -   Max beta change: 0.008248
2026-02-13 14:37:58,026 - root - INFO -   Cell count range: [0, 11]
2026-02-13 14:37:58,026 - root - INFO -     B-cells: 440 cells (11.9%)
2026-02-13 14:37:58,026 - root - INFO -     CAFs: 557 cells (15.1%)
2026-02-13 14:37:58,026 - root - INFO -     Cancer Epithelial: 264 cells (7.1%)
2026-02-13 14:37:58,026 - root - INFO -     Endothelial: 200 cells (5.4%)
2026-02-13 14:37:58,026 - root - INFO -     Myeloid: 404 cells (10.9%)
2026-02-13 14:37:58,026 - root - INFO -     Normal Epithelial: 149 cells (4.0%)
2026-02-13 14:37:58,026 - root - INFO -     PVL: 710 cells (19.2%)
2026-02-13 14:37:58,026 - root - INFO -     Plasmablasts: 598 cells (16.2%)
2026-02-13 14:37:58,026 - root - INFO -     T-cells: 378 cells (10.2%)
2026-02-13 14:37:58,027 - root - INFO - 
Final beta values:
2026-02-13 14:37:58,027 - root - INFO -   B-cells_Protein_1: β=0.240, α=0.000
2026-02-13 14:37:58,027 - root - INFO -   B-cells_Protein_2: β=0.247, α=0.000
2026-02-13 14:37:58,027 - root - INFO -   CAFs_Protein_1: β=0.207, α=0.000
2026-02-13 14:37:58,027 - root - INFO -   CAFs_Protein_2: β=0.208, α=0.000
2026-02-13 14:37:58,027 - root - INFO -   Cancer Epithelial_Protein_1: β=0.361, α=0.000
2026-02-13 14:37:58,027 - root - INFO -   Cancer Epithelial_Protein_2: β=0.349, α=0.000
2026-02-13 14:37:58,027 - root - INFO -   Endothelial_Protein_1: β=0.274, α=0.249
2026-02-13 14:37:58,027 - root - INFO -   Endothelial_Protein_2: β=0.232, α=0.365
2026-02-13 14:37:58,027 - root - INFO -   Myeloid_Protein_1: β=0.239, α=0.000
2026-02-13 14:37:58,027 - root - INFO -   Myeloid_Protein_2: β=0.251, α=0.000
2026-02-13 14:37:58,027 - root - INFO -   Normal Epithelial_Protein_1: β=0.184, α=0.477
2026-02-13 14:37:58,027 - root - INFO -   Normal Epithelial_Protein_2: β=0.180, α=0.500
2026-02-13 14:37:58,027 - root - INFO -   PVL_Protein_1: β=0.309, α=0.025
2026-02-13 14:37:58,027 - root - INFO -   PVL_Protein_2: β=0.299, α=0.022
2026-02-13 14:37:58,027 - root - INFO -   Plasmablasts_Protein_1: β=0.270, α=0.000
2026-02-13 14:37:58,027 - root - INFO -   Plasmablasts_Protein_2: β=0.241, α=0.000
2026-02-13 14:37:58,028 - root - INFO -   T-cells_Protein_1: β=0.283, α=0.000
2026-02-13 14:37:58,028 - root - INFO -   T-cells_Protein_2: β=0.302, α=0.000
2026-02-13 14:37:58,062 - root - INFO - Saved discrete cell counts to Benchmarking/simulation_benchmarking/CITEgeist/output_discrete/high_seg/dapi/Wu_rep_2/Wu_rep_2_discrete_cell_counts.csv
2026-02-13 14:37:58,070 - root - INFO - Saved derived proportions to Benchmarking/simulation_benchmarking/CITEgeist/output_discrete/high_seg/dapi/Wu_rep_2/Wu_rep_2_cell_prop_discrete.csv
2026-02-13 14:37:58,070 - root - INFO - Cell type distribution:
2026-02-13 14:37:58,070 - root - INFO -   B-cells: 440 cells (11.9%)
2026-02-13 14:37:58,070 - root - INFO -   CAFs: 557 cells (15.1%)
2026-02-13 14:37:58,070 - root - INFO -   Cancer Epithelial: 264 cells (7.1%)
2026-02-13 14:37:58,070 - root - INFO -   Endothelial: 200 cells (5.4%)
2026-02-13 14:37:58,070 - root - INFO -   Myeloid: 404 cells (10.9%)
2026-02-13 14:37:58,070 - root - INFO -   Normal Epithelial: 149 cells (4.0%)
2026-02-13 14:37:58,070 - root - INFO -   PVL: 710 cells (19.2%)
2026-02-13 14:37:58,070 - root - INFO -   Plasmablasts: 598 cells (16.2%)
2026-02-13 14:37:58,070 - root - INFO -   T-cells: 378 cells (10.2%)
2026-02-13 14:37:58,125 - __main__ - INFO - Loaded ground truth proportions: 957 spots, 9 cell types
2026-02-13 14:37:58,127 - __main__ - INFO - Proportion correlation: 0.771
2026-02-13 14:37:58,127 - __main__ - INFO - Proportion RMSE: 0.1750
2026-02-13 14:37:58,155 - __main__ - INFO - Results saved to Benchmarking/simulation_benchmarking/CITEgeist/output_discrete/high_seg/dapi/Wu_rep_2
