2026-02-13 12:16:01,759 - __main__ - INFO - ============================================================
2026-02-13 12:16:01,759 - __main__ - INFO - BENCHMARK: replicate=3, condition=mixed, mode=h_and_e
2026-02-13 12:16:01,759 - __main__ - INFO - ============================================================
2026-02-13 12:16:01,760 - __main__ - INFO - Loading image: /ix1/alee/LO_LAB/Personal/Alexander_Chang/alc376/CITEgeist/Benchmarking/simulation_benchmarking/CITEgeist/mixed/images/h_and_e/Wu_rep_3_cellpose.png
2026-02-13 12:16:02,774 - __main__ - INFO - Image shape: (8000, 8000, 3)
2026-02-13 12:16:02,775 - __main__ - INFO - Running Cellpose with model_type=cyto2
2026-02-13 12:16:11,137 - cellpose.models - WARNING - model_type argument is not used in v4.0.1+. Ignoring this argument...
2026-02-13 12:16:11,339 - cellpose.core - INFO - ** TORCH CUDA version installed and working. **
2026-02-13 12:16:11,340 - cellpose.core - INFO - >>>> using GPU (CUDA)
2026-02-13 12:16:12,488 - cellpose.models - INFO - >>>> loading model /ihome/alee/alc376/.cellpose/models/cpsam
2026-02-13 12:16:12,860 - cellpose.models - WARNING - channels deprecated in v4.0.1+. If data contain more than 3 channels, only the first 3 channels will be used
2026-02-13 12:16:12,898 - cellpose.transforms - INFO - processing image with (8000, 8000) HW, and 3 channels
2026-02-13 12:16:51,915 - __main__ - INFO - Detected 4955 nuclei in 49.1s
2026-02-13 12:16:52,014 - __main__ - INFO - Loaded ground truth counts: 956 spots, total 5000 cells
2026-02-13 12:16:52,015 - __main__ - INFO - Nuclei count correlation: 0.073
2026-02-13 12:16:52,015 - __main__ - INFO - Nuclei count RMSE: 3.31
2026-02-13 12:16:52,016 - __main__ - INFO - Loading h5ad files...
2026-02-13 12:16:54,179 - root - INFO - Logging initialized.
2026-02-13 12:16:54,190 - root - INFO - Discrete antibody preprocessing complete: Row sums range [30.81, 48.52], mean=39.75, std=2.82
2026-02-13 12:16:54,515 - root - INFO - Normalization stats:
2026-02-13 12:16:54,515 - root - INFO - Original median total: 52549287164.00
2026-02-13 12:16:54,531 - root - INFO - Mean scaled total: 9979.76
2026-02-13 12:16:54,542 - root - INFO - Max scaled value: 10000.00
2026-02-13 12:16:54,670 - root - INFO - Gene expression data normalized to 10000 counts per spot and validated for discrete count analysis.
Traceback (most recent call last):
  File "/ix1/alee/LO_LAB/Personal/Alexander_Chang/alc376/CITEgeist/Benchmarking/simulation_benchmarking/CITEgeist/src/benchmark_discrete_simulation.py", line 345, in <module>
    main()
  File "/ix1/alee/LO_LAB/Personal/Alexander_Chang/alc376/CITEgeist/Benchmarking/simulation_benchmarking/CITEgeist/src/benchmark_discrete_simulation.py", line 327, in main
    results = run_benchmark(
  File "/ix1/alee/LO_LAB/Personal/Alexander_Chang/alc376/CITEgeist/Benchmarking/simulation_benchmarking/CITEgeist/src/benchmark_discrete_simulation.py", line 262, in run_benchmark
    cell_counts = model.run_discrete_cell_assignment(
TypeError: CitegeistModel.run_discrete_cell_assignment() got an unexpected keyword argument 'convergence_threshold'
