2026-02-13 12:06:45,327 - __main__ - INFO - ============================================================
2026-02-13 12:06:45,327 - __main__ - INFO - BENCHMARK: replicate=0, condition=mixed, mode=h_and_e
2026-02-13 12:06:45,327 - __main__ - INFO - ============================================================
2026-02-13 12:06:45,388 - __main__ - INFO - Loading image: /ix1/alee/LO_LAB/Personal/Alexander_Chang/alc376/CITEgeist/Benchmarking/simulation_benchmarking/CITEgeist/mixed/images/h_and_e/Wu_rep_0_cellpose.png
2026-02-13 12:06:46,819 - __main__ - INFO - Image shape: (8000, 8000, 3)
2026-02-13 12:06:46,820 - __main__ - INFO - Running Cellpose with model_type=cyto2
2026-02-13 12:06:52,958 - cellpose.models - WARNING - model_type argument is not used in v4.0.1+. Ignoring this argument...
2026-02-13 12:06:53,157 - cellpose.core - INFO - ** TORCH CUDA version installed and working. **
2026-02-13 12:06:53,157 - cellpose.core - INFO - >>>> using GPU (CUDA)
2026-02-13 12:06:54,296 - cellpose.models - INFO - >>>> loading model /ihome/alee/alc376/.cellpose/models/cpsam
2026-02-13 12:06:54,707 - cellpose.models - WARNING - channels deprecated in v4.0.1+. If data contain more than 3 channels, only the first 3 channels will be used
2026-02-13 12:06:54,733 - cellpose.transforms - INFO - processing image with (8000, 8000) HW, and 3 channels
2026-02-13 12:07:33,512 - __main__ - INFO - Detected 4945 nuclei in 46.7s
2026-02-13 12:07:33,924 - __main__ - INFO - Loaded ground truth counts: 951 spots, total 5000 cells
2026-02-13 12:07:33,925 - __main__ - INFO - Nuclei count correlation: 0.129
2026-02-13 12:07:33,926 - __main__ - INFO - Nuclei count RMSE: 3.20
2026-02-13 12:07:33,950 - __main__ - INFO - Loading h5ad files...
2026-02-13 12:07:35,951 - root - INFO - Logging initialized.
2026-02-13 12:07:35,962 - root - INFO - Discrete antibody preprocessing complete: Row sums range [28.17, 48.90], mean=39.77, std=2.90
2026-02-13 12:07:36,280 - root - INFO - Normalization stats:
2026-02-13 12:07:36,280 - root - INFO - Original median total: 70657598764.00
2026-02-13 12:07:36,296 - root - INFO - Mean scaled total: 9980.12
2026-02-13 12:07:36,306 - root - INFO - Max scaled value: 10000.00
2026-02-13 12:07:36,430 - root - INFO - Gene expression data normalized to 10000 counts per spot and validated for discrete count analysis.
Traceback (most recent call last):
  File "/ix1/alee/LO_LAB/Personal/Alexander_Chang/alc376/CITEgeist/Benchmarking/simulation_benchmarking/CITEgeist/src/benchmark_discrete_simulation.py", line 345, in <module>
    main()
  File "/ix1/alee/LO_LAB/Personal/Alexander_Chang/alc376/CITEgeist/Benchmarking/simulation_benchmarking/CITEgeist/src/benchmark_discrete_simulation.py", line 327, in main
    results = run_benchmark(
  File "/ix1/alee/LO_LAB/Personal/Alexander_Chang/alc376/CITEgeist/Benchmarking/simulation_benchmarking/CITEgeist/src/benchmark_discrete_simulation.py", line 262, in run_benchmark
    cell_counts = model.run_discrete_cell_assignment(
TypeError: CitegeistModel.run_discrete_cell_assignment() got an unexpected keyword argument 'max_iterations'
