2026-02-13 14:29:32,915 - __main__ - INFO - ============================================================
2026-02-13 14:29:32,916 - __main__ - INFO - BENCHMARK: replicate=2, condition=mixed, mode=dapi
2026-02-13 14:29:32,916 - __main__ - INFO - ============================================================
2026-02-13 14:29:32,921 - __main__ - INFO - Loading image: /ix1/alee/LO_LAB/Personal/Alexander_Chang/alc376/CITEgeist/Benchmarking/simulation_benchmarking/CITEgeist/mixed/images/dapi/Wu_rep_2_cellpose.png
2026-02-13 14:29:33,740 - __main__ - INFO - Image shape: (8000, 8000, 3)
2026-02-13 14:29:33,741 - __main__ - INFO - Running Cellpose with model_type=nuclei
2026-02-13 14:29:38,283 - cellpose.models - WARNING - model_type argument is not used in v4.0.1+. Ignoring this argument...
2026-02-13 14:29:38,495 - cellpose.core - INFO - ** TORCH CUDA version installed and working. **
2026-02-13 14:29:38,495 - cellpose.core - INFO - >>>> using GPU (CUDA)
2026-02-13 14:29:39,870 - cellpose.models - INFO - >>>> loading model /ihome/alee/alc376/.cellpose/models/cpsam
2026-02-13 14:29:40,307 - cellpose.models - WARNING - channels deprecated in v4.0.1+. If data contain more than 3 channels, only the first 3 channels will be used
2026-02-13 14:29:40,335 - cellpose.transforms - INFO - processing image with (8000, 8000) HW, and 3 channels
2026-02-13 14:30:17,839 - __main__ - INFO - Detected 4958 nuclei in 44.1s
2026-02-13 14:30:17,920 - __main__ - INFO - Loaded ground truth counts: 957 spots, total 5000 cells
2026-02-13 14:30:17,922 - __main__ - INFO - Nuclei count correlation: 0.113
2026-02-13 14:30:17,922 - __main__ - INFO - Nuclei count RMSE: 3.14
2026-02-13 14:30:17,936 - __main__ - INFO - Loading h5ad files...
2026-02-13 14:30:19,742 - root - INFO - Logging initialized.
2026-02-13 14:30:19,752 - root - INFO - Discrete antibody preprocessing complete: Row sums range [31.71, 51.95], mean=40.06, std=2.86
2026-02-13 14:30:20,060 - root - INFO - Normalization stats:
2026-02-13 14:30:20,060 - root - INFO - Original median total: 46399322355.00
2026-02-13 14:30:20,075 - root - INFO - Mean scaled total: 9978.28
2026-02-13 14:30:20,086 - root - INFO - Max scaled value: 10000.00
2026-02-13 14:30:20,199 - root - INFO - Gene expression data normalized to 10000 counts per spot and validated for discrete count analysis.
2026-02-13 14:30:20,200 - root - INFO - Mapped 18 markers to 9 cell types (preserving marker-level data)
2026-02-13 14:30:20,200 - root - INFO - Running discrete cell assignment: 957 spots, 18 markers, 9 cell types
2026-02-13 14:30:20,200 - root - INFO - Total nuclei: 3700, mean per spot: 3.87
2026-02-13 14:30:20,200 - root - INFO - Discrete cell assignment EM: 957 spots, 18 markers, 9 cell types
2026-02-13 14:30:20,200 - root - INFO - Total nuclei: 3700, mean per spot: 3.87
2026-02-13 14:30:20,201 - root - INFO - 
=== EM Iteration 1/20 ===
2026-02-13 14:30:20,220 - gurobipy - INFO - Set parameter LicenseID to value 276015
2026-02-13 14:30:20,220 - gurobipy - INFO - Set parameter GURO_PAR_SPECIAL
2026-02-13 14:30:20,220 - gurobipy - INFO - Set parameter TokenServer to value "license.crc.pitt.edu"
/ix1/alee/LO_LAB/Personal/Alexander_Chang/alc376/CITEgeist/CITEgeist/model/gurobi_impl.py:3365: RuntimeWarning: invalid value encountered in scalar divide
  loss_change = abs(prev_loss - loss) / max(abs(prev_loss), 1e-10)
2026-02-13 14:33:04,088 - root - INFO -   Loss: 1346.9311 (change: nan)
2026-02-13 14:33:04,088 - root - INFO -   Beta range: [0.353, 0.519]
2026-02-13 14:33:04,088 - root - INFO -   Max beta change: 0.646739
2026-02-13 14:33:04,088 - root - INFO -   Cell count range: [0, 11]
2026-02-13 14:33:04,088 - root - INFO -     B-cells: 311 cells (8.4%)
2026-02-13 14:33:04,088 - root - INFO -     CAFs: 527 cells (14.2%)
2026-02-13 14:33:04,088 - root - INFO -     Cancer Epithelial: 611 cells (16.5%)
2026-02-13 14:33:04,088 - root - INFO -     Endothelial: 366 cells (9.9%)
2026-02-13 14:33:04,088 - root - INFO -     Myeloid: 361 cells (9.8%)
2026-02-13 14:33:04,088 - root - INFO -     Normal Epithelial: 351 cells (9.5%)
2026-02-13 14:33:04,088 - root - INFO -     PVL: 410 cells (11.1%)
2026-02-13 14:33:04,088 - root - INFO -     Plasmablasts: 404 cells (10.9%)
2026-02-13 14:33:04,088 - root - INFO -     T-cells: 359 cells (9.7%)
2026-02-13 14:33:04,088 - root - INFO - 
=== EM Iteration 2/20 ===
2026-02-13 14:35:06,129 - root - INFO -   Loss: 1167.2791 (change: 0.133379)
2026-02-13 14:35:06,129 - root - INFO -   Beta range: [0.297, 0.484]
2026-02-13 14:35:06,129 - root - INFO -   Max beta change: 0.056326
2026-02-13 14:35:06,129 - root - INFO -   Cell count range: [0, 11]
2026-02-13 14:35:06,129 - root - INFO -     B-cells: 316 cells (8.5%)
2026-02-13 14:35:06,129 - root - INFO -     CAFs: 523 cells (14.1%)
2026-02-13 14:35:06,129 - root - INFO -     Cancer Epithelial: 599 cells (16.2%)
2026-02-13 14:35:06,129 - root - INFO -     Endothelial: 392 cells (10.6%)
2026-02-13 14:35:06,129 - root - INFO -     Myeloid: 336 cells (9.1%)
2026-02-13 14:35:06,129 - root - INFO -     Normal Epithelial: 353 cells (9.5%)
2026-02-13 14:35:06,129 - root - INFO -     PVL: 416 cells (11.2%)
2026-02-13 14:35:06,129 - root - INFO -     Plasmablasts: 425 cells (11.5%)
2026-02-13 14:35:06,130 - root - INFO -     T-cells: 340 cells (9.2%)
2026-02-13 14:35:06,130 - root - INFO - 
=== EM Iteration 3/20 ===
2026-02-13 14:37:00,415 - root - INFO -   Loss: 1140.9842 (change: 0.022527)
2026-02-13 14:37:00,416 - root - INFO -   Beta range: [0.285, 0.470]
2026-02-13 14:37:00,416 - root - INFO -   Max beta change: 0.047428
2026-02-13 14:37:00,416 - root - INFO -   Cell count range: [0, 11]
2026-02-13 14:37:00,416 - root - INFO -     B-cells: 302 cells (8.2%)
2026-02-13 14:37:00,416 - root - INFO -     CAFs: 529 cells (14.3%)
2026-02-13 14:37:00,416 - root - INFO -     Cancer Epithelial: 620 cells (16.8%)
2026-02-13 14:37:00,416 - root - INFO -     Endothelial: 402 cells (10.9%)
2026-02-13 14:37:00,416 - root - INFO -     Myeloid: 312 cells (8.4%)
2026-02-13 14:37:00,416 - root - INFO -     Normal Epithelial: 361 cells (9.8%)
2026-02-13 14:37:00,416 - root - INFO -     PVL: 413 cells (11.2%)
2026-02-13 14:37:00,416 - root - INFO -     Plasmablasts: 431 cells (11.6%)
2026-02-13 14:37:00,416 - root - INFO -     T-cells: 330 cells (8.9%)
2026-02-13 14:37:00,416 - root - INFO - 
=== EM Iteration 4/20 ===
2026-02-13 14:38:38,867 - root - INFO -   Loss: 1125.6561 (change: 0.013434)
2026-02-13 14:38:38,883 - root - INFO -   Beta range: [0.276, 0.454]
2026-02-13 14:38:38,884 - root - INFO -   Max beta change: 0.026519
2026-02-13 14:38:38,884 - root - INFO -   Cell count range: [0, 11]
2026-02-13 14:38:38,884 - root - INFO -     B-cells: 293 cells (7.9%)
2026-02-13 14:38:38,884 - root - INFO -     CAFs: 526 cells (14.2%)
2026-02-13 14:38:38,884 - root - INFO -     Cancer Epithelial: 644 cells (17.4%)
2026-02-13 14:38:38,884 - root - INFO -     Endothelial: 415 cells (11.2%)
2026-02-13 14:38:38,884 - root - INFO -     Myeloid: 286 cells (7.7%)
2026-02-13 14:38:38,884 - root - INFO -     Normal Epithelial: 369 cells (10.0%)
2026-02-13 14:38:38,884 - root - INFO -     PVL: 424 cells (11.5%)
2026-02-13 14:38:38,884 - root - INFO -     Plasmablasts: 443 cells (12.0%)
2026-02-13 14:38:38,885 - root - INFO -     T-cells: 300 cells (8.1%)
2026-02-13 14:38:38,885 - root - INFO - 
=== EM Iteration 5/20 ===
2026-02-13 14:40:16,354 - root - INFO -   Loss: 1118.9625 (change: 0.005946)
2026-02-13 14:40:16,355 - root - INFO -   Beta range: [0.269, 0.450]
2026-02-13 14:40:16,355 - root - INFO -   Max beta change: 0.019895
2026-02-13 14:40:16,355 - root - INFO -   Cell count range: [0, 11]
2026-02-13 14:40:16,355 - root - INFO -     B-cells: 279 cells (7.5%)
2026-02-13 14:40:16,355 - root - INFO -     CAFs: 523 cells (14.1%)
2026-02-13 14:40:16,355 - root - INFO -     Cancer Epithelial: 650 cells (17.6%)
2026-02-13 14:40:16,355 - root - INFO -     Endothelial: 431 cells (11.6%)
2026-02-13 14:40:16,355 - root - INFO -     Myeloid: 261 cells (7.1%)
2026-02-13 14:40:16,355 - root - INFO -     Normal Epithelial: 393 cells (10.6%)
2026-02-13 14:40:16,355 - root - INFO -     PVL: 423 cells (11.4%)
2026-02-13 14:40:16,355 - root - INFO -     Plasmablasts: 455 cells (12.3%)
2026-02-13 14:40:16,355 - root - INFO -     T-cells: 285 cells (7.7%)
2026-02-13 14:40:16,355 - root - INFO - 
=== EM Iteration 6/20 ===
2026-02-13 14:41:53,409 - root - INFO -   Loss: 1125.2450 (change: 0.005615)
2026-02-13 14:41:53,409 - root - INFO -   Beta range: [0.261, 0.456]
2026-02-13 14:41:53,409 - root - INFO -   Max beta change: 0.045492
2026-02-13 14:41:53,410 - root - INFO -   Cell count range: [0, 11]
2026-02-13 14:41:53,410 - root - INFO -     B-cells: 275 cells (7.4%)
2026-02-13 14:41:53,410 - root - INFO -     CAFs: 518 cells (14.0%)
2026-02-13 14:41:53,410 - root - INFO -     Cancer Epithelial: 655 cells (17.7%)
2026-02-13 14:41:53,410 - root - INFO -     Endothelial: 446 cells (12.1%)
2026-02-13 14:41:53,410 - root - INFO -     Myeloid: 244 cells (6.6%)
2026-02-13 14:41:53,410 - root - INFO -     Normal Epithelial: 409 cells (11.1%)
2026-02-13 14:41:53,410 - root - INFO -     PVL: 431 cells (11.6%)
2026-02-13 14:41:53,410 - root - INFO -     Plasmablasts: 450 cells (12.2%)
2026-02-13 14:41:53,410 - root - INFO -     T-cells: 272 cells (7.4%)
2026-02-13 14:41:53,410 - root - WARNING - Loss increased from 1118.9625 to 1125.2450
2026-02-13 14:41:53,410 - root - INFO - 
=== EM Iteration 7/20 ===
2026-02-13 14:43:25,114 - root - INFO -   Loss: 1131.4108 (change: 0.005479)
2026-02-13 14:43:25,114 - root - INFO -   Beta range: [0.259, 0.464]
2026-02-13 14:43:25,114 - root - INFO -   Max beta change: 0.044256
2026-02-13 14:43:25,114 - root - INFO -   Cell count range: [0, 11]
2026-02-13 14:43:25,114 - root - INFO -     B-cells: 277 cells (7.5%)
2026-02-13 14:43:25,114 - root - INFO -     CAFs: 514 cells (13.9%)
2026-02-13 14:43:25,114 - root - INFO -     Cancer Epithelial: 668 cells (18.1%)
2026-02-13 14:43:25,114 - root - INFO -     Endothelial: 456 cells (12.3%)
2026-02-13 14:43:25,114 - root - INFO -     Myeloid: 231 cells (6.2%)
2026-02-13 14:43:25,114 - root - INFO -     Normal Epithelial: 420 cells (11.4%)
2026-02-13 14:43:25,114 - root - INFO -     PVL: 447 cells (12.1%)
2026-02-13 14:43:25,114 - root - INFO -     Plasmablasts: 450 cells (12.2%)
2026-02-13 14:43:25,114 - root - INFO -     T-cells: 237 cells (6.4%)
2026-02-13 14:43:25,115 - root - WARNING - Loss increased from 1125.2450 to 1131.4108
2026-02-13 14:43:25,115 - root - INFO - 
=== EM Iteration 8/20 ===
2026-02-13 14:45:00,293 - root - INFO -   Loss: 1152.2538 (change: 0.018422)
2026-02-13 14:45:00,295 - root - INFO -   Beta range: [0.251, 0.475]
2026-02-13 14:45:00,295 - root - INFO -   Max beta change: 0.035559
2026-02-13 14:45:00,295 - root - INFO -   Cell count range: [0, 11]
2026-02-13 14:45:00,295 - root - INFO -     B-cells: 278 cells (7.5%)
2026-02-13 14:45:00,295 - root - INFO -     CAFs: 514 cells (13.9%)
2026-02-13 14:45:00,295 - root - INFO -     Cancer Epithelial: 663 cells (17.9%)
2026-02-13 14:45:00,295 - root - INFO -     Endothelial: 467 cells (12.6%)
2026-02-13 14:45:00,295 - root - INFO -     Myeloid: 229 cells (6.2%)
2026-02-13 14:45:00,295 - root - INFO -     Normal Epithelial: 425 cells (11.5%)
2026-02-13 14:45:00,295 - root - INFO -     PVL: 451 cells (12.2%)
2026-02-13 14:45:00,295 - root - INFO -     Plasmablasts: 461 cells (12.5%)
2026-02-13 14:45:00,295 - root - INFO -     T-cells: 212 cells (5.7%)
2026-02-13 14:45:00,295 - root - WARNING - Loss increased from 1131.4108 to 1152.2538
2026-02-13 14:45:00,295 - root - INFO - 
=== EM Iteration 9/20 ===
2026-02-13 14:46:33,985 - root - INFO -   Loss: 1186.3506 (change: 0.029591)
2026-02-13 14:46:33,986 - root - INFO -   Beta range: [0.235, 0.486]
2026-02-13 14:46:33,986 - root - INFO -   Max beta change: 0.052620
2026-02-13 14:46:33,986 - root - INFO -   Cell count range: [0, 11]
2026-02-13 14:46:33,986 - root - INFO -     B-cells: 281 cells (7.6%)
2026-02-13 14:46:33,986 - root - INFO -     CAFs: 512 cells (13.8%)
2026-02-13 14:46:33,986 - root - INFO -     Cancer Epithelial: 658 cells (17.8%)
2026-02-13 14:46:33,986 - root - INFO -     Endothelial: 484 cells (13.1%)
2026-02-13 14:46:33,986 - root - INFO -     Myeloid: 230 cells (6.2%)
2026-02-13 14:46:33,986 - root - INFO -     Normal Epithelial: 430 cells (11.6%)
2026-02-13 14:46:33,986 - root - INFO -     PVL: 452 cells (12.2%)
2026-02-13 14:46:33,986 - root - INFO -     Plasmablasts: 466 cells (12.6%)
2026-02-13 14:46:33,986 - root - INFO -     T-cells: 187 cells (5.1%)
2026-02-13 14:46:33,986 - root - WARNING - Loss increased from 1152.2538 to 1186.3506
2026-02-13 14:46:33,986 - root - INFO - 
=== EM Iteration 10/20 ===
2026-02-13 14:48:09,419 - root - INFO -   Loss: 1216.4323 (change: 0.025356)
2026-02-13 14:48:09,419 - root - INFO -   Beta range: [0.215, 0.489]
2026-02-13 14:48:09,419 - root - INFO -   Max beta change: 0.036933
2026-02-13 14:48:09,420 - root - INFO -   Cell count range: [0, 11]
2026-02-13 14:48:09,420 - root - INFO -     B-cells: 282 cells (7.6%)
2026-02-13 14:48:09,420 - root - INFO -     CAFs: 515 cells (13.9%)
2026-02-13 14:48:09,420 - root - INFO -     Cancer Epithelial: 653 cells (17.6%)
2026-02-13 14:48:09,420 - root - INFO -     Endothelial: 493 cells (13.3%)
2026-02-13 14:48:09,420 - root - INFO -     Myeloid: 234 cells (6.3%)
2026-02-13 14:48:09,420 - root - INFO -     Normal Epithelial: 435 cells (11.8%)
2026-02-13 14:48:09,420 - root - INFO -     PVL: 452 cells (12.2%)
2026-02-13 14:48:09,420 - root - INFO -     Plasmablasts: 470 cells (12.7%)
2026-02-13 14:48:09,420 - root - INFO -     T-cells: 166 cells (4.5%)
2026-02-13 14:48:09,420 - root - WARNING - Loss increased from 1186.3506 to 1216.4323
2026-02-13 14:48:09,420 - root - INFO - 
=== EM Iteration 11/20 ===
2026-02-13 14:49:43,137 - root - INFO -   Loss: 1241.5361 (change: 0.020637)
2026-02-13 14:49:43,153 - root - INFO -   Beta range: [0.201, 0.491]
2026-02-13 14:49:43,153 - root - INFO -   Max beta change: 0.031034
2026-02-13 14:49:43,153 - root - INFO -   Cell count range: [0, 11]
2026-02-13 14:49:43,153 - root - INFO -     B-cells: 282 cells (7.6%)
2026-02-13 14:49:43,153 - root - INFO -     CAFs: 517 cells (14.0%)
2026-02-13 14:49:43,153 - root - INFO -     Cancer Epithelial: 646 cells (17.5%)
2026-02-13 14:49:43,153 - root - INFO -     Endothelial: 501 cells (13.5%)
2026-02-13 14:49:43,153 - root - INFO -     Myeloid: 234 cells (6.3%)
2026-02-13 14:49:43,153 - root - INFO -     Normal Epithelial: 442 cells (11.9%)
2026-02-13 14:49:43,153 - root - INFO -     PVL: 456 cells (12.3%)
2026-02-13 14:49:43,153 - root - INFO -     Plasmablasts: 472 cells (12.8%)
2026-02-13 14:49:43,154 - root - INFO -     T-cells: 150 cells (4.1%)
2026-02-13 14:49:43,154 - root - WARNING - Loss increased from 1216.4323 to 1241.5361
2026-02-13 14:49:43,154 - root - INFO - 
=== EM Iteration 12/20 ===
2026-02-13 14:51:16,755 - root - INFO -   Loss: 1251.9576 (change: 0.008394)
2026-02-13 14:51:16,755 - root - INFO -   Beta range: [0.183, 0.495]
2026-02-13 14:51:16,755 - root - INFO -   Max beta change: 0.033148
2026-02-13 14:51:16,755 - root - INFO -   Cell count range: [0, 11]
2026-02-13 14:51:16,755 - root - INFO -     B-cells: 283 cells (7.6%)
2026-02-13 14:51:16,755 - root - INFO -     CAFs: 515 cells (13.9%)
2026-02-13 14:51:16,755 - root - INFO -     Cancer Epithelial: 634 cells (17.1%)
2026-02-13 14:51:16,755 - root - INFO -     Endothelial: 510 cells (13.8%)
2026-02-13 14:51:16,756 - root - INFO -     Myeloid: 234 cells (6.3%)
2026-02-13 14:51:16,756 - root - INFO -     Normal Epithelial: 445 cells (12.0%)
2026-02-13 14:51:16,756 - root - INFO -     PVL: 453 cells (12.2%)
2026-02-13 14:51:16,756 - root - INFO -     Plasmablasts: 477 cells (12.9%)
2026-02-13 14:51:16,756 - root - INFO -     T-cells: 149 cells (4.0%)
2026-02-13 14:51:16,756 - root - WARNING - Loss increased from 1241.5361 to 1251.9576
2026-02-13 14:51:16,756 - root - INFO - 
=== EM Iteration 13/20 ===
2026-02-13 14:52:55,334 - root - INFO -   Loss: 1254.5822 (change: 0.002096)
2026-02-13 14:52:55,334 - root - INFO -   Beta range: [0.160, 0.497]
2026-02-13 14:52:55,335 - root - INFO -   Max beta change: 0.023495
2026-02-13 14:52:55,335 - root - INFO -   Cell count range: [0, 11]
2026-02-13 14:52:55,335 - root - INFO -     B-cells: 280 cells (7.6%)
2026-02-13 14:52:55,335 - root - INFO -     CAFs: 513 cells (13.9%)
2026-02-13 14:52:55,335 - root - INFO -     Cancer Epithelial: 619 cells (16.7%)
2026-02-13 14:52:55,335 - root - INFO -     Endothelial: 521 cells (14.1%)
2026-02-13 14:52:55,335 - root - INFO -     Myeloid: 234 cells (6.3%)
2026-02-13 14:52:55,335 - root - INFO -     Normal Epithelial: 452 cells (12.2%)
2026-02-13 14:52:55,335 - root - INFO -     PVL: 448 cells (12.1%)
2026-02-13 14:52:55,335 - root - INFO -     Plasmablasts: 480 cells (13.0%)
2026-02-13 14:52:55,335 - root - INFO -     T-cells: 153 cells (4.1%)
2026-02-13 14:52:55,335 - root - WARNING - Loss increased from 1251.9576 to 1254.5822
2026-02-13 14:52:55,335 - root - INFO - 
=== EM Iteration 14/20 ===
2026-02-13 14:54:28,482 - root - INFO -   Loss: 1273.8790 (change: 0.015381)
2026-02-13 14:54:28,482 - root - INFO -   Beta range: [0.120, 0.497]
2026-02-13 14:54:28,482 - root - INFO -   Max beta change: 0.040828
2026-02-13 14:54:28,482 - root - INFO -   Cell count range: [0, 11]
2026-02-13 14:54:28,482 - root - INFO -     B-cells: 278 cells (7.5%)
2026-02-13 14:54:28,482 - root - INFO -     CAFs: 508 cells (13.7%)
2026-02-13 14:54:28,482 - root - INFO -     Cancer Epithelial: 602 cells (16.3%)
2026-02-13 14:54:28,482 - root - INFO -     Endothelial: 525 cells (14.2%)
2026-02-13 14:54:28,482 - root - INFO -     Myeloid: 237 cells (6.4%)
2026-02-13 14:54:28,482 - root - INFO -     Normal Epithelial: 462 cells (12.5%)
2026-02-13 14:54:28,482 - root - INFO -     PVL: 441 cells (11.9%)
2026-02-13 14:54:28,482 - root - INFO -     Plasmablasts: 483 cells (13.1%)
2026-02-13 14:54:28,482 - root - INFO -     T-cells: 164 cells (4.4%)
2026-02-13 14:54:28,482 - root - WARNING - Loss increased from 1254.5822 to 1273.8790
2026-02-13 14:54:28,483 - root - INFO - 
=== EM Iteration 15/20 ===
2026-02-13 14:55:57,575 - root - INFO -   Loss: 1227.7594 (change: 0.036204)
2026-02-13 14:55:57,576 - root - INFO -   Beta range: [0.110, 0.497]
2026-02-13 14:55:57,576 - root - INFO -   Max beta change: 0.019506
2026-02-13 14:55:57,576 - root - INFO -   Cell count range: [0, 11]
2026-02-13 14:55:57,576 - root - INFO -     B-cells: 277 cells (7.5%)
2026-02-13 14:55:57,576 - root - INFO -     CAFs: 499 cells (13.5%)
2026-02-13 14:55:57,576 - root - INFO -     Cancer Epithelial: 593 cells (16.0%)
2026-02-13 14:55:57,576 - root - INFO -     Endothelial: 531 cells (14.4%)
2026-02-13 14:55:57,576 - root - INFO -     Myeloid: 236 cells (6.4%)
2026-02-13 14:55:57,576 - root - INFO -     Normal Epithelial: 464 cells (12.5%)
2026-02-13 14:55:57,576 - root - INFO -     PVL: 437 cells (11.8%)
2026-02-13 14:55:57,576 - root - INFO -     Plasmablasts: 485 cells (13.1%)
2026-02-13 14:55:57,576 - root - INFO -     T-cells: 178 cells (4.8%)
2026-02-13 14:55:57,576 - root - INFO - 
=== EM Iteration 16/20 ===
2026-02-13 14:57:28,950 - root - INFO -   Loss: 1182.9202 (change: 0.036521)
2026-02-13 14:57:28,951 - root - INFO -   Beta range: [0.100, 0.497]
2026-02-13 14:57:28,951 - root - INFO -   Max beta change: 0.009945
2026-02-13 14:57:28,951 - root - INFO -   Cell count range: [0, 11]
2026-02-13 14:57:28,951 - root - INFO -     B-cells: 274 cells (7.4%)
2026-02-13 14:57:28,951 - root - INFO -     CAFs: 492 cells (13.3%)
2026-02-13 14:57:28,951 - root - INFO -     Cancer Epithelial: 586 cells (15.8%)
2026-02-13 14:57:28,951 - root - INFO -     Endothelial: 522 cells (14.1%)
2026-02-13 14:57:28,951 - root - INFO -     Myeloid: 235 cells (6.4%)
2026-02-13 14:57:28,951 - root - INFO -     Normal Epithelial: 456 cells (12.3%)
2026-02-13 14:57:28,951 - root - INFO -     PVL: 423 cells (11.4%)
2026-02-13 14:57:28,951 - root - INFO -     Plasmablasts: 482 cells (13.0%)
2026-02-13 14:57:28,951 - root - INFO -     T-cells: 230 cells (6.2%)
2026-02-13 14:57:28,951 - root - INFO - 
=== EM Iteration 17/20 ===
2026-02-13 14:59:02,809 - root - INFO -   Loss: 1140.7708 (change: 0.035632)
2026-02-13 14:59:02,809 - root - INFO -   Beta range: [0.100, 0.498]
2026-02-13 14:59:02,809 - root - INFO -   Max beta change: 0.026751
2026-02-13 14:59:02,809 - root - INFO -   Cell count range: [0, 11]
2026-02-13 14:59:02,809 - root - INFO -     B-cells: 273 cells (7.4%)
2026-02-13 14:59:02,809 - root - INFO -     CAFs: 481 cells (13.0%)
2026-02-13 14:59:02,809 - root - INFO -     Cancer Epithelial: 570 cells (15.4%)
2026-02-13 14:59:02,809 - root - INFO -     Endothelial: 515 cells (13.9%)
2026-02-13 14:59:02,809 - root - INFO -     Myeloid: 235 cells (6.4%)
2026-02-13 14:59:02,809 - root - INFO -     Normal Epithelial: 447 cells (12.1%)
2026-02-13 14:59:02,810 - root - INFO -     PVL: 414 cells (11.2%)
2026-02-13 14:59:02,810 - root - INFO -     Plasmablasts: 470 cells (12.7%)
2026-02-13 14:59:02,810 - root - INFO -     T-cells: 295 cells (8.0%)
2026-02-13 14:59:02,810 - root - INFO - 
=== EM Iteration 18/20 ===
2026-02-13 15:00:40,433 - root - INFO -   Loss: 1131.2151 (change: 0.008377)
2026-02-13 15:00:40,453 - root - INFO -   Beta range: [0.100, 0.505]
2026-02-13 15:00:40,453 - root - INFO -   Max beta change: 0.022774
2026-02-13 15:00:40,453 - root - INFO -   Cell count range: [0, 11]
2026-02-13 15:00:40,453 - root - INFO -     B-cells: 269 cells (7.3%)
2026-02-13 15:00:40,453 - root - INFO -     CAFs: 466 cells (12.6%)
2026-02-13 15:00:40,454 - root - INFO -     Cancer Epithelial: 556 cells (15.0%)
2026-02-13 15:00:40,454 - root - INFO -     Endothelial: 505 cells (13.6%)
2026-02-13 15:00:40,454 - root - INFO -     Myeloid: 230 cells (6.2%)
2026-02-13 15:00:40,454 - root - INFO -     Normal Epithelial: 446 cells (12.1%)
2026-02-13 15:00:40,454 - root - INFO -     PVL: 409 cells (11.1%)
2026-02-13 15:00:40,454 - root - INFO -     Plasmablasts: 460 cells (12.4%)
2026-02-13 15:00:40,454 - root - INFO -     T-cells: 359 cells (9.7%)
2026-02-13 15:00:40,454 - root - INFO - 
=== EM Iteration 19/20 ===
2026-02-13 15:02:15,349 - root - INFO -   Loss: 1114.3510 (change: 0.014908)
2026-02-13 15:02:15,350 - root - INFO -   Beta range: [0.103, 0.519]
2026-02-13 15:02:15,350 - root - INFO -   Max beta change: 0.019210
2026-02-13 15:02:15,350 - root - INFO -   Cell count range: [0, 11]
2026-02-13 15:02:15,350 - root - INFO -     B-cells: 267 cells (7.2%)
2026-02-13 15:02:15,350 - root - INFO -     CAFs: 460 cells (12.4%)
2026-02-13 15:02:15,350 - root - INFO -     Cancer Epithelial: 535 cells (14.5%)
2026-02-13 15:02:15,350 - root - INFO -     Endothelial: 497 cells (13.4%)
2026-02-13 15:02:15,350 - root - INFO -     Myeloid: 224 cells (6.1%)
2026-02-13 15:02:15,350 - root - INFO -     Normal Epithelial: 441 cells (11.9%)
2026-02-13 15:02:15,350 - root - INFO -     PVL: 405 cells (10.9%)
2026-02-13 15:02:15,350 - root - INFO -     Plasmablasts: 460 cells (12.4%)
2026-02-13 15:02:15,350 - root - INFO -     T-cells: 411 cells (11.1%)
2026-02-13 15:02:15,350 - root - INFO - 
=== EM Iteration 20/20 ===
2026-02-13 15:03:49,359 - root - INFO -   Loss: 1098.8253 (change: 0.013932)
2026-02-13 15:03:49,360 - root - INFO -   Beta range: [0.117, 0.528]
2026-02-13 15:03:49,360 - root - INFO -   Max beta change: 0.069458
2026-02-13 15:03:49,360 - root - INFO -   Cell count range: [0, 11]
2026-02-13 15:03:49,360 - root - INFO -     B-cells: 267 cells (7.2%)
2026-02-13 15:03:49,360 - root - INFO -     CAFs: 453 cells (12.2%)
2026-02-13 15:03:49,360 - root - INFO -     Cancer Epithelial: 518 cells (14.0%)
2026-02-13 15:03:49,360 - root - INFO -     Endothelial: 494 cells (13.4%)
2026-02-13 15:03:49,360 - root - INFO -     Myeloid: 228 cells (6.2%)
2026-02-13 15:03:49,360 - root - INFO -     Normal Epithelial: 440 cells (11.9%)
2026-02-13 15:03:49,360 - root - INFO -     PVL: 400 cells (10.8%)
2026-02-13 15:03:49,360 - root - INFO -     Plasmablasts: 458 cells (12.4%)
2026-02-13 15:03:49,360 - root - INFO -     T-cells: 442 cells (11.9%)
2026-02-13 15:03:49,360 - root - INFO - 
Final beta values:
2026-02-13 15:03:49,360 - root - INFO -   B-cells_Protein_1: β=0.448, α=0.000
2026-02-13 15:03:49,360 - root - INFO -   B-cells_Protein_2: β=0.432, α=0.000
2026-02-13 15:03:49,360 - root - INFO -   CAFs_Protein_1: β=0.348, α=0.189
2026-02-13 15:03:49,360 - root - INFO -   CAFs_Protein_2: β=0.449, α=0.051
2026-02-13 15:03:49,360 - root - INFO -   Cancer Epithelial_Protein_1: β=0.344, α=0.166
2026-02-13 15:03:49,360 - root - INFO -   Cancer Epithelial_Protein_2: β=0.351, α=0.179
2026-02-13 15:03:49,360 - root - INFO -   Endothelial_Protein_1: β=0.333, α=0.000
2026-02-13 15:03:49,360 - root - INFO -   Endothelial_Protein_2: β=0.252, α=0.000
2026-02-13 15:03:49,360 - root - INFO -   Myeloid_Protein_1: β=0.528, α=0.052
2026-02-13 15:03:49,360 - root - INFO -   Myeloid_Protein_2: β=0.280, α=0.321
2026-02-13 15:03:49,360 - root - INFO -   Normal Epithelial_Protein_1: β=0.330, α=0.000
2026-02-13 15:03:49,360 - root - INFO -   Normal Epithelial_Protein_2: β=0.303, α=0.000
2026-02-13 15:03:49,360 - root - INFO -   PVL_Protein_1: β=0.375, α=0.000
2026-02-13 15:03:49,360 - root - INFO -   PVL_Protein_2: β=0.341, α=0.090
2026-02-13 15:03:49,360 - root - INFO -   Plasmablasts_Protein_1: β=0.344, α=0.000
2026-02-13 15:03:49,360 - root - INFO -   Plasmablasts_Protein_2: β=0.340, α=0.000
2026-02-13 15:03:49,360 - root - INFO -   T-cells_Protein_1: β=0.194, α=0.097
2026-02-13 15:03:49,360 - root - INFO -   T-cells_Protein_2: β=0.117, α=0.262
2026-02-13 15:03:49,410 - root - INFO - Saved discrete cell counts to Benchmarking/simulation_benchmarking/CITEgeist/output_discrete/mixed/dapi/Wu_rep_2/Wu_rep_2_discrete_cell_counts.csv
2026-02-13 15:03:49,417 - root - INFO - Saved derived proportions to Benchmarking/simulation_benchmarking/CITEgeist/output_discrete/mixed/dapi/Wu_rep_2/Wu_rep_2_cell_prop_discrete.csv
2026-02-13 15:03:49,418 - root - INFO - Cell type distribution:
2026-02-13 15:03:49,418 - root - INFO -   B-cells: 267 cells (7.2%)
2026-02-13 15:03:49,418 - root - INFO -   CAFs: 453 cells (12.2%)
2026-02-13 15:03:49,418 - root - INFO -   Cancer Epithelial: 518 cells (14.0%)
2026-02-13 15:03:49,418 - root - INFO -   Endothelial: 494 cells (13.4%)
2026-02-13 15:03:49,418 - root - INFO -   Myeloid: 228 cells (6.2%)
2026-02-13 15:03:49,418 - root - INFO -   Normal Epithelial: 440 cells (11.9%)
2026-02-13 15:03:49,418 - root - INFO -   PVL: 400 cells (10.8%)
2026-02-13 15:03:49,418 - root - INFO -   Plasmablasts: 458 cells (12.4%)
2026-02-13 15:03:49,418 - root - INFO -   T-cells: 442 cells (11.9%)
2026-02-13 15:03:49,466 - __main__ - INFO - Loaded ground truth proportions: 957 spots, 9 cell types
2026-02-13 15:03:49,468 - __main__ - INFO - Proportion correlation: 0.396
2026-02-13 15:03:49,468 - __main__ - INFO - Proportion RMSE: 0.2166
2026-02-13 15:03:49,518 - __main__ - INFO - Results saved to Benchmarking/simulation_benchmarking/CITEgeist/output_discrete/mixed/dapi/Wu_rep_2
