CitegeistModel initialized successfully.
Antibody capture data preprocessing completed for discrete mode: Winsorized [5%, 95%], scale_per_marker=True, no per-spot normalization.
Set parameter LicenseID to value 276015
Set parameter GURO_PAR_SPECIAL
Set parameter TokenServer to value "license.crc.pitt.edu"
Parquet file for pass 1 loaded successfully.
Spot and CellType successfully split (using ::: delimiter).

Spot name formats:
AnnData spot names format: Index(['spot_1', 'spot_2', 'spot_3', 'spot_4', 'spot_5'], dtype='object')
Parquet spot names format: ['spot_1' 'spot_2' 'spot_3' 'spot_4' 'spot_5']
Added layer: PVL_genes_pass1 (Shape: (957, 29733))
Added layer: Endothelial_genes_pass1 (Shape: (957, 29733))
Added layer: Normal_Epithelial_genes_pass1 (Shape: (957, 29733))
Added layer: CAFs_genes_pass1 (Shape: (957, 29733))
Added layer: Cancer_Epithelial_genes_pass1 (Shape: (957, 29733))
Added layer: Plasmablasts_genes_pass1 (Shape: (957, 29733))
Added layer: T-cells_genes_pass1 (Shape: (957, 29733))
Added layer: Myeloid_genes_pass1 (Shape: (957, 29733))
Added layer: B-cells_genes_pass1 (Shape: (957, 29733))
RMSE, NRMSE, and MAE per cell type:
	B-cells: RMSE: 0.1526, NRMSE: 0.0190, MAE: 0.0105
	Normal Epithelial: RMSE: 0.1538, NRMSE: 0.0231, MAE: 0.0126
	Cancer Epithelial: RMSE: 0.1673, NRMSE: 0.0226, MAE: 0.0150
	CAFs: RMSE: 0.1479, NRMSE: 0.0216, MAE: 0.0120
	PVL: RMSE: 0.2892, NRMSE: 0.0369, MAE: 0.0438
	T-cells: RMSE: 0.1448, NRMSE: 0.0194, MAE: 0.0104
	Myeloid: RMSE: 0.1357, NRMSE: 0.0192, MAE: 0.0091
	Endothelial: RMSE: 0.1614, NRMSE: 0.0246, MAE: 0.0143
	Plasmablasts: RMSE: 0.0822, NRMSE: 0.0091, MAE: 0.0029

Overall RMSE statistics:
	Average RMSE: 0.1594
	Median RMSE:  0.1526

Overall NRMSE statistics:
	Average NRMSE: 0.0217
	Median NRMSE:  0.0216

Overall MAE statistics:
	Average MAE: 0.0145
	Median MAE:  0.0120
Per-cell type metrics saved to per_celltype_metrics.csv

=== RESULTS ===
Nuclei count correlation: 0.977
Proportion correlation: 0.821
