2026-02-13 12:03:30,472 - __main__ - INFO - ============================================================
2026-02-13 12:03:30,474 - __main__ - INFO - BENCHMARK: replicate=2, condition=high_seg, mode=dapi
2026-02-13 12:03:30,474 - __main__ - INFO - ============================================================
2026-02-13 12:03:30,482 - __main__ - INFO - Loading image: /ix1/alee/LO_LAB/Personal/Alexander_Chang/alc376/CITEgeist/Benchmarking/simulation_benchmarking/CITEgeist/high_seg/images/dapi/Wu_rep_2_cellpose.png
2026-02-13 12:03:31,216 - __main__ - INFO - Image shape: (8000, 8000, 3)
2026-02-13 12:03:31,217 - __main__ - INFO - Running Cellpose with model_type=nuclei
2026-02-13 12:03:42,725 - cellpose.models - WARNING - model_type argument is not used in v4.0.1+. Ignoring this argument...
2026-02-13 12:03:43,010 - cellpose.core - INFO - ** TORCH CUDA version installed and working. **
2026-02-13 12:03:43,010 - cellpose.core - INFO - >>>> using GPU (CUDA)
2026-02-13 12:03:44,237 - cellpose.models - INFO - >>>> loading model /ihome/alee/alc376/.cellpose/models/cpsam
2026-02-13 12:03:46,660 - cellpose.models - WARNING - channels deprecated in v4.0.1+. If data contain more than 3 channels, only the first 3 channels will be used
2026-02-13 12:03:46,699 - cellpose.transforms - INFO - processing image with (8000, 8000) HW, and 3 channels
2026-02-13 12:04:28,324 - __main__ - INFO - Detected 913 nuclei in 57.1s
2026-02-13 12:04:28,445 - __main__ - INFO - Loaded ground truth counts: 957 spots, total 5000 cells
2026-02-13 12:04:28,448 - __main__ - INFO - Nuclei count correlation: 0.056
2026-02-13 12:04:28,448 - __main__ - INFO - Nuclei count RMSE: 5.20
2026-02-13 12:04:28,450 - __main__ - INFO - Loading h5ad files...
2026-02-13 12:04:31,026 - root - INFO - Logging initialized.
2026-02-13 12:04:31,037 - root - INFO - Discrete antibody preprocessing complete: Row sums range [30.48, 47.95], mean=38.46, std=2.66
2026-02-13 12:04:31,356 - root - INFO - Normalization stats:
2026-02-13 12:04:31,356 - root - INFO - Original median total: 23475924785.00
2026-02-13 12:04:31,371 - root - INFO - Mean scaled total: 9977.79
2026-02-13 12:04:31,382 - root - INFO - Max scaled value: 10000.00
2026-02-13 12:04:31,509 - root - INFO - Gene expression data normalized to 10000 counts per spot and validated for discrete count analysis.
Traceback (most recent call last):
  File "/ix1/alee/LO_LAB/Personal/Alexander_Chang/alc376/CITEgeist/Benchmarking/simulation_benchmarking/CITEgeist/src/benchmark_discrete_simulation.py", line 345, in <module>
    main()
  File "/ix1/alee/LO_LAB/Personal/Alexander_Chang/alc376/CITEgeist/Benchmarking/simulation_benchmarking/CITEgeist/src/benchmark_discrete_simulation.py", line 327, in main
    results = run_benchmark(
  File "/ix1/alee/LO_LAB/Personal/Alexander_Chang/alc376/CITEgeist/Benchmarking/simulation_benchmarking/CITEgeist/src/benchmark_discrete_simulation.py", line 262, in run_benchmark
    cell_counts = model.run_discrete_cell_assignment(
TypeError: CitegeistModel.run_discrete_cell_assignment() got an unexpected keyword argument 'max_iterations'
