2026-02-13 12:22:16,736 - __main__ - INFO - ============================================================
2026-02-13 12:22:16,736 - __main__ - INFO - BENCHMARK: replicate=0, condition=high_seg, mode=h_and_e
2026-02-13 12:22:16,736 - __main__ - INFO - ============================================================
2026-02-13 12:22:16,737 - __main__ - INFO - Loading image: /ix1/alee/LO_LAB/Personal/Alexander_Chang/alc376/CITEgeist/Benchmarking/simulation_benchmarking/CITEgeist/high_seg/images/h_and_e/Wu_rep_0_cellpose.png
2026-02-13 12:22:17,847 - __main__ - INFO - Image shape: (8000, 8000, 3)
2026-02-13 12:22:17,849 - __main__ - INFO - Running Cellpose with model_type=cyto2
2026-02-13 12:22:43,257 - cellpose.models - WARNING - model_type argument is not used in v4.0.1+. Ignoring this argument...
2026-02-13 12:22:43,803 - cellpose.core - INFO - ** TORCH CUDA version installed and working. **
2026-02-13 12:22:43,803 - cellpose.core - INFO - >>>> using GPU (CUDA)
2026-02-13 12:22:45,419 - cellpose.models - INFO - >>>> loading model /ihome/alee/alc376/.cellpose/models/cpsam
2026-02-13 12:22:45,962 - cellpose.models - WARNING - channels deprecated in v4.0.1+. If data contain more than 3 channels, only the first 3 channels will be used
2026-02-13 12:22:45,990 - cellpose.transforms - INFO - processing image with (8000, 8000) HW, and 3 channels
2026-02-13 12:23:23,958 - __main__ - INFO - Detected 4945 nuclei in 66.1s
2026-02-13 12:23:24,031 - __main__ - INFO - Loaded ground truth counts: 951 spots, total 5000 cells
2026-02-13 12:23:24,035 - __main__ - INFO - Nuclei count correlation: 0.129
2026-02-13 12:23:24,035 - __main__ - INFO - Nuclei count RMSE: 3.20
2026-02-13 12:23:24,037 - __main__ - INFO - Loading h5ad files...
2026-02-13 12:23:27,214 - root - INFO - Logging initialized.
2026-02-13 12:23:27,230 - root - INFO - Discrete antibody preprocessing complete: Row sums range [29.89, 45.99], mean=38.73, std=2.75
2026-02-13 12:23:27,549 - root - INFO - Normalization stats:
2026-02-13 12:23:27,549 - root - INFO - Original median total: 71475446724.00
2026-02-13 12:23:27,564 - root - INFO - Mean scaled total: 9979.95
2026-02-13 12:23:27,575 - root - INFO - Max scaled value: 10000.00
2026-02-13 12:23:27,688 - root - INFO - Gene expression data normalized to 10000 counts per spot and validated for discrete count analysis.
2026-02-13 12:23:27,689 - root - INFO - Mapped 18 markers to 9 cell types (preserving marker-level data)
2026-02-13 12:23:27,689 - root - INFO - Running discrete cell assignment: 951 spots, 18 markers, 9 cell types
2026-02-13 12:23:27,689 - root - INFO - Total nuclei: 3610, mean per spot: 3.80
2026-02-13 12:23:27,689 - root - INFO - Discrete cell assignment EM: 951 spots, 18 markers, 9 cell types
2026-02-13 12:23:27,689 - root - INFO - Total nuclei: 3610, mean per spot: 3.80
2026-02-13 12:23:27,690 - root - INFO - 
=== EM Iteration 1/20 ===
2026-02-13 12:23:27,723 - gurobipy - INFO - Set parameter LicenseID to value 276015
2026-02-13 12:23:27,723 - gurobipy - INFO - Set parameter GURO_PAR_SPECIAL
2026-02-13 12:23:27,723 - gurobipy - INFO - Set parameter TokenServer to value "license.crc.pitt.edu"
/ix1/alee/LO_LAB/Personal/Alexander_Chang/alc376/CITEgeist/CITEgeist/model/gurobi_impl.py:3365: RuntimeWarning: invalid value encountered in scalar divide
  loss_change = abs(prev_loss - loss) / max(abs(prev_loss), 1e-10)
2026-02-13 12:26:43,532 - root - INFO -   Loss: 1059.8768 (change: nan)
2026-02-13 12:26:43,532 - root - INFO -   Beta range: [0.247, 0.505]
2026-02-13 12:26:43,532 - root - INFO -   Max beta change: 0.753314
2026-02-13 12:26:43,532 - root - INFO -   Cell count range: [0, 12]
2026-02-13 12:26:43,532 - root - INFO -     B-cells: 445 cells (12.3%)
2026-02-13 12:26:43,532 - root - INFO -     CAFs: 416 cells (11.5%)
2026-02-13 12:26:43,532 - root - INFO -     Cancer Epithelial: 428 cells (11.9%)
2026-02-13 12:26:43,532 - root - INFO -     Endothelial: 335 cells (9.3%)
2026-02-13 12:26:43,532 - root - INFO -     Myeloid: 352 cells (9.8%)
2026-02-13 12:26:43,532 - root - INFO -     Normal Epithelial: 352 cells (9.8%)
2026-02-13 12:26:43,532 - root - INFO -     PVL: 399 cells (11.1%)
2026-02-13 12:26:43,532 - root - INFO -     Plasmablasts: 569 cells (15.8%)
2026-02-13 12:26:43,532 - root - INFO -     T-cells: 314 cells (8.7%)
2026-02-13 12:26:43,532 - root - INFO - 
=== EM Iteration 2/20 ===
2026-02-13 12:28:31,184 - root - INFO -   Loss: 662.8729 (change: 0.374576)
2026-02-13 12:28:31,185 - root - INFO -   Beta range: [0.224, 0.464]
2026-02-13 12:28:31,185 - root - INFO -   Max beta change: 0.046692
2026-02-13 12:28:31,186 - root - INFO -   Cell count range: [0, 12]
2026-02-13 12:28:31,186 - root - INFO -     B-cells: 444 cells (12.3%)
2026-02-13 12:28:31,186 - root - INFO -     CAFs: 419 cells (11.6%)
2026-02-13 12:28:31,186 - root - INFO -     Cancer Epithelial: 391 cells (10.8%)
2026-02-13 12:28:31,186 - root - INFO -     Endothelial: 328 cells (9.1%)
2026-02-13 12:28:31,186 - root - INFO -     Myeloid: 325 cells (9.0%)
2026-02-13 12:28:31,186 - root - INFO -     Normal Epithelial: 428 cells (11.9%)
2026-02-13 12:28:31,186 - root - INFO -     PVL: 405 cells (11.2%)
2026-02-13 12:28:31,186 - root - INFO -     Plasmablasts: 535 cells (14.8%)
2026-02-13 12:28:31,186 - root - INFO -     T-cells: 335 cells (9.3%)
2026-02-13 12:28:31,186 - root - INFO - 
=== EM Iteration 3/20 ===
2026-02-13 12:29:51,795 - root - INFO -   Loss: 656.6031 (change: 0.009458)
2026-02-13 12:29:51,819 - root - INFO -   Beta range: [0.211, 0.441]
2026-02-13 12:29:51,819 - root - INFO -   Max beta change: 0.034167
2026-02-13 12:29:51,820 - root - INFO -   Cell count range: [0, 12]
2026-02-13 12:29:51,820 - root - INFO -     B-cells: 443 cells (12.3%)
2026-02-13 12:29:51,820 - root - INFO -     CAFs: 411 cells (11.4%)
2026-02-13 12:29:51,820 - root - INFO -     Cancer Epithelial: 374 cells (10.4%)
2026-02-13 12:29:51,820 - root - INFO -     Endothelial: 323 cells (8.9%)
2026-02-13 12:29:51,820 - root - INFO -     Myeloid: 320 cells (8.9%)
2026-02-13 12:29:51,820 - root - INFO -     Normal Epithelial: 441 cells (12.2%)
2026-02-13 12:29:51,820 - root - INFO -     PVL: 426 cells (11.8%)
2026-02-13 12:29:51,820 - root - INFO -     Plasmablasts: 546 cells (15.1%)
2026-02-13 12:29:51,820 - root - INFO -     T-cells: 326 cells (9.0%)
2026-02-13 12:29:51,820 - root - INFO - 
=== EM Iteration 4/20 ===
2026-02-13 12:31:10,060 - root - INFO -   Loss: 659.8721 (change: 0.004979)
2026-02-13 12:31:10,061 - root - INFO -   Beta range: [0.204, 0.422]
2026-02-13 12:31:10,061 - root - INFO -   Max beta change: 0.027471
2026-02-13 12:31:10,061 - root - INFO -   Cell count range: [0, 12]
2026-02-13 12:31:10,061 - root - INFO -     B-cells: 442 cells (12.2%)
2026-02-13 12:31:10,061 - root - INFO -     CAFs: 402 cells (11.1%)
2026-02-13 12:31:10,061 - root - INFO -     Cancer Epithelial: 352 cells (9.8%)
2026-02-13 12:31:10,061 - root - INFO -     Endothelial: 320 cells (8.9%)
2026-02-13 12:31:10,061 - root - INFO -     Myeloid: 316 cells (8.8%)
2026-02-13 12:31:10,061 - root - INFO -     Normal Epithelial: 457 cells (12.7%)
2026-02-13 12:31:10,061 - root - INFO -     PVL: 443 cells (12.3%)
2026-02-13 12:31:10,061 - root - INFO -     Plasmablasts: 552 cells (15.3%)
2026-02-13 12:31:10,061 - root - INFO -     T-cells: 326 cells (9.0%)
2026-02-13 12:31:10,061 - root - WARNING - Loss increased from 656.6031 to 659.8721
2026-02-13 12:31:10,061 - root - INFO - 
=== EM Iteration 5/20 ===
2026-02-13 12:32:27,800 - root - INFO -   Loss: 672.8393 (change: 0.019651)
2026-02-13 12:32:27,802 - root - INFO -   Beta range: [0.198, 0.405]
2026-02-13 12:32:27,802 - root - INFO -   Max beta change: 0.033877
2026-02-13 12:32:27,802 - root - INFO -   Cell count range: [0, 12]
2026-02-13 12:32:27,802 - root - INFO -     B-cells: 447 cells (12.4%)
2026-02-13 12:32:27,802 - root - INFO -     CAFs: 398 cells (11.0%)
2026-02-13 12:32:27,803 - root - INFO -     Cancer Epithelial: 334 cells (9.3%)
2026-02-13 12:32:27,803 - root - INFO -     Endothelial: 323 cells (8.9%)
2026-02-13 12:32:27,803 - root - INFO -     Myeloid: 312 cells (8.6%)
2026-02-13 12:32:27,803 - root - INFO -     Normal Epithelial: 470 cells (13.0%)
2026-02-13 12:32:27,803 - root - INFO -     PVL: 452 cells (12.5%)
2026-02-13 12:32:27,803 - root - INFO -     Plasmablasts: 556 cells (15.4%)
2026-02-13 12:32:27,803 - root - INFO -     T-cells: 318 cells (8.8%)
2026-02-13 12:32:27,803 - root - WARNING - Loss increased from 659.8721 to 672.8393
2026-02-13 12:32:27,803 - root - INFO - 
=== EM Iteration 6/20 ===
2026-02-13 12:33:46,021 - root - INFO -   Loss: 688.7397 (change: 0.023632)
2026-02-13 12:33:46,042 - root - INFO -   Beta range: [0.195, 0.392]
2026-02-13 12:33:46,042 - root - INFO -   Max beta change: 0.037632
2026-02-13 12:33:46,042 - root - INFO -   Cell count range: [0, 12]
2026-02-13 12:33:46,042 - root - INFO -     B-cells: 457 cells (12.7%)
2026-02-13 12:33:46,042 - root - INFO -     CAFs: 397 cells (11.0%)
2026-02-13 12:33:46,043 - root - INFO -     Cancer Epithelial: 315 cells (8.7%)
2026-02-13 12:33:46,043 - root - INFO -     Endothelial: 321 cells (8.9%)
2026-02-13 12:33:46,043 - root - INFO -     Myeloid: 306 cells (8.5%)
2026-02-13 12:33:46,043 - root - INFO -     Normal Epithelial: 480 cells (13.3%)
2026-02-13 12:33:46,043 - root - INFO -     PVL: 455 cells (12.6%)
2026-02-13 12:33:46,043 - root - INFO -     Plasmablasts: 566 cells (15.7%)
2026-02-13 12:33:46,043 - root - INFO -     T-cells: 313 cells (8.7%)
2026-02-13 12:33:46,043 - root - WARNING - Loss increased from 672.8393 to 688.7397
2026-02-13 12:33:46,043 - root - INFO - 
=== EM Iteration 7/20 ===
2026-02-13 12:35:03,656 - root - INFO -   Loss: 707.6622 (change: 0.027474)
2026-02-13 12:35:03,657 - root - INFO -   Beta range: [0.192, 0.381]
2026-02-13 12:35:03,657 - root - INFO -   Max beta change: 0.023906
2026-02-13 12:35:03,657 - root - INFO -   Cell count range: [0, 12]
2026-02-13 12:35:03,657 - root - INFO -     B-cells: 463 cells (12.8%)
2026-02-13 12:35:03,657 - root - INFO -     CAFs: 393 cells (10.9%)
2026-02-13 12:35:03,657 - root - INFO -     Cancer Epithelial: 308 cells (8.5%)
2026-02-13 12:35:03,657 - root - INFO -     Endothelial: 322 cells (8.9%)
2026-02-13 12:35:03,657 - root - INFO -     Myeloid: 300 cells (8.3%)
2026-02-13 12:35:03,657 - root - INFO -     Normal Epithelial: 490 cells (13.6%)
2026-02-13 12:35:03,657 - root - INFO -     PVL: 456 cells (12.6%)
2026-02-13 12:35:03,657 - root - INFO -     Plasmablasts: 570 cells (15.8%)
2026-02-13 12:35:03,657 - root - INFO -     T-cells: 308 cells (8.5%)
2026-02-13 12:35:03,657 - root - WARNING - Loss increased from 688.7397 to 707.6622
2026-02-13 12:35:03,657 - root - INFO - 
=== EM Iteration 8/20 ===
2026-02-13 12:36:18,901 - root - INFO -   Loss: 718.0962 (change: 0.014744)
2026-02-13 12:36:18,901 - root - INFO -   Beta range: [0.190, 0.373]
2026-02-13 12:36:18,901 - root - INFO -   Max beta change: 0.020758
2026-02-13 12:36:18,901 - root - INFO -   Cell count range: [0, 12]
2026-02-13 12:36:18,901 - root - INFO -     B-cells: 470 cells (13.0%)
2026-02-13 12:36:18,901 - root - INFO -     CAFs: 390 cells (10.8%)
2026-02-13 12:36:18,901 - root - INFO -     Cancer Epithelial: 301 cells (8.3%)
2026-02-13 12:36:18,901 - root - INFO -     Endothelial: 318 cells (8.8%)
2026-02-13 12:36:18,901 - root - INFO -     Myeloid: 300 cells (8.3%)
2026-02-13 12:36:18,901 - root - INFO -     Normal Epithelial: 495 cells (13.7%)
2026-02-13 12:36:18,901 - root - INFO -     PVL: 455 cells (12.6%)
2026-02-13 12:36:18,901 - root - INFO -     Plasmablasts: 579 cells (16.0%)
2026-02-13 12:36:18,901 - root - INFO -     T-cells: 302 cells (8.4%)
2026-02-13 12:36:18,901 - root - WARNING - Loss increased from 707.6622 to 718.0962
2026-02-13 12:36:18,901 - root - INFO - 
=== EM Iteration 9/20 ===
2026-02-13 12:37:35,592 - root - INFO -   Loss: 725.6113 (change: 0.010465)
2026-02-13 12:37:35,593 - root - INFO -   Beta range: [0.187, 0.373]
2026-02-13 12:37:35,593 - root - INFO -   Max beta change: 0.021207
2026-02-13 12:37:35,593 - root - INFO -   Cell count range: [0, 12]
2026-02-13 12:37:35,593 - root - INFO -     B-cells: 480 cells (13.3%)
2026-02-13 12:37:35,593 - root - INFO -     CAFs: 385 cells (10.7%)
2026-02-13 12:37:35,593 - root - INFO -     Cancer Epithelial: 307 cells (8.5%)
2026-02-13 12:37:35,593 - root - INFO -     Endothelial: 317 cells (8.8%)
2026-02-13 12:37:35,593 - root - INFO -     Myeloid: 295 cells (8.2%)
2026-02-13 12:37:35,593 - root - INFO -     Normal Epithelial: 503 cells (13.9%)
2026-02-13 12:37:35,593 - root - INFO -     PVL: 454 cells (12.6%)
2026-02-13 12:37:35,593 - root - INFO -     Plasmablasts: 578 cells (16.0%)
2026-02-13 12:37:35,593 - root - INFO -     T-cells: 291 cells (8.1%)
2026-02-13 12:37:35,593 - root - WARNING - Loss increased from 718.0962 to 725.6113
2026-02-13 12:37:35,593 - root - INFO - 
=== EM Iteration 10/20 ===
2026-02-13 12:38:51,077 - root - INFO -   Loss: 730.0883 (change: 0.006170)
2026-02-13 12:38:51,078 - root - INFO -   Beta range: [0.185, 0.380]
2026-02-13 12:38:51,078 - root - INFO -   Max beta change: 0.011688
2026-02-13 12:38:51,078 - root - INFO -   Cell count range: [0, 12]
2026-02-13 12:38:51,078 - root - INFO -     B-cells: 496 cells (13.7%)
2026-02-13 12:38:51,078 - root - INFO -     CAFs: 378 cells (10.5%)
2026-02-13 12:38:51,078 - root - INFO -     Cancer Epithelial: 311 cells (8.6%)
2026-02-13 12:38:51,078 - root - INFO -     Endothelial: 319 cells (8.8%)
2026-02-13 12:38:51,078 - root - INFO -     Myeloid: 288 cells (8.0%)
2026-02-13 12:38:51,078 - root - INFO -     Normal Epithelial: 505 cells (14.0%)
2026-02-13 12:38:51,078 - root - INFO -     PVL: 453 cells (12.5%)
2026-02-13 12:38:51,078 - root - INFO -     Plasmablasts: 575 cells (15.9%)
2026-02-13 12:38:51,078 - root - INFO -     T-cells: 285 cells (7.9%)
2026-02-13 12:38:51,078 - root - WARNING - Loss increased from 725.6113 to 730.0883
2026-02-13 12:38:51,078 - root - INFO - 
=== EM Iteration 11/20 ===
2026-02-13 12:40:07,839 - root - INFO -   Loss: 740.3640 (change: 0.014075)
2026-02-13 12:40:07,839 - root - INFO -   Beta range: [0.181, 0.382]
2026-02-13 12:40:07,839 - root - INFO -   Max beta change: 0.018471
2026-02-13 12:40:07,840 - root - INFO -   Cell count range: [0, 12]
2026-02-13 12:40:07,840 - root - INFO -     B-cells: 502 cells (13.9%)
2026-02-13 12:40:07,840 - root - INFO -     CAFs: 373 cells (10.3%)
2026-02-13 12:40:07,840 - root - INFO -     Cancer Epithelial: 317 cells (8.8%)
2026-02-13 12:40:07,840 - root - INFO -     Endothelial: 319 cells (8.8%)
2026-02-13 12:40:07,840 - root - INFO -     Myeloid: 285 cells (7.9%)
2026-02-13 12:40:07,840 - root - INFO -     Normal Epithelial: 511 cells (14.2%)
2026-02-13 12:40:07,840 - root - INFO -     PVL: 454 cells (12.6%)
2026-02-13 12:40:07,840 - root - INFO -     Plasmablasts: 573 cells (15.9%)
2026-02-13 12:40:07,840 - root - INFO -     T-cells: 276 cells (7.6%)
2026-02-13 12:40:07,840 - root - WARNING - Loss increased from 730.0883 to 740.3640
2026-02-13 12:40:07,840 - root - INFO - 
=== EM Iteration 12/20 ===
2026-02-13 12:41:25,368 - root - INFO -   Loss: 731.6080 (change: 0.011827)
2026-02-13 12:41:25,369 - root - INFO -   Beta range: [0.178, 0.388]
2026-02-13 12:41:25,369 - root - INFO -   Max beta change: 0.013111
2026-02-13 12:41:25,369 - root - INFO -   Cell count range: [0, 12]
2026-02-13 12:41:25,369 - root - INFO -     B-cells: 505 cells (14.0%)
2026-02-13 12:41:25,369 - root - INFO -     CAFs: 365 cells (10.1%)
2026-02-13 12:41:25,370 - root - INFO -     Cancer Epithelial: 325 cells (9.0%)
2026-02-13 12:41:25,370 - root - INFO -     Endothelial: 324 cells (9.0%)
2026-02-13 12:41:25,370 - root - INFO -     Myeloid: 278 cells (7.7%)
2026-02-13 12:41:25,370 - root - INFO -     Normal Epithelial: 517 cells (14.3%)
2026-02-13 12:41:25,370 - root - INFO -     PVL: 450 cells (12.5%)
2026-02-13 12:41:25,370 - root - INFO -     Plasmablasts: 578 cells (16.0%)
2026-02-13 12:41:25,370 - root - INFO -     T-cells: 268 cells (7.4%)
2026-02-13 12:41:25,370 - root - INFO - 
=== EM Iteration 13/20 ===
2026-02-13 12:42:40,342 - root - INFO -   Loss: 733.8399 (change: 0.003051)
2026-02-13 12:42:40,342 - root - INFO -   Beta range: [0.172, 0.392]
2026-02-13 12:42:40,342 - root - INFO -   Max beta change: 0.014303
2026-02-13 12:42:40,342 - root - INFO -   Cell count range: [0, 12]
2026-02-13 12:42:40,343 - root - INFO -     B-cells: 509 cells (14.1%)
2026-02-13 12:42:40,343 - root - INFO -     CAFs: 363 cells (10.1%)
2026-02-13 12:42:40,343 - root - INFO -     Cancer Epithelial: 330 cells (9.1%)
2026-02-13 12:42:40,343 - root - INFO -     Endothelial: 326 cells (9.0%)
2026-02-13 12:42:40,343 - root - INFO -     Myeloid: 274 cells (7.6%)
2026-02-13 12:42:40,343 - root - INFO -     Normal Epithelial: 531 cells (14.7%)
2026-02-13 12:42:40,343 - root - INFO -     PVL: 449 cells (12.4%)
2026-02-13 12:42:40,343 - root - INFO -     Plasmablasts: 573 cells (15.9%)
2026-02-13 12:42:40,343 - root - INFO -     T-cells: 255 cells (7.1%)
2026-02-13 12:42:40,343 - root - WARNING - Loss increased from 731.6080 to 733.8399
2026-02-13 12:42:40,343 - root - INFO - 
=== EM Iteration 14/20 ===
2026-02-13 12:43:54,916 - root - INFO -   Loss: 738.5896 (change: 0.006472)
2026-02-13 12:43:54,917 - root - INFO -   Beta range: [0.166, 0.387]
2026-02-13 12:43:54,917 - root - INFO -   Max beta change: 0.016158
2026-02-13 12:43:54,917 - root - INFO -   Cell count range: [0, 12]
2026-02-13 12:43:54,917 - root - INFO -     B-cells: 505 cells (14.0%)
2026-02-13 12:43:54,917 - root - INFO -     CAFs: 361 cells (10.0%)
2026-02-13 12:43:54,917 - root - INFO -     Cancer Epithelial: 332 cells (9.2%)
2026-02-13 12:43:54,917 - root - INFO -     Endothelial: 324 cells (9.0%)
2026-02-13 12:43:54,917 - root - INFO -     Myeloid: 261 cells (7.2%)
2026-02-13 12:43:54,917 - root - INFO -     Normal Epithelial: 554 cells (15.3%)
2026-02-13 12:43:54,917 - root - INFO -     PVL: 447 cells (12.4%)
2026-02-13 12:43:54,917 - root - INFO -     Plasmablasts: 577 cells (16.0%)
2026-02-13 12:43:54,917 - root - INFO -     T-cells: 249 cells (6.9%)
2026-02-13 12:43:54,917 - root - WARNING - Loss increased from 733.8399 to 738.5896
2026-02-13 12:43:54,917 - root - INFO - 
=== EM Iteration 15/20 ===
2026-02-13 12:45:12,041 - root - INFO -   Loss: 750.6158 (change: 0.016283)
2026-02-13 12:45:12,047 - root - INFO -   Beta range: [0.157, 0.385]
2026-02-13 12:45:12,047 - root - INFO -   Max beta change: 0.020766
2026-02-13 12:45:12,047 - root - INFO -   Cell count range: [0, 12]
2026-02-13 12:45:12,047 - root - INFO -     B-cells: 505 cells (14.0%)
2026-02-13 12:45:12,047 - root - INFO -     CAFs: 358 cells (9.9%)
2026-02-13 12:45:12,047 - root - INFO -     Cancer Epithelial: 333 cells (9.2%)
2026-02-13 12:45:12,047 - root - INFO -     Endothelial: 321 cells (8.9%)
2026-02-13 12:45:12,047 - root - INFO -     Myeloid: 243 cells (6.7%)
2026-02-13 12:45:12,047 - root - INFO -     Normal Epithelial: 586 cells (16.2%)
2026-02-13 12:45:12,047 - root - INFO -     PVL: 447 cells (12.4%)
2026-02-13 12:45:12,047 - root - INFO -     Plasmablasts: 577 cells (16.0%)
2026-02-13 12:45:12,047 - root - INFO -     T-cells: 240 cells (6.6%)
2026-02-13 12:45:12,047 - root - WARNING - Loss increased from 738.5896 to 750.6158
2026-02-13 12:45:12,047 - root - INFO - 
=== EM Iteration 16/20 ===
2026-02-13 12:46:28,260 - root - INFO -   Loss: 768.8332 (change: 0.024270)
2026-02-13 12:46:28,261 - root - INFO -   Beta range: [0.152, 0.360]
2026-02-13 12:46:28,261 - root - INFO -   Max beta change: 0.025905
2026-02-13 12:46:28,261 - root - INFO -   Cell count range: [0, 12]
2026-02-13 12:46:28,261 - root - INFO -     B-cells: 504 cells (14.0%)
2026-02-13 12:46:28,261 - root - INFO -     CAFs: 350 cells (9.7%)
2026-02-13 12:46:28,261 - root - INFO -     Cancer Epithelial: 333 cells (9.2%)
2026-02-13 12:46:28,261 - root - INFO -     Endothelial: 317 cells (8.8%)
2026-02-13 12:46:28,261 - root - INFO -     Myeloid: 233 cells (6.5%)
2026-02-13 12:46:28,261 - root - INFO -     Normal Epithelial: 608 cells (16.8%)
2026-02-13 12:46:28,261 - root - INFO -     PVL: 448 cells (12.4%)
2026-02-13 12:46:28,261 - root - INFO -     Plasmablasts: 578 cells (16.0%)
2026-02-13 12:46:28,261 - root - INFO -     T-cells: 239 cells (6.6%)
2026-02-13 12:46:28,261 - root - WARNING - Loss increased from 750.6158 to 768.8332
2026-02-13 12:46:28,261 - root - INFO - 
=== EM Iteration 17/20 ===
2026-02-13 12:47:43,144 - root - INFO -   Loss: 795.2175 (change: 0.034317)
2026-02-13 12:47:43,145 - root - INFO -   Beta range: [0.146, 0.343]
2026-02-13 12:47:43,145 - root - INFO -   Max beta change: 0.030796
2026-02-13 12:47:43,145 - root - INFO -   Cell count range: [0, 12]
2026-02-13 12:47:43,145 - root - INFO -     B-cells: 499 cells (13.8%)
2026-02-13 12:47:43,145 - root - INFO -     CAFs: 352 cells (9.8%)
2026-02-13 12:47:43,145 - root - INFO -     Cancer Epithelial: 333 cells (9.2%)
2026-02-13 12:47:43,145 - root - INFO -     Endothelial: 316 cells (8.8%)
2026-02-13 12:47:43,145 - root - INFO -     Myeloid: 218 cells (6.0%)
2026-02-13 12:47:43,145 - root - INFO -     Normal Epithelial: 630 cells (17.5%)
2026-02-13 12:47:43,145 - root - INFO -     PVL: 448 cells (12.4%)
2026-02-13 12:47:43,145 - root - INFO -     Plasmablasts: 575 cells (15.9%)
2026-02-13 12:47:43,145 - root - INFO -     T-cells: 239 cells (6.6%)
2026-02-13 12:47:43,145 - root - WARNING - Loss increased from 768.8332 to 795.2175
2026-02-13 12:47:43,145 - root - INFO - 
=== EM Iteration 18/20 ===
2026-02-13 12:48:56,997 - root - INFO -   Loss: 835.2987 (change: 0.050403)
2026-02-13 12:48:56,997 - root - INFO -   Beta range: [0.138, 0.343]
2026-02-13 12:48:56,997 - root - INFO -   Max beta change: 0.030696
2026-02-13 12:48:56,997 - root - INFO -   Cell count range: [0, 12]
2026-02-13 12:48:56,997 - root - INFO -     B-cells: 492 cells (13.6%)
2026-02-13 12:48:56,997 - root - INFO -     CAFs: 354 cells (9.8%)
2026-02-13 12:48:56,997 - root - INFO -     Cancer Epithelial: 331 cells (9.2%)
2026-02-13 12:48:56,997 - root - INFO -     Endothelial: 311 cells (8.6%)
2026-02-13 12:48:56,997 - root - INFO -     Myeloid: 204 cells (5.7%)
2026-02-13 12:48:56,997 - root - INFO -     Normal Epithelial: 660 cells (18.3%)
2026-02-13 12:48:56,997 - root - INFO -     PVL: 447 cells (12.4%)
2026-02-13 12:48:56,997 - root - INFO -     Plasmablasts: 574 cells (15.9%)
2026-02-13 12:48:56,997 - root - INFO -     T-cells: 237 cells (6.6%)
2026-02-13 12:48:56,997 - root - WARNING - Loss increased from 795.2175 to 835.2987
2026-02-13 12:48:56,997 - root - INFO - 
=== EM Iteration 19/20 ===
2026-02-13 12:50:08,183 - root - INFO -   Loss: 862.9678 (change: 0.033125)
2026-02-13 12:50:08,183 - root - INFO -   Beta range: [0.126, 0.346]
2026-02-13 12:50:08,183 - root - INFO -   Max beta change: 0.028064
2026-02-13 12:50:08,183 - root - INFO -   Cell count range: [0, 12]
2026-02-13 12:50:08,184 - root - INFO -     B-cells: 481 cells (13.3%)
2026-02-13 12:50:08,184 - root - INFO -     CAFs: 347 cells (9.6%)
2026-02-13 12:50:08,184 - root - INFO -     Cancer Epithelial: 334 cells (9.3%)
2026-02-13 12:50:08,184 - root - INFO -     Endothelial: 304 cells (8.4%)
2026-02-13 12:50:08,184 - root - INFO -     Myeloid: 191 cells (5.3%)
2026-02-13 12:50:08,184 - root - INFO -     Normal Epithelial: 710 cells (19.7%)
2026-02-13 12:50:08,184 - root - INFO -     PVL: 447 cells (12.4%)
2026-02-13 12:50:08,184 - root - INFO -     Plasmablasts: 564 cells (15.6%)
2026-02-13 12:50:08,184 - root - INFO -     T-cells: 232 cells (6.4%)
2026-02-13 12:50:08,184 - root - WARNING - Loss increased from 835.2987 to 862.9678
2026-02-13 12:50:08,184 - root - INFO - 
=== EM Iteration 20/20 ===
2026-02-13 12:51:18,672 - root - INFO -   Loss: 888.2100 (change: 0.029250)
2026-02-13 12:51:18,673 - root - INFO -   Beta range: [0.113, 0.355]
2026-02-13 12:51:18,673 - root - INFO -   Max beta change: 0.017810
2026-02-13 12:51:18,673 - root - INFO -   Cell count range: [0, 12]
2026-02-13 12:51:18,673 - root - INFO -     B-cells: 468 cells (13.0%)
2026-02-13 12:51:18,673 - root - INFO -     CAFs: 345 cells (9.6%)
2026-02-13 12:51:18,673 - root - INFO -     Cancer Epithelial: 336 cells (9.3%)
2026-02-13 12:51:18,673 - root - INFO -     Endothelial: 290 cells (8.0%)
2026-02-13 12:51:18,673 - root - INFO -     Myeloid: 186 cells (5.2%)
2026-02-13 12:51:18,673 - root - INFO -     Normal Epithelial: 774 cells (21.4%)
2026-02-13 12:51:18,673 - root - INFO -     PVL: 445 cells (12.3%)
2026-02-13 12:51:18,673 - root - INFO -     Plasmablasts: 546 cells (15.1%)
2026-02-13 12:51:18,673 - root - INFO -     T-cells: 220 cells (6.1%)
2026-02-13 12:51:18,674 - root - WARNING - Loss increased from 862.9678 to 888.2100
2026-02-13 12:51:18,674 - root - INFO - 
Final beta values:
2026-02-13 12:51:18,674 - root - INFO -   B-cells_Protein_1: β=0.258, α=0.000
2026-02-13 12:51:18,674 - root - INFO -   B-cells_Protein_2: β=0.248, α=0.000
2026-02-13 12:51:18,674 - root - INFO -   CAFs_Protein_1: β=0.341, α=0.000
2026-02-13 12:51:18,674 - root - INFO -   CAFs_Protein_2: β=0.347, α=0.000
2026-02-13 12:51:18,674 - root - INFO -   Cancer Epithelial_Protein_1: β=0.249, α=0.307
2026-02-13 12:51:18,674 - root - INFO -   Cancer Epithelial_Protein_2: β=0.278, α=0.248
2026-02-13 12:51:18,674 - root - INFO -   Endothelial_Protein_1: β=0.326, α=0.012
2026-02-13 12:51:18,674 - root - INFO -   Endothelial_Protein_2: β=0.321, α=0.030
2026-02-13 12:51:18,674 - root - INFO -   Myeloid_Protein_1: β=0.257, α=0.359
2026-02-13 12:51:18,674 - root - INFO -   Myeloid_Protein_2: β=0.225, α=0.417
2026-02-13 12:51:18,674 - root - INFO -   Normal Epithelial_Protein_1: β=0.114, α=0.000
2026-02-13 12:51:18,674 - root - INFO -   Normal Epithelial_Protein_2: β=0.113, α=0.000
2026-02-13 12:51:18,674 - root - INFO -   PVL_Protein_1: β=0.325, α=0.145
2026-02-13 12:51:18,674 - root - INFO -   PVL_Protein_2: β=0.256, α=0.254
2026-02-13 12:51:18,674 - root - INFO -   Plasmablasts_Protein_1: β=0.302, α=0.000
2026-02-13 12:51:18,674 - root - INFO -   Plasmablasts_Protein_2: β=0.319, α=0.000
2026-02-13 12:51:18,674 - root - INFO -   T-cells_Protein_1: β=0.355, α=0.000
2026-02-13 12:51:18,674 - root - INFO -   T-cells_Protein_2: β=0.351, α=0.000
2026-02-13 12:51:18,681 - root - INFO - Saved discrete cell counts to Benchmarking/simulation_benchmarking/CITEgeist/output_discrete/high_seg/h_and_e/Wu_rep_0/Wu_rep_0_discrete_cell_counts.csv
2026-02-13 12:51:18,686 - root - INFO - Saved derived proportions to Benchmarking/simulation_benchmarking/CITEgeist/output_discrete/high_seg/h_and_e/Wu_rep_0/Wu_rep_0_cell_prop_discrete.csv
2026-02-13 12:51:18,686 - root - INFO - Cell type distribution:
2026-02-13 12:51:18,686 - root - INFO -   B-cells: 468 cells (13.0%)
2026-02-13 12:51:18,686 - root - INFO -   CAFs: 345 cells (9.6%)
2026-02-13 12:51:18,686 - root - INFO -   Cancer Epithelial: 336 cells (9.3%)
2026-02-13 12:51:18,686 - root - INFO -   Endothelial: 290 cells (8.0%)
2026-02-13 12:51:18,686 - root - INFO -   Myeloid: 186 cells (5.2%)
2026-02-13 12:51:18,686 - root - INFO -   Normal Epithelial: 774 cells (21.4%)
2026-02-13 12:51:18,686 - root - INFO -   PVL: 445 cells (12.3%)
2026-02-13 12:51:18,686 - root - INFO -   Plasmablasts: 546 cells (15.1%)
2026-02-13 12:51:18,686 - root - INFO -   T-cells: 220 cells (6.1%)
2026-02-13 12:51:18,738 - __main__ - INFO - Loaded ground truth proportions: 951 spots, 9 cell types
2026-02-13 12:51:18,740 - __main__ - INFO - Proportion correlation: 0.622
2026-02-13 12:51:18,740 - __main__ - INFO - Proportion RMSE: 0.2151
2026-02-13 12:51:18,751 - __main__ - INFO - Results saved to Benchmarking/simulation_benchmarking/CITEgeist/output_discrete/high_seg/h_and_e/Wu_rep_0
