2026-02-13 12:13:03,747 - __main__ - INFO - ============================================================
2026-02-13 12:13:03,747 - __main__ - INFO - BENCHMARK: replicate=0, condition=high_seg, mode=dapi
2026-02-13 12:13:03,747 - __main__ - INFO - ============================================================
2026-02-13 12:13:03,748 - __main__ - INFO - Loading image: /ix1/alee/LO_LAB/Personal/Alexander_Chang/alc376/CITEgeist/Benchmarking/simulation_benchmarking/CITEgeist/high_seg/images/dapi/Wu_rep_0_cellpose.png
2026-02-13 12:13:04,348 - __main__ - INFO - Image shape: (8000, 8000, 3)
2026-02-13 12:13:04,350 - __main__ - INFO - Running Cellpose with model_type=nuclei
2026-02-13 12:13:09,524 - cellpose.models - WARNING - model_type argument is not used in v4.0.1+. Ignoring this argument...
2026-02-13 12:13:09,725 - cellpose.core - INFO - ** TORCH CUDA version installed and working. **
2026-02-13 12:13:09,726 - cellpose.core - INFO - >>>> using GPU (CUDA)
2026-02-13 12:13:10,860 - cellpose.models - INFO - >>>> loading model /ihome/alee/alc376/.cellpose/models/cpsam
2026-02-13 12:13:11,242 - cellpose.models - WARNING - channels deprecated in v4.0.1+. If data contain more than 3 channels, only the first 3 channels will be used
2026-02-13 12:13:11,267 - cellpose.transforms - INFO - processing image with (8000, 8000) HW, and 3 channels
2026-02-13 12:13:48,197 - __main__ - INFO - Detected 998 nuclei in 43.8s
2026-02-13 12:13:48,728 - __main__ - INFO - Loaded ground truth counts: 951 spots, total 5000 cells
2026-02-13 12:13:48,729 - __main__ - INFO - Nuclei count correlation: 0.030
2026-02-13 12:13:48,729 - __main__ - INFO - Nuclei count RMSE: 5.23
2026-02-13 12:13:48,740 - __main__ - INFO - Loading h5ad files...
2026-02-13 12:13:52,600 - root - INFO - Logging initialized.
2026-02-13 12:13:52,612 - root - INFO - Discrete antibody preprocessing complete: Row sums range [29.89, 45.99], mean=38.73, std=2.75
2026-02-13 12:13:52,929 - root - INFO - Normalization stats:
2026-02-13 12:13:52,930 - root - INFO - Original median total: 71475446724.00
2026-02-13 12:13:52,945 - root - INFO - Mean scaled total: 9979.95
2026-02-13 12:13:52,955 - root - INFO - Max scaled value: 10000.00
2026-02-13 12:13:53,082 - root - INFO - Gene expression data normalized to 10000 counts per spot and validated for discrete count analysis.
Traceback (most recent call last):
  File "/ix1/alee/LO_LAB/Personal/Alexander_Chang/alc376/CITEgeist/Benchmarking/simulation_benchmarking/CITEgeist/src/benchmark_discrete_simulation.py", line 345, in <module>
    main()
  File "/ix1/alee/LO_LAB/Personal/Alexander_Chang/alc376/CITEgeist/Benchmarking/simulation_benchmarking/CITEgeist/src/benchmark_discrete_simulation.py", line 327, in main
    results = run_benchmark(
  File "/ix1/alee/LO_LAB/Personal/Alexander_Chang/alc376/CITEgeist/Benchmarking/simulation_benchmarking/CITEgeist/src/benchmark_discrete_simulation.py", line 262, in run_benchmark
    cell_counts = model.run_discrete_cell_assignment(
TypeError: CitegeistModel.run_discrete_cell_assignment() got an unexpected keyword argument 'convergence_threshold'
