2026-02-12 15:04:06,633 - __main__ - INFO - ======================================================================
2026-02-12 15:04:06,634 - __main__ - INFO - DISCRETE CELLPOSE BENCHMARK: Xenium_region_4
2026-02-12 15:04:06,634 - __main__ - INFO - ======================================================================
2026-02-12 15:04:06,634 - __main__ - INFO - ------------------------------------------------------------
2026-02-12 15:04:06,634 - __main__ - INFO - STEP 1: Loading data
2026-02-12 15:04:06,634 - __main__ - INFO - ------------------------------------------------------------
2026-02-12 15:04:06,698 - __main__ - INFO - GEX: 1414 spots x 405 genes
2026-02-12 15:04:06,698 - __main__ - INFO - CITE: 1414 spots x 27 proteins
2026-02-12 15:04:06,698 - __main__ - INFO - ------------------------------------------------------------
2026-02-12 15:04:06,698 - __main__ - INFO - STEP 2: Loading morphology image
2026-02-12 15:04:06,698 - __main__ - INFO - ------------------------------------------------------------
2026-02-12 15:04:06,702 - __main__ - INFO - Loading morphology image: /ix1/alee/LO_LAB/Personal/Alexander_Chang/alc376/CITEgeist/Benchmarking/xenium_benchmarking/scResolve/images/morphology_hires/Xenium_region_4/morphology.png
2026-02-12 15:04:10,058 - __main__ - INFO - Image shape: (27328, 11278, 3), dtype: uint8
2026-02-12 15:04:10,064 - __main__ - INFO - Coord info: pixel_size=0.2125 um/px, image_size=[11278, 27328]
2026-02-12 15:04:10,064 - __main__ - INFO - ------------------------------------------------------------
2026-02-12 15:04:10,064 - __main__ - INFO - STEP 3: Cellpose nuclei segmentation
2026-02-12 15:04:10,064 - __main__ - INFO - ------------------------------------------------------------
2026-02-12 15:04:10,064 - __main__ - INFO - Running Cellpose nuclei segmentation...
2026-02-12 15:04:18,110 - cellpose.models - WARNING - model_type argument is not used in v4.0.1+. Ignoring this argument...
2026-02-12 15:04:18,110 - cellpose.core - INFO - >>>> using CPU
2026-02-12 15:04:18,110 - cellpose.core - INFO - >>>> using CPU
2026-02-12 15:04:18,801 - cellpose.models - INFO - >>>> loading model /ihome/alee/alc376/.cellpose/models/cpsam
2026-02-12 15:04:20,188 - cellpose.models - WARNING - channels deprecated in v4.0.1+. If data contain more than 3 channels, only the first 3 channels will be used
2026-02-12 15:04:20,252 - cellpose.transforms - INFO - processing image with (27328, 11278) HW, and 3 channels
slurmstepd: error: *** JOB 7972041 ON htc-n86 CANCELLED AT 2026-02-12T15:05:11 ***
