2026-02-12 15:07:14,657 - __main__ - INFO - ======================================================================
2026-02-12 15:07:14,660 - __main__ - INFO - DISCRETE CELLPOSE BENCHMARK: Xenium_region_1
2026-02-12 15:07:14,660 - __main__ - INFO - ======================================================================
2026-02-12 15:07:14,660 - __main__ - INFO - ------------------------------------------------------------
2026-02-12 15:07:14,660 - __main__ - INFO - STEP 1: Loading data
2026-02-12 15:07:14,660 - __main__ - INFO - ------------------------------------------------------------
2026-02-12 15:07:14,817 - __main__ - INFO - GEX: 1417 spots x 405 genes
2026-02-12 15:07:14,817 - __main__ - INFO - CITE: 1417 spots x 27 proteins
2026-02-12 15:07:14,817 - __main__ - INFO - ------------------------------------------------------------
2026-02-12 15:07:14,817 - __main__ - INFO - STEP 2: Loading morphology image
2026-02-12 15:07:14,817 - __main__ - INFO - ------------------------------------------------------------
2026-02-12 15:07:14,840 - __main__ - INFO - Loading morphology image: /ix1/alee/LO_LAB/Personal/Alexander_Chang/alc376/CITEgeist/Benchmarking/xenium_benchmarking/scResolve/images/morphology_hires/Xenium_region_1/morphology.png
2026-02-12 15:07:19,843 - __main__ - INFO - Image shape: (25883, 11529, 3), dtype: uint8
2026-02-12 15:07:19,852 - __main__ - INFO - Coord info: pixel_size=0.2125 um/px, image_size=[11529, 25883]
2026-02-12 15:07:19,853 - __main__ - INFO - ------------------------------------------------------------
2026-02-12 15:07:19,853 - __main__ - INFO - STEP 3: Cellpose nuclei segmentation
2026-02-12 15:07:19,853 - __main__ - INFO - ------------------------------------------------------------
2026-02-12 15:07:19,853 - __main__ - INFO - Running Cellpose nuclei segmentation...
2026-02-12 15:07:37,668 - cellpose.models - WARNING - model_type argument is not used in v4.0.1+. Ignoring this argument...
2026-02-12 15:07:38,005 - cellpose.core - INFO - Neither TORCH CUDA nor MPS version not installed/working.
2026-02-12 15:07:38,005 - cellpose.core - INFO - >>>> using CPU
2026-02-12 15:07:38,005 - cellpose.core - INFO - >>>> using CPU
2026-02-12 15:07:39,197 - cellpose.models - INFO - >>>> loading model /ihome/alee/alc376/.cellpose/models/cpsam
2026-02-12 15:07:40,774 - cellpose.models - WARNING - channels deprecated in v4.0.1+. If data contain more than 3 channels, only the first 3 channels will be used
2026-02-12 15:07:40,944 - cellpose.transforms - INFO - processing image with (25883, 11529) HW, and 3 channels
slurmstepd: error: *** JOB 1595291 ON gpu-n66 CANCELLED AT 2026-02-12T16:05:56 DUE TO TIME LIMIT ***
