CitegeistModel initialized successfully.
Filtered gene expression data: 405 → 395 genes (count > 0 in at least 1.0% of spots, mean expression > 1.1 in nonzero spots). Remaining spots: 1407 Filtered spots: 1407 to 1407
Antibody capture data preprocessing completed for discrete mode: Winsorized [5%, 95%], scale_per_marker=True, no per-spot normalization.
Set parameter LicenseID to value 276015
Set parameter GURO_PAR_SPECIAL
Set parameter TokenServer to value "license.crc.pitt.edu"
Parquet file for pass 1 loaded successfully.
Spot and CellType successfully split (using ::: delimiter).

Spot name formats:
AnnData spot names format: Index(['spot_11', 'spot_12', 'spot_13', 'spot_14', 'spot_15'], dtype='object')
Parquet spot names format: ['spot_11' 'spot_12' 'spot_13' 'spot_14' 'spot_15']
Added layer: Fibroblasts_genes_pass1 (Shape: (1407, 395))
Added layer: Macrophages_genes_pass1 (Shape: (1407, 395))
Added layer: CD4+_T_cells_genes_pass1 (Shape: (1407, 395))
Added layer: B_cells_genes_pass1 (Shape: (1407, 395))
Added layer: Endothelial_genes_pass1 (Shape: (1407, 395))
Added layer: Epithelial_genes_pass1 (Shape: (1407, 395))
Added layer: CD8+_T_cells_genes_pass1 (Shape: (1407, 395))

============================================================
DISCRETE BENCHMARK COMPLETE: Xenium_region_0
============================================================
  Spots: 1407
  Nuclei detected: 21607
  Cell types: 7
  Timings:
    Cellpose: 243.3s
    Discrete assignment: 2055.4s
    GEX deconvolution: 103.3s
  Output: /ix1/alee/LO_LAB/Personal/Alexander_Chang/alc376/CITEgeist/Benchmarking/xenium_benchmarking/CITEgeist/output_discrete_cellpose_fixed/Xenium_region_0
Completed region 0
