2026-02-17 21:34:59,319 - __main__ - INFO - ======================================================================
2026-02-17 21:34:59,319 - __main__ - INFO - DISCRETE CELLPOSE BENCHMARK: Xenium_region_4
2026-02-17 21:34:59,319 - __main__ - INFO - ======================================================================
2026-02-17 21:34:59,319 - __main__ - INFO - ------------------------------------------------------------
2026-02-17 21:34:59,319 - __main__ - INFO - STEP 1: Loading data
2026-02-17 21:34:59,319 - __main__ - INFO - ------------------------------------------------------------
2026-02-17 21:34:59,371 - __main__ - INFO - GEX: 1414 spots x 405 genes
2026-02-17 21:34:59,371 - __main__ - INFO - CITE: 1414 spots x 27 proteins
2026-02-17 21:34:59,371 - __main__ - INFO - ------------------------------------------------------------
2026-02-17 21:34:59,371 - __main__ - INFO - STEP 2: Loading morphology image
2026-02-17 21:34:59,371 - __main__ - INFO - ------------------------------------------------------------
2026-02-17 21:34:59,371 - __main__ - INFO - Loading morphology image: /ix1/alee/LO_LAB/Personal/Alexander_Chang/alc376/CITEgeist/Benchmarking/xenium_benchmarking/scResolve/images/morphology_hires/Xenium_region_4/morphology.png
2026-02-17 21:35:02,735 - __main__ - INFO - Image shape: (27328, 11278, 3), dtype: uint8
2026-02-17 21:35:02,760 - __main__ - INFO - Coord info: pixel_size=0.2125 um/px, image_size=[11278, 27328]
2026-02-17 21:35:02,760 - __main__ - INFO - ------------------------------------------------------------
2026-02-17 21:35:02,760 - __main__ - INFO - STEP 3: Cellpose nuclei segmentation
2026-02-17 21:35:02,761 - __main__ - INFO - ------------------------------------------------------------
2026-02-17 21:35:02,761 - __main__ - INFO - Running Cellpose nuclei segmentation...
2026-02-17 21:35:05,007 - cellpose.models - WARNING - model_type argument is not used in v4.0.1+. Ignoring this argument...
2026-02-17 21:35:05,007 - cellpose.core - INFO - >>>> using CPU
2026-02-17 21:35:05,007 - cellpose.core - INFO - >>>> using CPU
2026-02-17 21:35:06,672 - cellpose.models - INFO - >>>> loading model /ihome/alee/alc376/.cellpose/models/cpsam
2026-02-17 21:35:09,032 - cellpose.models - WARNING - channels deprecated in v4.0.1+. If data contain more than 3 channels, only the first 3 channels will be used
2026-02-17 21:35:09,103 - cellpose.transforms - INFO - processing image with (27328, 11278) HW, and 3 channels
2026-02-17 22:09:39,049 - cellpose.dynamics - WARNING - more than 65535 masks in image, masks returned as np.uint32
2026-02-17 22:09:54,596 - __main__ - INFO - Cellpose found 107075 nuclei in 2091.8s (51.2 nuclei/sec)
2026-02-17 22:09:54,596 - __main__ - INFO - Spot diameter: 55.0 um = 258.8 pixels (radius=129.4 px)
2026-02-17 22:09:54,612 - __main__ - INFO - Assigned 28465/107075 nuclei to spots (26.6%)
2026-02-17 22:09:54,613 - __main__ - INFO - Nuclei per spot: min=0, max=66, mean=20.1, median=16.0
2026-02-17 22:09:54,640 - __main__ - INFO - Saved nuclei counts: Benchmarking/xenium_benchmarking/CITEgeist/output_discrete_global/Xenium_region_4/Xenium_region_4_nuclei_counts.csv
2026-02-17 22:09:54,640 - __main__ - INFO - ------------------------------------------------------------
2026-02-17 22:09:54,640 - __main__ - INFO - STEP 4: Initialize CITEgeist model
2026-02-17 22:09:54,640 - __main__ - INFO - ------------------------------------------------------------
2026-02-17 22:09:54,641 - root - INFO - Logging initialized.
2026-02-17 22:09:54,641 - __main__ - INFO - Loaded ACHIEVABLE_7 profile with 7 cell types
2026-02-17 22:09:54,641 - __main__ - INFO - ------------------------------------------------------------
2026-02-17 22:09:54,641 - __main__ - INFO - STEP 5: Preprocessing
2026-02-17 22:09:54,641 - __main__ - INFO - ------------------------------------------------------------
2026-02-17 22:09:54,654 - root - INFO - Normalization stats:
2026-02-17 22:09:54,654 - root - INFO - Original median total: 2302.50
2026-02-17 22:09:54,654 - root - INFO - Mean scaled total: 9999.73
2026-02-17 22:09:54,654 - root - INFO - Max scaled value: 3677.00
2026-02-17 22:09:54,657 - root - INFO - Gene expression data normalized to 10000 counts per spot and validated for discrete count analysis.
2026-02-17 22:09:54,659 - root - INFO - Discrete antibody preprocessing complete: Row sums range [0.13, 17.61], mean=6.18, std=3.80
2026-02-17 22:09:54,659 - __main__ - INFO - ------------------------------------------------------------
2026-02-17 22:09:54,659 - __main__ - INFO - STEP 6: Discrete cell assignment (IQP)
2026-02-17 22:09:54,659 - __main__ - INFO - ------------------------------------------------------------
2026-02-17 22:09:54,660 - root - INFO - Mapped 9 markers to 7 cell types (preserving marker-level data)
2026-02-17 22:09:54,660 - root - INFO - Running discrete cell assignment: 1414 spots, 9 markers, 7 cell types
2026-02-17 22:09:54,660 - root - INFO - Total nuclei: 28465, mean per spot: 20.13
2026-02-17 22:09:54,660 - root - INFO - Discrete cell assignment EM: 1414 spots, 9 markers, 7 cell types
2026-02-17 22:09:54,660 - root - INFO - Total nuclei: 28465, mean per spot: 20.13
2026-02-17 22:09:54,660 - root - INFO - 
=== EM Iteration 1/10 ===
2026-02-17 22:09:54,661 - root - INFO - Global IQP: 1414 spots x 7 cell types = 9898 integer variables
2026-02-17 22:09:54,661 - root - INFO - Time limit: 600.0s, MIP gap: 5.0%
2026-02-17 22:09:54,699 - gurobipy - INFO - Set parameter LicenseID to value 276015
2026-02-17 22:09:54,699 - gurobipy - INFO - Set parameter GURO_PAR_SPECIAL
2026-02-17 22:09:54,699 - gurobipy - INFO - Set parameter TokenServer to value "license.crc.pitt.edu"
2026-02-17 22:09:54,712 - gurobipy - INFO - Set parameter TimeLimit to value 600
2026-02-17 22:09:54,712 - gurobipy - INFO - Set parameter MIPGap to value 0.05
2026-02-17 22:09:55,230 - root - INFO - Starting global IQP optimization...
2026-02-17 22:09:55,231 - gurobipy - INFO - Gurobi Optimizer version 11.0.2 build v11.0.2rc0 (linux64 - "Red Hat Enterprise Linux 9.6 (Plow)")
2026-02-17 22:09:55,231 - gurobipy - INFO - 
2026-02-17 22:09:55,231 - gurobipy - INFO - CPU model: AMD EPYC 9575F 64-Core Processor, instruction set [SSE2|AVX|AVX2|AVX512]
2026-02-17 22:09:55,231 - gurobipy - INFO - Thread count: 128 physical cores, 128 logical processors, using up to 32 threads
2026-02-17 22:09:55,231 - gurobipy - INFO - 
2026-02-17 22:09:55,231 - gurobipy - INFO - Optimize a model with 1412 rows, 9898 columns and 9884 nonzeros
2026-02-17 22:09:55,231 - gurobipy - INFO - Model fingerprint: 0x6dd8b2f7
2026-02-17 22:09:55,231 - gurobipy - INFO - Model has 11312 quadratic objective terms
2026-02-17 22:09:55,231 - gurobipy - INFO - Variable types: 0 continuous, 9898 integer (0 binary)
2026-02-17 22:09:55,231 - gurobipy - INFO - Coefficient statistics:
2026-02-17 22:09:55,231 - gurobipy - INFO -   Matrix range     [1e+00, 1e+00]
2026-02-17 22:09:55,231 - gurobipy - INFO -   Objective range  [1e-04, 4e+00]
2026-02-17 22:09:55,231 - gurobipy - INFO -   QObjective range [2e+00, 4e+00]
2026-02-17 22:09:55,231 - gurobipy - INFO -   Bounds range     [1e+00, 7e+01]
2026-02-17 22:09:55,231 - gurobipy - INFO -   RHS range        [1e+00, 7e+01]
2026-02-17 22:09:55,238 - gurobipy - INFO - 
2026-02-17 22:09:55,239 - gurobipy - INFO - Loaded user MIP start with objective 193324
2026-02-17 22:09:55,239 - gurobipy - INFO - 
2026-02-17 22:09:58,662 - gurobipy - INFO - Presolve removed 1411 rows and 9891 columns
2026-02-17 22:09:58,662 - gurobipy - INFO - Presolve time: 3.42s
2026-02-17 22:09:58,662 - gurobipy - INFO - Presolved: 1 rows, 7 columns, 7 nonzeros
2026-02-17 22:09:58,662 - gurobipy - INFO - Presolved model has 8 quadratic objective terms
2026-02-17 22:09:58,662 - gurobipy - INFO - Found heuristic solution: objective 146894.26933
2026-02-17 22:09:58,662 - gurobipy - INFO - Variable types: 0 continuous, 7 integer (0 binary)
2026-02-17 22:09:58,662 - gurobipy - INFO - 
2026-02-17 22:09:58,662 - gurobipy - INFO - Explored 0 nodes (0 simplex iterations) in 3.43 seconds (0.20 work units)
2026-02-17 22:09:58,662 - gurobipy - INFO - Thread count was 32 (of 128 available processors)
2026-02-17 22:09:58,662 - gurobipy - INFO - 
2026-02-17 22:09:58,662 - gurobipy - INFO - Solution count 2: 146894 193324 
2026-02-17 22:09:58,662 - gurobipy - INFO - 
2026-02-17 22:09:58,662 - gurobipy - INFO - Optimal solution found (tolerance 5.00e-02)
2026-02-17 22:09:58,662 - gurobipy - INFO - Best objective 1.468942693347e+05, best bound 1.466333208186e+05, gap 0.1776%
2026-02-17 22:09:58,676 - root - INFO - Global IQP solved: status=2, gap=0.18%, time=3.4s
/ix1/alee/LO_LAB/Personal/Alexander_Chang/alc376/CITEgeist/CITEgeist/model/gurobi_impl.py:3692: RuntimeWarning: invalid value encountered in scalar divide
  loss_change = abs(prev_loss - loss) / max(abs(prev_loss), 1e-10)
2026-02-17 22:09:58,704 - root - INFO -   Loss: 1298.6518 (change: nan)
2026-02-17 22:09:58,704 - root - INFO -   Beta range: [0.100, 0.184]
2026-02-17 22:09:58,704 - root - INFO -   Max beta change: 0.900000
2026-02-17 22:09:58,704 - root - INFO -   Cell count range: [0, 66]
2026-02-17 22:09:58,704 - root - INFO -     B cells: 5140 cells (18.1%)
2026-02-17 22:09:58,704 - root - INFO -     CD4+ T cells: 1759 cells (6.2%)
2026-02-17 22:09:58,704 - root - INFO -     CD8+ T cells: 2093 cells (7.4%)
2026-02-17 22:09:58,704 - root - INFO -     Macrophages: 3010 cells (10.6%)
2026-02-17 22:09:58,704 - root - INFO -     Endothelial: 5497 cells (19.3%)
2026-02-17 22:09:58,704 - root - INFO -     Epithelial: 5366 cells (18.9%)
2026-02-17 22:09:58,704 - root - INFO -     Fibroblasts: 5600 cells (19.7%)
2026-02-17 22:09:58,704 - root - INFO - 
=== EM Iteration 2/10 ===
2026-02-17 22:09:58,704 - root - INFO - Global IQP: 1414 spots x 7 cell types = 9898 integer variables
2026-02-17 22:09:58,704 - root - INFO - Time limit: 600.0s, MIP gap: 5.0%
2026-02-17 22:09:58,704 - gurobipy - INFO - Set parameter TimeLimit to value 600
2026-02-17 22:09:58,704 - gurobipy - INFO - Set parameter MIPGap to value 0.05
2026-02-17 22:09:59,213 - root - INFO - Starting global IQP optimization...
2026-02-17 22:09:59,213 - gurobipy - INFO - Gurobi Optimizer version 11.0.2 build v11.0.2rc0 (linux64 - "Red Hat Enterprise Linux 9.6 (Plow)")
2026-02-17 22:09:59,213 - gurobipy - INFO - 
2026-02-17 22:09:59,213 - gurobipy - INFO - CPU model: AMD EPYC 9575F 64-Core Processor, instruction set [SSE2|AVX|AVX2|AVX512]
2026-02-17 22:09:59,213 - gurobipy - INFO - Thread count: 128 physical cores, 128 logical processors, using up to 32 threads
2026-02-17 22:09:59,213 - gurobipy - INFO - 
2026-02-17 22:09:59,213 - gurobipy - INFO - Optimize a model with 1412 rows, 9898 columns and 9884 nonzeros
2026-02-17 22:09:59,213 - gurobipy - INFO - Model fingerprint: 0x33b7f289
2026-02-17 22:09:59,213 - gurobipy - INFO - Model has 11312 quadratic objective terms
2026-02-17 22:09:59,213 - gurobipy - INFO - Variable types: 0 continuous, 9898 integer (0 binary)
2026-02-17 22:09:59,213 - gurobipy - INFO - Coefficient statistics:
2026-02-17 22:09:59,213 - gurobipy - INFO -   Matrix range     [1e+00, 1e+00]
2026-02-17 22:09:59,213 - gurobipy - INFO -   Objective range  [1e-05, 6e-01]
2026-02-17 22:09:59,213 - gurobipy - INFO -   QObjective range [2e-02, 9e-02]
2026-02-17 22:09:59,213 - gurobipy - INFO -   Bounds range     [1e+00, 7e+01]
2026-02-17 22:09:59,213 - gurobipy - INFO -   RHS range        [1e+00, 7e+01]
2026-02-17 22:09:59,213 - gurobipy - INFO - 
2026-02-17 22:09:59,214 - gurobipy - INFO - Loaded user MIP start with objective 1298.65
2026-02-17 22:09:59,214 - gurobipy - INFO - 
2026-02-17 22:10:03,194 - gurobipy - INFO - Presolve removed 1411 rows and 9891 columns
2026-02-17 22:10:03,194 - gurobipy - INFO - Presolve time: 3.98s
2026-02-17 22:10:03,195 - gurobipy - INFO - Presolved: 1 rows, 7 columns, 7 nonzeros
2026-02-17 22:10:03,195 - gurobipy - INFO - Presolved model has 8 quadratic objective terms
2026-02-17 22:10:03,195 - gurobipy - INFO - Found heuristic solution: objective 659.3689534
2026-02-17 22:10:03,195 - gurobipy - INFO - Variable types: 0 continuous, 7 integer (0 binary)
2026-02-17 22:10:03,195 - gurobipy - INFO - 
2026-02-17 22:10:03,195 - gurobipy - INFO - Explored 0 nodes (0 simplex iterations) in 3.98 seconds (0.15 work units)
2026-02-17 22:10:03,195 - gurobipy - INFO - Thread count was 32 (of 128 available processors)
2026-02-17 22:10:03,195 - gurobipy - INFO - 
2026-02-17 22:10:03,195 - gurobipy - INFO - Solution count 2: 659.369 1298.65 
2026-02-17 22:10:03,195 - gurobipy - INFO - 
2026-02-17 22:10:03,195 - gurobipy - INFO - Optimal solution found (tolerance 5.00e-02)
2026-02-17 22:10:03,195 - gurobipy - INFO - Best objective 6.593689533778e+02, best bound 6.562263321189e+02, gap 0.4766%
2026-02-17 22:10:03,206 - root - INFO - Global IQP solved: status=2, gap=0.48%, time=4.0s
2026-02-17 22:10:03,234 - root - INFO -   Loss: 631.6884 (change: 0.513581)
2026-02-17 22:10:03,234 - root - INFO -   Beta range: [0.100, 0.164]
2026-02-17 22:10:03,234 - root - INFO -   Max beta change: 0.032529
2026-02-17 22:10:03,234 - root - INFO -   Cell count range: [0, 66]
2026-02-17 22:10:03,234 - root - INFO -     B cells: 3732 cells (13.1%)
2026-02-17 22:10:03,234 - root - INFO -     CD4+ T cells: 1977 cells (6.9%)
2026-02-17 22:10:03,234 - root - INFO -     CD8+ T cells: 2382 cells (8.4%)
2026-02-17 22:10:03,234 - root - INFO -     Macrophages: 4666 cells (16.4%)
2026-02-17 22:10:03,234 - root - INFO -     Endothelial: 5260 cells (18.5%)
2026-02-17 22:10:03,234 - root - INFO -     Epithelial: 4477 cells (15.7%)
2026-02-17 22:10:03,234 - root - INFO -     Fibroblasts: 5971 cells (21.0%)
2026-02-17 22:10:03,234 - root - INFO - 
=== EM Iteration 3/10 ===
2026-02-17 22:10:03,234 - root - INFO - Global IQP: 1414 spots x 7 cell types = 9898 integer variables
2026-02-17 22:10:03,234 - root - INFO - Time limit: 600.0s, MIP gap: 5.0%
2026-02-17 22:10:03,234 - gurobipy - INFO - Set parameter TimeLimit to value 600
2026-02-17 22:10:03,234 - gurobipy - INFO - Set parameter MIPGap to value 0.05
2026-02-17 22:10:03,747 - root - INFO - Starting global IQP optimization...
2026-02-17 22:10:03,748 - gurobipy - INFO - Gurobi Optimizer version 11.0.2 build v11.0.2rc0 (linux64 - "Red Hat Enterprise Linux 9.6 (Plow)")
2026-02-17 22:10:03,748 - gurobipy - INFO - 
2026-02-17 22:10:03,748 - gurobipy - INFO - CPU model: AMD EPYC 9575F 64-Core Processor, instruction set [SSE2|AVX|AVX2|AVX512]
2026-02-17 22:10:03,748 - gurobipy - INFO - Thread count: 128 physical cores, 128 logical processors, using up to 32 threads
2026-02-17 22:10:03,748 - gurobipy - INFO - 
2026-02-17 22:10:03,748 - gurobipy - INFO - Optimize a model with 1412 rows, 9898 columns and 9884 nonzeros
2026-02-17 22:10:03,748 - gurobipy - INFO - Model fingerprint: 0x1eedcbda
2026-02-17 22:10:03,748 - gurobipy - INFO - Model has 11312 quadratic objective terms
2026-02-17 22:10:03,748 - gurobipy - INFO - Variable types: 0 continuous, 9898 integer (0 binary)
2026-02-17 22:10:03,748 - gurobipy - INFO - Coefficient statistics:
2026-02-17 22:10:03,748 - gurobipy - INFO -   Matrix range     [1e+00, 1e+00]
2026-02-17 22:10:03,748 - gurobipy - INFO -   Objective range  [1e-05, 5e-01]
2026-02-17 22:10:03,748 - gurobipy - INFO -   QObjective range [2e-02, 7e-02]
2026-02-17 22:10:03,748 - gurobipy - INFO -   Bounds range     [1e+00, 7e+01]
2026-02-17 22:10:03,748 - gurobipy - INFO -   RHS range        [1e+00, 7e+01]
2026-02-17 22:10:03,748 - gurobipy - INFO - 
2026-02-17 22:10:03,748 - gurobipy - INFO - Loaded user MIP start with objective 631.688
2026-02-17 22:10:03,748 - gurobipy - INFO - 
2026-02-17 22:10:07,923 - gurobipy - INFO - Presolve removed 1411 rows and 9891 columns
2026-02-17 22:10:07,923 - gurobipy - INFO - Presolve time: 4.17s
2026-02-17 22:10:07,923 - gurobipy - INFO - Presolved: 1 rows, 7 columns, 7 nonzeros
2026-02-17 22:10:07,923 - gurobipy - INFO - Presolved model has 8 quadratic objective terms
2026-02-17 22:10:07,923 - gurobipy - INFO - Found heuristic solution: objective 614.1644456
2026-02-17 22:10:07,923 - gurobipy - INFO - Variable types: 0 continuous, 7 integer (0 binary)
2026-02-17 22:10:07,923 - gurobipy - INFO - 
2026-02-17 22:10:07,923 - gurobipy - INFO - Explored 0 nodes (0 simplex iterations) in 4.18 seconds (0.15 work units)
2026-02-17 22:10:07,923 - gurobipy - INFO - Thread count was 32 (of 128 available processors)
2026-02-17 22:10:07,923 - gurobipy - INFO - 
2026-02-17 22:10:07,923 - gurobipy - INFO - Solution count 2: 614.164 631.688 
2026-02-17 22:10:07,923 - gurobipy - INFO - 
2026-02-17 22:10:07,923 - gurobipy - INFO - Optimal solution found (tolerance 5.00e-02)
2026-02-17 22:10:07,924 - gurobipy - INFO - Best objective 6.141644455739e+02, best bound 6.114506577936e+02, gap 0.4419%
2026-02-17 22:10:07,935 - root - INFO - Global IQP solved: status=2, gap=0.44%, time=4.2s
2026-02-17 22:10:07,953 - root - INFO -   Loss: 613.3257 (change: 0.029069)
2026-02-17 22:10:07,953 - root - INFO -   Beta range: [0.100, 0.158]
2026-02-17 22:10:07,953 - root - INFO -   Max beta change: 0.006031
2026-02-17 22:10:07,953 - root - INFO -   Cell count range: [0, 66]
2026-02-17 22:10:07,953 - root - INFO -     B cells: 3495 cells (12.3%)
2026-02-17 22:10:07,953 - root - INFO -     CD4+ T cells: 2324 cells (8.2%)
2026-02-17 22:10:07,953 - root - INFO -     CD8+ T cells: 2451 cells (8.6%)
2026-02-17 22:10:07,953 - root - INFO -     Macrophages: 5258 cells (18.5%)
2026-02-17 22:10:07,953 - root - INFO -     Endothelial: 5015 cells (17.6%)
2026-02-17 22:10:07,953 - root - INFO -     Epithelial: 4209 cells (14.8%)
2026-02-17 22:10:07,953 - root - INFO -     Fibroblasts: 5713 cells (20.1%)
2026-02-17 22:10:07,953 - root - INFO - 
=== EM Iteration 4/10 ===
2026-02-17 22:10:07,953 - root - INFO - Global IQP: 1414 spots x 7 cell types = 9898 integer variables
2026-02-17 22:10:07,953 - root - INFO - Time limit: 600.0s, MIP gap: 5.0%
2026-02-17 22:10:07,954 - gurobipy - INFO - Set parameter TimeLimit to value 600
2026-02-17 22:10:07,954 - gurobipy - INFO - Set parameter MIPGap to value 0.05
2026-02-17 22:10:08,285 - root - INFO - Starting global IQP optimization...
2026-02-17 22:10:08,286 - gurobipy - INFO - Gurobi Optimizer version 11.0.2 build v11.0.2rc0 (linux64 - "Red Hat Enterprise Linux 9.6 (Plow)")
2026-02-17 22:10:08,286 - gurobipy - INFO - 
2026-02-17 22:10:08,286 - gurobipy - INFO - CPU model: AMD EPYC 9575F 64-Core Processor, instruction set [SSE2|AVX|AVX2|AVX512]
2026-02-17 22:10:08,286 - gurobipy - INFO - Thread count: 128 physical cores, 128 logical processors, using up to 32 threads
2026-02-17 22:10:08,286 - gurobipy - INFO - 
2026-02-17 22:10:08,286 - gurobipy - INFO - Optimize a model with 1412 rows, 9898 columns and 9884 nonzeros
2026-02-17 22:10:08,286 - gurobipy - INFO - Model fingerprint: 0xf45dc44d
2026-02-17 22:10:08,286 - gurobipy - INFO - Model has 11312 quadratic objective terms
2026-02-17 22:10:08,286 - gurobipy - INFO - Variable types: 0 continuous, 9898 integer (0 binary)
2026-02-17 22:10:08,286 - gurobipy - INFO - Coefficient statistics:
2026-02-17 22:10:08,286 - gurobipy - INFO -   Matrix range     [1e+00, 1e+00]
2026-02-17 22:10:08,286 - gurobipy - INFO -   Objective range  [1e-05, 5e-01]
2026-02-17 22:10:08,286 - gurobipy - INFO -   QObjective range [2e-02, 7e-02]
2026-02-17 22:10:08,286 - gurobipy - INFO -   Bounds range     [1e+00, 7e+01]
2026-02-17 22:10:08,286 - gurobipy - INFO -   RHS range        [1e+00, 7e+01]
2026-02-17 22:10:08,286 - gurobipy - INFO - 
2026-02-17 22:10:08,286 - gurobipy - INFO - Loaded user MIP start with objective 613.326
2026-02-17 22:10:08,286 - gurobipy - INFO - 
2026-02-17 22:10:12,028 - gurobipy - INFO - Presolve removed 1411 rows and 9891 columns
2026-02-17 22:10:12,028 - gurobipy - INFO - Presolve time: 3.74s
2026-02-17 22:10:12,028 - gurobipy - INFO - Presolved: 1 rows, 7 columns, 7 nonzeros
2026-02-17 22:10:12,028 - gurobipy - INFO - Presolved model has 8 quadratic objective terms
2026-02-17 22:10:12,028 - gurobipy - INFO - Found heuristic solution: objective 613.0569339
2026-02-17 22:10:12,028 - gurobipy - INFO - Variable types: 0 continuous, 7 integer (0 binary)
2026-02-17 22:10:12,029 - gurobipy - INFO - 
2026-02-17 22:10:12,029 - gurobipy - INFO - Explored 0 nodes (0 simplex iterations) in 3.74 seconds (0.15 work units)
2026-02-17 22:10:12,029 - gurobipy - INFO - Thread count was 32 (of 128 available processors)
2026-02-17 22:10:12,029 - gurobipy - INFO - 
2026-02-17 22:10:12,029 - gurobipy - INFO - Solution count 2: 613.057 613.326 
2026-02-17 22:10:12,029 - gurobipy - INFO - 
2026-02-17 22:10:12,029 - gurobipy - INFO - Optimal solution found (tolerance 5.00e-02)
2026-02-17 22:10:12,029 - gurobipy - INFO - Best objective 6.130569338643e+02, best bound 6.103940665984e+02, gap 0.4344%
2026-02-17 22:10:12,041 - root - INFO - Global IQP solved: status=2, gap=0.43%, time=3.7s
2026-02-17 22:10:12,060 - root - INFO -   Loss: 612.8653 (change: 0.000751)
2026-02-17 22:10:12,060 - root - INFO -   Beta range: [0.100, 0.153]
2026-02-17 22:10:12,060 - root - INFO -   Max beta change: 0.004612
2026-02-17 22:10:12,060 - root - INFO -   Cell count range: [0, 66]
2026-02-17 22:10:12,060 - root - INFO -     B cells: 3490 cells (12.3%)
2026-02-17 22:10:12,060 - root - INFO -     CD4+ T cells: 2299 cells (8.1%)
2026-02-17 22:10:12,060 - root - INFO -     CD8+ T cells: 2520 cells (8.9%)
2026-02-17 22:10:12,060 - root - INFO -     Macrophages: 5255 cells (18.5%)
2026-02-17 22:10:12,060 - root - INFO -     Endothelial: 5003 cells (17.6%)
2026-02-17 22:10:12,060 - root - INFO -     Epithelial: 4192 cells (14.7%)
2026-02-17 22:10:12,060 - root - INFO -     Fibroblasts: 5706 cells (20.0%)
2026-02-17 22:10:12,060 - root - INFO - 
=== EM Iteration 5/10 ===
2026-02-17 22:10:12,060 - root - INFO - Global IQP: 1414 spots x 7 cell types = 9898 integer variables
2026-02-17 22:10:12,060 - root - INFO - Time limit: 600.0s, MIP gap: 5.0%
2026-02-17 22:10:12,060 - gurobipy - INFO - Set parameter TimeLimit to value 600
2026-02-17 22:10:12,060 - gurobipy - INFO - Set parameter MIPGap to value 0.05
2026-02-17 22:10:12,545 - root - INFO - Starting global IQP optimization...
2026-02-17 22:10:12,546 - gurobipy - INFO - Gurobi Optimizer version 11.0.2 build v11.0.2rc0 (linux64 - "Red Hat Enterprise Linux 9.6 (Plow)")
2026-02-17 22:10:12,546 - gurobipy - INFO - 
2026-02-17 22:10:12,546 - gurobipy - INFO - CPU model: AMD EPYC 9575F 64-Core Processor, instruction set [SSE2|AVX|AVX2|AVX512]
2026-02-17 22:10:12,546 - gurobipy - INFO - Thread count: 128 physical cores, 128 logical processors, using up to 32 threads
2026-02-17 22:10:12,546 - gurobipy - INFO - 
2026-02-17 22:10:12,546 - gurobipy - INFO - Optimize a model with 1412 rows, 9898 columns and 9884 nonzeros
2026-02-17 22:10:12,546 - gurobipy - INFO - Model fingerprint: 0x0925925d
2026-02-17 22:10:12,546 - gurobipy - INFO - Model has 11312 quadratic objective terms
2026-02-17 22:10:12,546 - gurobipy - INFO - Variable types: 0 continuous, 9898 integer (0 binary)
2026-02-17 22:10:12,546 - gurobipy - INFO - Coefficient statistics:
2026-02-17 22:10:12,546 - gurobipy - INFO -   Matrix range     [1e+00, 1e+00]
2026-02-17 22:10:12,546 - gurobipy - INFO -   Objective range  [1e-05, 5e-01]
2026-02-17 22:10:12,546 - gurobipy - INFO -   QObjective range [2e-02, 7e-02]
2026-02-17 22:10:12,546 - gurobipy - INFO -   Bounds range     [1e+00, 7e+01]
2026-02-17 22:10:12,546 - gurobipy - INFO -   RHS range        [1e+00, 7e+01]
2026-02-17 22:10:12,546 - gurobipy - INFO - 
2026-02-17 22:10:12,546 - gurobipy - INFO - Loaded user MIP start with objective 612.865
2026-02-17 22:10:12,546 - gurobipy - INFO - 
2026-02-17 22:10:16,113 - gurobipy - INFO - Presolve removed 1411 rows and 9891 columns
2026-02-17 22:10:16,113 - gurobipy - INFO - Presolve time: 3.57s
2026-02-17 22:10:16,113 - gurobipy - INFO - Presolved: 1 rows, 7 columns, 7 nonzeros
2026-02-17 22:10:16,113 - gurobipy - INFO - Presolved model has 8 quadratic objective terms
2026-02-17 22:10:16,113 - gurobipy - INFO - Found heuristic solution: objective 612.7064646
2026-02-17 22:10:16,113 - gurobipy - INFO - Variable types: 0 continuous, 7 integer (0 binary)
2026-02-17 22:10:16,113 - gurobipy - INFO - 
2026-02-17 22:10:16,113 - gurobipy - INFO - Explored 0 nodes (0 simplex iterations) in 3.57 seconds (0.15 work units)
2026-02-17 22:10:16,113 - gurobipy - INFO - Thread count was 32 (of 128 available processors)
2026-02-17 22:10:16,113 - gurobipy - INFO - 
2026-02-17 22:10:16,113 - gurobipy - INFO - Solution count 2: 612.706 612.865 
2026-02-17 22:10:16,113 - gurobipy - INFO - 
2026-02-17 22:10:16,113 - gurobipy - INFO - Optimal solution found (tolerance 5.00e-02)
2026-02-17 22:10:16,113 - gurobipy - INFO - Best objective 6.127064645842e+02, best bound 6.100768552608e+02, gap 0.4292%
2026-02-17 22:10:16,125 - root - INFO - Global IQP solved: status=2, gap=0.43%, time=3.6s
2026-02-17 22:10:16,144 - root - INFO -   Loss: 612.5832 (change: 0.000460)
2026-02-17 22:10:16,144 - root - INFO -   Beta range: [0.100, 0.149]
2026-02-17 22:10:16,144 - root - INFO -   Max beta change: 0.003616
2026-02-17 22:10:16,144 - root - INFO -   Cell count range: [0, 66]
2026-02-17 22:10:16,144 - root - INFO -     B cells: 3484 cells (12.2%)
2026-02-17 22:10:16,144 - root - INFO -     CD4+ T cells: 2265 cells (8.0%)
2026-02-17 22:10:16,144 - root - INFO -     CD8+ T cells: 2591 cells (9.1%)
2026-02-17 22:10:16,144 - root - INFO -     Macrophages: 5251 cells (18.4%)
2026-02-17 22:10:16,144 - root - INFO -     Endothelial: 4998 cells (17.6%)
2026-02-17 22:10:16,144 - root - INFO -     Epithelial: 4179 cells (14.7%)
2026-02-17 22:10:16,144 - root - INFO -     Fibroblasts: 5697 cells (20.0%)
2026-02-17 22:10:16,144 - root - INFO - 
=== EM Iteration 6/10 ===
2026-02-17 22:10:16,144 - root - INFO - Global IQP: 1414 spots x 7 cell types = 9898 integer variables
2026-02-17 22:10:16,144 - root - INFO - Time limit: 600.0s, MIP gap: 5.0%
2026-02-17 22:10:16,144 - gurobipy - INFO - Set parameter TimeLimit to value 600
2026-02-17 22:10:16,144 - gurobipy - INFO - Set parameter MIPGap to value 0.05
2026-02-17 22:10:16,661 - root - INFO - Starting global IQP optimization...
2026-02-17 22:10:16,661 - gurobipy - INFO - Gurobi Optimizer version 11.0.2 build v11.0.2rc0 (linux64 - "Red Hat Enterprise Linux 9.6 (Plow)")
2026-02-17 22:10:16,661 - gurobipy - INFO - 
2026-02-17 22:10:16,661 - gurobipy - INFO - CPU model: AMD EPYC 9575F 64-Core Processor, instruction set [SSE2|AVX|AVX2|AVX512]
2026-02-17 22:10:16,661 - gurobipy - INFO - Thread count: 128 physical cores, 128 logical processors, using up to 32 threads
2026-02-17 22:10:16,661 - gurobipy - INFO - 
2026-02-17 22:10:16,661 - gurobipy - INFO - Optimize a model with 1412 rows, 9898 columns and 9884 nonzeros
2026-02-17 22:10:16,661 - gurobipy - INFO - Model fingerprint: 0x99b9f993
2026-02-17 22:10:16,661 - gurobipy - INFO - Model has 11312 quadratic objective terms
2026-02-17 22:10:16,661 - gurobipy - INFO - Variable types: 0 continuous, 9898 integer (0 binary)
2026-02-17 22:10:16,661 - gurobipy - INFO - Coefficient statistics:
2026-02-17 22:10:16,661 - gurobipy - INFO -   Matrix range     [1e+00, 1e+00]
2026-02-17 22:10:16,661 - gurobipy - INFO -   Objective range  [1e-05, 5e-01]
2026-02-17 22:10:16,661 - gurobipy - INFO -   QObjective range [2e-02, 6e-02]
2026-02-17 22:10:16,661 - gurobipy - INFO -   Bounds range     [1e+00, 7e+01]
2026-02-17 22:10:16,661 - gurobipy - INFO -   RHS range        [1e+00, 7e+01]
2026-02-17 22:10:16,661 - gurobipy - INFO - 
2026-02-17 22:10:16,661 - gurobipy - INFO - Loaded user MIP start with objective 612.583
2026-02-17 22:10:16,661 - gurobipy - INFO - 
2026-02-17 22:10:20,438 - gurobipy - INFO - Presolve removed 1411 rows and 9891 columns
2026-02-17 22:10:20,438 - gurobipy - INFO - Presolve time: 3.78s
2026-02-17 22:10:20,438 - gurobipy - INFO - Presolved: 1 rows, 7 columns, 7 nonzeros
2026-02-17 22:10:20,438 - gurobipy - INFO - Presolved model has 8 quadratic objective terms
2026-02-17 22:10:20,439 - gurobipy - INFO - Found heuristic solution: objective 612.5082667
2026-02-17 22:10:20,439 - gurobipy - INFO - Variable types: 0 continuous, 7 integer (0 binary)
2026-02-17 22:10:20,439 - gurobipy - INFO - 
2026-02-17 22:10:20,439 - gurobipy - INFO - Explored 0 nodes (0 simplex iterations) in 3.78 seconds (0.15 work units)
2026-02-17 22:10:20,439 - gurobipy - INFO - Thread count was 32 (of 128 available processors)
2026-02-17 22:10:20,439 - gurobipy - INFO - 
2026-02-17 22:10:20,439 - gurobipy - INFO - Solution count 2: 612.508 612.583 
2026-02-17 22:10:20,439 - gurobipy - INFO - 
2026-02-17 22:10:20,439 - gurobipy - INFO - Optimal solution found (tolerance 5.00e-02)
2026-02-17 22:10:20,439 - gurobipy - INFO - Best objective 6.125082667013e+02, best bound 6.099039883173e+02, gap 0.4252%
2026-02-17 22:10:20,451 - root - INFO - Global IQP solved: status=2, gap=0.43%, time=3.8s
2026-02-17 22:10:20,469 - root - INFO -   Loss: 612.4522 (change: 0.000214)
2026-02-17 22:10:20,469 - root - INFO -   Beta range: [0.100, 0.147]
2026-02-17 22:10:20,469 - root - INFO -   Max beta change: 0.002403
2026-02-17 22:10:20,469 - root - INFO -   Cell count range: [0, 66]
2026-02-17 22:10:20,469 - root - INFO -     B cells: 3481 cells (12.2%)
2026-02-17 22:10:20,469 - root - INFO -     CD4+ T cells: 2241 cells (7.9%)
2026-02-17 22:10:20,469 - root - INFO -     CD8+ T cells: 2638 cells (9.3%)
2026-02-17 22:10:20,469 - root - INFO -     Macrophages: 5247 cells (18.4%)
2026-02-17 22:10:20,469 - root - INFO -     Endothelial: 4996 cells (17.6%)
2026-02-17 22:10:20,469 - root - INFO -     Epithelial: 4173 cells (14.7%)
2026-02-17 22:10:20,469 - root - INFO -     Fibroblasts: 5689 cells (20.0%)
2026-02-17 22:10:20,469 - root - INFO - 
=== EM Iteration 7/10 ===
2026-02-17 22:10:20,469 - root - INFO - Global IQP: 1414 spots x 7 cell types = 9898 integer variables
2026-02-17 22:10:20,469 - root - INFO - Time limit: 600.0s, MIP gap: 5.0%
2026-02-17 22:10:20,470 - gurobipy - INFO - Set parameter TimeLimit to value 600
2026-02-17 22:10:20,470 - gurobipy - INFO - Set parameter MIPGap to value 0.05
2026-02-17 22:10:20,983 - root - INFO - Starting global IQP optimization...
2026-02-17 22:10:20,984 - gurobipy - INFO - Gurobi Optimizer version 11.0.2 build v11.0.2rc0 (linux64 - "Red Hat Enterprise Linux 9.6 (Plow)")
2026-02-17 22:10:20,984 - gurobipy - INFO - 
2026-02-17 22:10:20,984 - gurobipy - INFO - CPU model: AMD EPYC 9575F 64-Core Processor, instruction set [SSE2|AVX|AVX2|AVX512]
2026-02-17 22:10:20,984 - gurobipy - INFO - Thread count: 128 physical cores, 128 logical processors, using up to 32 threads
2026-02-17 22:10:20,984 - gurobipy - INFO - 
2026-02-17 22:10:20,984 - gurobipy - INFO - Optimize a model with 1412 rows, 9898 columns and 9884 nonzeros
2026-02-17 22:10:20,984 - gurobipy - INFO - Model fingerprint: 0xb87e80b1
2026-02-17 22:10:20,984 - gurobipy - INFO - Model has 11312 quadratic objective terms
2026-02-17 22:10:20,984 - gurobipy - INFO - Variable types: 0 continuous, 9898 integer (0 binary)
2026-02-17 22:10:20,984 - gurobipy - INFO - Coefficient statistics:
2026-02-17 22:10:20,984 - gurobipy - INFO -   Matrix range     [1e+00, 1e+00]
2026-02-17 22:10:20,984 - gurobipy - INFO -   Objective range  [1e-05, 5e-01]
2026-02-17 22:10:20,984 - gurobipy - INFO -   QObjective range [2e-02, 6e-02]
2026-02-17 22:10:20,984 - gurobipy - INFO -   Bounds range     [1e+00, 7e+01]
2026-02-17 22:10:20,984 - gurobipy - INFO -   RHS range        [1e+00, 7e+01]
2026-02-17 22:10:20,984 - gurobipy - INFO - 
2026-02-17 22:10:20,984 - gurobipy - INFO - Loaded user MIP start with objective 612.452
2026-02-17 22:10:20,984 - gurobipy - INFO - 
2026-02-17 22:10:25,136 - gurobipy - INFO - Presolve removed 1411 rows and 9891 columns
2026-02-17 22:10:25,137 - gurobipy - INFO - Presolve time: 4.15s
2026-02-17 22:10:25,137 - gurobipy - INFO - Presolved: 1 rows, 7 columns, 7 nonzeros
2026-02-17 22:10:25,137 - gurobipy - INFO - Presolved model has 8 quadratic objective terms
2026-02-17 22:10:25,137 - gurobipy - INFO - Found heuristic solution: objective 612.3861978
2026-02-17 22:10:25,137 - gurobipy - INFO - Variable types: 0 continuous, 7 integer (0 binary)
2026-02-17 22:10:25,137 - gurobipy - INFO - 
2026-02-17 22:10:25,137 - gurobipy - INFO - Explored 0 nodes (0 simplex iterations) in 4.15 seconds (0.15 work units)
2026-02-17 22:10:25,137 - gurobipy - INFO - Thread count was 32 (of 128 available processors)
2026-02-17 22:10:25,137 - gurobipy - INFO - 
2026-02-17 22:10:25,137 - gurobipy - INFO - Solution count 2: 612.386 612.452 
2026-02-17 22:10:25,137 - gurobipy - INFO - 
2026-02-17 22:10:25,137 - gurobipy - INFO - Optimal solution found (tolerance 5.00e-02)
2026-02-17 22:10:25,137 - gurobipy - INFO - Best objective 6.123861978403e+02, best bound 6.097983926418e+02, gap 0.4226%
2026-02-17 22:10:25,151 - root - INFO - Global IQP solved: status=2, gap=0.42%, time=4.2s
2026-02-17 22:10:25,180 - root - INFO -   Loss: 612.3264 (change: 0.000205)
2026-02-17 22:10:25,180 - root - INFO -   Beta range: [0.100, 0.145]
2026-02-17 22:10:25,180 - root - INFO -   Max beta change: 0.002442
2026-02-17 22:10:25,180 - root - INFO -   Cell count range: [0, 66]
2026-02-17 22:10:25,180 - root - INFO -     B cells: 3478 cells (12.2%)
2026-02-17 22:10:25,180 - root - INFO -     CD4+ T cells: 2223 cells (7.8%)
2026-02-17 22:10:25,180 - root - INFO -     CD8+ T cells: 2678 cells (9.4%)
2026-02-17 22:10:25,180 - root - INFO -     Macrophages: 5245 cells (18.4%)
2026-02-17 22:10:25,180 - root - INFO -     Endothelial: 4990 cells (17.5%)
2026-02-17 22:10:25,180 - root - INFO -     Epithelial: 4165 cells (14.6%)
2026-02-17 22:10:25,180 - root - INFO -     Fibroblasts: 5686 cells (20.0%)
2026-02-17 22:10:25,180 - root - INFO - 
=== EM Iteration 8/10 ===
2026-02-17 22:10:25,180 - root - INFO - Global IQP: 1414 spots x 7 cell types = 9898 integer variables
2026-02-17 22:10:25,180 - root - INFO - Time limit: 600.0s, MIP gap: 5.0%
2026-02-17 22:10:25,180 - gurobipy - INFO - Set parameter TimeLimit to value 600
2026-02-17 22:10:25,180 - gurobipy - INFO - Set parameter MIPGap to value 0.05
2026-02-17 22:10:25,522 - root - INFO - Starting global IQP optimization...
2026-02-17 22:10:25,522 - gurobipy - INFO - Gurobi Optimizer version 11.0.2 build v11.0.2rc0 (linux64 - "Red Hat Enterprise Linux 9.6 (Plow)")
2026-02-17 22:10:25,522 - gurobipy - INFO - 
2026-02-17 22:10:25,522 - gurobipy - INFO - CPU model: AMD EPYC 9575F 64-Core Processor, instruction set [SSE2|AVX|AVX2|AVX512]
2026-02-17 22:10:25,522 - gurobipy - INFO - Thread count: 128 physical cores, 128 logical processors, using up to 32 threads
2026-02-17 22:10:25,522 - gurobipy - INFO - 
2026-02-17 22:10:25,523 - gurobipy - INFO - Optimize a model with 1412 rows, 9898 columns and 9884 nonzeros
2026-02-17 22:10:25,523 - gurobipy - INFO - Model fingerprint: 0x887ba1b5
2026-02-17 22:10:25,523 - gurobipy - INFO - Model has 11312 quadratic objective terms
2026-02-17 22:10:25,523 - gurobipy - INFO - Variable types: 0 continuous, 9898 integer (0 binary)
2026-02-17 22:10:25,523 - gurobipy - INFO - Coefficient statistics:
2026-02-17 22:10:25,523 - gurobipy - INFO -   Matrix range     [1e+00, 1e+00]
2026-02-17 22:10:25,523 - gurobipy - INFO -   Objective range  [1e-05, 5e-01]
2026-02-17 22:10:25,523 - gurobipy - INFO -   QObjective range [2e-02, 6e-02]
2026-02-17 22:10:25,523 - gurobipy - INFO -   Bounds range     [1e+00, 7e+01]
2026-02-17 22:10:25,523 - gurobipy - INFO -   RHS range        [1e+00, 7e+01]
2026-02-17 22:10:25,523 - gurobipy - INFO - 
2026-02-17 22:10:25,523 - gurobipy - INFO - Loaded user MIP start with objective 612.326
2026-02-17 22:10:25,523 - gurobipy - INFO - 
2026-02-17 22:10:28,349 - gurobipy - INFO - Presolve removed 1411 rows and 9891 columns
2026-02-17 22:10:28,349 - gurobipy - INFO - Presolve time: 2.83s
2026-02-17 22:10:28,349 - gurobipy - INFO - Presolved: 1 rows, 7 columns, 7 nonzeros
2026-02-17 22:10:28,349 - gurobipy - INFO - Presolved model has 8 quadratic objective terms
2026-02-17 22:10:28,349 - gurobipy - INFO - Found heuristic solution: objective 612.2768870
2026-02-17 22:10:28,349 - gurobipy - INFO - Variable types: 0 continuous, 7 integer (0 binary)
2026-02-17 22:10:28,350 - gurobipy - INFO - 
2026-02-17 22:10:28,350 - gurobipy - INFO - Explored 0 nodes (0 simplex iterations) in 2.83 seconds (0.15 work units)
2026-02-17 22:10:28,350 - gurobipy - INFO - Thread count was 32 (of 128 available processors)
2026-02-17 22:10:28,350 - gurobipy - INFO - 
2026-02-17 22:10:28,350 - gurobipy - INFO - Solution count 2: 612.277 612.326 
2026-02-17 22:10:28,350 - gurobipy - INFO - 
2026-02-17 22:10:28,350 - gurobipy - INFO - Optimal solution found (tolerance 5.00e-02)
2026-02-17 22:10:28,350 - gurobipy - INFO - Best objective 6.122768870429e+02, best bound 6.097055221782e+02, gap 0.4200%
2026-02-17 22:10:28,362 - root - INFO - Global IQP solved: status=2, gap=0.42%, time=2.8s
2026-02-17 22:10:28,384 - root - INFO -   Loss: 612.2415 (change: 0.000139)
2026-02-17 22:10:28,384 - root - INFO -   Beta range: [0.100, 0.143]
2026-02-17 22:10:28,384 - root - INFO -   Max beta change: 0.001853
2026-02-17 22:10:28,384 - root - INFO -   Cell count range: [0, 66]
2026-02-17 22:10:28,384 - root - INFO -     B cells: 3472 cells (12.2%)
2026-02-17 22:10:28,384 - root - INFO -     CD4+ T cells: 2202 cells (7.7%)
2026-02-17 22:10:28,384 - root - INFO -     CD8+ T cells: 2720 cells (9.6%)
2026-02-17 22:10:28,384 - root - INFO -     Macrophages: 5243 cells (18.4%)
2026-02-17 22:10:28,384 - root - INFO -     Endothelial: 4986 cells (17.5%)
2026-02-17 22:10:28,384 - root - INFO -     Epithelial: 4162 cells (14.6%)
2026-02-17 22:10:28,384 - root - INFO -     Fibroblasts: 5680 cells (20.0%)
2026-02-17 22:10:28,384 - root - INFO - 
=== EM Iteration 9/10 ===
2026-02-17 22:10:28,384 - root - INFO - Global IQP: 1414 spots x 7 cell types = 9898 integer variables
2026-02-17 22:10:28,384 - root - INFO - Time limit: 600.0s, MIP gap: 5.0%
2026-02-17 22:10:28,385 - gurobipy - INFO - Set parameter TimeLimit to value 600
2026-02-17 22:10:28,385 - gurobipy - INFO - Set parameter MIPGap to value 0.05
2026-02-17 22:10:28,885 - root - INFO - Starting global IQP optimization...
2026-02-17 22:10:28,885 - gurobipy - INFO - Gurobi Optimizer version 11.0.2 build v11.0.2rc0 (linux64 - "Red Hat Enterprise Linux 9.6 (Plow)")
2026-02-17 22:10:28,885 - gurobipy - INFO - 
2026-02-17 22:10:28,885 - gurobipy - INFO - CPU model: AMD EPYC 9575F 64-Core Processor, instruction set [SSE2|AVX|AVX2|AVX512]
2026-02-17 22:10:28,885 - gurobipy - INFO - Thread count: 128 physical cores, 128 logical processors, using up to 32 threads
2026-02-17 22:10:28,885 - gurobipy - INFO - 
2026-02-17 22:10:28,885 - gurobipy - INFO - Optimize a model with 1412 rows, 9898 columns and 9884 nonzeros
2026-02-17 22:10:28,885 - gurobipy - INFO - Model fingerprint: 0x4462f9e6
2026-02-17 22:10:28,885 - gurobipy - INFO - Model has 11312 quadratic objective terms
2026-02-17 22:10:28,885 - gurobipy - INFO - Variable types: 0 continuous, 9898 integer (0 binary)
2026-02-17 22:10:28,885 - gurobipy - INFO - Coefficient statistics:
2026-02-17 22:10:28,885 - gurobipy - INFO -   Matrix range     [1e+00, 1e+00]
2026-02-17 22:10:28,886 - gurobipy - INFO -   Objective range  [1e-05, 5e-01]
2026-02-17 22:10:28,886 - gurobipy - INFO -   QObjective range [2e-02, 6e-02]
2026-02-17 22:10:28,886 - gurobipy - INFO -   Bounds range     [1e+00, 7e+01]
2026-02-17 22:10:28,886 - gurobipy - INFO -   RHS range        [1e+00, 7e+01]
2026-02-17 22:10:28,886 - gurobipy - INFO - 
2026-02-17 22:10:28,886 - gurobipy - INFO - Loaded user MIP start with objective 612.242
2026-02-17 22:10:28,886 - gurobipy - INFO - 
2026-02-17 22:10:32,348 - gurobipy - INFO - Presolve removed 1411 rows and 9891 columns
2026-02-17 22:10:32,348 - gurobipy - INFO - Presolve time: 3.46s
2026-02-17 22:10:32,348 - gurobipy - INFO - Presolved: 1 rows, 7 columns, 7 nonzeros
2026-02-17 22:10:32,348 - gurobipy - INFO - Presolved model has 8 quadratic objective terms
2026-02-17 22:10:32,348 - gurobipy - INFO - Found heuristic solution: objective 612.2155652
2026-02-17 22:10:32,348 - gurobipy - INFO - Variable types: 0 continuous, 7 integer (0 binary)
2026-02-17 22:10:32,348 - gurobipy - INFO - 
2026-02-17 22:10:32,348 - gurobipy - INFO - Explored 0 nodes (0 simplex iterations) in 3.46 seconds (0.15 work units)
2026-02-17 22:10:32,348 - gurobipy - INFO - Thread count was 32 (of 128 available processors)
2026-02-17 22:10:32,348 - gurobipy - INFO - 
2026-02-17 22:10:32,348 - gurobipy - INFO - Solution count 2: 612.216 612.242 
2026-02-17 22:10:32,348 - gurobipy - INFO - 
2026-02-17 22:10:32,348 - gurobipy - INFO - Optimal solution found (tolerance 5.00e-02)
2026-02-17 22:10:32,348 - gurobipy - INFO - Best objective 6.122155651673e+02, best bound 6.096564816495e+02, gap 0.4180%
2026-02-17 22:10:32,360 - root - INFO - Global IQP solved: status=2, gap=0.42%, time=3.5s
2026-02-17 22:10:32,382 - root - INFO -   Loss: 612.1967 (change: 0.000073)
2026-02-17 22:10:32,382 - root - INFO -   Beta range: [0.100, 0.141]
2026-02-17 22:10:32,382 - root - INFO -   Max beta change: 0.001342
2026-02-17 22:10:32,382 - root - INFO -   Cell count range: [0, 66]
2026-02-17 22:10:32,383 - root - INFO -     B cells: 3466 cells (12.2%)
2026-02-17 22:10:32,383 - root - INFO -     CD4+ T cells: 2193 cells (7.7%)
2026-02-17 22:10:32,383 - root - INFO -     CD8+ T cells: 2744 cells (9.6%)
2026-02-17 22:10:32,383 - root - INFO -     Macrophages: 5241 cells (18.4%)
2026-02-17 22:10:32,383 - root - INFO -     Endothelial: 4986 cells (17.5%)
2026-02-17 22:10:32,383 - root - INFO -     Epithelial: 4158 cells (14.6%)
2026-02-17 22:10:32,383 - root - INFO -     Fibroblasts: 5677 cells (19.9%)
2026-02-17 22:10:32,383 - root - INFO - 
=== EM Iteration 10/10 ===
2026-02-17 22:10:32,383 - root - INFO - Global IQP: 1414 spots x 7 cell types = 9898 integer variables
2026-02-17 22:10:32,383 - root - INFO - Time limit: 600.0s, MIP gap: 5.0%
2026-02-17 22:10:32,383 - gurobipy - INFO - Set parameter TimeLimit to value 600
2026-02-17 22:10:32,383 - gurobipy - INFO - Set parameter MIPGap to value 0.05
2026-02-17 22:10:32,917 - root - INFO - Starting global IQP optimization...
2026-02-17 22:10:32,917 - gurobipy - INFO - Gurobi Optimizer version 11.0.2 build v11.0.2rc0 (linux64 - "Red Hat Enterprise Linux 9.6 (Plow)")
2026-02-17 22:10:32,917 - gurobipy - INFO - 
2026-02-17 22:10:32,917 - gurobipy - INFO - CPU model: AMD EPYC 9575F 64-Core Processor, instruction set [SSE2|AVX|AVX2|AVX512]
2026-02-17 22:10:32,917 - gurobipy - INFO - Thread count: 128 physical cores, 128 logical processors, using up to 32 threads
2026-02-17 22:10:32,917 - gurobipy - INFO - 
2026-02-17 22:10:32,917 - gurobipy - INFO - Optimize a model with 1412 rows, 9898 columns and 9884 nonzeros
2026-02-17 22:10:32,917 - gurobipy - INFO - Model fingerprint: 0x0a7febe2
2026-02-17 22:10:32,917 - gurobipy - INFO - Model has 11312 quadratic objective terms
2026-02-17 22:10:32,917 - gurobipy - INFO - Variable types: 0 continuous, 9898 integer (0 binary)
2026-02-17 22:10:32,917 - gurobipy - INFO - Coefficient statistics:
2026-02-17 22:10:32,917 - gurobipy - INFO -   Matrix range     [1e+00, 1e+00]
2026-02-17 22:10:32,917 - gurobipy - INFO -   Objective range  [1e-05, 5e-01]
2026-02-17 22:10:32,917 - gurobipy - INFO -   QObjective range [2e-02, 6e-02]
2026-02-17 22:10:32,917 - gurobipy - INFO -   Bounds range     [1e+00, 7e+01]
2026-02-17 22:10:32,918 - gurobipy - INFO -   RHS range        [1e+00, 7e+01]
2026-02-17 22:10:32,918 - gurobipy - INFO - 
2026-02-17 22:10:32,918 - gurobipy - INFO - Loaded user MIP start with objective 612.197
2026-02-17 22:10:32,918 - gurobipy - INFO - 
2026-02-17 22:10:36,900 - gurobipy - INFO - Presolve removed 1411 rows and 9891 columns
2026-02-17 22:10:36,900 - gurobipy - INFO - Presolve time: 3.98s
2026-02-17 22:10:36,900 - gurobipy - INFO - Presolved: 1 rows, 7 columns, 7 nonzeros
2026-02-17 22:10:36,900 - gurobipy - INFO - Presolved model has 8 quadratic objective terms
2026-02-17 22:10:36,900 - gurobipy - INFO - Found heuristic solution: objective 612.1735888
2026-02-17 22:10:36,900 - gurobipy - INFO - Variable types: 0 continuous, 7 integer (0 binary)
2026-02-17 22:10:36,900 - gurobipy - INFO - 
2026-02-17 22:10:36,900 - gurobipy - INFO - Explored 0 nodes (0 simplex iterations) in 3.98 seconds (0.15 work units)
2026-02-17 22:10:36,900 - gurobipy - INFO - Thread count was 32 (of 128 available processors)
2026-02-17 22:10:36,900 - gurobipy - INFO - 
2026-02-17 22:10:36,900 - gurobipy - INFO - Solution count 2: 612.174 612.197 
2026-02-17 22:10:36,900 - gurobipy - INFO - 
2026-02-17 22:10:36,900 - gurobipy - INFO - Optimal solution found (tolerance 5.00e-02)
2026-02-17 22:10:36,900 - gurobipy - INFO - Best objective 6.121735888080e+02, best bound 6.096232899096e+02, gap 0.4166%
2026-02-17 22:10:36,913 - root - INFO - Global IQP solved: status=2, gap=0.42%, time=4.0s
2026-02-17 22:10:36,932 - root - INFO -   Loss: 612.1515 (change: 0.000074)
2026-02-17 22:10:36,932 - root - INFO -   Beta range: [0.100, 0.140]
2026-02-17 22:10:36,932 - root - INFO -   Max beta change: 0.001436
2026-02-17 22:10:36,932 - root - INFO -   Cell count range: [0, 66]
2026-02-17 22:10:36,932 - root - INFO -     B cells: 3463 cells (12.2%)
2026-02-17 22:10:36,932 - root - INFO -     CD4+ T cells: 2182 cells (7.7%)
2026-02-17 22:10:36,932 - root - INFO -     CD8+ T cells: 2767 cells (9.7%)
2026-02-17 22:10:36,932 - root - INFO -     Macrophages: 5240 cells (18.4%)
2026-02-17 22:10:36,932 - root - INFO -     Endothelial: 4983 cells (17.5%)
2026-02-17 22:10:36,932 - root - INFO -     Epithelial: 4155 cells (14.6%)
2026-02-17 22:10:36,932 - root - INFO -     Fibroblasts: 5675 cells (19.9%)
2026-02-17 22:10:36,932 - root - INFO - 
Final beta values:
2026-02-17 22:10:36,932 - root - INFO -   CD20: β=0.100, α=0.000
2026-02-17 22:10:36,932 - root - INFO -   CD3E: β=0.100, α=0.000
2026-02-17 22:10:36,932 - root - INFO -   CD4: β=0.100, α=0.000
2026-02-17 22:10:36,932 - root - INFO -   CD8A: β=0.140, α=0.000
2026-02-17 22:10:36,932 - root - INFO -   CD68: β=0.100, α=0.000
2026-02-17 22:10:36,932 - root - INFO -   CD163: β=0.100, α=0.000
2026-02-17 22:10:36,932 - root - INFO -   CD31: β=0.100, α=0.000
2026-02-17 22:10:36,932 - root - INFO -   PanCK: β=0.100, α=0.000
2026-02-17 22:10:36,932 - root - INFO -   alphaSMA: β=0.100, α=0.000
2026-02-17 22:10:36,936 - root - INFO - Saved discrete cell counts to Benchmarking/xenium_benchmarking/CITEgeist/output_discrete_global/Xenium_region_4/Xenium_region_4_discrete_cell_counts.csv
2026-02-17 22:10:36,941 - root - INFO - Saved derived proportions to Benchmarking/xenium_benchmarking/CITEgeist/output_discrete_global/Xenium_region_4/Xenium_region_4_cell_prop_discrete.csv
2026-02-17 22:10:36,941 - root - INFO - Cell type distribution:
2026-02-17 22:10:36,941 - root - INFO -   B cells: 3463 cells (12.2%)
2026-02-17 22:10:36,941 - root - INFO -   CD4+ T cells: 2182 cells (7.7%)
2026-02-17 22:10:36,941 - root - INFO -   CD8+ T cells: 2767 cells (9.7%)
2026-02-17 22:10:36,941 - root - INFO -   Macrophages: 5240 cells (18.4%)
2026-02-17 22:10:36,941 - root - INFO -   Endothelial: 4983 cells (17.5%)
2026-02-17 22:10:36,941 - root - INFO -   Epithelial: 4155 cells (14.6%)
2026-02-17 22:10:36,941 - root - INFO -   Fibroblasts: 5675 cells (19.9%)
2026-02-17 22:10:36,941 - __main__ - INFO - Cell type distribution:
2026-02-17 22:10:36,941 - __main__ - INFO -   B cells: 3463 cells (12.2%)
2026-02-17 22:10:36,941 - __main__ - INFO -   CD4+ T cells: 2182 cells (7.7%)
2026-02-17 22:10:36,941 - __main__ - INFO -   CD8+ T cells: 2767 cells (9.7%)
2026-02-17 22:10:36,941 - __main__ - INFO -   Macrophages: 5240 cells (18.4%)
2026-02-17 22:10:36,941 - __main__ - INFO -   Endothelial: 4983 cells (17.5%)
2026-02-17 22:10:36,941 - __main__ - INFO -   Epithelial: 4155 cells (14.6%)
2026-02-17 22:10:36,941 - __main__ - INFO -   Fibroblasts: 5675 cells (19.9%)
2026-02-17 22:10:36,946 - __main__ - INFO - Saved proportions: Benchmarking/xenium_benchmarking/CITEgeist/output_discrete_global/Xenium_region_4/Xenium_region_4_deconv_predictions.csv
2026-02-17 22:10:36,946 - __main__ - INFO - ------------------------------------------------------------
2026-02-17 22:10:36,946 - __main__ - INFO - STEP 7: Gene expression deconvolution
2026-02-17 22:10:36,946 - __main__ - INFO - ------------------------------------------------------------
2026-02-17 22:10:36,947 - CITEgeist.model.utils - INFO - Detected spot spacing: 100.00 units (median of 1414 nearest-neighbor distances)
2026-02-17 22:10:36,947 - CITEgeist.model.utils - INFO - Computed optimal radius: 305.00 (3.0 rings, spot_spacing=100.00)
2026-02-17 22:10:36,947 - root - INFO - Auto-detected radius: 305.00 (3 rings)
2026-02-17 22:10:36,947 - root - INFO - Starting Pass 1: Error minimization with enrichment weights...
2026-02-17 22:10:36,947 - root - INFO - Using discrete mode: cell counts as fixed multipliers
2026-02-17 22:10:36,947 - root - WARNING - Found 2 spots with zero cells. These will be skipped in deconvolution.
2026-02-17 22:10:36,947 - root - WARNING - Found 2 spots with zero or negligible total cell proportions. Deconvolution for these spots may fail and their profiles will be imputed as zeros. Example spot indices: [ 12 220]
2026-02-17 22:10:36,947 - root - INFO - Starting analysis for Xenium_region_4
2026-02-17 22:10:36,947 - root - INFO - Already completed spots: 0
2026-02-17 22:10:36,947 - root - INFO - Using enrichment weights - Global: 0.5, Local: 0.5
2026-02-17 22:10:36,947 - root - INFO - Using 128 workers
2026-02-17 22:10:36,947 - root - INFO - Processing 1414 remaining spots
Deconvoluting Remaining Spots:   0%|          | 0/1414 [00:00<?, ?it/s]Deconvoluting Remaining Spots:   0%|          | 1/1414 [00:00<06:53,  3.42it/s]Deconvoluting Remaining Spots:   0%|          | 4/1414 [00:00<02:07, 11.07it/s]Deconvoluting Remaining Spots:   1%|          | 8/1414 [00:00<01:47, 13.12it/s]Deconvoluting Remaining Spots:   1%|          | 10/1414 [00:00<01:54, 12.22it/s]Deconvoluting Remaining Spots:   1%|          | 15/1414 [00:00<01:10, 19.94it/s]Deconvoluting Remaining Spots:   1%|▏         | 20/1414 [00:01<00:58, 23.71it/s]Deconvoluting Remaining Spots:   2%|▏         | 23/1414 [00:01<00:59, 23.40it/s]Deconvoluting Remaining Spots:   2%|▏         | 28/1414 [00:01<00:48, 28.53it/s]Deconvoluting Remaining Spots:   2%|▏         | 35/1414 [00:01<00:36, 38.14it/s]Deconvoluting Remaining Spots:   3%|▎         | 40/1414 [00:01<00:36, 37.23it/s]Deconvoluting Remaining Spots:   3%|▎         | 47/1414 [00:01<00:31, 43.41it/s]Deconvoluting Remaining Spots:   4%|▍         | 55/1414 [00:01<00:26, 50.94it/s]Deconvoluting Remaining Spots:   4%|▍         | 61/1414 [00:01<00:26, 50.32it/s]Deconvoluting Remaining Spots:   5%|▌         | 76/1414 [00:02<00:18, 70.46it/s]Deconvoluting Remaining Spots:   6%|▌         | 84/1414 [00:02<00:21, 62.70it/s]Deconvoluting Remaining Spots:   7%|▋         | 93/1414 [00:02<00:19, 68.15it/s]2026-02-17 22:10:40,730 - root - INFO - Saved checkpoint after 100 completed spots
Deconvoluting Remaining Spots:   7%|▋         | 101/1414 [00:02<00:26, 49.40it/s]Deconvoluting Remaining Spots:   8%|▊         | 109/1414 [00:02<00:23, 55.26it/s]Deconvoluting Remaining Spots:   8%|▊         | 116/1414 [00:02<00:24, 53.65it/s]Deconvoluting Remaining Spots:   9%|▊         | 122/1414 [00:03<00:23, 54.68it/s]Deconvoluting Remaining Spots:  10%|▉         | 135/1414 [00:03<00:18, 70.56it/s]Deconvoluting Remaining Spots:  10%|█         | 143/1414 [00:03<00:23, 53.03it/s]Deconvoluting Remaining Spots:  11%|█         | 150/1414 [00:03<00:26, 46.88it/s]Deconvoluting Remaining Spots:  11%|█         | 156/1414 [00:03<00:28, 44.74it/s]Deconvoluting Remaining Spots:  12%|█▏        | 163/1414 [00:03<00:25, 48.27it/s]Deconvoluting Remaining Spots:  12%|█▏        | 169/1414 [00:04<00:27, 44.84it/s]Deconvoluting Remaining Spots:  12%|█▏        | 175/1414 [00:04<00:26, 46.89it/s]Deconvoluting Remaining Spots:  13%|█▎        | 182/1414 [00:04<00:27, 44.49it/s]Deconvoluting Remaining Spots:  13%|█▎        | 187/1414 [00:04<00:27, 44.83it/s]Deconvoluting Remaining Spots:  14%|█▎        | 192/1414 [00:04<00:29, 41.25it/s]2026-02-17 22:10:42,781 - root - INFO - Saved checkpoint after 200 completed spots
Deconvoluting Remaining Spots:  14%|█▍        | 201/1414 [00:04<00:26, 45.66it/s]Deconvoluting Remaining Spots:  15%|█▌        | 217/1414 [00:04<00:17, 68.36it/s]Deconvoluting Remaining Spots:  16%|█▌        | 225/1414 [00:05<00:21, 55.36it/s]Deconvoluting Remaining Spots:  16%|█▋        | 232/1414 [00:05<00:25, 46.84it/s]Deconvoluting Remaining Spots:  17%|█▋        | 238/1414 [00:05<00:27, 42.47it/s]Deconvoluting Remaining Spots:  17%|█▋        | 245/1414 [00:05<00:24, 47.30it/s]Deconvoluting Remaining Spots:  18%|█▊        | 251/1414 [00:05<00:23, 49.40it/s]Deconvoluting Remaining Spots:  18%|█▊        | 257/1414 [00:05<00:26, 42.98it/s]Deconvoluting Remaining Spots:  19%|█▊        | 262/1414 [00:06<00:29, 38.92it/s]Deconvoluting Remaining Spots:  19%|█▉        | 272/1414 [00:06<00:24, 46.42it/s]Deconvoluting Remaining Spots:  20%|█▉        | 277/1414 [00:06<00:28, 39.22it/s]Deconvoluting Remaining Spots:  20%|█▉        | 282/1414 [00:06<00:31, 36.23it/s]Deconvoluting Remaining Spots:  20%|██        | 287/1414 [00:06<00:29, 37.91it/s]Deconvoluting Remaining Spots:  21%|██        | 291/1414 [00:06<00:35, 31.28it/s]Deconvoluting Remaining Spots:  21%|██        | 297/1414 [00:06<00:30, 36.90it/s]2026-02-17 22:10:45,973 - root - INFO - Saved checkpoint after 300 completed spots
Deconvoluting Remaining Spots:  21%|██▏       | 302/1414 [00:07<01:20, 13.83it/s]Deconvoluting Remaining Spots:  24%|██▍       | 341/1414 [00:08<00:20, 51.25it/s]Deconvoluting Remaining Spots:  25%|██▌       | 355/1414 [00:08<00:21, 48.51it/s]Deconvoluting Remaining Spots:  26%|██▌       | 366/1414 [00:08<00:26, 39.80it/s]Deconvoluting Remaining Spots:  27%|██▋       | 375/1414 [00:08<00:24, 42.82it/s]Deconvoluting Remaining Spots:  27%|██▋       | 385/1414 [00:09<00:21, 48.78it/s]Deconvoluting Remaining Spots:  28%|██▊       | 393/1414 [00:09<00:20, 50.90it/s]2026-02-17 22:10:48,418 - root - INFO - Saved checkpoint after 400 completed spots
Deconvoluting Remaining Spots:  28%|██▊       | 401/1414 [00:10<00:51, 19.73it/s]Deconvoluting Remaining Spots:  32%|███▏      | 457/1414 [00:10<00:15, 61.47it/s]Deconvoluting Remaining Spots:  34%|███▎      | 475/1414 [00:10<00:17, 54.19it/s]Deconvoluting Remaining Spots:  35%|███▍      | 489/1414 [00:11<00:17, 52.46it/s]Deconvoluting Remaining Spots:  35%|███▌      | 500/1414 [00:11<00:17, 51.51it/s]2026-02-17 22:10:51,017 - root - INFO - Saved checkpoint after 500 completed spots
Deconvoluting Remaining Spots:  36%|███▌      | 509/1414 [00:12<00:42, 21.50it/s]Deconvoluting Remaining Spots:  41%|████      | 574/1414 [00:13<00:14, 57.29it/s]Deconvoluting Remaining Spots:  42%|████▏     | 592/1414 [00:13<00:14, 56.10it/s]2026-02-17 22:10:52,852 - root - INFO - Saved checkpoint after 600 completed spots
Deconvoluting Remaining Spots:  43%|████▎     | 607/1414 [00:14<00:25, 31.29it/s]Deconvoluting Remaining Spots:  46%|████▋     | 656/1414 [00:14<00:13, 56.00it/s]Deconvoluting Remaining Spots:  48%|████▊     | 676/1414 [00:15<00:14, 51.63it/s]Deconvoluting Remaining Spots:  49%|████▉     | 691/1414 [00:15<00:13, 54.22it/s]2026-02-17 22:10:55,388 - root - INFO - Saved checkpoint after 700 completed spots
Deconvoluting Remaining Spots:  50%|████▉     | 704/1414 [00:17<00:28, 25.13it/s]Deconvoluting Remaining Spots:  55%|█████▍    | 777/1414 [00:17<00:10, 59.96it/s]2026-02-17 22:10:58,026 - root - INFO - Saved checkpoint after 800 completed spots
Deconvoluting Remaining Spots:  57%|█████▋    | 803/1414 [00:19<00:21, 28.08it/s]2026-02-17 22:11:00,482 - root - INFO - Saved checkpoint after 900 completed spots
Deconvoluting Remaining Spots:  64%|██████▎   | 901/1414 [00:22<00:15, 33.63it/s]2026-02-17 22:11:03,038 - root - INFO - Saved checkpoint after 1000 completed spots
Deconvoluting Remaining Spots:  71%|███████   | 1001/1414 [00:24<00:11, 35.92it/s]2026-02-17 22:11:05,638 - root - INFO - Saved checkpoint after 1100 completed spots
Deconvoluting Remaining Spots:  78%|███████▊  | 1101/1414 [00:27<00:08, 36.87it/s]2026-02-17 22:11:07,248 - root - INFO - Saved checkpoint after 1200 completed spots
Deconvoluting Remaining Spots:  85%|████████▍ | 1201/1414 [00:29<00:04, 43.15it/s]2026-02-17 22:11:07,725 - root - INFO - Saved checkpoint after 1300 completed spots
Deconvoluting Remaining Spots:  92%|█████████▏| 1301/1414 [00:29<00:01, 59.01it/s]2026-02-17 22:11:08,287 - root - INFO - Saved checkpoint after 1400 completed spots
Deconvoluting Remaining Spots:  99%|█████████▉| 1401/1414 [00:30<00:00, 75.45it/s]Deconvoluting Remaining Spots: 100%|██████████| 1414/1414 [00:30<00:00, 46.79it/s]
2026-02-17 22:11:09,271 - root - INFO - Saved final results with 1414 completed spots
2026-02-17 22:11:09,672 - root - INFO - Saved profiles to Benchmarking/xenium_benchmarking/CITEgeist/output_discrete_global/Xenium_region_4/Xenium_region_4_gene_expression_pass1.parquet with cell types: ['B cells', 'CD4+ T cells', 'CD8+ T cells', 'Macrophages', 'Endothelial', 'Epithelial', 'Fibroblasts']
2026-02-17 22:11:09,775 - root - INFO - Successfully added layer: CD8+_T_cells_genes_pass1
2026-02-17 22:11:09,793 - root - INFO - Successfully added layer: Epithelial_genes_pass1
2026-02-17 22:11:09,807 - root - INFO - Successfully added layer: B_cells_genes_pass1
2026-02-17 22:11:09,822 - root - INFO - Successfully added layer: Fibroblasts_genes_pass1
2026-02-17 22:11:09,836 - root - INFO - Successfully added layer: CD4+_T_cells_genes_pass1
2026-02-17 22:11:09,850 - root - INFO - Successfully added layer: Macrophages_genes_pass1
2026-02-17 22:11:09,864 - root - INFO - Successfully added layer: Endothelial_genes_pass1
2026-02-17 22:11:10,033 - root - INFO - Exported layer 'CD8+_T_cells_genes_pass1' to 'Benchmarking/xenium_benchmarking/CITEgeist/output_discrete_global/Xenium_region_4/Xenium_region_4_pass1/layers/pass1/CD8+_T_cells_layer_pass1.csv'
2026-02-17 22:11:10,202 - root - INFO - Exported layer 'Epithelial_genes_pass1' to 'Benchmarking/xenium_benchmarking/CITEgeist/output_discrete_global/Xenium_region_4/Xenium_region_4_pass1/layers/pass1/Epithelial_layer_pass1.csv'
2026-02-17 22:11:10,367 - root - INFO - Exported layer 'B_cells_genes_pass1' to 'Benchmarking/xenium_benchmarking/CITEgeist/output_discrete_global/Xenium_region_4/Xenium_region_4_pass1/layers/pass1/B_cells_layer_pass1.csv'
2026-02-17 22:11:10,530 - root - INFO - Exported layer 'Fibroblasts_genes_pass1' to 'Benchmarking/xenium_benchmarking/CITEgeist/output_discrete_global/Xenium_region_4/Xenium_region_4_pass1/layers/pass1/Fibroblasts_layer_pass1.csv'
2026-02-17 22:11:10,699 - root - INFO - Exported layer 'CD4+_T_cells_genes_pass1' to 'Benchmarking/xenium_benchmarking/CITEgeist/output_discrete_global/Xenium_region_4/Xenium_region_4_pass1/layers/pass1/CD4+_T_cells_layer_pass1.csv'
2026-02-17 22:11:10,862 - root - INFO - Exported layer 'Macrophages_genes_pass1' to 'Benchmarking/xenium_benchmarking/CITEgeist/output_discrete_global/Xenium_region_4/Xenium_region_4_pass1/layers/pass1/Macrophages_layer_pass1.csv'
2026-02-17 22:11:11,024 - root - INFO - Exported layer 'Endothelial_genes_pass1' to 'Benchmarking/xenium_benchmarking/CITEgeist/output_discrete_global/Xenium_region_4/Xenium_region_4_pass1/layers/pass1/Endothelial_layer_pass1.csv'
2026-02-17 22:11:11,024 - __main__ - INFO - GEX deconvolution completed in 34.1s
2026-02-17 22:11:11,025 - __main__ - INFO - ------------------------------------------------------------
2026-02-17 22:11:11,025 - __main__ - INFO - STEP 8: Saving summary
2026-02-17 22:11:11,025 - __main__ - INFO - ------------------------------------------------------------
2026-02-17 22:11:11,026 - __main__ - INFO - Saved summary: Benchmarking/xenium_benchmarking/CITEgeist/output_discrete_global/Xenium_region_4/benchmark_summary.json
2026-02-17 22:11:11,026 - __main__ - INFO - ======================================================================
2026-02-17 22:11:11,026 - __main__ - INFO - BENCHMARK COMPLETE
2026-02-17 22:11:11,026 - __main__ - INFO -   Total nuclei: 28465
2026-02-17 22:11:11,026 - __main__ - INFO -   Cellpose time: 2091.9s
2026-02-17 22:11:11,026 - __main__ - INFO -   Discrete assignment time: 42.3s
2026-02-17 22:11:11,027 - __main__ - INFO -   GEX deconvolution time: 34.1s
2026-02-17 22:11:11,027 - __main__ - INFO - ======================================================================
