CitegeistModel initialized successfully.
Filtered gene expression data: 405 → 399 genes (count > 0 in at least 1.0% of spots, mean expression > 1.1 in nonzero spots). Remaining spots: 1414 Filtered spots: 1414 to 1414
Antibody capture data preprocessing completed for discrete mode: Winsorized [5%, 95%], scale_mode=per_marker, no per-spot normalization.
Set parameter LicenseID to value 276015
Set parameter GURO_PAR_SPECIAL
Set parameter TokenServer to value "license.crc.pitt.edu"
Set parameter TimeLimit to value 600
Set parameter MIPGap to value 0.05
Gurobi Optimizer version 11.0.2 build v11.0.2rc0 (linux64 - "Red Hat Enterprise Linux 9.6 (Plow)")

CPU model: AMD EPYC 9575F 64-Core Processor, instruction set [SSE2|AVX|AVX2|AVX512]
Thread count: 128 physical cores, 128 logical processors, using up to 32 threads

Optimize a model with 1412 rows, 9898 columns and 9884 nonzeros
Model fingerprint: 0x6dd8b2f7
Model has 11312 quadratic objective terms
Variable types: 0 continuous, 9898 integer (0 binary)
Coefficient statistics:
  Matrix range     [1e+00, 1e+00]
  Objective range  [1e-04, 4e+00]
  QObjective range [2e+00, 4e+00]
  Bounds range     [1e+00, 7e+01]
  RHS range        [1e+00, 7e+01]

Loaded user MIP start with objective 193324

Presolve removed 1411 rows and 9891 columns
Presolve time: 3.42s
Presolved: 1 rows, 7 columns, 7 nonzeros
Presolved model has 8 quadratic objective terms
Found heuristic solution: objective 146894.26933
Variable types: 0 continuous, 7 integer (0 binary)

Explored 0 nodes (0 simplex iterations) in 3.43 seconds (0.20 work units)
Thread count was 32 (of 128 available processors)

Solution count 2: 146894 193324 

Optimal solution found (tolerance 5.00e-02)
Best objective 1.468942693347e+05, best bound 1.466333208186e+05, gap 0.1776%
Set parameter TimeLimit to value 600
Set parameter MIPGap to value 0.05
Gurobi Optimizer version 11.0.2 build v11.0.2rc0 (linux64 - "Red Hat Enterprise Linux 9.6 (Plow)")

CPU model: AMD EPYC 9575F 64-Core Processor, instruction set [SSE2|AVX|AVX2|AVX512]
Thread count: 128 physical cores, 128 logical processors, using up to 32 threads

Optimize a model with 1412 rows, 9898 columns and 9884 nonzeros
Model fingerprint: 0x33b7f289
Model has 11312 quadratic objective terms
Variable types: 0 continuous, 9898 integer (0 binary)
Coefficient statistics:
  Matrix range     [1e+00, 1e+00]
  Objective range  [1e-05, 6e-01]
  QObjective range [2e-02, 9e-02]
  Bounds range     [1e+00, 7e+01]
  RHS range        [1e+00, 7e+01]

Loaded user MIP start with objective 1298.65

Presolve removed 1411 rows and 9891 columns
Presolve time: 3.98s
Presolved: 1 rows, 7 columns, 7 nonzeros
Presolved model has 8 quadratic objective terms
Found heuristic solution: objective 659.3689534
Variable types: 0 continuous, 7 integer (0 binary)

Explored 0 nodes (0 simplex iterations) in 3.98 seconds (0.15 work units)
Thread count was 32 (of 128 available processors)

Solution count 2: 659.369 1298.65 

Optimal solution found (tolerance 5.00e-02)
Best objective 6.593689533778e+02, best bound 6.562263321189e+02, gap 0.4766%
Set parameter TimeLimit to value 600
Set parameter MIPGap to value 0.05
Gurobi Optimizer version 11.0.2 build v11.0.2rc0 (linux64 - "Red Hat Enterprise Linux 9.6 (Plow)")

CPU model: AMD EPYC 9575F 64-Core Processor, instruction set [SSE2|AVX|AVX2|AVX512]
Thread count: 128 physical cores, 128 logical processors, using up to 32 threads

Optimize a model with 1412 rows, 9898 columns and 9884 nonzeros
Model fingerprint: 0x1eedcbda
Model has 11312 quadratic objective terms
Variable types: 0 continuous, 9898 integer (0 binary)
Coefficient statistics:
  Matrix range     [1e+00, 1e+00]
  Objective range  [1e-05, 5e-01]
  QObjective range [2e-02, 7e-02]
  Bounds range     [1e+00, 7e+01]
  RHS range        [1e+00, 7e+01]

Loaded user MIP start with objective 631.688

Presolve removed 1411 rows and 9891 columns
Presolve time: 4.17s
Presolved: 1 rows, 7 columns, 7 nonzeros
Presolved model has 8 quadratic objective terms
Found heuristic solution: objective 614.1644456
Variable types: 0 continuous, 7 integer (0 binary)

Explored 0 nodes (0 simplex iterations) in 4.18 seconds (0.15 work units)
Thread count was 32 (of 128 available processors)

Solution count 2: 614.164 631.688 

Optimal solution found (tolerance 5.00e-02)
Best objective 6.141644455739e+02, best bound 6.114506577936e+02, gap 0.4419%
Set parameter TimeLimit to value 600
Set parameter MIPGap to value 0.05
Gurobi Optimizer version 11.0.2 build v11.0.2rc0 (linux64 - "Red Hat Enterprise Linux 9.6 (Plow)")

CPU model: AMD EPYC 9575F 64-Core Processor, instruction set [SSE2|AVX|AVX2|AVX512]
Thread count: 128 physical cores, 128 logical processors, using up to 32 threads

Optimize a model with 1412 rows, 9898 columns and 9884 nonzeros
Model fingerprint: 0xf45dc44d
Model has 11312 quadratic objective terms
Variable types: 0 continuous, 9898 integer (0 binary)
Coefficient statistics:
  Matrix range     [1e+00, 1e+00]
  Objective range  [1e-05, 5e-01]
  QObjective range [2e-02, 7e-02]
  Bounds range     [1e+00, 7e+01]
  RHS range        [1e+00, 7e+01]

Loaded user MIP start with objective 613.326

Presolve removed 1411 rows and 9891 columns
Presolve time: 3.74s
Presolved: 1 rows, 7 columns, 7 nonzeros
Presolved model has 8 quadratic objective terms
Found heuristic solution: objective 613.0569339
Variable types: 0 continuous, 7 integer (0 binary)

Explored 0 nodes (0 simplex iterations) in 3.74 seconds (0.15 work units)
Thread count was 32 (of 128 available processors)

Solution count 2: 613.057 613.326 

Optimal solution found (tolerance 5.00e-02)
Best objective 6.130569338643e+02, best bound 6.103940665984e+02, gap 0.4344%
Set parameter TimeLimit to value 600
Set parameter MIPGap to value 0.05
Gurobi Optimizer version 11.0.2 build v11.0.2rc0 (linux64 - "Red Hat Enterprise Linux 9.6 (Plow)")

CPU model: AMD EPYC 9575F 64-Core Processor, instruction set [SSE2|AVX|AVX2|AVX512]
Thread count: 128 physical cores, 128 logical processors, using up to 32 threads

Optimize a model with 1412 rows, 9898 columns and 9884 nonzeros
Model fingerprint: 0x0925925d
Model has 11312 quadratic objective terms
Variable types: 0 continuous, 9898 integer (0 binary)
Coefficient statistics:
  Matrix range     [1e+00, 1e+00]
  Objective range  [1e-05, 5e-01]
  QObjective range [2e-02, 7e-02]
  Bounds range     [1e+00, 7e+01]
  RHS range        [1e+00, 7e+01]

Loaded user MIP start with objective 612.865

Presolve removed 1411 rows and 9891 columns
Presolve time: 3.57s
Presolved: 1 rows, 7 columns, 7 nonzeros
Presolved model has 8 quadratic objective terms
Found heuristic solution: objective 612.7064646
Variable types: 0 continuous, 7 integer (0 binary)

Explored 0 nodes (0 simplex iterations) in 3.57 seconds (0.15 work units)
Thread count was 32 (of 128 available processors)

Solution count 2: 612.706 612.865 

Optimal solution found (tolerance 5.00e-02)
Best objective 6.127064645842e+02, best bound 6.100768552608e+02, gap 0.4292%
Set parameter TimeLimit to value 600
Set parameter MIPGap to value 0.05
Gurobi Optimizer version 11.0.2 build v11.0.2rc0 (linux64 - "Red Hat Enterprise Linux 9.6 (Plow)")

CPU model: AMD EPYC 9575F 64-Core Processor, instruction set [SSE2|AVX|AVX2|AVX512]
Thread count: 128 physical cores, 128 logical processors, using up to 32 threads

Optimize a model with 1412 rows, 9898 columns and 9884 nonzeros
Model fingerprint: 0x99b9f993
Model has 11312 quadratic objective terms
Variable types: 0 continuous, 9898 integer (0 binary)
Coefficient statistics:
  Matrix range     [1e+00, 1e+00]
  Objective range  [1e-05, 5e-01]
  QObjective range [2e-02, 6e-02]
  Bounds range     [1e+00, 7e+01]
  RHS range        [1e+00, 7e+01]

Loaded user MIP start with objective 612.583

Presolve removed 1411 rows and 9891 columns
Presolve time: 3.78s
Presolved: 1 rows, 7 columns, 7 nonzeros
Presolved model has 8 quadratic objective terms
Found heuristic solution: objective 612.5082667
Variable types: 0 continuous, 7 integer (0 binary)

Explored 0 nodes (0 simplex iterations) in 3.78 seconds (0.15 work units)
Thread count was 32 (of 128 available processors)

Solution count 2: 612.508 612.583 

Optimal solution found (tolerance 5.00e-02)
Best objective 6.125082667013e+02, best bound 6.099039883173e+02, gap 0.4252%
Set parameter TimeLimit to value 600
Set parameter MIPGap to value 0.05
Gurobi Optimizer version 11.0.2 build v11.0.2rc0 (linux64 - "Red Hat Enterprise Linux 9.6 (Plow)")

CPU model: AMD EPYC 9575F 64-Core Processor, instruction set [SSE2|AVX|AVX2|AVX512]
Thread count: 128 physical cores, 128 logical processors, using up to 32 threads

Optimize a model with 1412 rows, 9898 columns and 9884 nonzeros
Model fingerprint: 0xb87e80b1
Model has 11312 quadratic objective terms
Variable types: 0 continuous, 9898 integer (0 binary)
Coefficient statistics:
  Matrix range     [1e+00, 1e+00]
  Objective range  [1e-05, 5e-01]
  QObjective range [2e-02, 6e-02]
  Bounds range     [1e+00, 7e+01]
  RHS range        [1e+00, 7e+01]

Loaded user MIP start with objective 612.452

Presolve removed 1411 rows and 9891 columns
Presolve time: 4.15s
Presolved: 1 rows, 7 columns, 7 nonzeros
Presolved model has 8 quadratic objective terms
Found heuristic solution: objective 612.3861978
Variable types: 0 continuous, 7 integer (0 binary)

Explored 0 nodes (0 simplex iterations) in 4.15 seconds (0.15 work units)
Thread count was 32 (of 128 available processors)

Solution count 2: 612.386 612.452 

Optimal solution found (tolerance 5.00e-02)
Best objective 6.123861978403e+02, best bound 6.097983926418e+02, gap 0.4226%
Set parameter TimeLimit to value 600
Set parameter MIPGap to value 0.05
Gurobi Optimizer version 11.0.2 build v11.0.2rc0 (linux64 - "Red Hat Enterprise Linux 9.6 (Plow)")

CPU model: AMD EPYC 9575F 64-Core Processor, instruction set [SSE2|AVX|AVX2|AVX512]
Thread count: 128 physical cores, 128 logical processors, using up to 32 threads

Optimize a model with 1412 rows, 9898 columns and 9884 nonzeros
Model fingerprint: 0x887ba1b5
Model has 11312 quadratic objective terms
Variable types: 0 continuous, 9898 integer (0 binary)
Coefficient statistics:
  Matrix range     [1e+00, 1e+00]
  Objective range  [1e-05, 5e-01]
  QObjective range [2e-02, 6e-02]
  Bounds range     [1e+00, 7e+01]
  RHS range        [1e+00, 7e+01]

Loaded user MIP start with objective 612.326

Presolve removed 1411 rows and 9891 columns
Presolve time: 2.83s
Presolved: 1 rows, 7 columns, 7 nonzeros
Presolved model has 8 quadratic objective terms
Found heuristic solution: objective 612.2768870
Variable types: 0 continuous, 7 integer (0 binary)

Explored 0 nodes (0 simplex iterations) in 2.83 seconds (0.15 work units)
Thread count was 32 (of 128 available processors)

Solution count 2: 612.277 612.326 

Optimal solution found (tolerance 5.00e-02)
Best objective 6.122768870429e+02, best bound 6.097055221782e+02, gap 0.4200%
Set parameter TimeLimit to value 600
Set parameter MIPGap to value 0.05
Gurobi Optimizer version 11.0.2 build v11.0.2rc0 (linux64 - "Red Hat Enterprise Linux 9.6 (Plow)")

CPU model: AMD EPYC 9575F 64-Core Processor, instruction set [SSE2|AVX|AVX2|AVX512]
Thread count: 128 physical cores, 128 logical processors, using up to 32 threads

Optimize a model with 1412 rows, 9898 columns and 9884 nonzeros
Model fingerprint: 0x4462f9e6
Model has 11312 quadratic objective terms
Variable types: 0 continuous, 9898 integer (0 binary)
Coefficient statistics:
  Matrix range     [1e+00, 1e+00]
  Objective range  [1e-05, 5e-01]
  QObjective range [2e-02, 6e-02]
  Bounds range     [1e+00, 7e+01]
  RHS range        [1e+00, 7e+01]

Loaded user MIP start with objective 612.242

Presolve removed 1411 rows and 9891 columns
Presolve time: 3.46s
Presolved: 1 rows, 7 columns, 7 nonzeros
Presolved model has 8 quadratic objective terms
Found heuristic solution: objective 612.2155652
Variable types: 0 continuous, 7 integer (0 binary)

Explored 0 nodes (0 simplex iterations) in 3.46 seconds (0.15 work units)
Thread count was 32 (of 128 available processors)

Solution count 2: 612.216 612.242 

Optimal solution found (tolerance 5.00e-02)
Best objective 6.122155651673e+02, best bound 6.096564816495e+02, gap 0.4180%
Set parameter TimeLimit to value 600
Set parameter MIPGap to value 0.05
Gurobi Optimizer version 11.0.2 build v11.0.2rc0 (linux64 - "Red Hat Enterprise Linux 9.6 (Plow)")

CPU model: AMD EPYC 9575F 64-Core Processor, instruction set [SSE2|AVX|AVX2|AVX512]
Thread count: 128 physical cores, 128 logical processors, using up to 32 threads

Optimize a model with 1412 rows, 9898 columns and 9884 nonzeros
Model fingerprint: 0x0a7febe2
Model has 11312 quadratic objective terms
Variable types: 0 continuous, 9898 integer (0 binary)
Coefficient statistics:
  Matrix range     [1e+00, 1e+00]
  Objective range  [1e-05, 5e-01]
  QObjective range [2e-02, 6e-02]
  Bounds range     [1e+00, 7e+01]
  RHS range        [1e+00, 7e+01]

Loaded user MIP start with objective 612.197

Presolve removed 1411 rows and 9891 columns
Presolve time: 3.98s
Presolved: 1 rows, 7 columns, 7 nonzeros
Presolved model has 8 quadratic objective terms
Found heuristic solution: objective 612.1735888
Variable types: 0 continuous, 7 integer (0 binary)

Explored 0 nodes (0 simplex iterations) in 3.98 seconds (0.15 work units)
Thread count was 32 (of 128 available processors)

Solution count 2: 612.174 612.197 

Optimal solution found (tolerance 5.00e-02)
Best objective 6.121735888080e+02, best bound 6.096232899096e+02, gap 0.4166%
Parquet file for pass 1 loaded successfully.
Spot and CellType successfully split (using ::: delimiter).

Spot name formats:
AnnData spot names format: Index(['spot_92', 'spot_93', 'spot_94', 'spot_95', 'spot_96'], dtype='object')
Parquet spot names format: ['spot_92' 'spot_93' 'spot_94' 'spot_95' 'spot_96']
Added layer: CD8+_T_cells_genes_pass1 (Shape: (1414, 399))
Added layer: Epithelial_genes_pass1 (Shape: (1414, 399))
Added layer: B_cells_genes_pass1 (Shape: (1414, 399))
Added layer: Fibroblasts_genes_pass1 (Shape: (1414, 399))
Added layer: CD4+_T_cells_genes_pass1 (Shape: (1414, 399))
Added layer: Macrophages_genes_pass1 (Shape: (1414, 399))
Added layer: Endothelial_genes_pass1 (Shape: (1414, 399))

============================================================
DISCRETE BENCHMARK COMPLETE: Xenium_region_4
============================================================
  Spots: 1414
  Nuclei detected: 28465
  Cell types: 7
  Timings:
    Cellpose: 2091.9s
    Discrete assignment: 42.3s
    GEX deconvolution: 34.1s
  Output: Benchmarking/xenium_benchmarking/CITEgeist/output_discrete_global/Xenium_region_4
