CitegeistModel initialized successfully.
Filtered gene expression data: 405 → 392 genes (count > 0 in at least 1.0% of spots, mean expression > 1.1 in nonzero spots). Remaining spots: 1417 Filtered spots: 1417 to 1417
Antibody capture data preprocessing completed for discrete mode: Winsorized [5%, 95%], scale_mode=global, no per-spot normalization.
Set parameter LicenseID to value 276015
Set parameter GURO_PAR_SPECIAL
Set parameter TokenServer to value "license.crc.pitt.edu"
Parquet file for pass 1 loaded successfully.
Spot and CellType successfully split (using ::: delimiter).

Spot name formats:
AnnData spot names format: Index(['spot_23', 'spot_24', 'spot_29', 'spot_30', 'spot_31'], dtype='object')
Parquet spot names format: ['spot_23' 'spot_24' 'spot_29' 'spot_30' 'spot_31']
Added layer: Endothelial_genes_pass1 (Shape: (1417, 392))
Added layer: Epithelial_genes_pass1 (Shape: (1417, 392))
Added layer: B_cells_genes_pass1 (Shape: (1417, 392))
Added layer: Fibroblasts_genes_pass1 (Shape: (1417, 392))
Added layer: CD4+_T_cells_genes_pass1 (Shape: (1417, 392))
Added layer: CD8+_T_cells_genes_pass1 (Shape: (1417, 392))
Added layer: Macrophages_genes_pass1 (Shape: (1417, 392))

============================================================
DISCRETE BENCHMARK COMPLETE: Xenium_region_1
============================================================
  Spots: 1417
  Nuclei detected: 20568
  Cell types: 7
  Timings:
    Cellpose: 242.9s
    Discrete assignment: 4522.7s
    GEX deconvolution: 106.5s
  Output: /ix1/alee/LO_LAB/Personal/Alexander_Chang/alc376/CITEgeist/Benchmarking/xenium_benchmarking/CITEgeist/output_discrete_global_scaling/Xenium_region_1
Completed region 1 with scale_mode=global
