CitegeistModel initialized successfully.
Filtered gene expression data: 405 → 395 genes (count > 0 in at least 1.0% of spots, mean expression > 1.1 in nonzero spots). Remaining spots: 1407 Filtered spots: 1407 to 1407
Antibody capture data preprocessing completed for discrete mode: Winsorized [5%, 95%], scale_mode=per_marker, no per-spot normalization.
Set parameter LicenseID to value 276015
Set parameter GURO_PAR_SPECIAL
Set parameter TokenServer to value "license.crc.pitt.edu"
Set parameter TimeLimit to value 600
Set parameter MIPGap to value 0.05
Gurobi Optimizer version 11.0.2 build v11.0.2rc0 (linux64 - "Red Hat Enterprise Linux 9.6 (Plow)")

CPU model: AMD EPYC 9575F 64-Core Processor, instruction set [SSE2|AVX|AVX2|AVX512]
Thread count: 128 physical cores, 128 logical processors, using up to 32 threads

Optimize a model with 1407 rows, 9849 columns and 9849 nonzeros
Model fingerprint: 0x8e3a49b2
Model has 11256 quadratic objective terms
Variable types: 0 continuous, 9849 integer (0 binary)
Coefficient statistics:
  Matrix range     [1e+00, 1e+00]
  Objective range  [3e-04, 4e+00]
  QObjective range [2e+00, 4e+00]
  Bounds range     [1e+00, 7e+01]
  RHS range        [1e+00, 7e+01]

Loaded user MIP start with objective 115241

Presolve removed 1406 rows and 9842 columns (presolve time = 5s) ...
Presolve removed 1406 rows and 9842 columns
Presolve time: 5.33s
Presolved: 1 rows, 7 columns, 7 nonzeros
Presolved model has 8 quadratic objective terms
Found heuristic solution: objective 85408.757633
Variable types: 0 continuous, 7 integer (0 binary)

Explored 0 nodes (0 simplex iterations) in 5.34 seconds (0.20 work units)
Thread count was 32 (of 128 available processors)

Solution count 2: 85408.8 115241 

Optimal solution found (tolerance 5.00e-02)
Best objective 8.540875763295e+04, best bound 8.540175763295e+04, gap 0.0082%
Set parameter TimeLimit to value 600
Set parameter MIPGap to value 0.05
Gurobi Optimizer version 11.0.2 build v11.0.2rc0 (linux64 - "Red Hat Enterprise Linux 9.6 (Plow)")

CPU model: AMD EPYC 9575F 64-Core Processor, instruction set [SSE2|AVX|AVX2|AVX512]
Thread count: 128 physical cores, 128 logical processors, using up to 32 threads

Optimize a model with 1407 rows, 9849 columns and 9849 nonzeros
Model fingerprint: 0xb9ada403
Model has 11256 quadratic objective terms
Variable types: 0 continuous, 9849 integer (0 binary)
Coefficient statistics:
  Matrix range     [1e+00, 1e+00]
  Objective range  [4e-05, 7e-01]
  QObjective range [2e-02, 1e-01]
  Bounds range     [1e+00, 7e+01]
  RHS range        [1e+00, 7e+01]

Loaded user MIP start with objective 890.85

Presolve removed 1406 rows and 9842 columns
Presolve time: 4.29s
Presolved: 1 rows, 7 columns, 7 nonzeros
Presolved model has 8 quadratic objective terms
Found heuristic solution: objective 338.1182057
Variable types: 0 continuous, 7 integer (0 binary)

Explored 0 nodes (0 simplex iterations) in 4.29 seconds (0.15 work units)
Thread count was 32 (of 128 available processors)

Solution count 2: 338.118 890.85 

Optimal solution found (tolerance 5.00e-02)
Best objective 3.381182057268e+02, best bound 3.379773706322e+02, gap 0.0417%
Set parameter TimeLimit to value 600
Set parameter MIPGap to value 0.05
Gurobi Optimizer version 11.0.2 build v11.0.2rc0 (linux64 - "Red Hat Enterprise Linux 9.6 (Plow)")

CPU model: AMD EPYC 9575F 64-Core Processor, instruction set [SSE2|AVX|AVX2|AVX512]
Thread count: 128 physical cores, 128 logical processors, using up to 32 threads

Optimize a model with 1407 rows, 9849 columns and 9849 nonzeros
Model fingerprint: 0x8dd96bc7
Model has 11256 quadratic objective terms
Variable types: 0 continuous, 9849 integer (0 binary)
Coefficient statistics:
  Matrix range     [1e+00, 1e+00]
  Objective range  [3e-05, 6e-01]
  QObjective range [2e-02, 1e-01]
  Bounds range     [1e+00, 7e+01]
  RHS range        [1e+00, 7e+01]

Loaded user MIP start with objective 325.542

Presolve removed 1406 rows and 9842 columns
Presolve time: 4.54s
Presolved: 1 rows, 7 columns, 7 nonzeros
Presolved model has 8 quadratic objective terms
Found heuristic solution: objective 313.6681767
Variable types: 0 continuous, 7 integer (0 binary)

Explored 0 nodes (0 simplex iterations) in 4.55 seconds (0.15 work units)
Thread count was 32 (of 128 available processors)

Solution count 2: 313.668 325.542 

Optimal solution found (tolerance 5.00e-02)
Best objective 3.136681767088e+02, best bound 3.135543208397e+02, gap 0.0363%
Set parameter TimeLimit to value 600
Set parameter MIPGap to value 0.05
Gurobi Optimizer version 11.0.2 build v11.0.2rc0 (linux64 - "Red Hat Enterprise Linux 9.6 (Plow)")

CPU model: AMD EPYC 9575F 64-Core Processor, instruction set [SSE2|AVX|AVX2|AVX512]
Thread count: 128 physical cores, 128 logical processors, using up to 32 threads

Optimize a model with 1407 rows, 9849 columns and 9849 nonzeros
Model fingerprint: 0x19c39527
Model has 11256 quadratic objective terms
Variable types: 0 continuous, 9849 integer (0 binary)
Coefficient statistics:
  Matrix range     [1e+00, 1e+00]
  Objective range  [3e-05, 6e-01]
  QObjective range [2e-02, 9e-02]
  Bounds range     [1e+00, 7e+01]
  RHS range        [1e+00, 7e+01]

Loaded user MIP start with objective 306.331

Presolve removed 1406 rows and 9842 columns
Presolve time: 4.39s
Presolved: 1 rows, 7 columns, 7 nonzeros
Presolved model has 8 quadratic objective terms
Found heuristic solution: objective 299.8667579
Variable types: 0 continuous, 7 integer (0 binary)

Explored 0 nodes (0 simplex iterations) in 4.39 seconds (0.15 work units)
Thread count was 32 (of 128 available processors)

Solution count 2: 299.867 306.331 

Optimal solution found (tolerance 5.00e-02)
Best objective 2.998667578598e+02, best bound 2.997653178857e+02, gap 0.0338%
Set parameter TimeLimit to value 600
Set parameter MIPGap to value 0.05
Gurobi Optimizer version 11.0.2 build v11.0.2rc0 (linux64 - "Red Hat Enterprise Linux 9.6 (Plow)")

CPU model: AMD EPYC 9575F 64-Core Processor, instruction set [SSE2|AVX|AVX2|AVX512]
Thread count: 128 physical cores, 128 logical processors, using up to 32 threads

Optimize a model with 1407 rows, 9849 columns and 9849 nonzeros
Model fingerprint: 0x6b33be99
Model has 11256 quadratic objective terms
Variable types: 0 continuous, 9849 integer (0 binary)
Coefficient statistics:
  Matrix range     [1e+00, 1e+00]
  Objective range  [3e-05, 6e-01]
  QObjective range [2e-02, 8e-02]
  Bounds range     [1e+00, 7e+01]
  RHS range        [1e+00, 7e+01]

Loaded user MIP start with objective 295

Presolve removed 1406 rows and 9842 columns
Presolve time: 4.12s
Presolved: 1 rows, 7 columns, 7 nonzeros
Presolved model has 8 quadratic objective terms
Found heuristic solution: objective 291.0693691
Variable types: 0 continuous, 7 integer (0 binary)

Explored 0 nodes (0 simplex iterations) in 4.12 seconds (0.14 work units)
Thread count was 32 (of 128 available processors)

Solution count 2: 291.069 295 

Optimal solution found (tolerance 5.00e-02)
Best objective 2.910693691065e+02, best bound 2.909740705465e+02, gap 0.0327%
Set parameter TimeLimit to value 600
Set parameter MIPGap to value 0.05
Gurobi Optimizer version 11.0.2 build v11.0.2rc0 (linux64 - "Red Hat Enterprise Linux 9.6 (Plow)")

CPU model: AMD EPYC 9575F 64-Core Processor, instruction set [SSE2|AVX|AVX2|AVX512]
Thread count: 128 physical cores, 128 logical processors, using up to 32 threads

Optimize a model with 1407 rows, 9849 columns and 9849 nonzeros
Model fingerprint: 0x8bc48877
Model has 11256 quadratic objective terms
Variable types: 0 continuous, 9849 integer (0 binary)
Coefficient statistics:
  Matrix range     [1e+00, 1e+00]
  Objective range  [3e-05, 5e-01]
  QObjective range [2e-02, 8e-02]
  Bounds range     [1e+00, 7e+01]
  RHS range        [1e+00, 7e+01]

Loaded user MIP start with objective 288.497

Presolve removed 1406 rows and 9842 columns
Presolve time: 4.15s
Presolved: 1 rows, 7 columns, 7 nonzeros
Presolved model has 8 quadratic objective terms
Found heuristic solution: objective 286.6218825
Variable types: 0 continuous, 7 integer (0 binary)

Explored 0 nodes (0 simplex iterations) in 4.15 seconds (0.14 work units)
Thread count was 32 (of 128 available processors)

Solution count 2: 286.622 288.497 

Optimal solution found (tolerance 5.00e-02)
Best objective 2.866218824519e+02, best bound 2.865293037329e+02, gap 0.0323%
Set parameter TimeLimit to value 600
Set parameter MIPGap to value 0.05
Gurobi Optimizer version 11.0.2 build v11.0.2rc0 (linux64 - "Red Hat Enterprise Linux 9.6 (Plow)")

CPU model: AMD EPYC 9575F 64-Core Processor, instruction set [SSE2|AVX|AVX2|AVX512]
Thread count: 128 physical cores, 128 logical processors, using up to 32 threads

Optimize a model with 1407 rows, 9849 columns and 9849 nonzeros
Model fingerprint: 0xd3e88c87
Model has 11256 quadratic objective terms
Variable types: 0 continuous, 9849 integer (0 binary)
Coefficient statistics:
  Matrix range     [1e+00, 1e+00]
  Objective range  [3e-05, 5e-01]
  QObjective range [2e-02, 8e-02]
  Bounds range     [1e+00, 7e+01]
  RHS range        [1e+00, 7e+01]

Loaded user MIP start with objective 285.562

Presolve removed 1406 rows and 9842 columns
Presolve time: 4.13s
Presolved: 1 rows, 7 columns, 7 nonzeros
Presolved model has 8 quadratic objective terms
Found heuristic solution: objective 284.9262292
Variable types: 0 continuous, 7 integer (0 binary)

Explored 0 nodes (0 simplex iterations) in 4.13 seconds (0.14 work units)
Thread count was 32 (of 128 available processors)

Solution count 2: 284.926 285.562 

Optimal solution found (tolerance 5.00e-02)
Best objective 2.849262291717e+02, best bound 2.848347168182e+02, gap 0.0321%
Set parameter TimeLimit to value 600
Set parameter MIPGap to value 0.05
Gurobi Optimizer version 11.0.2 build v11.0.2rc0 (linux64 - "Red Hat Enterprise Linux 9.6 (Plow)")

CPU model: AMD EPYC 9575F 64-Core Processor, instruction set [SSE2|AVX|AVX2|AVX512]
Thread count: 128 physical cores, 128 logical processors, using up to 32 threads

Optimize a model with 1407 rows, 9849 columns and 9849 nonzeros
Model fingerprint: 0x55daefc1
Model has 11256 quadratic objective terms
Variable types: 0 continuous, 9849 integer (0 binary)
Coefficient statistics:
  Matrix range     [1e+00, 1e+00]
  Objective range  [3e-05, 5e-01]
  QObjective range [2e-02, 8e-02]
  Bounds range     [1e+00, 7e+01]
  RHS range        [1e+00, 7e+01]

Loaded user MIP start with objective 284.591

Presolve removed 1406 rows and 9842 columns
Presolve time: 4.06s
Presolved: 1 rows, 7 columns, 7 nonzeros
Presolved model has 8 quadratic objective terms
Found heuristic solution: objective 284.4507979
Variable types: 0 continuous, 7 integer (0 binary)

Explored 0 nodes (0 simplex iterations) in 4.06 seconds (0.14 work units)
Thread count was 32 (of 128 available processors)

Solution count 2: 284.451 284.591 

Optimal solution found (tolerance 5.00e-02)
Best objective 2.844507978683e+02, best bound 2.843595765062e+02, gap 0.0321%
Set parameter TimeLimit to value 600
Set parameter MIPGap to value 0.05
Gurobi Optimizer version 11.0.2 build v11.0.2rc0 (linux64 - "Red Hat Enterprise Linux 9.6 (Plow)")

CPU model: AMD EPYC 9575F 64-Core Processor, instruction set [SSE2|AVX|AVX2|AVX512]
Thread count: 128 physical cores, 128 logical processors, using up to 32 threads

Optimize a model with 1407 rows, 9849 columns and 9849 nonzeros
Model fingerprint: 0x98cef367
Model has 11256 quadratic objective terms
Variable types: 0 continuous, 9849 integer (0 binary)
Coefficient statistics:
  Matrix range     [1e+00, 1e+00]
  Objective range  [3e-05, 5e-01]
  QObjective range [2e-02, 8e-02]
  Bounds range     [1e+00, 7e+01]
  RHS range        [1e+00, 7e+01]

Loaded user MIP start with objective 284.386

Presolve removed 1406 rows and 9842 columns
Presolve time: 4.08s
Presolved: 1 rows, 7 columns, 7 nonzeros
Presolved model has 8 quadratic objective terms
Found heuristic solution: objective 284.3531492
Variable types: 0 continuous, 7 integer (0 binary)

Explored 0 nodes (0 simplex iterations) in 4.08 seconds (0.14 work units)
Thread count was 32 (of 128 available processors)

Solution count 2: 284.353 284.386 

Optimal solution found (tolerance 5.00e-02)
Best objective 2.843531491987e+02, best bound 2.842618201697e+02, gap 0.0321%
Parquet file for pass 1 loaded successfully.
Spot and CellType successfully split (using ::: delimiter).

Spot name formats:
AnnData spot names format: Index(['spot_11', 'spot_12', 'spot_13', 'spot_14', 'spot_15'], dtype='object')
Parquet spot names format: ['spot_11' 'spot_12' 'spot_13' 'spot_14' 'spot_15']
Added layer: Endothelial_genes_pass1 (Shape: (1407, 395))
Added layer: Epithelial_genes_pass1 (Shape: (1407, 395))
Added layer: CD4+_T_cells_genes_pass1 (Shape: (1407, 395))
Added layer: B_cells_genes_pass1 (Shape: (1407, 395))
Added layer: CD8+_T_cells_genes_pass1 (Shape: (1407, 395))
Added layer: Macrophages_genes_pass1 (Shape: (1407, 395))
Added layer: Fibroblasts_genes_pass1 (Shape: (1407, 395))

============================================================
DISCRETE BENCHMARK COMPLETE: Xenium_region_0
============================================================
  Spots: 1407
  Nuclei detected: 22418
  Cell types: 7
  Timings:
    Cellpose: 2397.1s
    Discrete assignment: 44.0s
    GEX deconvolution: 29.9s
  Output: Benchmarking/xenium_benchmarking/CITEgeist/output_discrete_global/Xenium_region_0
