CitegeistModel initialized successfully.
Filtered gene expression data: 405 → 396 genes (count > 0 in at least 1.0% of spots, mean expression > 1.1 in nonzero spots). Remaining spots: 1352 Filtered spots: 1352 to 1352
Antibody capture data preprocessing completed for discrete mode: Winsorized [5%, 95%], scale_mode=per_marker, no per-spot normalization.
Set parameter LicenseID to value 276015
Set parameter GURO_PAR_SPECIAL
Set parameter TokenServer to value "license.crc.pitt.edu"
Set parameter TimeLimit to value 600
Set parameter MIPGap to value 0.05
Gurobi Optimizer version 11.0.2 build v11.0.2rc0 (linux64 - "Red Hat Enterprise Linux 9.6 (Plow)")

CPU model: AMD EPYC 9575F 64-Core Processor, instruction set [SSE2|AVX|AVX2|AVX512]
Thread count: 128 physical cores, 128 logical processors, using up to 32 threads

Optimize a model with 1350 rows, 9464 columns and 9450 nonzeros
Model fingerprint: 0x86a61b27
Model has 10816 quadratic objective terms
Variable types: 0 continuous, 9464 integer (0 binary)
Coefficient statistics:
  Matrix range     [1e+00, 1e+00]
  Objective range  [7e-05, 4e+00]
  QObjective range [2e+00, 4e+00]
  Bounds range     [1e+00, 6e+01]
  RHS range        [1e+00, 6e+01]

Loaded user MIP start with objective 130113

Presolve removed 1349 rows and 9457 columns
Presolve time: 4.61s
Presolved: 1 rows, 7 columns, 7 nonzeros
Presolved model has 8 quadratic objective terms
Found heuristic solution: objective 97534.795629
Variable types: 0 continuous, 7 integer (0 binary)

Explored 0 nodes (0 simplex iterations) in 4.61 seconds (0.19 work units)
Thread count was 32 (of 128 available processors)

Solution count 2: 97534.8 130113 

Optimal solution found (tolerance 5.00e-02)
Best objective 9.753479562919e+04, best bound 9.752450878571e+04, gap 0.0105%
Set parameter TimeLimit to value 600
Set parameter MIPGap to value 0.05
Gurobi Optimizer version 11.0.2 build v11.0.2rc0 (linux64 - "Red Hat Enterprise Linux 9.6 (Plow)")

CPU model: AMD EPYC 9575F 64-Core Processor, instruction set [SSE2|AVX|AVX2|AVX512]
Thread count: 128 physical cores, 128 logical processors, using up to 32 threads

Optimize a model with 1350 rows, 9464 columns and 9450 nonzeros
Model fingerprint: 0x501071c4
Model has 10816 quadratic objective terms
Variable types: 0 continuous, 9464 integer (0 binary)
Coefficient statistics:
  Matrix range     [1e+00, 1e+00]
  Objective range  [7e-06, 7e-01]
  QObjective range [2e-02, 1e-01]
  Bounds range     [1e+00, 6e+01]
  RHS range        [1e+00, 6e+01]

Loaded user MIP start with objective 870.016

Presolve removed 1349 rows and 9457 columns
Presolve time: 3.84s
Presolved: 1 rows, 7 columns, 7 nonzeros
Presolved model has 8 quadratic objective terms
Found heuristic solution: objective 338.9346076
Variable types: 0 continuous, 7 integer (0 binary)

Explored 0 nodes (0 simplex iterations) in 3.85 seconds (0.15 work units)
Thread count was 32 (of 128 available processors)

Solution count 2: 338.935 870.016 

Optimal solution found (tolerance 5.00e-02)
Best objective 3.389346076057e+02, best bound 3.387478542088e+02, gap 0.0551%
Set parameter TimeLimit to value 600
Set parameter MIPGap to value 0.05
Gurobi Optimizer version 11.0.2 build v11.0.2rc0 (linux64 - "Red Hat Enterprise Linux 9.6 (Plow)")

CPU model: AMD EPYC 9575F 64-Core Processor, instruction set [SSE2|AVX|AVX2|AVX512]
Thread count: 128 physical cores, 128 logical processors, using up to 32 threads

Optimize a model with 1350 rows, 9464 columns and 9450 nonzeros
Model fingerprint: 0x7e9ba57f
Model has 10816 quadratic objective terms
Variable types: 0 continuous, 9464 integer (0 binary)
Coefficient statistics:
  Matrix range     [1e+00, 1e+00]
  Objective range  [7e-06, 6e-01]
  QObjective range [2e-02, 9e-02]
  Bounds range     [1e+00, 6e+01]
  RHS range        [1e+00, 6e+01]

Loaded user MIP start with objective 317.657

Presolve removed 1349 rows and 9457 columns
Presolve time: 3.93s
Presolved: 1 rows, 7 columns, 7 nonzeros
Presolved model has 8 quadratic objective terms
Found heuristic solution: objective 300.6359576
Variable types: 0 continuous, 7 integer (0 binary)

Explored 0 nodes (0 simplex iterations) in 3.93 seconds (0.15 work units)
Thread count was 32 (of 128 available processors)

Solution count 2: 300.636 317.657 

Optimal solution found (tolerance 5.00e-02)
Best objective 3.006359576060e+02, best bound 3.004737070986e+02, gap 0.0540%
Set parameter TimeLimit to value 600
Set parameter MIPGap to value 0.05
Gurobi Optimizer version 11.0.2 build v11.0.2rc0 (linux64 - "Red Hat Enterprise Linux 9.6 (Plow)")

CPU model: AMD EPYC 9575F 64-Core Processor, instruction set [SSE2|AVX|AVX2|AVX512]
Thread count: 128 physical cores, 128 logical processors, using up to 32 threads

Optimize a model with 1350 rows, 9464 columns and 9450 nonzeros
Model fingerprint: 0x109c3fbd
Model has 10816 quadratic objective terms
Variable types: 0 continuous, 9464 integer (0 binary)
Coefficient statistics:
  Matrix range     [1e+00, 1e+00]
  Objective range  [7e-06, 5e-01]
  QObjective range [2e-02, 8e-02]
  Bounds range     [1e+00, 6e+01]
  RHS range        [1e+00, 6e+01]

Loaded user MIP start with objective 289.118

Presolve removed 1349 rows and 9457 columns
Presolve time: 3.81s
Presolved: 1 rows, 7 columns, 7 nonzeros
Presolved model has 8 quadratic objective terms
Found heuristic solution: objective 279.1959790
Variable types: 0 continuous, 7 integer (0 binary)

Explored 0 nodes (0 simplex iterations) in 3.81 seconds (0.15 work units)
Thread count was 32 (of 128 available processors)

Solution count 2: 279.196 289.118 

Optimal solution found (tolerance 5.00e-02)
Best objective 2.791959790175e+02, best bound 2.790338243065e+02, gap 0.0581%
Set parameter TimeLimit to value 600
Set parameter MIPGap to value 0.05
Gurobi Optimizer version 11.0.2 build v11.0.2rc0 (linux64 - "Red Hat Enterprise Linux 9.6 (Plow)")

CPU model: AMD EPYC 9575F 64-Core Processor, instruction set [SSE2|AVX|AVX2|AVX512]
Thread count: 128 physical cores, 128 logical processors, using up to 32 threads

Optimize a model with 1350 rows, 9464 columns and 9450 nonzeros
Model fingerprint: 0xd08b7be3
Model has 10816 quadratic objective terms
Variable types: 0 continuous, 9464 integer (0 binary)
Coefficient statistics:
  Matrix range     [1e+00, 1e+00]
  Objective range  [7e-06, 5e-01]
  QObjective range [2e-02, 7e-02]
  Bounds range     [1e+00, 6e+01]
  RHS range        [1e+00, 6e+01]

Loaded user MIP start with objective 271.778

Presolve removed 1349 rows and 9457 columns
Presolve time: 3.58s
Presolved: 1 rows, 7 columns, 7 nonzeros
Presolved model has 8 quadratic objective terms
Found heuristic solution: objective 264.0078444
Variable types: 0 continuous, 7 integer (0 binary)

Explored 0 nodes (0 simplex iterations) in 3.58 seconds (0.15 work units)
Thread count was 32 (of 128 available processors)

Solution count 2: 264.008 271.778 

Optimal solution found (tolerance 5.00e-02)
Best objective 2.640078444127e+02, best bound 2.638432461804e+02, gap 0.0623%
Set parameter TimeLimit to value 600
Set parameter MIPGap to value 0.05
Gurobi Optimizer version 11.0.2 build v11.0.2rc0 (linux64 - "Red Hat Enterprise Linux 9.6 (Plow)")

CPU model: AMD EPYC 9575F 64-Core Processor, instruction set [SSE2|AVX|AVX2|AVX512]
Thread count: 128 physical cores, 128 logical processors, using up to 32 threads

Optimize a model with 1350 rows, 9464 columns and 9450 nonzeros
Model fingerprint: 0x2f1989cd
Model has 10816 quadratic objective terms
Variable types: 0 continuous, 9464 integer (0 binary)
Coefficient statistics:
  Matrix range     [1e+00, 1e+00]
  Objective range  [7e-06, 5e-01]
  QObjective range [2e-02, 7e-02]
  Bounds range     [1e+00, 6e+01]
  RHS range        [1e+00, 6e+01]

Loaded user MIP start with objective 259.09

Presolve removed 1349 rows and 9457 columns
Presolve time: 3.69s
Presolved: 1 rows, 7 columns, 7 nonzeros
Presolved model has 8 quadratic objective terms
Found heuristic solution: objective 256.6692510
Variable types: 0 continuous, 7 integer (0 binary)

Explored 0 nodes (0 simplex iterations) in 3.69 seconds (0.14 work units)
Thread count was 32 (of 128 available processors)

Solution count 2: 256.669 259.09 

Optimal solution found (tolerance 5.00e-02)
Best objective 2.566692509701e+02, best bound 2.565028260828e+02, gap 0.0648%
Set parameter TimeLimit to value 600
Set parameter MIPGap to value 0.05
Gurobi Optimizer version 11.0.2 build v11.0.2rc0 (linux64 - "Red Hat Enterprise Linux 9.6 (Plow)")

CPU model: AMD EPYC 9575F 64-Core Processor, instruction set [SSE2|AVX|AVX2|AVX512]
Thread count: 128 physical cores, 128 logical processors, using up to 32 threads

Optimize a model with 1350 rows, 9464 columns and 9450 nonzeros
Model fingerprint: 0x6c5a5695
Model has 10816 quadratic objective terms
Variable types: 0 continuous, 9464 integer (0 binary)
Coefficient statistics:
  Matrix range     [1e+00, 1e+00]
  Objective range  [7e-06, 5e-01]
  QObjective range [2e-02, 7e-02]
  Bounds range     [1e+00, 6e+01]
  RHS range        [1e+00, 6e+01]

Loaded user MIP start with objective 256.649

Presolve removed 1349 rows and 9457 columns
Presolve time: 3.71s
Presolved: 1 rows, 7 columns, 7 nonzeros
Presolved model has 8 quadratic objective terms
Found heuristic solution: objective 256.6376937
Variable types: 0 continuous, 7 integer (0 binary)

Explored 0 nodes (0 simplex iterations) in 3.71 seconds (0.14 work units)
Thread count was 32 (of 128 available processors)

Solution count 2: 256.638 256.649 

Optimal solution found (tolerance 5.00e-02)
Best objective 2.566376936727e+02, best bound 2.564718423566e+02, gap 0.0646%
Parquet file for pass 1 loaded successfully.
Spot and CellType successfully split (using ::: delimiter).

Spot name formats:
AnnData spot names format: Index(['spot_46', 'spot_47', 'spot_48', 'spot_49', 'spot_50'], dtype='object')
Parquet spot names format: ['spot_46' 'spot_47' 'spot_48' 'spot_49' 'spot_50']
Added layer: Endothelial_genes_pass1 (Shape: (1352, 396))
Added layer: CD8+_T_cells_genes_pass1 (Shape: (1352, 396))
Added layer: B_cells_genes_pass1 (Shape: (1352, 396))
Added layer: Macrophages_genes_pass1 (Shape: (1352, 396))
Added layer: Fibroblasts_genes_pass1 (Shape: (1352, 396))
Added layer: Epithelial_genes_pass1 (Shape: (1352, 396))
Added layer: CD4+_T_cells_genes_pass1 (Shape: (1352, 396))

============================================================
DISCRETE BENCHMARK COMPLETE: Xenium_region_2
============================================================
  Spots: 1352
  Nuclei detected: 24054
  Cell types: 7
  Timings:
    Cellpose: 2723.2s
    Discrete assignment: 30.4s
    GEX deconvolution: 26.7s
  Output: Benchmarking/xenium_benchmarking/CITEgeist/output_discrete_global/Xenium_region_2
