2026-02-23 13:07:28,296 - __main__ - INFO - ======================================================================
2026-02-23 13:07:28,296 - __main__ - INFO - MULTIMODAL BENCHMARK: Xenium_region_0
2026-02-23 13:07:28,297 - __main__ - INFO - ======================================================================
2026-02-23 13:07:28,297 - __main__ - INFO - ------------------------------------------------------------
2026-02-23 13:07:28,297 - __main__ - INFO - STEP 1: Loading data
2026-02-23 13:07:28,297 - __main__ - INFO - ------------------------------------------------------------
2026-02-23 13:07:28,508 - __main__ - INFO - GEX: 1407 spots x 405 genes
2026-02-23 13:07:28,509 - __main__ - INFO - CITE: 1407 spots x 27 proteins
2026-02-23 13:07:28,509 - __main__ - INFO - ------------------------------------------------------------
2026-02-23 13:07:28,509 - __main__ - INFO - STEP 2: Cellpose nuclei segmentation
2026-02-23 13:07:28,509 - __main__ - INFO - ------------------------------------------------------------
2026-02-23 13:07:28,532 - __main__ - INFO - Loading morphology image: /ix1/alee/LO_LAB/Personal/Alexander_Chang/alc376/CITEgeist/Benchmarking/xenium_benchmarking/scResolve/images/morphology_hires/Xenium_region_0/morphology.png
2026-02-23 13:07:37,463 - __main__ - INFO - Image shape: (26290, 11195, 3), dtype: uint8
2026-02-23 13:07:37,477 - __main__ - INFO - Running Cellpose segmentation (use_gpu=False, diameter=None)
2026-02-23 13:07:45,586 - cellpose.models - WARNING - model_type argument is not used in v4.0.1+. Ignoring this argument...
2026-02-23 13:07:45,586 - cellpose.core - INFO - >>>> using CPU
2026-02-23 13:07:45,586 - cellpose.core - INFO - >>>> using CPU
2026-02-23 13:07:48,472 - cellpose.models - INFO - >>>> loading model /ihome/alee/alc376/.cellpose/models/cpsam
2026-02-23 13:07:50,209 - cellpose.models - WARNING - channels deprecated in v4.0.1+. If data contain more than 3 channels, only the first 3 channels will be used
2026-02-23 13:07:50,452 - cellpose.transforms - INFO - processing image with (26290, 11195) HW, and 3 channels
